[0.170s] DEBUG:colcon:Command line arguments: ['/usr/bin/colcon', 'build']
[0.171s] DEBUG:colcon:Parsed command line arguments: Namespace(log_base=None, log_level=None, verb_name='build', build_base='build', install_base='install', merge_install=False, symlink_install=False, test_result_base=None, continue_on_error=False, executor='parallel', parallel_workers=4, event_handlers=None, ignore_user_meta=False, metas=['./colcon.meta'], base_paths=['.'], packages_ignore=None, packages_ignore_regex=None, paths=None, packages_up_to=None, packages_up_to_regex=None, packages_above=None, packages_above_and_dependencies=None, packages_above_depth=None, packages_select_by_dep=None, packages_skip_by_dep=None, packages_skip_up_to=None, packages_select_build_failed=False, packages_skip_build_finished=False, packages_select_test_failures=False, packages_skip_test_passed=False, packages_select=None, packages_skip=None, packages_select_regex=None, packages_skip_regex=None, packages_start=None, packages_end=None, allow_overriding=[], cmake_args=None, cmake_target=None, cmake_target_skip_unavailable=False, cmake_clean_cache=False, cmake_clean_first=False, cmake_force_configure=False, ament_cmake_args=None, catkin_cmake_args=None, catkin_skip_building_tests=False, verb_parser=<colcon_defaults.argument_parser.defaults.DefaultArgumentsDecorator object at 0x7fa2ce6ad580>, verb_extension=<colcon_core.verb.build.BuildVerb object at 0x7fa2ce8da240>, main=<bound method BuildVerb.main of <colcon_core.verb.build.BuildVerb object at 0x7fa2ce8da240>>)
[0.236s] Level 1:colcon.colcon_core.package_discovery:discover_packages(colcon_meta) check parameters
[0.237s] Level 1:colcon.colcon_core.package_discovery:discover_packages(recursive) check parameters
[0.237s] Level 1:colcon.colcon_core.package_discovery:discover_packages(ignore) check parameters
[0.237s] Level 1:colcon.colcon_core.package_discovery:discover_packages(path) check parameters
[0.237s] Level 1:colcon.colcon_core.package_discovery:discover_packages(colcon_meta) discover
[0.237s] Level 1:colcon.colcon_core.package_discovery:discover_packages(recursive) discover
[0.237s] INFO:colcon.colcon_core.package_discovery:Crawling recursively for packages in '/home/dannydevss/Escritorio/TESIS'
[0.237s] Level 1:colcon.colcon_core.package_identification:_identify(.) by extensions ['ignore', 'ignore_ament_install']
[0.237s] Level 1:colcon.colcon_core.package_identification:_identify(.) by extension 'ignore'
[0.238s] Level 1:colcon.colcon_core.package_identification:_identify(.) by extension 'ignore_ament_install'
[0.238s] Level 1:colcon.colcon_core.package_identification:_identify(.) by extensions ['colcon_pkg']
[0.238s] Level 1:colcon.colcon_core.package_identification:_identify(.) by extension 'colcon_pkg'
[0.238s] Level 1:colcon.colcon_core.package_identification:_identify(.) by extensions ['colcon_meta']
[0.238s] Level 1:colcon.colcon_core.package_identification:_identify(.) by extension 'colcon_meta'
[0.238s] Level 1:colcon.colcon_core.package_identification:_identify(.) by extensions ['ros']
[0.238s] Level 1:colcon.colcon_core.package_identification:_identify(.) by extension 'ros'
[0.281s] Level 1:colcon.colcon_core.package_identification:_identify(.) by extensions ['cmake', 'python']
[0.281s] Level 1:colcon.colcon_core.package_identification:_identify(.) by extension 'cmake'
[0.281s] Level 1:colcon.colcon_core.package_identification:_identify(.) by extension 'python'
[0.282s] Level 1:colcon.colcon_core.package_identification:_identify(.) by extensions ['python_setup_py']
[0.282s] Level 1:colcon.colcon_core.package_identification:_identify(.) by extension 'python_setup_py'
[0.282s] Level 1:colcon.colcon_core.package_identification:_identify(build) by extensions ['ignore', 'ignore_ament_install']
[0.282s] Level 1:colcon.colcon_core.package_identification:_identify(build) by extension 'ignore'
[0.282s] Level 1:colcon.colcon_core.package_identification:_identify(build) ignored
[0.282s] Level 1:colcon.colcon_core.package_identification:_identify(install) by extensions ['ignore', 'ignore_ament_install']
[0.282s] Level 1:colcon.colcon_core.package_identification:_identify(install) by extension 'ignore'
[0.283s] Level 1:colcon.colcon_core.package_identification:_identify(install) ignored
[0.283s] Level 1:colcon.colcon_core.package_identification:_identify(log) by extensions ['ignore', 'ignore_ament_install']
[0.283s] Level 1:colcon.colcon_core.package_identification:_identify(log) by extension 'ignore'
[0.283s] Level 1:colcon.colcon_core.package_identification:_identify(log) ignored
[0.283s] Level 1:colcon.colcon_core.package_identification:_identify(src) by extensions ['ignore', 'ignore_ament_install']
[0.283s] Level 1:colcon.colcon_core.package_identification:_identify(src) by extension 'ignore'
[0.283s] Level 1:colcon.colcon_core.package_identification:_identify(src) by extension 'ignore_ament_install'
[0.283s] Level 1:colcon.colcon_core.package_identification:_identify(src) by extensions ['colcon_pkg']
[0.283s] Level 1:colcon.colcon_core.package_identification:_identify(src) by extension 'colcon_pkg'
[0.284s] Level 1:colcon.colcon_core.package_identification:_identify(src) by extensions ['colcon_meta']
[0.284s] Level 1:colcon.colcon_core.package_identification:_identify(src) by extension 'colcon_meta'
[0.284s] Level 1:colcon.colcon_core.package_identification:_identify(src) by extensions ['ros']
[0.284s] Level 1:colcon.colcon_core.package_identification:_identify(src) by extension 'ros'
[0.284s] Level 1:colcon.colcon_core.package_identification:_identify(src) by extensions ['cmake', 'python']
[0.284s] Level 1:colcon.colcon_core.package_identification:_identify(src) by extension 'cmake'
[0.284s] Level 1:colcon.colcon_core.package_identification:_identify(src) by extension 'python'
[0.284s] Level 1:colcon.colcon_core.package_identification:_identify(src) by extensions ['python_setup_py']
[0.284s] Level 1:colcon.colcon_core.package_identification:_identify(src) by extension 'python_setup_py'
[0.284s] Level 1:colcon.colcon_core.package_identification:_identify(src/ugv_bridge) by extensions ['ignore', 'ignore_ament_install']
[0.284s] Level 1:colcon.colcon_core.package_identification:_identify(src/ugv_bridge) by extension 'ignore'
[0.285s] Level 1:colcon.colcon_core.package_identification:_identify(src/ugv_bridge) by extension 'ignore_ament_install'
[0.285s] Level 1:colcon.colcon_core.package_identification:_identify(src/ugv_bridge) by extensions ['colcon_pkg']
[0.285s] Level 1:colcon.colcon_core.package_identification:_identify(src/ugv_bridge) by extension 'colcon_pkg'
[0.285s] Level 1:colcon.colcon_core.package_identification:_identify(src/ugv_bridge) by extensions ['colcon_meta']
[0.285s] Level 1:colcon.colcon_core.package_identification:_identify(src/ugv_bridge) by extension 'colcon_meta'
[0.285s] Level 1:colcon.colcon_core.package_identification:_identify(src/ugv_bridge) by extensions ['ros']
[0.285s] Level 1:colcon.colcon_core.package_identification:_identify(src/ugv_bridge) by extension 'ros'
[0.289s] DEBUG:colcon.colcon_core.package_identification:Package 'src/ugv_bridge' with type 'ros.ament_python' and name 'ugv_bridge'
[0.289s] Level 1:colcon.colcon_core.package_identification:_identify(src/ugv_core) by extensions ['ignore', 'ignore_ament_install']
[0.289s] Level 1:colcon.colcon_core.package_identification:_identify(src/ugv_core) by extension 'ignore'
[0.289s] Level 1:colcon.colcon_core.package_identification:_identify(src/ugv_core) by extension 'ignore_ament_install'
[0.290s] Level 1:colcon.colcon_core.package_identification:_identify(src/ugv_core) by extensions ['colcon_pkg']
[0.290s] Level 1:colcon.colcon_core.package_identification:_identify(src/ugv_core) by extension 'colcon_pkg'
[0.290s] Level 1:colcon.colcon_core.package_identification:_identify(src/ugv_core) by extensions ['colcon_meta']
[0.290s] Level 1:colcon.colcon_core.package_identification:_identify(src/ugv_core) by extension 'colcon_meta'
[0.290s] Level 1:colcon.colcon_core.package_identification:_identify(src/ugv_core) by extensions ['ros']
[0.290s] Level 1:colcon.colcon_core.package_identification:_identify(src/ugv_core) by extension 'ros'
[0.291s] DEBUG:colcon.colcon_core.package_identification:Package 'src/ugv_core' with type 'ros.ament_python' and name 'ugv_core'
[0.291s] Level 1:colcon.colcon_core.package_identification:_identify(src/ugv_gcs) by extensions ['ignore', 'ignore_ament_install']
[0.291s] Level 1:colcon.colcon_core.package_identification:_identify(src/ugv_gcs) by extension 'ignore'
[0.291s] Level 1:colcon.colcon_core.package_identification:_identify(src/ugv_gcs) by extension 'ignore_ament_install'
[0.291s] Level 1:colcon.colcon_core.package_identification:_identify(src/ugv_gcs) by extensions ['colcon_pkg']
[0.291s] Level 1:colcon.colcon_core.package_identification:_identify(src/ugv_gcs) by extension 'colcon_pkg'
[0.291s] Level 1:colcon.colcon_core.package_identification:_identify(src/ugv_gcs) by extensions ['colcon_meta']
[0.291s] Level 1:colcon.colcon_core.package_identification:_identify(src/ugv_gcs) by extension 'colcon_meta'
[0.292s] Level 1:colcon.colcon_core.package_identification:_identify(src/ugv_gcs) by extensions ['ros']
[0.292s] Level 1:colcon.colcon_core.package_identification:_identify(src/ugv_gcs) by extension 'ros'
[0.292s] DEBUG:colcon.colcon_core.package_identification:Package 'src/ugv_gcs' with type 'ros.ament_python' and name 'ugv_gcs'
[0.293s] Level 1:colcon.colcon_core.package_identification:_identify(src/ugv_msgs) by extensions ['ignore', 'ignore_ament_install']
[0.293s] Level 1:colcon.colcon_core.package_identification:_identify(src/ugv_msgs) by extension 'ignore'
[0.293s] Level 1:colcon.colcon_core.package_identification:_identify(src/ugv_msgs) ignored
[0.293s] Level 1:colcon.colcon_core.package_identification:_identify(src/ugv_policy) by extensions ['ignore', 'ignore_ament_install']
[0.293s] Level 1:colcon.colcon_core.package_identification:_identify(src/ugv_policy) by extension 'ignore'
[0.293s] Level 1:colcon.colcon_core.package_identification:_identify(src/ugv_policy) by extension 'ignore_ament_install'
[0.293s] Level 1:colcon.colcon_core.package_identification:_identify(src/ugv_policy) by extensions ['colcon_pkg']
[0.293s] Level 1:colcon.colcon_core.package_identification:_identify(src/ugv_policy) by extension 'colcon_pkg'
[0.294s] Level 1:colcon.colcon_core.package_identification:_identify(src/ugv_policy) by extensions ['colcon_meta']
[0.294s] Level 1:colcon.colcon_core.package_identification:_identify(src/ugv_policy) by extension 'colcon_meta'
[0.294s] Level 1:colcon.colcon_core.package_identification:_identify(src/ugv_policy) by extensions ['ros']
[0.294s] Level 1:colcon.colcon_core.package_identification:_identify(src/ugv_policy) by extension 'ros'
[0.295s] DEBUG:colcon.colcon_core.package_identification:Package 'src/ugv_policy' with type 'ros.ament_python' and name 'ugv_policy'
[0.295s] Level 1:colcon.colcon_core.package_identification:_identify(src/ugv_sim) by extensions ['ignore', 'ignore_ament_install']
[0.295s] Level 1:colcon.colcon_core.package_identification:_identify(src/ugv_sim) by extension 'ignore'
[0.295s] Level 1:colcon.colcon_core.package_identification:_identify(src/ugv_sim) by extension 'ignore_ament_install'
[0.295s] Level 1:colcon.colcon_core.package_identification:_identify(src/ugv_sim) by extensions ['colcon_pkg']
[0.295s] Level 1:colcon.colcon_core.package_identification:_identify(src/ugv_sim) by extension 'colcon_pkg'
[0.295s] Level 1:colcon.colcon_core.package_identification:_identify(src/ugv_sim) by extensions ['colcon_meta']
[0.296s] Level 1:colcon.colcon_core.package_identification:_identify(src/ugv_sim) by extension 'colcon_meta'
[0.296s] Level 1:colcon.colcon_core.package_identification:_identify(src/ugv_sim) by extensions ['ros']
[0.296s] Level 1:colcon.colcon_core.package_identification:_identify(src/ugv_sim) by extension 'ros'
[0.297s] DEBUG:colcon.colcon_core.package_identification:Package 'src/ugv_sim' with type 'ros.ament_python' and name 'ugv_sim'
[0.297s] Level 1:colcon.colcon_core.package_discovery:discover_packages(recursive) using defaults
[0.297s] Level 1:colcon.colcon_core.package_discovery:discover_packages(ignore) discover
[0.297s] Level 1:colcon.colcon_core.package_discovery:discover_packages(ignore) using defaults
[0.297s] Level 1:colcon.colcon_core.package_discovery:discover_packages(path) discover
[0.297s] Level 1:colcon.colcon_core.package_discovery:discover_packages(path) using defaults
[0.330s] Level 1:colcon.colcon_core.package_discovery:discover_packages(prefix_path) check parameters
[0.331s] Level 1:colcon.colcon_core.package_discovery:discover_packages(prefix_path) discover
[0.335s] DEBUG:colcon.colcon_installed_package_information.package_discovery:Found 291 installed packages in /opt/ros/jazzy
[0.336s] Level 1:colcon.colcon_core.package_discovery:discover_packages(prefix_path) using defaults
[0.402s] Level 5:colcon.colcon_core.verb:set package 'ugv_bridge' build argument 'cmake_args' from command line to 'None'
[0.402s] Level 5:colcon.colcon_core.verb:set package 'ugv_bridge' build argument 'cmake_target' from command line to 'None'
[0.402s] Level 5:colcon.colcon_core.verb:set package 'ugv_bridge' build argument 'cmake_target_skip_unavailable' from command line to 'False'
[0.402s] Level 5:colcon.colcon_core.verb:set package 'ugv_bridge' build argument 'cmake_clean_cache' from command line to 'False'
[0.402s] Level 5:colcon.colcon_core.verb:set package 'ugv_bridge' build argument 'cmake_clean_first' from command line to 'False'
[0.402s] Level 5:colcon.colcon_core.verb:set package 'ugv_bridge' build argument 'cmake_force_configure' from command line to 'False'
[0.402s] Level 5:colcon.colcon_core.verb:set package 'ugv_bridge' build argument 'ament_cmake_args' from command line to 'None'
[0.402s] Level 5:colcon.colcon_core.verb:set package 'ugv_bridge' build argument 'catkin_cmake_args' from command line to 'None'
[0.402s] Level 5:colcon.colcon_core.verb:set package 'ugv_bridge' build argument 'catkin_skip_building_tests' from command line to 'False'
[0.402s] DEBUG:colcon.colcon_core.verb:Building package 'ugv_bridge' with the following arguments: {'ament_cmake_args': None, 'build_base': '/home/dannydevss/Escritorio/TESIS/build/ugv_bridge', 'catkin_cmake_args': None, 'catkin_skip_building_tests': False, 'cmake_args': None, 'cmake_clean_cache': False, 'cmake_clean_first': False, 'cmake_force_configure': False, 'cmake_target': None, 'cmake_target_skip_unavailable': False, 'install_base': '/home/dannydevss/Escritorio/TESIS/install/ugv_bridge', 'merge_install': False, 'path': '/home/dannydevss/Escritorio/TESIS/src/ugv_bridge', 'symlink_install': False, 'test_result_base': None}
[0.403s] Level 5:colcon.colcon_core.verb:set package 'ugv_core' build argument 'cmake_args' from command line to 'None'
[0.403s] Level 5:colcon.colcon_core.verb:set package 'ugv_core' build argument 'cmake_target' from command line to 'None'
[0.403s] Level 5:colcon.colcon_core.verb:set package 'ugv_core' build argument 'cmake_target_skip_unavailable' from command line to 'False'
[0.403s] Level 5:colcon.colcon_core.verb:set package 'ugv_core' build argument 'cmake_clean_cache' from command line to 'False'
[0.403s] Level 5:colcon.colcon_core.verb:set package 'ugv_core' build argument 'cmake_clean_first' from command line to 'False'
[0.403s] Level 5:colcon.colcon_core.verb:set package 'ugv_core' build argument 'cmake_force_configure' from command line to 'False'
[0.403s] Level 5:colcon.colcon_core.verb:set package 'ugv_core' build argument 'ament_cmake_args' from command line to 'None'
[0.403s] Level 5:colcon.colcon_core.verb:set package 'ugv_core' build argument 'catkin_cmake_args' from command line to 'None'
[0.403s] Level 5:colcon.colcon_core.verb:set package 'ugv_core' build argument 'catkin_skip_building_tests' from command line to 'False'
[0.403s] DEBUG:colcon.colcon_core.verb:Building package 'ugv_core' with the following arguments: {'ament_cmake_args': None, 'build_base': '/home/dannydevss/Escritorio/TESIS/build/ugv_core', 'catkin_cmake_args': None, 'catkin_skip_building_tests': False, 'cmake_args': None, 'cmake_clean_cache': False, 'cmake_clean_first': False, 'cmake_force_configure': False, 'cmake_target': None, 'cmake_target_skip_unavailable': False, 'install_base': '/home/dannydevss/Escritorio/TESIS/install/ugv_core', 'merge_install': False, 'path': '/home/dannydevss/Escritorio/TESIS/src/ugv_core', 'symlink_install': False, 'test_result_base': None}
[0.404s] Level 5:colcon.colcon_core.verb:set package 'ugv_gcs' build argument 'cmake_args' from command line to 'None'
[0.404s] Level 5:colcon.colcon_core.verb:set package 'ugv_gcs' build argument 'cmake_target' from command line to 'None'
[0.404s] Level 5:colcon.colcon_core.verb:set package 'ugv_gcs' build argument 'cmake_target_skip_unavailable' from command line to 'False'
[0.404s] Level 5:colcon.colcon_core.verb:set package 'ugv_gcs' build argument 'cmake_clean_cache' from command line to 'False'
[0.404s] Level 5:colcon.colcon_core.verb:set package 'ugv_gcs' build argument 'cmake_clean_first' from command line to 'False'
[0.404s] Level 5:colcon.colcon_core.verb:set package 'ugv_gcs' build argument 'cmake_force_configure' from command line to 'False'
[0.404s] Level 5:colcon.colcon_core.verb:set package 'ugv_gcs' build argument 'ament_cmake_args' from command line to 'None'
[0.404s] Level 5:colcon.colcon_core.verb:set package 'ugv_gcs' build argument 'catkin_cmake_args' from command line to 'None'
[0.404s] Level 5:colcon.colcon_core.verb:set package 'ugv_gcs' build argument 'catkin_skip_building_tests' from command line to 'False'
[0.404s] DEBUG:colcon.colcon_core.verb:Building package 'ugv_gcs' with the following arguments: {'ament_cmake_args': None, 'build_base': '/home/dannydevss/Escritorio/TESIS/build/ugv_gcs', 'catkin_cmake_args': None, 'catkin_skip_building_tests': False, 'cmake_args': None, 'cmake_clean_cache': False, 'cmake_clean_first': False, 'cmake_force_configure': False, 'cmake_target': None, 'cmake_target_skip_unavailable': False, 'install_base': '/home/dannydevss/Escritorio/TESIS/install/ugv_gcs', 'merge_install': False, 'path': '/home/dannydevss/Escritorio/TESIS/src/ugv_gcs', 'symlink_install': False, 'test_result_base': None}
[0.404s] Level 5:colcon.colcon_core.verb:set package 'ugv_policy' build argument 'cmake_args' from command line to 'None'
[0.404s] Level 5:colcon.colcon_core.verb:set package 'ugv_policy' build argument 'cmake_target' from command line to 'None'
[0.404s] Level 5:colcon.colcon_core.verb:set package 'ugv_policy' build argument 'cmake_target_skip_unavailable' from command line to 'False'
[0.405s] Level 5:colcon.colcon_core.verb:set package 'ugv_policy' build argument 'cmake_clean_cache' from command line to 'False'
[0.405s] Level 5:colcon.colcon_core.verb:set package 'ugv_policy' build argument 'cmake_clean_first' from command line to 'False'
[0.405s] Level 5:colcon.colcon_core.verb:set package 'ugv_policy' build argument 'cmake_force_configure' from command line to 'False'
[0.405s] Level 5:colcon.colcon_core.verb:set package 'ugv_policy' build argument 'ament_cmake_args' from command line to 'None'
[0.405s] Level 5:colcon.colcon_core.verb:set package 'ugv_policy' build argument 'catkin_cmake_args' from command line to 'None'
[0.405s] Level 5:colcon.colcon_core.verb:set package 'ugv_policy' build argument 'catkin_skip_building_tests' from command line to 'False'
[0.405s] DEBUG:colcon.colcon_core.verb:Building package 'ugv_policy' with the following arguments: {'ament_cmake_args': None, 'build_base': '/home/dannydevss/Escritorio/TESIS/build/ugv_policy', 'catkin_cmake_args': None, 'catkin_skip_building_tests': False, 'cmake_args': None, 'cmake_clean_cache': False, 'cmake_clean_first': False, 'cmake_force_configure': False, 'cmake_target': None, 'cmake_target_skip_unavailable': False, 'install_base': '/home/dannydevss/Escritorio/TESIS/install/ugv_policy', 'merge_install': False, 'path': '/home/dannydevss/Escritorio/TESIS/src/ugv_policy', 'symlink_install': False, 'test_result_base': None}
[0.405s] Level 5:colcon.colcon_core.verb:set package 'ugv_sim' build argument 'cmake_args' from command line to 'None'
[0.405s] Level 5:colcon.colcon_core.verb:set package 'ugv_sim' build argument 'cmake_target' from command line to 'None'
[0.405s] Level 5:colcon.colcon_core.verb:set package 'ugv_sim' build argument 'cmake_target_skip_unavailable' from command line to 'False'
[0.405s] Level 5:colcon.colcon_core.verb:set package 'ugv_sim' build argument 'cmake_clean_cache' from command line to 'False'
[0.405s] Level 5:colcon.colcon_core.verb:set package 'ugv_sim' build argument 'cmake_clean_first' from command line to 'False'
[0.405s] Level 5:colcon.colcon_core.verb:set package 'ugv_sim' build argument 'cmake_force_configure' from command line to 'False'
[0.405s] Level 5:colcon.colcon_core.verb:set package 'ugv_sim' build argument 'ament_cmake_args' from command line to 'None'
[0.405s] Level 5:colcon.colcon_core.verb:set package 'ugv_sim' build argument 'catkin_cmake_args' from command line to 'None'
[0.406s] Level 5:colcon.colcon_core.verb:set package 'ugv_sim' build argument 'catkin_skip_building_tests' from command line to 'False'
[0.406s] DEBUG:colcon.colcon_core.verb:Building package 'ugv_sim' with the following arguments: {'ament_cmake_args': None, 'build_base': '/home/dannydevss/Escritorio/TESIS/build/ugv_sim', 'catkin_cmake_args': None, 'catkin_skip_building_tests': False, 'cmake_args': None, 'cmake_clean_cache': False, 'cmake_clean_first': False, 'cmake_force_configure': False, 'cmake_target': None, 'cmake_target_skip_unavailable': False, 'install_base': '/home/dannydevss/Escritorio/TESIS/install/ugv_sim', 'merge_install': False, 'path': '/home/dannydevss/Escritorio/TESIS/src/ugv_sim', 'symlink_install': False, 'test_result_base': None}
[0.406s] INFO:colcon.colcon_core.executor:Executing jobs using 'parallel' executor
[0.407s] DEBUG:colcon.colcon_parallel_executor.executor.parallel:run_until_complete
[0.407s] INFO:colcon.colcon_ros.task.ament_python.build:Building ROS package in '/home/dannydevss/Escritorio/TESIS/src/ugv_core' with build type 'ament_python'
[0.408s] Level 1:colcon.colcon_core.shell:create_environment_hook('ugv_core', 'ament_prefix_path')
[0.411s] INFO:colcon.colcon_core.plugin_system:Skipping extension 'colcon_core.shell.bat': Not used on non-Windows systems
[0.412s] INFO:colcon.colcon_core.shell:Creating environment hook '/home/dannydevss/Escritorio/TESIS/install/ugv_core/share/ugv_core/hook/ament_prefix_path.ps1'
[0.413s] INFO:colcon.colcon_core.shell:Creating environment descriptor '/home/dannydevss/Escritorio/TESIS/install/ugv_core/share/ugv_core/hook/ament_prefix_path.dsv'
[0.413s] INFO:colcon.colcon_core.shell:Creating environment hook '/home/dannydevss/Escritorio/TESIS/install/ugv_core/share/ugv_core/hook/ament_prefix_path.sh'
[0.414s] INFO:colcon.colcon_core.shell:Skip shell extension 'powershell' for command environment: Not usable outside of PowerShell
[0.414s] DEBUG:colcon.colcon_core.shell:Skip shell extension 'dsv' for command environment
[0.418s] INFO:colcon.colcon_ros.task.ament_python.build:Building ROS package in '/home/dannydevss/Escritorio/TESIS/src/ugv_bridge' with build type 'ament_python'
[0.418s] Level 1:colcon.colcon_core.shell:create_environment_hook('ugv_bridge', 'ament_prefix_path')
[0.419s] INFO:colcon.colcon_core.shell:Creating environment hook '/home/dannydevss/Escritorio/TESIS/install/ugv_bridge/share/ugv_bridge/hook/ament_prefix_path.ps1'
[0.421s] INFO:colcon.colcon_core.shell:Creating environment descriptor '/home/dannydevss/Escritorio/TESIS/install/ugv_bridge/share/ugv_bridge/hook/ament_prefix_path.dsv'
[0.421s] INFO:colcon.colcon_core.shell:Creating environment hook '/home/dannydevss/Escritorio/TESIS/install/ugv_bridge/share/ugv_bridge/hook/ament_prefix_path.sh'
[0.422s] INFO:colcon.colcon_core.shell:Skip shell extension 'powershell' for command environment: Not usable outside of PowerShell
[0.422s] DEBUG:colcon.colcon_core.shell:Skip shell extension 'dsv' for command environment
[0.426s] INFO:colcon.colcon_ros.task.ament_python.build:Building ROS package in '/home/dannydevss/Escritorio/TESIS/src/ugv_gcs' with build type 'ament_python'
[0.426s] Level 1:colcon.colcon_core.shell:create_environment_hook('ugv_gcs', 'ament_prefix_path')
[0.427s] INFO:colcon.colcon_core.shell:Creating environment hook '/home/dannydevss/Escritorio/TESIS/install/ugv_gcs/share/ugv_gcs/hook/ament_prefix_path.ps1'
[0.428s] INFO:colcon.colcon_core.shell:Creating environment descriptor '/home/dannydevss/Escritorio/TESIS/install/ugv_gcs/share/ugv_gcs/hook/ament_prefix_path.dsv'
[0.428s] INFO:colcon.colcon_core.shell:Creating environment hook '/home/dannydevss/Escritorio/TESIS/install/ugv_gcs/share/ugv_gcs/hook/ament_prefix_path.sh'
[0.430s] INFO:colcon.colcon_core.shell:Skip shell extension 'powershell' for command environment: Not usable outside of PowerShell
[0.430s] DEBUG:colcon.colcon_core.shell:Skip shell extension 'dsv' for command environment
[0.730s] INFO:colcon.colcon_core.task.python.build:Building Python package in '/home/dannydevss/Escritorio/TESIS/src/ugv_core'
[0.730s] INFO:colcon.colcon_core.shell:Skip shell extension 'powershell' for command environment: Not usable outside of PowerShell
[0.730s] DEBUG:colcon.colcon_core.shell:Skip shell extension 'dsv' for command environment
[1.051s] INFO:colcon.colcon_core.task.python.build:Building Python package in '/home/dannydevss/Escritorio/TESIS/src/ugv_bridge'
[1.051s] INFO:colcon.colcon_core.shell:Skip shell extension 'powershell' for command environment: Not usable outside of PowerShell
[1.051s] DEBUG:colcon.colcon_core.shell:Skip shell extension 'dsv' for command environment
[1.346s] INFO:colcon.colcon_core.task.python.build:Building Python package in '/home/dannydevss/Escritorio/TESIS/src/ugv_gcs'
[1.346s] INFO:colcon.colcon_core.shell:Skip shell extension 'powershell' for command environment: Not usable outside of PowerShell
[1.346s] DEBUG:colcon.colcon_core.shell:Skip shell extension 'dsv' for command environment
[2.218s] DEBUG:colcon.colcon_core.task.python.build:Available setuptools commands: editable_wheel, bdist_egg, dist_info, sdist, egg_info, setopt, bdist_rpm, build_scripts, rotate, develop, saveopts, install_data, build_py, install_egg_info, symlink_data, upload_docs, install_scripts, test, bdist, check, build_clib, upload, build, alias, build_ext, install_headers, install, clean, easy_install, install_lib, register, bdist_dumb
[2.221s] DEBUG:colcon.colcon_core.event_handler.log_command:Invoking command in '/home/dannydevss/Escritorio/TESIS/src/ugv_core': DEBUGINFOD_URLS=https://debuginfod.archlinux.org https://debuginfod.cachyos.org PYTHONPATH=/home/dannydevss/Escritorio/TESIS/build/ugv_core/prefix_override:/usr/lib/python3/dist-packages/colcon_core/task/python/colcon_distutils_commands:/home/dannydevss/Escritorio/TESIS/install/ugv_core/lib/python3.12/site-packages:${PYTHONPATH} /usr/bin/python3 -W ignore:setup.py install is deprecated -W ignore:easy_install command is deprecated setup.py egg_info --egg-base ../../build/ugv_core build --build-base /home/dannydevss/Escritorio/TESIS/build/ugv_core/build install --record /home/dannydevss/Escritorio/TESIS/build/ugv_core/install.log --install-scripts $base/lib/ugv_core --single-version-externally-managed install_data
[2.665s] DEBUG:colcon.colcon_core.task.python.build:Available setuptools commands: editable_wheel, bdist_egg, dist_info, sdist, egg_info, setopt, bdist_rpm, build_scripts, rotate, develop, saveopts, install_data, build_py, install_egg_info, symlink_data, upload_docs, install_scripts, test, bdist, check, build_clib, upload, build, alias, build_ext, install_headers, install, clean, easy_install, install_lib, register, bdist_dumb
[2.670s] DEBUG:colcon.colcon_core.event_handler.log_command:Invoking command in '/home/dannydevss/Escritorio/TESIS/src/ugv_bridge': DEBUGINFOD_URLS=https://debuginfod.archlinux.org https://debuginfod.cachyos.org PYTHONPATH=/home/dannydevss/Escritorio/TESIS/build/ugv_bridge/prefix_override:/usr/lib/python3/dist-packages/colcon_core/task/python/colcon_distutils_commands:/home/dannydevss/Escritorio/TESIS/install/ugv_bridge/lib/python3.12/site-packages:${PYTHONPATH} /usr/bin/python3 -W ignore:setup.py install is deprecated -W ignore:easy_install command is deprecated setup.py egg_info --egg-base ../../build/ugv_bridge build --build-base /home/dannydevss/Escritorio/TESIS/build/ugv_bridge/build install --record /home/dannydevss/Escritorio/TESIS/build/ugv_bridge/install.log --install-scripts $base/lib/ugv_bridge --single-version-externally-managed install_data
[2.694s] DEBUG:colcon.colcon_core.task.python.build:Available setuptools commands: editable_wheel, bdist_egg, dist_info, sdist, egg_info, setopt, bdist_rpm, build_scripts, rotate, develop, saveopts, install_data, build_py, install_egg_info, symlink_data, upload_docs, install_scripts, test, bdist, check, build_clib, upload, build, alias, build_ext, install_headers, install, clean, easy_install, install_lib, register, bdist_dumb
[2.698s] DEBUG:colcon.colcon_core.event_handler.log_command:Invoking command in '/home/dannydevss/Escritorio/TESIS/src/ugv_gcs': DEBUGINFOD_URLS=https://debuginfod.archlinux.org https://debuginfod.cachyos.org PYTHONPATH=/home/dannydevss/Escritorio/TESIS/build/ugv_gcs/prefix_override:/usr/lib/python3/dist-packages/colcon_core/task/python/colcon_distutils_commands:/home/dannydevss/Escritorio/TESIS/install/ugv_gcs/lib/python3.12/site-packages:${PYTHONPATH} /usr/bin/python3 -W ignore:setup.py install is deprecated -W ignore:easy_install command is deprecated setup.py egg_info --egg-base ../../build/ugv_gcs build --build-base /home/dannydevss/Escritorio/TESIS/build/ugv_gcs/build install --record /home/dannydevss/Escritorio/TESIS/build/ugv_gcs/install.log --install-scripts $base/lib/ugv_gcs --single-version-externally-managed install_data
[3.188s] DEBUG:colcon.colcon_core.event_handler.log_command:Invoked command in '/home/dannydevss/Escritorio/TESIS/src/ugv_core' returned '0': DEBUGINFOD_URLS=https://debuginfod.archlinux.org https://debuginfod.cachyos.org PYTHONPATH=/home/dannydevss/Escritorio/TESIS/build/ugv_core/prefix_override:/usr/lib/python3/dist-packages/colcon_core/task/python/colcon_distutils_commands:/home/dannydevss/Escritorio/TESIS/install/ugv_core/lib/python3.12/site-packages:${PYTHONPATH} /usr/bin/python3 -W ignore:setup.py install is deprecated -W ignore:easy_install command is deprecated setup.py egg_info --egg-base ../../build/ugv_core build --build-base /home/dannydevss/Escritorio/TESIS/build/ugv_core/build install --record /home/dannydevss/Escritorio/TESIS/build/ugv_core/install.log --install-scripts $base/lib/ugv_core --single-version-externally-managed install_data
[3.193s] Level 1:colcon.colcon_core.environment:checking '/home/dannydevss/Escritorio/TESIS/install/ugv_core' for CMake module files
[3.193s] Level 1:colcon.colcon_core.environment:checking '/home/dannydevss/Escritorio/TESIS/install/ugv_core' for CMake config files
[3.194s] Level 1:colcon.colcon_core.environment:checking '/home/dannydevss/Escritorio/TESIS/install/ugv_core/lib'
[3.195s] Level 1:colcon.colcon_core.environment:checking '/home/dannydevss/Escritorio/TESIS/install/ugv_core/bin'
[3.195s] Level 1:colcon.colcon_core.environment:checking '/home/dannydevss/Escritorio/TESIS/install/ugv_core/lib/pkgconfig/ugv_core.pc'
[3.195s] Level 1:colcon.colcon_core.environment:checking '/home/dannydevss/Escritorio/TESIS/install/ugv_core/lib/python3.12/site-packages'
[3.195s] Level 1:colcon.colcon_core.shell:create_environment_hook('ugv_core', 'pythonpath')
[3.196s] INFO:colcon.colcon_core.shell:Creating environment hook '/home/dannydevss/Escritorio/TESIS/install/ugv_core/share/ugv_core/hook/pythonpath.ps1'
[3.196s] INFO:colcon.colcon_core.shell:Creating environment descriptor '/home/dannydevss/Escritorio/TESIS/install/ugv_core/share/ugv_core/hook/pythonpath.dsv'
[3.197s] INFO:colcon.colcon_core.shell:Creating environment hook '/home/dannydevss/Escritorio/TESIS/install/ugv_core/share/ugv_core/hook/pythonpath.sh'
[3.198s] Level 1:colcon.colcon_core.environment:checking '/home/dannydevss/Escritorio/TESIS/install/ugv_core/bin'
[3.198s] Level 1:colcon.colcon_core.environment:create_environment_scripts_only(ugv_core)
[3.199s] INFO:colcon.colcon_core.shell:Creating package script '/home/dannydevss/Escritorio/TESIS/install/ugv_core/share/ugv_core/package.ps1'
[3.201s] INFO:colcon.colcon_core.shell:Creating package descriptor '/home/dannydevss/Escritorio/TESIS/install/ugv_core/share/ugv_core/package.dsv'
[3.201s] INFO:colcon.colcon_core.shell:Creating package script '/home/dannydevss/Escritorio/TESIS/install/ugv_core/share/ugv_core/package.sh'
[3.203s] INFO:colcon.colcon_core.shell:Creating package script '/home/dannydevss/Escritorio/TESIS/install/ugv_core/share/ugv_core/package.bash'
[3.204s] INFO:colcon.colcon_core.shell:Creating package script '/home/dannydevss/Escritorio/TESIS/install/ugv_core/share/ugv_core/package.zsh'
[3.205s] Level 1:colcon.colcon_core.environment:create_file_with_runtime_dependencies(/home/dannydevss/Escritorio/TESIS/install/ugv_core/share/colcon-core/packages/ugv_core)
[3.205s] INFO:colcon.colcon_ros.task.ament_python.build:Building ROS package in '/home/dannydevss/Escritorio/TESIS/src/ugv_policy' with build type 'ament_python'
[3.206s] Level 1:colcon.colcon_core.shell:create_environment_hook('ugv_policy', 'ament_prefix_path')
[3.206s] INFO:colcon.colcon_core.shell:Creating environment hook '/home/dannydevss/Escritorio/TESIS/install/ugv_policy/share/ugv_policy/hook/ament_prefix_path.ps1'
[3.208s] INFO:colcon.colcon_core.shell:Creating environment descriptor '/home/dannydevss/Escritorio/TESIS/install/ugv_policy/share/ugv_policy/hook/ament_prefix_path.dsv'
[3.209s] INFO:colcon.colcon_core.shell:Creating environment hook '/home/dannydevss/Escritorio/TESIS/install/ugv_policy/share/ugv_policy/hook/ament_prefix_path.sh'
[3.210s] INFO:colcon.colcon_core.shell:Skip shell extension 'powershell' for command environment: Not usable outside of PowerShell
[3.210s] DEBUG:colcon.colcon_core.shell:Skip shell extension 'dsv' for command environment
[3.214s] INFO:colcon.colcon_ros.task.ament_python.build:Building ROS package in '/home/dannydevss/Escritorio/TESIS/src/ugv_sim' with build type 'ament_python'
[3.214s] Level 1:colcon.colcon_core.shell:create_environment_hook('ugv_sim', 'ament_prefix_path')
[3.215s] INFO:colcon.colcon_core.shell:Creating environment hook '/home/dannydevss/Escritorio/TESIS/install/ugv_sim/share/ugv_sim/hook/ament_prefix_path.ps1'
[3.216s] INFO:colcon.colcon_core.shell:Creating environment descriptor '/home/dannydevss/Escritorio/TESIS/install/ugv_sim/share/ugv_sim/hook/ament_prefix_path.dsv'
[3.218s] INFO:colcon.colcon_core.shell:Creating environment hook '/home/dannydevss/Escritorio/TESIS/install/ugv_sim/share/ugv_sim/hook/ament_prefix_path.sh'
[3.219s] INFO:colcon.colcon_core.shell:Skip shell extension 'powershell' for command environment: Not usable outside of PowerShell
[3.219s] DEBUG:colcon.colcon_core.shell:Skip shell extension 'dsv' for command environment
[3.677s] INFO:colcon.colcon_core.task.python.build:Building Python package in '/home/dannydevss/Escritorio/TESIS/src/ugv_policy'
[3.677s] INFO:colcon.colcon_core.shell:Skip shell extension 'powershell' for command environment: Not usable outside of PowerShell
[3.677s] DEBUG:colcon.colcon_core.shell:Skip shell extension 'dsv' for command environment
[4.123s] INFO:colcon.colcon_core.task.python.build:Building Python package in '/home/dannydevss/Escritorio/TESIS/src/ugv_sim'
[4.123s] INFO:colcon.colcon_core.shell:Skip shell extension 'powershell' for command environment: Not usable outside of PowerShell
[4.123s] DEBUG:colcon.colcon_core.shell:Skip shell extension 'dsv' for command environment
[4.128s] Level 1:colcon.colcon_core.environment:checking '/home/dannydevss/Escritorio/TESIS/install/ugv_gcs' for CMake module files
[4.129s] DEBUG:colcon.colcon_core.event_handler.log_command:Invoked command in '/home/dannydevss/Escritorio/TESIS/src/ugv_gcs' returned '0': DEBUGINFOD_URLS=https://debuginfod.archlinux.org https://debuginfod.cachyos.org PYTHONPATH=/home/dannydevss/Escritorio/TESIS/build/ugv_gcs/prefix_override:/usr/lib/python3/dist-packages/colcon_core/task/python/colcon_distutils_commands:/home/dannydevss/Escritorio/TESIS/install/ugv_gcs/lib/python3.12/site-packages:${PYTHONPATH} /usr/bin/python3 -W ignore:setup.py install is deprecated -W ignore:easy_install command is deprecated setup.py egg_info --egg-base ../../build/ugv_gcs build --build-base /home/dannydevss/Escritorio/TESIS/build/ugv_gcs/build install --record /home/dannydevss/Escritorio/TESIS/build/ugv_gcs/install.log --install-scripts $base/lib/ugv_gcs --single-version-externally-managed install_data
[4.130s] Level 1:colcon.colcon_core.environment:checking '/home/dannydevss/Escritorio/TESIS/install/ugv_gcs' for CMake config files
[4.130s] Level 1:colcon.colcon_core.environment:checking '/home/dannydevss/Escritorio/TESIS/install/ugv_gcs/lib'
[4.130s] Level 1:colcon.colcon_core.environment:checking '/home/dannydevss/Escritorio/TESIS/install/ugv_gcs/bin'
[4.130s] Level 1:colcon.colcon_core.environment:checking '/home/dannydevss/Escritorio/TESIS/install/ugv_gcs/lib/pkgconfig/ugv_gcs.pc'
[4.131s] Level 1:colcon.colcon_core.environment:checking '/home/dannydevss/Escritorio/TESIS/install/ugv_gcs/lib/python3.12/site-packages'
[4.131s] Level 1:colcon.colcon_core.shell:create_environment_hook('ugv_gcs', 'pythonpath')
[4.131s] INFO:colcon.colcon_core.shell:Creating environment hook '/home/dannydevss/Escritorio/TESIS/install/ugv_gcs/share/ugv_gcs/hook/pythonpath.ps1'
[4.132s] INFO:colcon.colcon_core.shell:Creating environment descriptor '/home/dannydevss/Escritorio/TESIS/install/ugv_gcs/share/ugv_gcs/hook/pythonpath.dsv'
[4.133s] INFO:colcon.colcon_core.shell:Creating environment hook '/home/dannydevss/Escritorio/TESIS/install/ugv_gcs/share/ugv_gcs/hook/pythonpath.sh'
[4.135s] Level 1:colcon.colcon_core.environment:checking '/home/dannydevss/Escritorio/TESIS/install/ugv_gcs/bin'
[4.135s] Level 1:colcon.colcon_core.environment:create_environment_scripts_only(ugv_gcs)
[4.135s] INFO:colcon.colcon_core.shell:Creating package script '/home/dannydevss/Escritorio/TESIS/install/ugv_gcs/share/ugv_gcs/package.ps1'
[4.136s] INFO:colcon.colcon_core.shell:Creating package descriptor '/home/dannydevss/Escritorio/TESIS/install/ugv_gcs/share/ugv_gcs/package.dsv'
[4.137s] INFO:colcon.colcon_core.shell:Creating package script '/home/dannydevss/Escritorio/TESIS/install/ugv_gcs/share/ugv_gcs/package.sh'
[4.138s] INFO:colcon.colcon_core.shell:Creating package script '/home/dannydevss/Escritorio/TESIS/install/ugv_gcs/share/ugv_gcs/package.bash'
[4.138s] INFO:colcon.colcon_core.shell:Creating package script '/home/dannydevss/Escritorio/TESIS/install/ugv_gcs/share/ugv_gcs/package.zsh'
[4.139s] Level 1:colcon.colcon_core.environment:create_file_with_runtime_dependencies(/home/dannydevss/Escritorio/TESIS/install/ugv_gcs/share/colcon-core/packages/ugv_gcs)
[4.142s] Level 1:colcon.colcon_core.environment:checking '/home/dannydevss/Escritorio/TESIS/install/ugv_bridge' for CMake module files
[4.143s] DEBUG:colcon.colcon_core.event_handler.log_command:Invoked command in '/home/dannydevss/Escritorio/TESIS/src/ugv_bridge' returned '0': DEBUGINFOD_URLS=https://debuginfod.archlinux.org https://debuginfod.cachyos.org PYTHONPATH=/home/dannydevss/Escritorio/TESIS/build/ugv_bridge/prefix_override:/usr/lib/python3/dist-packages/colcon_core/task/python/colcon_distutils_commands:/home/dannydevss/Escritorio/TESIS/install/ugv_bridge/lib/python3.12/site-packages:${PYTHONPATH} /usr/bin/python3 -W ignore:setup.py install is deprecated -W ignore:easy_install command is deprecated setup.py egg_info --egg-base ../../build/ugv_bridge build --build-base /home/dannydevss/Escritorio/TESIS/build/ugv_bridge/build install --record /home/dannydevss/Escritorio/TESIS/build/ugv_bridge/install.log --install-scripts $base/lib/ugv_bridge --single-version-externally-managed install_data
[4.144s] Level 1:colcon.colcon_core.environment:checking '/home/dannydevss/Escritorio/TESIS/install/ugv_bridge' for CMake config files
[4.145s] Level 1:colcon.colcon_core.environment:checking '/home/dannydevss/Escritorio/TESIS/install/ugv_bridge/lib'
[4.145s] Level 1:colcon.colcon_core.environment:checking '/home/dannydevss/Escritorio/TESIS/install/ugv_bridge/bin'
[4.145s] Level 1:colcon.colcon_core.environment:checking '/home/dannydevss/Escritorio/TESIS/install/ugv_bridge/lib/pkgconfig/ugv_bridge.pc'
[4.145s] Level 1:colcon.colcon_core.environment:checking '/home/dannydevss/Escritorio/TESIS/install/ugv_bridge/lib/python3.12/site-packages'
[4.146s] Level 1:colcon.colcon_core.shell:create_environment_hook('ugv_bridge', 'pythonpath')
[4.146s] INFO:colcon.colcon_core.shell:Creating environment hook '/home/dannydevss/Escritorio/TESIS/install/ugv_bridge/share/ugv_bridge/hook/pythonpath.ps1'
[4.147s] INFO:colcon.colcon_core.shell:Creating environment descriptor '/home/dannydevss/Escritorio/TESIS/install/ugv_bridge/share/ugv_bridge/hook/pythonpath.dsv'
[4.147s] INFO:colcon.colcon_core.shell:Creating environment hook '/home/dannydevss/Escritorio/TESIS/install/ugv_bridge/share/ugv_bridge/hook/pythonpath.sh'
[4.148s] Level 1:colcon.colcon_core.environment:checking '/home/dannydevss/Escritorio/TESIS/install/ugv_bridge/bin'
[4.149s] Level 1:colcon.colcon_core.environment:create_environment_scripts_only(ugv_bridge)
[4.149s] INFO:colcon.colcon_core.shell:Creating package script '/home/dannydevss/Escritorio/TESIS/install/ugv_bridge/share/ugv_bridge/package.ps1'
[4.150s] INFO:colcon.colcon_core.shell:Creating package descriptor '/home/dannydevss/Escritorio/TESIS/install/ugv_bridge/share/ugv_bridge/package.dsv'
[4.151s] INFO:colcon.colcon_core.shell:Creating package script '/home/dannydevss/Escritorio/TESIS/install/ugv_bridge/share/ugv_bridge/package.sh'
[4.152s] INFO:colcon.colcon_core.shell:Creating package script '/home/dannydevss/Escritorio/TESIS/install/ugv_bridge/share/ugv_bridge/package.bash'
[4.153s] INFO:colcon.colcon_core.shell:Creating package script '/home/dannydevss/Escritorio/TESIS/install/ugv_bridge/share/ugv_bridge/package.zsh'
[4.154s] Level 1:colcon.colcon_core.environment:create_file_with_runtime_dependencies(/home/dannydevss/Escritorio/TESIS/install/ugv_bridge/share/colcon-core/packages/ugv_bridge)
[4.981s] DEBUG:colcon.colcon_core.task.python.build:Available setuptools commands: editable_wheel, bdist_egg, dist_info, sdist, egg_info, setopt, bdist_rpm, build_scripts, rotate, develop, saveopts, install_data, build_py, install_egg_info, symlink_data, upload_docs, install_scripts, test, bdist, check, build_clib, upload, build, alias, build_ext, install_headers, install, clean, easy_install, install_lib, register, bdist_dumb
[4.983s] DEBUG:colcon.colcon_core.task.python.build:Available setuptools commands: editable_wheel, bdist_egg, dist_info, sdist, egg_info, setopt, bdist_rpm, build_scripts, rotate, develop, saveopts, install_data, build_py, install_egg_info, symlink_data, upload_docs, install_scripts, test, bdist, check, build_clib, upload, build, alias, build_ext, install_headers, install, clean, easy_install, install_lib, register, bdist_dumb
[4.986s] DEBUG:colcon.colcon_core.event_handler.log_command:Invoking command in '/home/dannydevss/Escritorio/TESIS/src/ugv_sim': AMENT_PREFIX_PATH=/home/dannydevss/Escritorio/TESIS/install/ugv_core:${AMENT_PREFIX_PATH} DEBUGINFOD_URLS=https://debuginfod.archlinux.org https://debuginfod.cachyos.org PYTHONPATH=/home/dannydevss/Escritorio/TESIS/build/ugv_sim/prefix_override:/usr/lib/python3/dist-packages/colcon_core/task/python/colcon_distutils_commands:/home/dannydevss/Escritorio/TESIS/install/ugv_sim/lib/python3.12/site-packages:/home/dannydevss/Escritorio/TESIS/install/ugv_core/lib/python3.12/site-packages:${PYTHONPATH} /usr/bin/python3 -W ignore:setup.py install is deprecated -W ignore:easy_install command is deprecated setup.py egg_info --egg-base ../../build/ugv_sim build --build-base /home/dannydevss/Escritorio/TESIS/build/ugv_sim/build install --record /home/dannydevss/Escritorio/TESIS/build/ugv_sim/install.log --install-scripts $base/lib/ugv_sim --single-version-externally-managed install_data
[4.987s] DEBUG:colcon.colcon_core.event_handler.log_command:Invoking command in '/home/dannydevss/Escritorio/TESIS/src/ugv_policy': AMENT_PREFIX_PATH=/home/dannydevss/Escritorio/TESIS/install/ugv_core:${AMENT_PREFIX_PATH} DEBUGINFOD_URLS=https://debuginfod.archlinux.org https://debuginfod.cachyos.org PYTHONPATH=/home/dannydevss/Escritorio/TESIS/build/ugv_policy/prefix_override:/usr/lib/python3/dist-packages/colcon_core/task/python/colcon_distutils_commands:/home/dannydevss/Escritorio/TESIS/install/ugv_policy/lib/python3.12/site-packages:/home/dannydevss/Escritorio/TESIS/install/ugv_core/lib/python3.12/site-packages:${PYTHONPATH} /usr/bin/python3 -W ignore:setup.py install is deprecated -W ignore:easy_install command is deprecated setup.py egg_info --egg-base ../../build/ugv_policy build --build-base /home/dannydevss/Escritorio/TESIS/build/ugv_policy/build install --record /home/dannydevss/Escritorio/TESIS/build/ugv_policy/install.log --install-scripts $base/lib/ugv_policy --single-version-externally-managed install_data
[5.874s] Level 1:colcon.colcon_core.environment:checking '/home/dannydevss/Escritorio/TESIS/install/ugv_sim' for CMake module files
[5.875s] DEBUG:colcon.colcon_core.event_handler.log_command:Invoked command in '/home/dannydevss/Escritorio/TESIS/src/ugv_sim' returned '0': AMENT_PREFIX_PATH=/home/dannydevss/Escritorio/TESIS/install/ugv_core:${AMENT_PREFIX_PATH} DEBUGINFOD_URLS=https://debuginfod.archlinux.org https://debuginfod.cachyos.org PYTHONPATH=/home/dannydevss/Escritorio/TESIS/build/ugv_sim/prefix_override:/usr/lib/python3/dist-packages/colcon_core/task/python/colcon_distutils_commands:/home/dannydevss/Escritorio/TESIS/install/ugv_sim/lib/python3.12/site-packages:/home/dannydevss/Escritorio/TESIS/install/ugv_core/lib/python3.12/site-packages:${PYTHONPATH} /usr/bin/python3 -W ignore:setup.py install is deprecated -W ignore:easy_install command is deprecated setup.py egg_info --egg-base ../../build/ugv_sim build --build-base /home/dannydevss/Escritorio/TESIS/build/ugv_sim/build install --record /home/dannydevss/Escritorio/TESIS/build/ugv_sim/install.log --install-scripts $base/lib/ugv_sim --single-version-externally-managed install_data
[5.876s] Level 1:colcon.colcon_core.environment:checking '/home/dannydevss/Escritorio/TESIS/install/ugv_sim' for CMake config files
[5.877s] Level 1:colcon.colcon_core.environment:checking '/home/dannydevss/Escritorio/TESIS/install/ugv_sim/lib'
[5.877s] Level 1:colcon.colcon_core.environment:checking '/home/dannydevss/Escritorio/TESIS/install/ugv_sim/bin'
[5.877s] Level 1:colcon.colcon_core.environment:checking '/home/dannydevss/Escritorio/TESIS/install/ugv_sim/lib/pkgconfig/ugv_sim.pc'
[5.878s] Level 1:colcon.colcon_core.environment:checking '/home/dannydevss/Escritorio/TESIS/install/ugv_sim/lib/python3.12/site-packages'
[5.878s] Level 1:colcon.colcon_core.shell:create_environment_hook('ugv_sim', 'pythonpath')
[5.879s] INFO:colcon.colcon_core.shell:Creating environment hook '/home/dannydevss/Escritorio/TESIS/install/ugv_sim/share/ugv_sim/hook/pythonpath.ps1'
[5.880s] INFO:colcon.colcon_core.shell:Creating environment descriptor '/home/dannydevss/Escritorio/TESIS/install/ugv_sim/share/ugv_sim/hook/pythonpath.dsv'
[5.881s] INFO:colcon.colcon_core.shell:Creating environment hook '/home/dannydevss/Escritorio/TESIS/install/ugv_sim/share/ugv_sim/hook/pythonpath.sh'
[5.882s] Level 1:colcon.colcon_core.environment:checking '/home/dannydevss/Escritorio/TESIS/install/ugv_sim/bin'
[5.883s] Level 1:colcon.colcon_core.environment:create_environment_scripts_only(ugv_sim)
[5.883s] INFO:colcon.colcon_core.shell:Creating package script '/home/dannydevss/Escritorio/TESIS/install/ugv_sim/share/ugv_sim/package.ps1'
[5.885s] INFO:colcon.colcon_core.shell:Creating package descriptor '/home/dannydevss/Escritorio/TESIS/install/ugv_sim/share/ugv_sim/package.dsv'
[5.886s] INFO:colcon.colcon_core.shell:Creating package script '/home/dannydevss/Escritorio/TESIS/install/ugv_sim/share/ugv_sim/package.sh'
[5.887s] INFO:colcon.colcon_core.shell:Creating package script '/home/dannydevss/Escritorio/TESIS/install/ugv_sim/share/ugv_sim/package.bash'
[5.887s] INFO:colcon.colcon_core.shell:Creating package script '/home/dannydevss/Escritorio/TESIS/install/ugv_sim/share/ugv_sim/package.zsh'
[5.888s] Level 1:colcon.colcon_core.environment:create_file_with_runtime_dependencies(/home/dannydevss/Escritorio/TESIS/install/ugv_sim/share/colcon-core/packages/ugv_sim)
[5.901s] Level 1:colcon.colcon_core.environment:checking '/home/dannydevss/Escritorio/TESIS/install/ugv_policy' for CMake module files
[5.902s] DEBUG:colcon.colcon_core.event_handler.log_command:Invoked command in '/home/dannydevss/Escritorio/TESIS/src/ugv_policy' returned '0': AMENT_PREFIX_PATH=/home/dannydevss/Escritorio/TESIS/install/ugv_core:${AMENT_PREFIX_PATH} DEBUGINFOD_URLS=https://debuginfod.archlinux.org https://debuginfod.cachyos.org PYTHONPATH=/home/dannydevss/Escritorio/TESIS/build/ugv_policy/prefix_override:/usr/lib/python3/dist-packages/colcon_core/task/python/colcon_distutils_commands:/home/dannydevss/Escritorio/TESIS/install/ugv_policy/lib/python3.12/site-packages:/home/dannydevss/Escritorio/TESIS/install/ugv_core/lib/python3.12/site-packages:${PYTHONPATH} /usr/bin/python3 -W ignore:setup.py install is deprecated -W ignore:easy_install command is deprecated setup.py egg_info --egg-base ../../build/ugv_policy build --build-base /home/dannydevss/Escritorio/TESIS/build/ugv_policy/build install --record /home/dannydevss/Escritorio/TESIS/build/ugv_policy/install.log --install-scripts $base/lib/ugv_policy --single-version-externally-managed install_data
[5.903s] Level 1:colcon.colcon_core.environment:checking '/home/dannydevss/Escritorio/TESIS/install/ugv_policy' for CMake config files
[5.905s] Level 1:colcon.colcon_core.environment:checking '/home/dannydevss/Escritorio/TESIS/install/ugv_policy/lib'
[5.905s] Level 1:colcon.colcon_core.environment:checking '/home/dannydevss/Escritorio/TESIS/install/ugv_policy/bin'
[5.905s] Level 1:colcon.colcon_core.environment:checking '/home/dannydevss/Escritorio/TESIS/install/ugv_policy/lib/pkgconfig/ugv_policy.pc'
[5.905s] Level 1:colcon.colcon_core.environment:checking '/home/dannydevss/Escritorio/TESIS/install/ugv_policy/lib/python3.12/site-packages'
[5.906s] Level 1:colcon.colcon_core.shell:create_environment_hook('ugv_policy', 'pythonpath')
[5.906s] INFO:colcon.colcon_core.shell:Creating environment hook '/home/dannydevss/Escritorio/TESIS/install/ugv_policy/share/ugv_policy/hook/pythonpath.ps1'
[5.907s] INFO:colcon.colcon_core.shell:Creating environment descriptor '/home/dannydevss/Escritorio/TESIS/install/ugv_policy/share/ugv_policy/hook/pythonpath.dsv'
[5.908s] INFO:colcon.colcon_core.shell:Creating environment hook '/home/dannydevss/Escritorio/TESIS/install/ugv_policy/share/ugv_policy/hook/pythonpath.sh'
[5.910s] Level 1:colcon.colcon_core.environment:checking '/home/dannydevss/Escritorio/TESIS/install/ugv_policy/bin'
[5.910s] Level 1:colcon.colcon_core.environment:create_environment_scripts_only(ugv_policy)
[5.911s] INFO:colcon.colcon_core.shell:Creating package script '/home/dannydevss/Escritorio/TESIS/install/ugv_policy/share/ugv_policy/package.ps1'
[5.912s] INFO:colcon.colcon_core.shell:Creating package descriptor '/home/dannydevss/Escritorio/TESIS/install/ugv_policy/share/ugv_policy/package.dsv'
[5.913s] INFO:colcon.colcon_core.shell:Creating package script '/home/dannydevss/Escritorio/TESIS/install/ugv_policy/share/ugv_policy/package.sh'
[5.916s] INFO:colcon.colcon_core.shell:Creating package script '/home/dannydevss/Escritorio/TESIS/install/ugv_policy/share/ugv_policy/package.bash'
[5.917s] INFO:colcon.colcon_core.shell:Creating package script '/home/dannydevss/Escritorio/TESIS/install/ugv_policy/share/ugv_policy/package.zsh'
[5.918s] Level 1:colcon.colcon_core.environment:create_file_with_runtime_dependencies(/home/dannydevss/Escritorio/TESIS/install/ugv_policy/share/colcon-core/packages/ugv_policy)
[5.918s] DEBUG:colcon.colcon_parallel_executor.executor.parallel:closing loop
[5.919s] DEBUG:colcon.colcon_parallel_executor.executor.parallel:loop closed
[5.919s] DEBUG:colcon.colcon_parallel_executor.executor.parallel:run_until_complete finished with '0'
[5.919s] DEBUG:colcon.colcon_core.event_reactor:joining thread
[5.930s] INFO:colcon.colcon_core.plugin_system:Skipping extension 'colcon_notification.desktop_notification.notify_send': Could not find 'notify-send'
[5.931s] INFO:colcon.colcon_core.plugin_system:Skipping extension 'colcon_notification.desktop_notification.terminal_notifier': Not used on non-Darwin systems
[5.931s] INFO:colcon.colcon_core.plugin_system:Skipping extension 'colcon_notification.desktop_notification.win32': Not used on non-Windows systems
[5.931s] INFO:colcon.colcon_notification.desktop_notification:Sending desktop notification using 'notify2'
[5.959s] DEBUG:colcon.colcon_core.event_reactor:joined thread
[5.960s] INFO:colcon.colcon_core.shell:Creating prefix script '/home/dannydevss/Escritorio/TESIS/install/local_setup.ps1'
[5.964s] INFO:colcon.colcon_core.shell:Creating prefix util module '/home/dannydevss/Escritorio/TESIS/install/_local_setup_util_ps1.py'
[5.966s] INFO:colcon.colcon_core.shell:Creating prefix chain script '/home/dannydevss/Escritorio/TESIS/install/setup.ps1'
[5.969s] INFO:colcon.colcon_core.shell:Creating prefix script '/home/dannydevss/Escritorio/TESIS/install/local_setup.sh'
[5.971s] INFO:colcon.colcon_core.shell:Creating prefix util module '/home/dannydevss/Escritorio/TESIS/install/_local_setup_util_sh.py'
[5.972s] INFO:colcon.colcon_core.shell:Creating prefix chain script '/home/dannydevss/Escritorio/TESIS/install/setup.sh'
[5.975s] INFO:colcon.colcon_core.shell:Creating prefix script '/home/dannydevss/Escritorio/TESIS/install/local_setup.bash'
[5.976s] INFO:colcon.colcon_core.shell:Creating prefix chain script '/home/dannydevss/Escritorio/TESIS/install/setup.bash'
[5.978s] INFO:colcon.colcon_core.shell:Creating prefix script '/home/dannydevss/Escritorio/TESIS/install/local_setup.zsh'
[5.980s] INFO:colcon.colcon_core.shell:Creating prefix chain script '/home/dannydevss/Escritorio/TESIS/install/setup.zsh'
