[0.000000] (-) TimerEvent: {}
[0.000267] (ugv_bridge) JobQueued: {'identifier': 'ugv_bridge', 'dependencies': OrderedDict()}
[0.000357] (ugv_core) JobQueued: {'identifier': 'ugv_core', 'dependencies': OrderedDict()}
[0.001072] (ugv_gcs) JobQueued: {'identifier': 'ugv_gcs', 'dependencies': OrderedDict()}
[0.001251] (ugv_policy) JobQueued: {'identifier': 'ugv_policy', 'dependencies': OrderedDict({'ugv_core': '/home/dannydevss/Escritorio/TESIS/install/ugv_core'})}
[0.001358] (ugv_sim) JobQueued: {'identifier': 'ugv_sim', 'dependencies': OrderedDict({'ugv_core': '/home/dannydevss/Escritorio/TESIS/install/ugv_core'})}
[0.001415] (ugv_core) JobStarted: {'identifier': 'ugv_core'}
[0.011385] (ugv_bridge) JobStarted: {'identifier': 'ugv_bridge'}
[0.019213] (ugv_gcs) JobStarted: {'identifier': 'ugv_gcs'}
[0.099739] (-) TimerEvent: {}
[0.200116] (-) TimerEvent: {}
[0.300494] (-) TimerEvent: {}
[0.400845] (-) TimerEvent: {}
[0.501176] (-) TimerEvent: {}
[0.601478] (-) TimerEvent: {}
[0.701802] (-) TimerEvent: {}
[0.802122] (-) TimerEvent: {}
[0.902483] (-) TimerEvent: {}
[1.002921] (-) TimerEvent: {}
[1.103842] (-) TimerEvent: {}
[1.204193] (-) TimerEvent: {}
[1.304562] (-) TimerEvent: {}
[1.404939] (-) TimerEvent: {}
[1.505299] (-) TimerEvent: {}
[1.605658] (-) TimerEvent: {}
[1.706011] (-) TimerEvent: {}
[1.782323] (ugv_core) Command: {'cmd': ['/usr/bin/python3', '-W', 'ignore:setup.py install is deprecated', '-W', 'ignore:easy_install command is deprecated', 'setup.py', 'egg_info', '--egg-base', '../../build/ugv_core', 'build', '--build-base', '/home/dannydevss/Escritorio/TESIS/build/ugv_core/build', 'install', '--record', '/home/dannydevss/Escritorio/TESIS/build/ugv_core/install.log', '--install-scripts', '$base/lib/ugv_core', '--single-version-externally-managed', 'install_data'], 'cwd': '/home/dannydevss/Escritorio/TESIS/src/ugv_core', 'env': {'PROFILEHOME': '', 'KDE_FULL_SESSION': 'true', 'RUSTICL_ENABLE': 'iris', 'MAIL': 'thunderbird', 'LANGUAGE': '', 'USER': 'dannydevss', 'PAM_KWALLET5_LOGIN': '/run/user/1000/kwallet5.socket', 'LC_TIME': 'es_CL.UTF-8', 'HOSTNAME': 'SkullCachy', 'XDG_SESSION_TYPE': 'wayland', 'KONSOLE_VERSION': '260403', 'XDG_CACHE_HOME': '/home/dannydevss/.cache', 'QT_WAYLAND_RECONNECT': '1', 'SHLVL': '4', 'LD_LIBRARY_PATH': '/opt/ros/jazzy/opt/rviz_ogre_vendor/lib:/opt/ros/jazzy/lib/x86_64-linux-gnu:/opt/ros/jazzy/opt/gz_math_vendor/lib:/opt/ros/jazzy/opt/gz_utils_vendor/lib:/opt/ros/jazzy/opt/gz_cmake_vendor/lib:/opt/ros/jazzy/lib', 'BROWSER': 'cachy-browser', 'MOTD_SHOWN': 'pam', 'HOME': '/home/dannydevss', 'KDE_APPLICATIONS_AS_SCOPE': '1', 'OLDPWD': '/home/dannydevss', 'DESKTOP_SESSION': 'plasma', 'MANROFFOPT': '-c', 'ROS_PYTHON_VERSION': '3', 'GTK_RC_FILES': '/etc/gtk/gtkrc:/home/dannydevss/.gtkrc:/home/dannydevss/.config/gtkrc', 'KDE_SESSION_VERSION': '6', 'LC_MONETARY': 'es_CL.UTF-8', 'KONSOLE_DBUS_SESSION': '/Sessions/1', 'MANAGERPID': '769', 'DISTROBOX_ENTER_PATH': '/usr/bin/distrobox-enter', 'SYSTEMD_EXEC_PID': '830', 'XDG_STATE_HOME': '/home/dannydevss/.local/state', 'DBUS_SESSION_BUS_ADDRESS': 'unix:path=/run/user/1000/bus', 'COLORTERM': 'truecolor', 'container': 'podman', 'KONSOLE_DBUS_ACTIVATION_COOKIE': 'N5+rvdIQfMMLWYn+YhnpYqwfQGkqvLxrmvltBlqOKMw=', 'KONSOLE_DBUS_WINDOW': '/Windows/1', 'DEBUGINFOD_URLS': 'https://debuginfod.archlinux.org https://debuginfod.cachyos.org', 'QT_QPA_PLATFORMTHEME': 'qt5ct', 'WAYLAND_DISPLAY': 'wayland-0', 'XKB_DEFAULT_LAYOUT': 'latam', 'ROS_DISTRO': 'jazzy', 'LOGNAME': 'dannydevss', 'WINDOWID': '94659487432624', 'MANAGERPIDFDID': '12436', 'JOURNAL_STREAM': '10:15133', '_': '/usr/bin/colcon', 'ROS_VERSION': '2', 'MEMORY_PRESSURE_WATCH': '/sys/fs/cgroup/user.slice/user-1000.slice/user@1000.service/session.slice/plasma-kwin_wayland.service/memory.pressure', 'XDG_SESSION_CLASS': 'user', 'COLORFGBG': '15;0', 'TERMINFO_DIRS': '/usr/share/terminfo:/run/host/usr/share/terminfo', 'TERM': 'xterm-256color', 'XDG_SESSION_ID': '2', 'KGLOBALACCELD_PLATFORM': 'org.kde.kwin', 'GTK2_RC_FILES': '/home/dannydevss/.gtkrc-2.0', 'FLATPAK_TTY_PROGRESS': '1', 'PATH': '/opt/ros/jazzy/bin:/home/dannydevss/.local/bin:/usr/local/bin:/usr/bin:/var/lib/flatpak/exports/bin:/usr/bin/site_perl:/usr/bin/vendor_perl:/usr/bin/core_perl:/usr/local/sbin:/usr/sbin:/usr/local/bin:/usr/bin:/sbin:/bin:/usr/local/sbin:/usr/sbin:/sbin:/bin', 'SESSION_MANAGER': 'local/SkullCachy:@/tmp/.ICE-unix/977,unix/SkullCachy:/tmp/.ICE-unix/977', 'INVOCATION_ID': '9020e8de3638439b98fc3e1252681cbe', 'XDG_SESSION_PATH': '/org/freedesktop/DisplayManager/Session2', 'XDG_MENU_PREFIX': 'plasma-', 'LC_ADDRESS': 'es_CL.UTF-8', 'XKB_DEFAULT_MODEL': 'pc105', 'XDG_RUNTIME_DIR': '/run/user/1000', 'ICEAUTHORITY': '/run/user/1000/iceauth_ejHKMa', 'DISPLAY': ':1', 'LANG': 'es_MX.UTF-8', 'XDG_CURRENT_DESKTOP': 'KDE', 'LC_TELEPHONE': 'es_CL.UTF-8', 'XDG_DATA_HOME': '/home/dannydevss/.local/share', 'XDG_CONFIG_HOME': '/home/dannydevss/.config', 'XDG_SESSION_DESKTOP': 'KDE', 'XAUTHORITY': '/run/user/1000/xauth_ZnBNoj', 'MANPAGER': "sh -c 'col -bx | bat -l man -p'", 'AMENT_PREFIX_PATH': '/opt/ros/jazzy', 'SHELL': 'fish', 'LC_NAME': 'es_CL.UTF-8', 'KONSOLE_DBUS_SERVICE': ':1.55', 'LC_MEASUREMENT': 'es_CL.UTF-8', 'XKB_DEFAULT_VARIANT': 'deadtilde', 'VSSCRIPT_PATH': '/usr/lib/python3.14/site-packages/vapoursynth/libvsscript.so', 'LC_IDENTIFICATION': 'es_CL.UTF-8', 'ROS_AUTOMATIC_DISCOVERY_RANGE': 'SUBNET', 'PWD': '/home/dannydevss/Escritorio/TESIS/build/ugv_core', 'CONTAINER_ID': 'ros2-jazzy', 'XDG_CONFIG_DIRS': '/home/dannydevss/.config/kdedefaults:/etc/xdg', 'VIRTUAL_ENV_DISABLE_PROMPT': '1', 'XDG_DATA_DIRS': '/home/dannydevss/.local/share/flatpak/exports/share:/var/lib/flatpak/exports/share:/usr/local/share:/usr/share', 'PYTHONPATH': '/home/dannydevss/Escritorio/TESIS/build/ugv_core/prefix_override:/usr/lib/python3/dist-packages/colcon_core/task/python/colcon_distutils_commands:/home/dannydevss/Escritorio/TESIS/install/ugv_core/lib/python3.12/site-packages:/opt/ros/jazzy/lib/python3.12/site-packages', 'LC_NUMERIC': 'es_CL.UTF-8', 'LC_PAPER': 'es_CL.UTF-8', 'KDE_SESSION_UID': '1000', 'COLCON': '1', 'MEMORY_PRESSURE_WRITE': 'c29tZSAyMDAwMDAgMjAwMDAwMAA=', 'EDITOR': '/usr/bin/vim', 'CMAKE_PREFIX_PATH': '/opt/ros/jazzy/opt/gz_math_vendor:/opt/ros/jazzy/opt/gz_utils_vendor:/opt/ros/jazzy/opt/gz_cmake_vendor'}, 'shell': False}
[1.806293] (-) TimerEvent: {}
[1.907104] (-) TimerEvent: {}
[2.007946] (-) TimerEvent: {}
[2.109010] (-) TimerEvent: {}
[2.127591] (ugv_bridge) Command: {'cmd': ['/usr/bin/python3', '-W', 'ignore:setup.py install is deprecated', '-W', 'ignore:easy_install command is deprecated', 'setup.py', 'egg_info', '--egg-base', '../../build/ugv_bridge', 'build', '--build-base', '/home/dannydevss/Escritorio/TESIS/build/ugv_bridge/build', 'install', '--record', '/home/dannydevss/Escritorio/TESIS/build/ugv_bridge/install.log', '--install-scripts', '$base/lib/ugv_bridge', '--single-version-externally-managed', 'install_data'], 'cwd': '/home/dannydevss/Escritorio/TESIS/src/ugv_bridge', 'env': {'PROFILEHOME': '', 'KDE_FULL_SESSION': 'true', 'RUSTICL_ENABLE': 'iris', 'MAIL': 'thunderbird', 'LANGUAGE': '', 'USER': 'dannydevss', 'PAM_KWALLET5_LOGIN': '/run/user/1000/kwallet5.socket', 'LC_TIME': 'es_CL.UTF-8', 'HOSTNAME': 'SkullCachy', 'XDG_SESSION_TYPE': 'wayland', 'KONSOLE_VERSION': '260403', 'XDG_CACHE_HOME': '/home/dannydevss/.cache', 'QT_WAYLAND_RECONNECT': '1', 'SHLVL': '4', 'LD_LIBRARY_PATH': '/opt/ros/jazzy/opt/rviz_ogre_vendor/lib:/opt/ros/jazzy/lib/x86_64-linux-gnu:/opt/ros/jazzy/opt/gz_math_vendor/lib:/opt/ros/jazzy/opt/gz_utils_vendor/lib:/opt/ros/jazzy/opt/gz_cmake_vendor/lib:/opt/ros/jazzy/lib', 'BROWSER': 'cachy-browser', 'MOTD_SHOWN': 'pam', 'HOME': '/home/dannydevss', 'KDE_APPLICATIONS_AS_SCOPE': '1', 'OLDPWD': '/home/dannydevss', 'DESKTOP_SESSION': 'plasma', 'MANROFFOPT': '-c', 'ROS_PYTHON_VERSION': '3', 'GTK_RC_FILES': '/etc/gtk/gtkrc:/home/dannydevss/.gtkrc:/home/dannydevss/.config/gtkrc', 'KDE_SESSION_VERSION': '6', 'LC_MONETARY': 'es_CL.UTF-8', 'KONSOLE_DBUS_SESSION': '/Sessions/1', 'MANAGERPID': '769', 'DISTROBOX_ENTER_PATH': '/usr/bin/distrobox-enter', 'SYSTEMD_EXEC_PID': '830', 'XDG_STATE_HOME': '/home/dannydevss/.local/state', 'DBUS_SESSION_BUS_ADDRESS': 'unix:path=/run/user/1000/bus', 'COLORTERM': 'truecolor', 'container': 'podman', 'KONSOLE_DBUS_ACTIVATION_COOKIE': 'N5+rvdIQfMMLWYn+YhnpYqwfQGkqvLxrmvltBlqOKMw=', 'KONSOLE_DBUS_WINDOW': '/Windows/1', 'DEBUGINFOD_URLS': 'https://debuginfod.archlinux.org https://debuginfod.cachyos.org', 'QT_QPA_PLATFORMTHEME': 'qt5ct', 'WAYLAND_DISPLAY': 'wayland-0', 'XKB_DEFAULT_LAYOUT': 'latam', 'ROS_DISTRO': 'jazzy', 'LOGNAME': 'dannydevss', 'WINDOWID': '94659487432624', 'MANAGERPIDFDID': '12436', 'JOURNAL_STREAM': '10:15133', '_': '/usr/bin/colcon', 'ROS_VERSION': '2', 'MEMORY_PRESSURE_WATCH': '/sys/fs/cgroup/user.slice/user-1000.slice/user@1000.service/session.slice/plasma-kwin_wayland.service/memory.pressure', 'XDG_SESSION_CLASS': 'user', 'COLORFGBG': '15;0', 'TERMINFO_DIRS': '/usr/share/terminfo:/run/host/usr/share/terminfo', 'TERM': 'xterm-256color', 'XDG_SESSION_ID': '2', 'KGLOBALACCELD_PLATFORM': 'org.kde.kwin', 'GTK2_RC_FILES': '/home/dannydevss/.gtkrc-2.0', 'FLATPAK_TTY_PROGRESS': '1', 'PATH': '/opt/ros/jazzy/bin:/home/dannydevss/.local/bin:/usr/local/bin:/usr/bin:/var/lib/flatpak/exports/bin:/usr/bin/site_perl:/usr/bin/vendor_perl:/usr/bin/core_perl:/usr/local/sbin:/usr/sbin:/usr/local/bin:/usr/bin:/sbin:/bin:/usr/local/sbin:/usr/sbin:/sbin:/bin', 'SESSION_MANAGER': 'local/SkullCachy:@/tmp/.ICE-unix/977,unix/SkullCachy:/tmp/.ICE-unix/977', 'INVOCATION_ID': '9020e8de3638439b98fc3e1252681cbe', 'XDG_SESSION_PATH': '/org/freedesktop/DisplayManager/Session2', 'XDG_MENU_PREFIX': 'plasma-', 'LC_ADDRESS': 'es_CL.UTF-8', 'XKB_DEFAULT_MODEL': 'pc105', 'XDG_RUNTIME_DIR': '/run/user/1000', 'ICEAUTHORITY': '/run/user/1000/iceauth_ejHKMa', 'DISPLAY': ':1', 'LANG': 'es_MX.UTF-8', 'XDG_CURRENT_DESKTOP': 'KDE', 'LC_TELEPHONE': 'es_CL.UTF-8', 'XDG_DATA_HOME': '/home/dannydevss/.local/share', 'XDG_CONFIG_HOME': '/home/dannydevss/.config', 'XDG_SESSION_DESKTOP': 'KDE', 'XAUTHORITY': '/run/user/1000/xauth_ZnBNoj', 'MANPAGER': "sh -c 'col -bx | bat -l man -p'", 'AMENT_PREFIX_PATH': '/opt/ros/jazzy', 'SHELL': 'fish', 'LC_NAME': 'es_CL.UTF-8', 'KONSOLE_DBUS_SERVICE': ':1.55', 'LC_MEASUREMENT': 'es_CL.UTF-8', 'XKB_DEFAULT_VARIANT': 'deadtilde', 'VSSCRIPT_PATH': '/usr/lib/python3.14/site-packages/vapoursynth/libvsscript.so', 'LC_IDENTIFICATION': 'es_CL.UTF-8', 'ROS_AUTOMATIC_DISCOVERY_RANGE': 'SUBNET', 'PWD': '/home/dannydevss/Escritorio/TESIS/build/ugv_bridge', 'CONTAINER_ID': 'ros2-jazzy', 'XDG_CONFIG_DIRS': '/home/dannydevss/.config/kdedefaults:/etc/xdg', 'VIRTUAL_ENV_DISABLE_PROMPT': '1', 'XDG_DATA_DIRS': '/home/dannydevss/.local/share/flatpak/exports/share:/var/lib/flatpak/exports/share:/usr/local/share:/usr/share', 'PYTHONPATH': '/home/dannydevss/Escritorio/TESIS/build/ugv_bridge/prefix_override:/usr/lib/python3/dist-packages/colcon_core/task/python/colcon_distutils_commands:/home/dannydevss/Escritorio/TESIS/install/ugv_bridge/lib/python3.12/site-packages:/opt/ros/jazzy/lib/python3.12/site-packages', 'LC_NUMERIC': 'es_CL.UTF-8', 'LC_PAPER': 'es_CL.UTF-8', 'KDE_SESSION_UID': '1000', 'COLCON': '1', 'MEMORY_PRESSURE_WRITE': 'c29tZSAyMDAwMDAgMjAwMDAwMAA=', 'EDITOR': '/usr/bin/vim', 'CMAKE_PREFIX_PATH': '/opt/ros/jazzy/opt/gz_math_vendor:/opt/ros/jazzy/opt/gz_utils_vendor:/opt/ros/jazzy/opt/gz_cmake_vendor'}, 'shell': False}
[2.209143] (-) TimerEvent: {}
[2.282509] (ugv_gcs) Command: {'cmd': ['/usr/bin/python3', '-W', 'ignore:setup.py install is deprecated', '-W', 'ignore:easy_install command is deprecated', 'setup.py', 'egg_info', '--egg-base', '../../build/ugv_gcs', 'build', '--build-base', '/home/dannydevss/Escritorio/TESIS/build/ugv_gcs/build', 'install', '--record', '/home/dannydevss/Escritorio/TESIS/build/ugv_gcs/install.log', '--install-scripts', '$base/lib/ugv_gcs', '--single-version-externally-managed', 'install_data'], 'cwd': '/home/dannydevss/Escritorio/TESIS/src/ugv_gcs', 'env': {'PROFILEHOME': '', 'KDE_FULL_SESSION': 'true', 'RUSTICL_ENABLE': 'iris', 'MAIL': 'thunderbird', 'LANGUAGE': '', 'USER': 'dannydevss', 'PAM_KWALLET5_LOGIN': '/run/user/1000/kwallet5.socket', 'LC_TIME': 'es_CL.UTF-8', 'HOSTNAME': 'SkullCachy', 'XDG_SESSION_TYPE': 'wayland', 'KONSOLE_VERSION': '260403', 'XDG_CACHE_HOME': '/home/dannydevss/.cache', 'QT_WAYLAND_RECONNECT': '1', 'SHLVL': '4', 'LD_LIBRARY_PATH': '/opt/ros/jazzy/opt/rviz_ogre_vendor/lib:/opt/ros/jazzy/lib/x86_64-linux-gnu:/opt/ros/jazzy/opt/gz_math_vendor/lib:/opt/ros/jazzy/opt/gz_utils_vendor/lib:/opt/ros/jazzy/opt/gz_cmake_vendor/lib:/opt/ros/jazzy/lib', 'BROWSER': 'cachy-browser', 'MOTD_SHOWN': 'pam', 'HOME': '/home/dannydevss', 'KDE_APPLICATIONS_AS_SCOPE': '1', 'OLDPWD': '/home/dannydevss', 'DESKTOP_SESSION': 'plasma', 'MANROFFOPT': '-c', 'ROS_PYTHON_VERSION': '3', 'GTK_RC_FILES': '/etc/gtk/gtkrc:/home/dannydevss/.gtkrc:/home/dannydevss/.config/gtkrc', 'KDE_SESSION_VERSION': '6', 'LC_MONETARY': 'es_CL.UTF-8', 'KONSOLE_DBUS_SESSION': '/Sessions/1', 'MANAGERPID': '769', 'DISTROBOX_ENTER_PATH': '/usr/bin/distrobox-enter', 'SYSTEMD_EXEC_PID': '830', 'XDG_STATE_HOME': '/home/dannydevss/.local/state', 'DBUS_SESSION_BUS_ADDRESS': 'unix:path=/run/user/1000/bus', 'COLORTERM': 'truecolor', 'container': 'podman', 'KONSOLE_DBUS_ACTIVATION_COOKIE': 'N5+rvdIQfMMLWYn+YhnpYqwfQGkqvLxrmvltBlqOKMw=', 'KONSOLE_DBUS_WINDOW': '/Windows/1', 'DEBUGINFOD_URLS': 'https://debuginfod.archlinux.org https://debuginfod.cachyos.org', 'QT_QPA_PLATFORMTHEME': 'qt5ct', 'WAYLAND_DISPLAY': 'wayland-0', 'XKB_DEFAULT_LAYOUT': 'latam', 'ROS_DISTRO': 'jazzy', 'LOGNAME': 'dannydevss', 'WINDOWID': '94659487432624', 'MANAGERPIDFDID': '12436', 'JOURNAL_STREAM': '10:15133', '_': '/usr/bin/colcon', 'ROS_VERSION': '2', 'MEMORY_PRESSURE_WATCH': '/sys/fs/cgroup/user.slice/user-1000.slice/user@1000.service/session.slice/plasma-kwin_wayland.service/memory.pressure', 'XDG_SESSION_CLASS': 'user', 'COLORFGBG': '15;0', 'TERMINFO_DIRS': '/usr/share/terminfo:/run/host/usr/share/terminfo', 'TERM': 'xterm-256color', 'XDG_SESSION_ID': '2', 'KGLOBALACCELD_PLATFORM': 'org.kde.kwin', 'GTK2_RC_FILES': '/home/dannydevss/.gtkrc-2.0', 'FLATPAK_TTY_PROGRESS': '1', 'PATH': '/opt/ros/jazzy/bin:/home/dannydevss/.local/bin:/usr/local/bin:/usr/bin:/var/lib/flatpak/exports/bin:/usr/bin/site_perl:/usr/bin/vendor_perl:/usr/bin/core_perl:/usr/local/sbin:/usr/sbin:/usr/local/bin:/usr/bin:/sbin:/bin:/usr/local/sbin:/usr/sbin:/sbin:/bin', 'SESSION_MANAGER': 'local/SkullCachy:@/tmp/.ICE-unix/977,unix/SkullCachy:/tmp/.ICE-unix/977', 'INVOCATION_ID': '9020e8de3638439b98fc3e1252681cbe', 'XDG_SESSION_PATH': '/org/freedesktop/DisplayManager/Session2', 'XDG_MENU_PREFIX': 'plasma-', 'LC_ADDRESS': 'es_CL.UTF-8', 'XKB_DEFAULT_MODEL': 'pc105', 'XDG_RUNTIME_DIR': '/run/user/1000', 'ICEAUTHORITY': '/run/user/1000/iceauth_ejHKMa', 'DISPLAY': ':1', 'LANG': 'es_MX.UTF-8', 'XDG_CURRENT_DESKTOP': 'KDE', 'LC_TELEPHONE': 'es_CL.UTF-8', 'XDG_DATA_HOME': '/home/dannydevss/.local/share', 'XDG_CONFIG_HOME': '/home/dannydevss/.config', 'XDG_SESSION_DESKTOP': 'KDE', 'XAUTHORITY': '/run/user/1000/xauth_ZnBNoj', 'MANPAGER': "sh -c 'col -bx | bat -l man -p'", 'AMENT_PREFIX_PATH': '/opt/ros/jazzy', 'SHELL': 'fish', 'LC_NAME': 'es_CL.UTF-8', 'KONSOLE_DBUS_SERVICE': ':1.55', 'LC_MEASUREMENT': 'es_CL.UTF-8', 'XKB_DEFAULT_VARIANT': 'deadtilde', 'VSSCRIPT_PATH': '/usr/lib/python3.14/site-packages/vapoursynth/libvsscript.so', 'LC_IDENTIFICATION': 'es_CL.UTF-8', 'ROS_AUTOMATIC_DISCOVERY_RANGE': 'SUBNET', 'PWD': '/home/dannydevss/Escritorio/TESIS/build/ugv_gcs', 'CONTAINER_ID': 'ros2-jazzy', 'XDG_CONFIG_DIRS': '/home/dannydevss/.config/kdedefaults:/etc/xdg', 'VIRTUAL_ENV_DISABLE_PROMPT': '1', 'XDG_DATA_DIRS': '/home/dannydevss/.local/share/flatpak/exports/share:/var/lib/flatpak/exports/share:/usr/local/share:/usr/share', 'PYTHONPATH': '/home/dannydevss/Escritorio/TESIS/build/ugv_gcs/prefix_override:/usr/lib/python3/dist-packages/colcon_core/task/python/colcon_distutils_commands:/home/dannydevss/Escritorio/TESIS/install/ugv_gcs/lib/python3.12/site-packages:/opt/ros/jazzy/lib/python3.12/site-packages', 'LC_NUMERIC': 'es_CL.UTF-8', 'LC_PAPER': 'es_CL.UTF-8', 'KDE_SESSION_UID': '1000', 'COLCON': '1', 'MEMORY_PRESSURE_WRITE': 'c29tZSAyMDAwMDAgMjAwMDAwMAA=', 'EDITOR': '/usr/bin/vim', 'CMAKE_PREFIX_PATH': '/opt/ros/jazzy/opt/gz_math_vendor:/opt/ros/jazzy/opt/gz_utils_vendor:/opt/ros/jazzy/opt/gz_cmake_vendor'}, 'shell': False}
[2.309245] (-) TimerEvent: {}
[2.371741] (ugv_core) StdoutLine: {'line': b'running egg_info\n'}
[2.407117] (ugv_core) StdoutLine: {'line': b'writing ../../build/ugv_core/ugv_core.egg-info/PKG-INFO\n'}
[2.408569] (ugv_core) StdoutLine: {'line': b'writing dependency_links to ../../build/ugv_core/ugv_core.egg-info/dependency_links.txt\n'}
[2.408921] (ugv_core) StdoutLine: {'line': b'writing requirements to ../../build/ugv_core/ugv_core.egg-info/requires.txt\n'}
[2.409186] (ugv_core) StdoutLine: {'line': b'writing top-level names to ../../build/ugv_core/ugv_core.egg-info/top_level.txt\n'}
[2.411743] (-) TimerEvent: {}
[2.512843] (ugv_core) StdoutLine: {'line': b"reading manifest file '../../build/ugv_core/ugv_core.egg-info/SOURCES.txt'\n"}
[2.513205] (-) TimerEvent: {}
[2.513669] (ugv_core) StdoutLine: {'line': b"writing manifest file '../../build/ugv_core/ugv_core.egg-info/SOURCES.txt'\n"}
[2.514270] (ugv_core) StdoutLine: {'line': b'running build\n'}
[2.516712] (ugv_core) StdoutLine: {'line': b'running build_py\n'}
[2.517080] (ugv_core) StdoutLine: {'line': b'running install\n'}
[2.534375] (ugv_core) StdoutLine: {'line': b'running install_lib\n'}
[2.584755] (ugv_core) StdoutLine: {'line': b'running install_data\n'}
[2.585297] (ugv_core) StdoutLine: {'line': b'running install_egg_info\n'}
[2.613322] (-) TimerEvent: {}
[2.634301] (ugv_core) StdoutLine: {'line': b"removing '/home/dannydevss/Escritorio/TESIS/install/ugv_core/lib/python3.12/site-packages/ugv_core-0.0.0-py3.12.egg-info' (and everything under it)\n"}
[2.635615] (ugv_core) StdoutLine: {'line': b'Copying ../../build/ugv_core/ugv_core.egg-info to /home/dannydevss/Escritorio/TESIS/install/ugv_core/lib/python3.12/site-packages/ugv_core-0.0.0-py3.12.egg-info\n'}
[2.638553] (ugv_core) StdoutLine: {'line': b'running install_scripts\n'}
[2.682335] (ugv_bridge) StdoutLine: {'line': b'running egg_info\n'}
[2.712653] (ugv_bridge) StdoutLine: {'line': b'writing ../../build/ugv_bridge/ugv_bridge.egg-info/PKG-INFO\n'}
[2.713393] (ugv_bridge) StdoutLine: {'line': b'writing dependency_links to ../../build/ugv_bridge/ugv_bridge.egg-info/dependency_links.txt\n'}
[2.713855] (-) TimerEvent: {}
[2.714342] (ugv_bridge) StdoutLine: {'line': b'writing entry points to ../../build/ugv_bridge/ugv_bridge.egg-info/entry_points.txt\n'}
[2.715057] (ugv_bridge) StdoutLine: {'line': b'writing requirements to ../../build/ugv_bridge/ugv_bridge.egg-info/requires.txt\n'}
[2.715345] (ugv_bridge) StdoutLine: {'line': b'writing top-level names to ../../build/ugv_bridge/ugv_bridge.egg-info/top_level.txt\n'}
[2.774084] (ugv_bridge) StdoutLine: {'line': b"reading manifest file '../../build/ugv_bridge/ugv_bridge.egg-info/SOURCES.txt'\n"}
[2.776048] (ugv_bridge) StdoutLine: {'line': b"writing manifest file '../../build/ugv_bridge/ugv_bridge.egg-info/SOURCES.txt'\n"}
[2.776585] (ugv_bridge) StdoutLine: {'line': b'running build\n'}
[2.776882] (ugv_bridge) StdoutLine: {'line': b'running build_py\n'}
[2.777573] (ugv_bridge) StdoutLine: {'line': b'running install\n'}
[2.787721] (ugv_bridge) StdoutLine: {'line': b'running install_lib\n'}
[2.813974] (-) TimerEvent: {}
[2.816990] (ugv_bridge) StdoutLine: {'line': b'running install_data\n'}
[2.817667] (ugv_bridge) StdoutLine: {'line': b'copying urdf/ugv.urdf -> /home/dannydevss/Escritorio/TESIS/install/ugv_bridge/share/ugv_bridge/urdf\n'}
[2.819110] (ugv_bridge) StdoutLine: {'line': b'running install_egg_info\n'}
[2.851643] (ugv_bridge) StdoutLine: {'line': b"removing '/home/dannydevss/Escritorio/TESIS/install/ugv_bridge/lib/python3.12/site-packages/ugv_bridge-0.0.0-py3.12.egg-info' (and everything under it)\n"}
[2.855491] (ugv_bridge) StdoutLine: {'line': b'Copying ../../build/ugv_bridge/ugv_bridge.egg-info to /home/dannydevss/Escritorio/TESIS/install/ugv_bridge/lib/python3.12/site-packages/ugv_bridge-0.0.0-py3.12.egg-info\n'}
[2.857507] (ugv_bridge) StdoutLine: {'line': b'running install_scripts\n'}
[2.914499] (-) TimerEvent: {}
[2.957802] (ugv_core) StdoutLine: {'line': b"writing list of installed files to '/home/dannydevss/Escritorio/TESIS/build/ugv_core/install.log'\n"}
[2.966447] (ugv_gcs) StdoutLine: {'line': b'running egg_info\n'}
[3.012990] (ugv_gcs) StdoutLine: {'line': b'writing ../../build/ugv_gcs/ugv_gcs.egg-info/PKG-INFO\n'}
[3.013734] (ugv_gcs) StdoutLine: {'line': b'writing dependency_links to ../../build/ugv_gcs/ugv_gcs.egg-info/dependency_links.txt\n'}
[3.014101] (ugv_gcs) StdoutLine: {'line': b'writing entry points to ../../build/ugv_gcs/ugv_gcs.egg-info/entry_points.txt\n'}
[3.014604] (ugv_gcs) StdoutLine: {'line': b'writing requirements to ../../build/ugv_gcs/ugv_gcs.egg-info/requires.txt\n'}
[3.015112] (-) TimerEvent: {}
[3.015481] (ugv_gcs) StdoutLine: {'line': b'writing top-level names to ../../build/ugv_gcs/ugv_gcs.egg-info/top_level.txt\n'}
[3.034119] (ugv_core) CommandEnded: {'returncode': 0}
[3.060467] (ugv_core) JobEnded: {'identifier': 'ugv_core', 'rc': 0}
[3.062622] (ugv_policy) JobStarted: {'identifier': 'ugv_policy'}
[3.078617] (ugv_sim) JobStarted: {'identifier': 'ugv_sim'}
[3.098219] (ugv_bridge) StdoutLine: {'line': b'Installing dummy_rl_controller script to /home/dannydevss/Escritorio/TESIS/install/ugv_bridge/lib/ugv_bridge\n'}
[3.098757] (ugv_bridge) StdoutLine: {'line': b'Installing flipper_node script to /home/dannydevss/Escritorio/TESIS/install/ugv_bridge/lib/ugv_bridge\n'}
[3.100809] (ugv_bridge) StdoutLine: {'line': b'Installing gui_a_vcan script to /home/dannydevss/Escritorio/TESIS/install/ugv_bridge/lib/ugv_bridge\n'}
[3.101327] (ugv_bridge) StdoutLine: {'line': b'Installing motor_emulator script to /home/dannydevss/Escritorio/TESIS/install/ugv_bridge/lib/ugv_bridge\n'}
[3.101669] (ugv_bridge) StdoutLine: {'line': b'Installing track_odometry_node script to /home/dannydevss/Escritorio/TESIS/install/ugv_bridge/lib/ugv_bridge\n'}
[3.103664] (ugv_bridge) StdoutLine: {'line': b"writing list of installed files to '/home/dannydevss/Escritorio/TESIS/build/ugv_bridge/install.log'\n"}
[3.115241] (-) TimerEvent: {}
[3.124947] (ugv_gcs) StdoutLine: {'line': b"reading manifest file '../../build/ugv_gcs/ugv_gcs.egg-info/SOURCES.txt'\n"}
[3.128595] (ugv_gcs) StdoutLine: {'line': b"writing manifest file '../../build/ugv_gcs/ugv_gcs.egg-info/SOURCES.txt'\n"}
[3.130523] (ugv_gcs) StdoutLine: {'line': b'running build\n'}
[3.131693] (ugv_gcs) StdoutLine: {'line': b'running build_py\n'}
[3.132070] (ugv_gcs) StdoutLine: {'line': b'running install\n'}
[3.148588] (ugv_gcs) StdoutLine: {'line': b'running install_lib\n'}
[3.181127] (ugv_gcs) StdoutLine: {'line': b'running install_data\n'}
[3.181768] (ugv_gcs) StdoutLine: {'line': b'running install_egg_info\n'}
[3.215436] (-) TimerEvent: {}
[3.224040] (ugv_gcs) StdoutLine: {'line': b"removing '/home/dannydevss/Escritorio/TESIS/install/ugv_gcs/lib/python3.12/site-packages/ugv_gcs-0.0.0-py3.12.egg-info' (and everything under it)\n"}
[3.226081] (ugv_gcs) StdoutLine: {'line': b'Copying ../../build/ugv_gcs/ugv_gcs.egg-info to /home/dannydevss/Escritorio/TESIS/install/ugv_gcs/lib/python3.12/site-packages/ugv_gcs-0.0.0-py3.12.egg-info\n'}
[3.227783] (ugv_gcs) StdoutLine: {'line': b'running install_scripts\n'}
[3.315499] (-) TimerEvent: {}
[3.415888] (-) TimerEvent: {}
[3.458918] (ugv_gcs) StdoutLine: {'line': b'Installing gcs_node script to /home/dannydevss/Escritorio/TESIS/install/ugv_gcs/lib/ugv_gcs\n'}
[3.459691] (ugv_gcs) StdoutLine: {'line': b"writing list of installed files to '/home/dannydevss/Escritorio/TESIS/build/ugv_gcs/install.log'\n"}
[3.516030] (-) TimerEvent: {}
[3.541543] (ugv_bridge) CommandEnded: {'returncode': 0}
[3.551267] (ugv_bridge) JobEnded: {'identifier': 'ugv_bridge', 'rc': 0}
[3.616160] (-) TimerEvent: {}
[3.716476] (-) TimerEvent: {}
[3.816816] (-) TimerEvent: {}
[3.848334] (ugv_gcs) CommandEnded: {'returncode': 0}
[3.858072] (ugv_gcs) JobEnded: {'identifier': 'ugv_gcs', 'rc': 0}
[3.916930] (-) TimerEvent: {}
[4.017414] (-) TimerEvent: {}
[4.117781] (-) TimerEvent: {}
[4.218150] (-) TimerEvent: {}
[4.318502] (-) TimerEvent: {}
[4.418887] (-) TimerEvent: {}
[4.519229] (-) TimerEvent: {}
[4.619613] (-) TimerEvent: {}
[4.714479] (ugv_policy) Command: {'cmd': ['/usr/bin/python3', '-W', 'ignore:setup.py install is deprecated', '-W', 'ignore:easy_install command is deprecated', 'setup.py', 'egg_info', '--egg-base', '../../build/ugv_policy', 'build', '--build-base', '/home/dannydevss/Escritorio/TESIS/build/ugv_policy/build', 'install', '--record', '/home/dannydevss/Escritorio/TESIS/build/ugv_policy/install.log', '--install-scripts', '$base/lib/ugv_policy', '--single-version-externally-managed', 'install_data'], 'cwd': '/home/dannydevss/Escritorio/TESIS/src/ugv_policy', 'env': {'PROFILEHOME': '', 'KDE_FULL_SESSION': 'true', 'RUSTICL_ENABLE': 'iris', 'MAIL': 'thunderbird', 'LANGUAGE': '', 'USER': 'dannydevss', 'PAM_KWALLET5_LOGIN': '/run/user/1000/kwallet5.socket', 'LC_TIME': 'es_CL.UTF-8', 'HOSTNAME': 'SkullCachy', 'XDG_SESSION_TYPE': 'wayland', 'KONSOLE_VERSION': '260403', 'XDG_CACHE_HOME': '/home/dannydevss/.cache', 'QT_WAYLAND_RECONNECT': '1', 'SHLVL': '4', 'LD_LIBRARY_PATH': '/opt/ros/jazzy/opt/rviz_ogre_vendor/lib:/opt/ros/jazzy/lib/x86_64-linux-gnu:/opt/ros/jazzy/opt/gz_math_vendor/lib:/opt/ros/jazzy/opt/gz_utils_vendor/lib:/opt/ros/jazzy/opt/gz_cmake_vendor/lib:/opt/ros/jazzy/lib', 'BROWSER': 'cachy-browser', 'MOTD_SHOWN': 'pam', 'HOME': '/home/dannydevss', 'KDE_APPLICATIONS_AS_SCOPE': '1', 'OLDPWD': '/home/dannydevss', 'DESKTOP_SESSION': 'plasma', 'MANROFFOPT': '-c', 'ROS_PYTHON_VERSION': '3', 'GTK_RC_FILES': '/etc/gtk/gtkrc:/home/dannydevss/.gtkrc:/home/dannydevss/.config/gtkrc', 'KDE_SESSION_VERSION': '6', 'LC_MONETARY': 'es_CL.UTF-8', 'KONSOLE_DBUS_SESSION': '/Sessions/1', 'MANAGERPID': '769', 'DISTROBOX_ENTER_PATH': '/usr/bin/distrobox-enter', 'SYSTEMD_EXEC_PID': '830', 'XDG_STATE_HOME': '/home/dannydevss/.local/state', 'DBUS_SESSION_BUS_ADDRESS': 'unix:path=/run/user/1000/bus', 'COLORTERM': 'truecolor', 'container': 'podman', 'KONSOLE_DBUS_ACTIVATION_COOKIE': 'N5+rvdIQfMMLWYn+YhnpYqwfQGkqvLxrmvltBlqOKMw=', 'KONSOLE_DBUS_WINDOW': '/Windows/1', 'DEBUGINFOD_URLS': 'https://debuginfod.archlinux.org https://debuginfod.cachyos.org', 'QT_QPA_PLATFORMTHEME': 'qt5ct', 'WAYLAND_DISPLAY': 'wayland-0', 'XKB_DEFAULT_LAYOUT': 'latam', 'ROS_DISTRO': 'jazzy', 'LOGNAME': 'dannydevss', 'WINDOWID': '94659487432624', 'MANAGERPIDFDID': '12436', 'JOURNAL_STREAM': '10:15133', '_': '/usr/bin/colcon', 'ROS_VERSION': '2', 'MEMORY_PRESSURE_WATCH': '/sys/fs/cgroup/user.slice/user-1000.slice/user@1000.service/session.slice/plasma-kwin_wayland.service/memory.pressure', 'XDG_SESSION_CLASS': 'user', 'COLORFGBG': '15;0', 'TERMINFO_DIRS': '/usr/share/terminfo:/run/host/usr/share/terminfo', 'TERM': 'xterm-256color', 'XDG_SESSION_ID': '2', 'KGLOBALACCELD_PLATFORM': 'org.kde.kwin', 'GTK2_RC_FILES': '/home/dannydevss/.gtkrc-2.0', 'FLATPAK_TTY_PROGRESS': '1', 'PATH': '/opt/ros/jazzy/bin:/home/dannydevss/.local/bin:/usr/local/bin:/usr/bin:/var/lib/flatpak/exports/bin:/usr/bin/site_perl:/usr/bin/vendor_perl:/usr/bin/core_perl:/usr/local/sbin:/usr/sbin:/usr/local/bin:/usr/bin:/sbin:/bin:/usr/local/sbin:/usr/sbin:/sbin:/bin', 'SESSION_MANAGER': 'local/SkullCachy:@/tmp/.ICE-unix/977,unix/SkullCachy:/tmp/.ICE-unix/977', 'INVOCATION_ID': '9020e8de3638439b98fc3e1252681cbe', 'XDG_SESSION_PATH': '/org/freedesktop/DisplayManager/Session2', 'XDG_MENU_PREFIX': 'plasma-', 'LC_ADDRESS': 'es_CL.UTF-8', 'XKB_DEFAULT_MODEL': 'pc105', 'XDG_RUNTIME_DIR': '/run/user/1000', 'ICEAUTHORITY': '/run/user/1000/iceauth_ejHKMa', 'DISPLAY': ':1', 'LANG': 'es_MX.UTF-8', 'XDG_CURRENT_DESKTOP': 'KDE', 'LC_TELEPHONE': 'es_CL.UTF-8', 'XDG_DATA_HOME': '/home/dannydevss/.local/share', 'XDG_CONFIG_HOME': '/home/dannydevss/.config', 'XDG_SESSION_DESKTOP': 'KDE', 'XAUTHORITY': '/run/user/1000/xauth_ZnBNoj', 'MANPAGER': "sh -c 'col -bx | bat -l man -p'", 'AMENT_PREFIX_PATH': '/home/dannydevss/Escritorio/TESIS/install/ugv_core:/opt/ros/jazzy', 'SHELL': 'fish', 'LC_NAME': 'es_CL.UTF-8', 'KONSOLE_DBUS_SERVICE': ':1.55', 'LC_MEASUREMENT': 'es_CL.UTF-8', 'XKB_DEFAULT_VARIANT': 'deadtilde', 'VSSCRIPT_PATH': '/usr/lib/python3.14/site-packages/vapoursynth/libvsscript.so', 'LC_IDENTIFICATION': 'es_CL.UTF-8', 'ROS_AUTOMATIC_DISCOVERY_RANGE': 'SUBNET', 'PWD': '/home/dannydevss/Escritorio/TESIS/build/ugv_policy', 'CONTAINER_ID': 'ros2-jazzy', 'XDG_CONFIG_DIRS': '/home/dannydevss/.config/kdedefaults:/etc/xdg', 'VIRTUAL_ENV_DISABLE_PROMPT': '1', 'XDG_DATA_DIRS': '/home/dannydevss/.local/share/flatpak/exports/share:/var/lib/flatpak/exports/share:/usr/local/share:/usr/share', 'PYTHONPATH': '/home/dannydevss/Escritorio/TESIS/build/ugv_policy/prefix_override:/usr/lib/python3/dist-packages/colcon_core/task/python/colcon_distutils_commands:/home/dannydevss/Escritorio/TESIS/install/ugv_policy/lib/python3.12/site-packages:/home/dannydevss/Escritorio/TESIS/install/ugv_core/lib/python3.12/site-packages:/opt/ros/jazzy/lib/python3.12/site-packages', 'LC_NUMERIC': 'es_CL.UTF-8', 'LC_PAPER': 'es_CL.UTF-8', 'KDE_SESSION_UID': '1000', 'COLCON': '1', 'MEMORY_PRESSURE_WRITE': 'c29tZSAyMDAwMDAgMjAwMDAwMAA=', 'EDITOR': '/usr/bin/vim', 'CMAKE_PREFIX_PATH': '/opt/ros/jazzy/opt/gz_math_vendor:/opt/ros/jazzy/opt/gz_utils_vendor:/opt/ros/jazzy/opt/gz_cmake_vendor'}, 'shell': False}
[4.719755] (-) TimerEvent: {}
[4.770453] (ugv_sim) Command: {'cmd': ['/usr/bin/python3', '-W', 'ignore:setup.py install is deprecated', '-W', 'ignore:easy_install command is deprecated', 'setup.py', 'egg_info', '--egg-base', '../../build/ugv_sim', 'build', '--build-base', '/home/dannydevss/Escritorio/TESIS/build/ugv_sim/build', 'install', '--record', '/home/dannydevss/Escritorio/TESIS/build/ugv_sim/install.log', '--install-scripts', '$base/lib/ugv_sim', '--single-version-externally-managed', 'install_data'], 'cwd': '/home/dannydevss/Escritorio/TESIS/src/ugv_sim', 'env': {'PROFILEHOME': '', 'KDE_FULL_SESSION': 'true', 'RUSTICL_ENABLE': 'iris', 'MAIL': 'thunderbird', 'LANGUAGE': '', 'USER': 'dannydevss', 'PAM_KWALLET5_LOGIN': '/run/user/1000/kwallet5.socket', 'LC_TIME': 'es_CL.UTF-8', 'HOSTNAME': 'SkullCachy', 'XDG_SESSION_TYPE': 'wayland', 'KONSOLE_VERSION': '260403', 'XDG_CACHE_HOME': '/home/dannydevss/.cache', 'QT_WAYLAND_RECONNECT': '1', 'SHLVL': '4', 'LD_LIBRARY_PATH': '/opt/ros/jazzy/opt/rviz_ogre_vendor/lib:/opt/ros/jazzy/lib/x86_64-linux-gnu:/opt/ros/jazzy/opt/gz_math_vendor/lib:/opt/ros/jazzy/opt/gz_utils_vendor/lib:/opt/ros/jazzy/opt/gz_cmake_vendor/lib:/opt/ros/jazzy/lib', 'BROWSER': 'cachy-browser', 'MOTD_SHOWN': 'pam', 'HOME': '/home/dannydevss', 'KDE_APPLICATIONS_AS_SCOPE': '1', 'OLDPWD': '/home/dannydevss', 'DESKTOP_SESSION': 'plasma', 'MANROFFOPT': '-c', 'ROS_PYTHON_VERSION': '3', 'GTK_RC_FILES': '/etc/gtk/gtkrc:/home/dannydevss/.gtkrc:/home/dannydevss/.config/gtkrc', 'KDE_SESSION_VERSION': '6', 'LC_MONETARY': 'es_CL.UTF-8', 'KONSOLE_DBUS_SESSION': '/Sessions/1', 'MANAGERPID': '769', 'DISTROBOX_ENTER_PATH': '/usr/bin/distrobox-enter', 'SYSTEMD_EXEC_PID': '830', 'XDG_STATE_HOME': '/home/dannydevss/.local/state', 'DBUS_SESSION_BUS_ADDRESS': 'unix:path=/run/user/1000/bus', 'COLORTERM': 'truecolor', 'container': 'podman', 'KONSOLE_DBUS_ACTIVATION_COOKIE': 'N5+rvdIQfMMLWYn+YhnpYqwfQGkqvLxrmvltBlqOKMw=', 'KONSOLE_DBUS_WINDOW': '/Windows/1', 'DEBUGINFOD_URLS': 'https://debuginfod.archlinux.org https://debuginfod.cachyos.org', 'QT_QPA_PLATFORMTHEME': 'qt5ct', 'WAYLAND_DISPLAY': 'wayland-0', 'XKB_DEFAULT_LAYOUT': 'latam', 'ROS_DISTRO': 'jazzy', 'LOGNAME': 'dannydevss', 'WINDOWID': '94659487432624', 'MANAGERPIDFDID': '12436', 'JOURNAL_STREAM': '10:15133', '_': '/usr/bin/colcon', 'ROS_VERSION': '2', 'MEMORY_PRESSURE_WATCH': '/sys/fs/cgroup/user.slice/user-1000.slice/user@1000.service/session.slice/plasma-kwin_wayland.service/memory.pressure', 'XDG_SESSION_CLASS': 'user', 'COLORFGBG': '15;0', 'TERMINFO_DIRS': '/usr/share/terminfo:/run/host/usr/share/terminfo', 'TERM': 'xterm-256color', 'XDG_SESSION_ID': '2', 'KGLOBALACCELD_PLATFORM': 'org.kde.kwin', 'GTK2_RC_FILES': '/home/dannydevss/.gtkrc-2.0', 'FLATPAK_TTY_PROGRESS': '1', 'PATH': '/opt/ros/jazzy/bin:/home/dannydevss/.local/bin:/usr/local/bin:/usr/bin:/var/lib/flatpak/exports/bin:/usr/bin/site_perl:/usr/bin/vendor_perl:/usr/bin/core_perl:/usr/local/sbin:/usr/sbin:/usr/local/bin:/usr/bin:/sbin:/bin:/usr/local/sbin:/usr/sbin:/sbin:/bin', 'SESSION_MANAGER': 'local/SkullCachy:@/tmp/.ICE-unix/977,unix/SkullCachy:/tmp/.ICE-unix/977', 'INVOCATION_ID': '9020e8de3638439b98fc3e1252681cbe', 'XDG_SESSION_PATH': '/org/freedesktop/DisplayManager/Session2', 'XDG_MENU_PREFIX': 'plasma-', 'LC_ADDRESS': 'es_CL.UTF-8', 'XKB_DEFAULT_MODEL': 'pc105', 'XDG_RUNTIME_DIR': '/run/user/1000', 'ICEAUTHORITY': '/run/user/1000/iceauth_ejHKMa', 'DISPLAY': ':1', 'LANG': 'es_MX.UTF-8', 'XDG_CURRENT_DESKTOP': 'KDE', 'LC_TELEPHONE': 'es_CL.UTF-8', 'XDG_DATA_HOME': '/home/dannydevss/.local/share', 'XDG_CONFIG_HOME': '/home/dannydevss/.config', 'XDG_SESSION_DESKTOP': 'KDE', 'XAUTHORITY': '/run/user/1000/xauth_ZnBNoj', 'MANPAGER': "sh -c 'col -bx | bat -l man -p'", 'AMENT_PREFIX_PATH': '/home/dannydevss/Escritorio/TESIS/install/ugv_core:/opt/ros/jazzy', 'SHELL': 'fish', 'LC_NAME': 'es_CL.UTF-8', 'KONSOLE_DBUS_SERVICE': ':1.55', 'LC_MEASUREMENT': 'es_CL.UTF-8', 'XKB_DEFAULT_VARIANT': 'deadtilde', 'VSSCRIPT_PATH': '/usr/lib/python3.14/site-packages/vapoursynth/libvsscript.so', 'LC_IDENTIFICATION': 'es_CL.UTF-8', 'ROS_AUTOMATIC_DISCOVERY_RANGE': 'SUBNET', 'PWD': '/home/dannydevss/Escritorio/TESIS/build/ugv_sim', 'CONTAINER_ID': 'ros2-jazzy', 'XDG_CONFIG_DIRS': '/home/dannydevss/.config/kdedefaults:/etc/xdg', 'VIRTUAL_ENV_DISABLE_PROMPT': '1', 'XDG_DATA_DIRS': '/home/dannydevss/.local/share/flatpak/exports/share:/var/lib/flatpak/exports/share:/usr/local/share:/usr/share', 'PYTHONPATH': '/home/dannydevss/Escritorio/TESIS/build/ugv_sim/prefix_override:/usr/lib/python3/dist-packages/colcon_core/task/python/colcon_distutils_commands:/home/dannydevss/Escritorio/TESIS/install/ugv_sim/lib/python3.12/site-packages:/home/dannydevss/Escritorio/TESIS/install/ugv_core/lib/python3.12/site-packages:/opt/ros/jazzy/lib/python3.12/site-packages', 'LC_NUMERIC': 'es_CL.UTF-8', 'LC_PAPER': 'es_CL.UTF-8', 'KDE_SESSION_UID': '1000', 'COLCON': '1', 'MEMORY_PRESSURE_WRITE': 'c29tZSAyMDAwMDAgMjAwMDAwMAA=', 'EDITOR': '/usr/bin/vim', 'CMAKE_PREFIX_PATH': '/opt/ros/jazzy/opt/gz_math_vendor:/opt/ros/jazzy/opt/gz_utils_vendor:/opt/ros/jazzy/opt/gz_cmake_vendor'}, 'shell': False}
[4.819869] (-) TimerEvent: {}
[4.920280] (-) TimerEvent: {}
[5.020673] (-) TimerEvent: {}
[5.121048] (-) TimerEvent: {}
[5.166545] (ugv_sim) StdoutLine: {'line': b'running egg_info\n'}
[5.179206] (ugv_policy) StdoutLine: {'line': b'running egg_info\n'}
[5.193851] (ugv_sim) StdoutLine: {'line': b'writing ../../build/ugv_sim/ugv_sim.egg-info/PKG-INFO\n'}
[5.194380] (ugv_sim) StdoutLine: {'line': b'writing dependency_links to ../../build/ugv_sim/ugv_sim.egg-info/dependency_links.txt\n'}
[5.194807] (ugv_sim) StdoutLine: {'line': b'writing entry points to ../../build/ugv_sim/ugv_sim.egg-info/entry_points.txt\n'}
[5.195209] (ugv_sim) StdoutLine: {'line': b'writing requirements to ../../build/ugv_sim/ugv_sim.egg-info/requires.txt\n'}
[5.195610] (ugv_sim) StdoutLine: {'line': b'writing top-level names to ../../build/ugv_sim/ugv_sim.egg-info/top_level.txt\n'}
[5.207754] (ugv_policy) StdoutLine: {'line': b'writing ../../build/ugv_policy/ugv_policy.egg-info/PKG-INFO\n'}
[5.208323] (ugv_policy) StdoutLine: {'line': b'writing dependency_links to ../../build/ugv_policy/ugv_policy.egg-info/dependency_links.txt\n'}
[5.208750] (ugv_policy) StdoutLine: {'line': b'writing entry points to ../../build/ugv_policy/ugv_policy.egg-info/entry_points.txt\n'}
[5.209131] (ugv_policy) StdoutLine: {'line': b'writing requirements to ../../build/ugv_policy/ugv_policy.egg-info/requires.txt\n'}
[5.209515] (ugv_policy) StdoutLine: {'line': b'writing top-level names to ../../build/ugv_policy/ugv_policy.egg-info/top_level.txt\n'}
[5.221154] (-) TimerEvent: {}
[5.252441] (ugv_sim) StdoutLine: {'line': b"reading manifest file '../../build/ugv_sim/ugv_sim.egg-info/SOURCES.txt'\n"}
[5.253745] (ugv_sim) StdoutLine: {'line': b"writing manifest file '../../build/ugv_sim/ugv_sim.egg-info/SOURCES.txt'\n"}
[5.254219] (ugv_sim) StdoutLine: {'line': b'running build\n'}
[5.254512] (ugv_sim) StdoutLine: {'line': b'running build_py\n'}
[5.254813] (ugv_sim) StdoutLine: {'line': b'running install\n'}
[5.264827] (ugv_sim) StdoutLine: {'line': b'running install_lib\n'}
[5.271000] (ugv_policy) StdoutLine: {'line': b"reading manifest file '../../build/ugv_policy/ugv_policy.egg-info/SOURCES.txt'\n"}
[5.272276] (ugv_policy) StdoutLine: {'line': b"writing manifest file '../../build/ugv_policy/ugv_policy.egg-info/SOURCES.txt'\n"}
[5.272807] (ugv_policy) StdoutLine: {'line': b'running build\n'}
[5.273241] (ugv_policy) StdoutLine: {'line': b'running build_py\n'}
[5.273892] (ugv_policy) StdoutLine: {'line': b'running install\n'}
[5.283900] (ugv_policy) StdoutLine: {'line': b'running install_lib\n'}
[5.295049] (ugv_sim) StdoutLine: {'line': b'running install_data\n'}
[5.295608] (ugv_sim) StdoutLine: {'line': b'running install_egg_info\n'}
[5.320294] (ugv_policy) StdoutLine: {'line': b'running install_data\n'}
[5.320782] (ugv_policy) StdoutLine: {'line': b'running install_egg_info\n'}
[5.321237] (-) TimerEvent: {}
[5.327800] (ugv_sim) StdoutLine: {'line': b"removing '/home/dannydevss/Escritorio/TESIS/install/ugv_sim/lib/python3.12/site-packages/ugv_sim-0.0.0-py3.12.egg-info' (and everything under it)\n"}
[5.328632] (ugv_sim) StdoutLine: {'line': b'Copying ../../build/ugv_sim/ugv_sim.egg-info to /home/dannydevss/Escritorio/TESIS/install/ugv_sim/lib/python3.12/site-packages/ugv_sim-0.0.0-py3.12.egg-info\n'}
[5.330834] (ugv_sim) StdoutLine: {'line': b'running install_scripts\n'}
[5.356058] (ugv_policy) StdoutLine: {'line': b"removing '/home/dannydevss/Escritorio/TESIS/install/ugv_policy/lib/python3.12/site-packages/ugv_policy-0.0.0-py3.12.egg-info' (and everything under it)\n"}
[5.356844] (ugv_policy) StdoutLine: {'line': b'Copying ../../build/ugv_policy/ugv_policy.egg-info to /home/dannydevss/Escritorio/TESIS/install/ugv_policy/lib/python3.12/site-packages/ugv_policy-0.0.0-py3.12.egg-info\n'}
[5.358714] (ugv_policy) StdoutLine: {'line': b'running install_scripts\n'}
[5.421360] (-) TimerEvent: {}
[5.521746] (-) TimerEvent: {}
[5.576135] (ugv_sim) StdoutLine: {'line': b'Installing sim_node script to /home/dannydevss/Escritorio/TESIS/install/ugv_sim/lib/ugv_sim\n'}
[5.577042] (ugv_sim) StdoutLine: {'line': b"writing list of installed files to '/home/dannydevss/Escritorio/TESIS/build/ugv_sim/install.log'\n"}
[5.621868] (-) TimerEvent: {}
[5.631373] (ugv_sim) CommandEnded: {'returncode': 0}
[5.643145] (ugv_policy) StdoutLine: {'line': b'Installing policy_node script to /home/dannydevss/Escritorio/TESIS/install/ugv_policy/lib/ugv_policy\n'}
[5.643891] (ugv_policy) StdoutLine: {'line': b"writing list of installed files to '/home/dannydevss/Escritorio/TESIS/build/ugv_policy/install.log'\n"}
[5.645191] (ugv_sim) JobEnded: {'identifier': 'ugv_sim', 'rc': 0}
[5.696348] (ugv_policy) CommandEnded: {'returncode': 0}
[5.706134] (ugv_policy) JobEnded: {'identifier': 'ugv_policy', 'rc': 0}
[5.707713] (-) EventReactorShutdown: {}
