[0.000000] (-) TimerEvent: {}
[0.000333] (ugv_bridge) JobQueued: {'identifier': 'ugv_bridge', 'dependencies': OrderedDict()}
[0.000607] (ugv_core) JobQueued: {'identifier': 'ugv_core', 'dependencies': OrderedDict()}
[0.000675] (ugv_gcs) JobQueued: {'identifier': 'ugv_gcs', 'dependencies': OrderedDict()}
[0.000739] (ugv_policy) JobQueued: {'identifier': 'ugv_policy', 'dependencies': OrderedDict({'ugv_core': '/home/dannydevss/Escritorio/TESIS/install/ugv_core'})}
[0.000829] (ugv_sim) JobQueued: {'identifier': 'ugv_sim', 'dependencies': OrderedDict({'ugv_core': '/home/dannydevss/Escritorio/TESIS/install/ugv_core'})}
[0.000907] (ugv_core) JobStarted: {'identifier': 'ugv_core'}
[0.012138] (ugv_bridge) JobStarted: {'identifier': 'ugv_bridge'}
[0.019917] (ugv_gcs) JobStarted: {'identifier': 'ugv_gcs'}
[0.099153] (-) TimerEvent: {}
[0.199478] (-) TimerEvent: {}
[0.299838] (-) TimerEvent: {}
[0.400454] (-) TimerEvent: {}
[0.500787] (-) TimerEvent: {}
[0.601188] (-) TimerEvent: {}
[0.701530] (-) TimerEvent: {}
[0.801893] (-) TimerEvent: {}
[0.902240] (-) TimerEvent: {}
[1.002564] (-) TimerEvent: {}
[1.102953] (-) TimerEvent: {}
[1.203998] (-) TimerEvent: {}
[1.304519] (-) TimerEvent: {}
[1.404910] (-) TimerEvent: {}
[1.505301] (-) TimerEvent: {}
[1.605699] (-) TimerEvent: {}
[1.706074] (-) TimerEvent: {}
[1.806438] (-) TimerEvent: {}
[1.906805] (-) TimerEvent: {}
[2.007219] (-) TimerEvent: {}
[2.014652] (ugv_core) Command: {'cmd': ['/usr/bin/python3', '-W', 'ignore:setup.py install is deprecated', '-W', 'ignore:easy_install command is deprecated', 'setup.py', 'egg_info', '--egg-base', '../../build/ugv_core', 'build', '--build-base', '/home/dannydevss/Escritorio/TESIS/build/ugv_core/build', 'install', '--record', '/home/dannydevss/Escritorio/TESIS/build/ugv_core/install.log', '--install-scripts', '$base/lib/ugv_core', '--single-version-externally-managed', 'install_data'], 'cwd': '/home/dannydevss/Escritorio/TESIS/src/ugv_core', 'env': {'PROFILEHOME': '', 'KDE_FULL_SESSION': 'true', 'RUSTICL_ENABLE': 'iris', 'MAIL': 'thunderbird', 'LANGUAGE': '', 'USER': 'dannydevss', 'PAM_KWALLET5_LOGIN': '/run/user/1000/kwallet5.socket', 'LC_TIME': 'es_CL.UTF-8', 'HOSTNAME': 'SkullCachy', 'XDG_SESSION_TYPE': 'wayland', 'KONSOLE_VERSION': '260403', 'XDG_CACHE_HOME': '/home/dannydevss/.cache', 'QT_WAYLAND_RECONNECT': '1', 'SHLVL': '4', 'LD_LIBRARY_PATH': '/opt/ros/jazzy/opt/rviz_ogre_vendor/lib:/opt/ros/jazzy/lib/x86_64-linux-gnu:/opt/ros/jazzy/opt/gz_math_vendor/lib:/opt/ros/jazzy/opt/gz_utils_vendor/lib:/opt/ros/jazzy/opt/gz_cmake_vendor/lib:/opt/ros/jazzy/lib', 'BROWSER': 'cachy-browser', 'MOTD_SHOWN': 'pam', 'HOME': '/home/dannydevss', 'KDE_APPLICATIONS_AS_SCOPE': '1', 'OLDPWD': '/home/dannydevss', 'DESKTOP_SESSION': 'plasma', 'MANROFFOPT': '-c', 'ROS_PYTHON_VERSION': '3', 'GTK_RC_FILES': '/etc/gtk/gtkrc:/home/dannydevss/.gtkrc:/home/dannydevss/.config/gtkrc', 'KDE_SESSION_VERSION': '6', 'LC_MONETARY': 'es_CL.UTF-8', 'KONSOLE_DBUS_SESSION': '/Sessions/1', 'MANAGERPID': '769', 'DISTROBOX_ENTER_PATH': '/usr/bin/distrobox-enter', 'SYSTEMD_EXEC_PID': '830', 'XDG_STATE_HOME': '/home/dannydevss/.local/state', 'DBUS_SESSION_BUS_ADDRESS': 'unix:path=/run/user/1000/bus', 'COLORTERM': 'truecolor', 'container': 'podman', 'KONSOLE_DBUS_ACTIVATION_COOKIE': 'N5+rvdIQfMMLWYn+YhnpYqwfQGkqvLxrmvltBlqOKMw=', 'KONSOLE_DBUS_WINDOW': '/Windows/1', 'DEBUGINFOD_URLS': 'https://debuginfod.archlinux.org https://debuginfod.cachyos.org', 'QT_QPA_PLATFORMTHEME': 'qt5ct', 'WAYLAND_DISPLAY': 'wayland-0', 'XKB_DEFAULT_LAYOUT': 'latam', 'ROS_DISTRO': 'jazzy', 'LOGNAME': 'dannydevss', 'WINDOWID': '94659487432624', 'MANAGERPIDFDID': '12436', 'JOURNAL_STREAM': '10:15133', '_': '/usr/bin/colcon', 'ROS_VERSION': '2', 'MEMORY_PRESSURE_WATCH': '/sys/fs/cgroup/user.slice/user-1000.slice/user@1000.service/session.slice/plasma-kwin_wayland.service/memory.pressure', 'XDG_SESSION_CLASS': 'user', 'COLORFGBG': '15;0', 'TERMINFO_DIRS': '/usr/share/terminfo:/run/host/usr/share/terminfo', 'TERM': 'xterm-256color', 'XDG_SESSION_ID': '2', 'KGLOBALACCELD_PLATFORM': 'org.kde.kwin', 'GTK2_RC_FILES': '/home/dannydevss/.gtkrc-2.0', 'FLATPAK_TTY_PROGRESS': '1', 'PATH': '/opt/ros/jazzy/bin:/home/dannydevss/.local/bin:/usr/local/bin:/usr/bin:/var/lib/flatpak/exports/bin:/usr/bin/site_perl:/usr/bin/vendor_perl:/usr/bin/core_perl:/usr/local/sbin:/usr/sbin:/usr/local/bin:/usr/bin:/sbin:/bin:/usr/local/sbin:/usr/sbin:/sbin:/bin', 'SESSION_MANAGER': 'local/SkullCachy:@/tmp/.ICE-unix/977,unix/SkullCachy:/tmp/.ICE-unix/977', 'INVOCATION_ID': '9020e8de3638439b98fc3e1252681cbe', 'XDG_SESSION_PATH': '/org/freedesktop/DisplayManager/Session2', 'XDG_MENU_PREFIX': 'plasma-', 'LC_ADDRESS': 'es_CL.UTF-8', 'XKB_DEFAULT_MODEL': 'pc105', 'XDG_RUNTIME_DIR': '/run/user/1000', 'ICEAUTHORITY': '/run/user/1000/iceauth_ejHKMa', 'DISPLAY': ':1', 'LANG': 'es_MX.UTF-8', 'XDG_CURRENT_DESKTOP': 'KDE', 'LC_TELEPHONE': 'es_CL.UTF-8', 'XDG_DATA_HOME': '/home/dannydevss/.local/share', 'XDG_CONFIG_HOME': '/home/dannydevss/.config', 'XDG_SESSION_DESKTOP': 'KDE', 'XAUTHORITY': '/run/user/1000/xauth_ZnBNoj', 'MANPAGER': "sh -c 'col -bx | bat -l man -p'", 'AMENT_PREFIX_PATH': '/opt/ros/jazzy', 'SHELL': 'fish', 'LC_NAME': 'es_CL.UTF-8', 'KONSOLE_DBUS_SERVICE': ':1.55', 'LC_MEASUREMENT': 'es_CL.UTF-8', 'XKB_DEFAULT_VARIANT': 'deadtilde', 'VSSCRIPT_PATH': '/usr/lib/python3.14/site-packages/vapoursynth/libvsscript.so', 'LC_IDENTIFICATION': 'es_CL.UTF-8', 'ROS_AUTOMATIC_DISCOVERY_RANGE': 'SUBNET', 'PWD': '/home/dannydevss/Escritorio/TESIS/build/ugv_core', 'CONTAINER_ID': 'ros2-jazzy', 'XDG_CONFIG_DIRS': '/home/dannydevss/.config/kdedefaults:/etc/xdg', 'VIRTUAL_ENV_DISABLE_PROMPT': '1', 'XDG_DATA_DIRS': '/home/dannydevss/.local/share/flatpak/exports/share:/var/lib/flatpak/exports/share:/usr/local/share:/usr/share', 'PYTHONPATH': '/home/dannydevss/Escritorio/TESIS/build/ugv_core/prefix_override:/usr/lib/python3/dist-packages/colcon_core/task/python/colcon_distutils_commands:/home/dannydevss/Escritorio/TESIS/install/ugv_core/lib/python3.12/site-packages:/opt/ros/jazzy/lib/python3.12/site-packages', 'LC_NUMERIC': 'es_CL.UTF-8', 'LC_PAPER': 'es_CL.UTF-8', 'KDE_SESSION_UID': '1000', 'COLCON': '1', 'MEMORY_PRESSURE_WRITE': 'c29tZSAyMDAwMDAgMjAwMDAwMAA=', 'EDITOR': '/usr/bin/vim', 'CMAKE_PREFIX_PATH': '/opt/ros/jazzy/opt/gz_math_vendor:/opt/ros/jazzy/opt/gz_utils_vendor:/opt/ros/jazzy/opt/gz_cmake_vendor'}, 'shell': False}
[2.107329] (-) TimerEvent: {}
[2.207738] (-) TimerEvent: {}
[2.217437] (ugv_bridge) Command: {'cmd': ['/usr/bin/python3', '-W', 'ignore:setup.py install is deprecated', '-W', 'ignore:easy_install command is deprecated', 'setup.py', 'egg_info', '--egg-base', '../../build/ugv_bridge', 'build', '--build-base', '/home/dannydevss/Escritorio/TESIS/build/ugv_bridge/build', 'install', '--record', '/home/dannydevss/Escritorio/TESIS/build/ugv_bridge/install.log', '--install-scripts', '$base/lib/ugv_bridge', '--single-version-externally-managed', 'install_data'], 'cwd': '/home/dannydevss/Escritorio/TESIS/src/ugv_bridge', 'env': {'PROFILEHOME': '', 'KDE_FULL_SESSION': 'true', 'RUSTICL_ENABLE': 'iris', 'MAIL': 'thunderbird', 'LANGUAGE': '', 'USER': 'dannydevss', 'PAM_KWALLET5_LOGIN': '/run/user/1000/kwallet5.socket', 'LC_TIME': 'es_CL.UTF-8', 'HOSTNAME': 'SkullCachy', 'XDG_SESSION_TYPE': 'wayland', 'KONSOLE_VERSION': '260403', 'XDG_CACHE_HOME': '/home/dannydevss/.cache', 'QT_WAYLAND_RECONNECT': '1', 'SHLVL': '4', 'LD_LIBRARY_PATH': '/opt/ros/jazzy/opt/rviz_ogre_vendor/lib:/opt/ros/jazzy/lib/x86_64-linux-gnu:/opt/ros/jazzy/opt/gz_math_vendor/lib:/opt/ros/jazzy/opt/gz_utils_vendor/lib:/opt/ros/jazzy/opt/gz_cmake_vendor/lib:/opt/ros/jazzy/lib', 'BROWSER': 'cachy-browser', 'MOTD_SHOWN': 'pam', 'HOME': '/home/dannydevss', 'KDE_APPLICATIONS_AS_SCOPE': '1', 'OLDPWD': '/home/dannydevss', 'DESKTOP_SESSION': 'plasma', 'MANROFFOPT': '-c', 'ROS_PYTHON_VERSION': '3', 'GTK_RC_FILES': '/etc/gtk/gtkrc:/home/dannydevss/.gtkrc:/home/dannydevss/.config/gtkrc', 'KDE_SESSION_VERSION': '6', 'LC_MONETARY': 'es_CL.UTF-8', 'KONSOLE_DBUS_SESSION': '/Sessions/1', 'MANAGERPID': '769', 'DISTROBOX_ENTER_PATH': '/usr/bin/distrobox-enter', 'SYSTEMD_EXEC_PID': '830', 'XDG_STATE_HOME': '/home/dannydevss/.local/state', 'DBUS_SESSION_BUS_ADDRESS': 'unix:path=/run/user/1000/bus', 'COLORTERM': 'truecolor', 'container': 'podman', 'KONSOLE_DBUS_ACTIVATION_COOKIE': 'N5+rvdIQfMMLWYn+YhnpYqwfQGkqvLxrmvltBlqOKMw=', 'KONSOLE_DBUS_WINDOW': '/Windows/1', 'DEBUGINFOD_URLS': 'https://debuginfod.archlinux.org https://debuginfod.cachyos.org', 'QT_QPA_PLATFORMTHEME': 'qt5ct', 'WAYLAND_DISPLAY': 'wayland-0', 'XKB_DEFAULT_LAYOUT': 'latam', 'ROS_DISTRO': 'jazzy', 'LOGNAME': 'dannydevss', 'WINDOWID': '94659487432624', 'MANAGERPIDFDID': '12436', 'JOURNAL_STREAM': '10:15133', '_': '/usr/bin/colcon', 'ROS_VERSION': '2', 'MEMORY_PRESSURE_WATCH': '/sys/fs/cgroup/user.slice/user-1000.slice/user@1000.service/session.slice/plasma-kwin_wayland.service/memory.pressure', 'XDG_SESSION_CLASS': 'user', 'COLORFGBG': '15;0', 'TERMINFO_DIRS': '/usr/share/terminfo:/run/host/usr/share/terminfo', 'TERM': 'xterm-256color', 'XDG_SESSION_ID': '2', 'KGLOBALACCELD_PLATFORM': 'org.kde.kwin', 'GTK2_RC_FILES': '/home/dannydevss/.gtkrc-2.0', 'FLATPAK_TTY_PROGRESS': '1', 'PATH': '/opt/ros/jazzy/bin:/home/dannydevss/.local/bin:/usr/local/bin:/usr/bin:/var/lib/flatpak/exports/bin:/usr/bin/site_perl:/usr/bin/vendor_perl:/usr/bin/core_perl:/usr/local/sbin:/usr/sbin:/usr/local/bin:/usr/bin:/sbin:/bin:/usr/local/sbin:/usr/sbin:/sbin:/bin', 'SESSION_MANAGER': 'local/SkullCachy:@/tmp/.ICE-unix/977,unix/SkullCachy:/tmp/.ICE-unix/977', 'INVOCATION_ID': '9020e8de3638439b98fc3e1252681cbe', 'XDG_SESSION_PATH': '/org/freedesktop/DisplayManager/Session2', 'XDG_MENU_PREFIX': 'plasma-', 'LC_ADDRESS': 'es_CL.UTF-8', 'XKB_DEFAULT_MODEL': 'pc105', 'XDG_RUNTIME_DIR': '/run/user/1000', 'ICEAUTHORITY': '/run/user/1000/iceauth_ejHKMa', 'DISPLAY': ':1', 'LANG': 'es_MX.UTF-8', 'XDG_CURRENT_DESKTOP': 'KDE', 'LC_TELEPHONE': 'es_CL.UTF-8', 'XDG_DATA_HOME': '/home/dannydevss/.local/share', 'XDG_CONFIG_HOME': '/home/dannydevss/.config', 'XDG_SESSION_DESKTOP': 'KDE', 'XAUTHORITY': '/run/user/1000/xauth_ZnBNoj', 'MANPAGER': "sh -c 'col -bx | bat -l man -p'", 'AMENT_PREFIX_PATH': '/opt/ros/jazzy', 'SHELL': 'fish', 'LC_NAME': 'es_CL.UTF-8', 'KONSOLE_DBUS_SERVICE': ':1.55', 'LC_MEASUREMENT': 'es_CL.UTF-8', 'XKB_DEFAULT_VARIANT': 'deadtilde', 'VSSCRIPT_PATH': '/usr/lib/python3.14/site-packages/vapoursynth/libvsscript.so', 'LC_IDENTIFICATION': 'es_CL.UTF-8', 'ROS_AUTOMATIC_DISCOVERY_RANGE': 'SUBNET', 'PWD': '/home/dannydevss/Escritorio/TESIS/build/ugv_bridge', 'CONTAINER_ID': 'ros2-jazzy', 'XDG_CONFIG_DIRS': '/home/dannydevss/.config/kdedefaults:/etc/xdg', 'VIRTUAL_ENV_DISABLE_PROMPT': '1', 'XDG_DATA_DIRS': '/home/dannydevss/.local/share/flatpak/exports/share:/var/lib/flatpak/exports/share:/usr/local/share:/usr/share', 'PYTHONPATH': '/home/dannydevss/Escritorio/TESIS/build/ugv_bridge/prefix_override:/usr/lib/python3/dist-packages/colcon_core/task/python/colcon_distutils_commands:/home/dannydevss/Escritorio/TESIS/install/ugv_bridge/lib/python3.12/site-packages:/opt/ros/jazzy/lib/python3.12/site-packages', 'LC_NUMERIC': 'es_CL.UTF-8', 'LC_PAPER': 'es_CL.UTF-8', 'KDE_SESSION_UID': '1000', 'COLCON': '1', 'MEMORY_PRESSURE_WRITE': 'c29tZSAyMDAwMDAgMjAwMDAwMAA=', 'EDITOR': '/usr/bin/vim', 'CMAKE_PREFIX_PATH': '/opt/ros/jazzy/opt/gz_math_vendor:/opt/ros/jazzy/opt/gz_utils_vendor:/opt/ros/jazzy/opt/gz_cmake_vendor'}, 'shell': False}
[2.305113] (ugv_gcs) Command: {'cmd': ['/usr/bin/python3', '-W', 'ignore:setup.py install is deprecated', '-W', 'ignore:easy_install command is deprecated', 'setup.py', 'egg_info', '--egg-base', '../../build/ugv_gcs', 'build', '--build-base', '/home/dannydevss/Escritorio/TESIS/build/ugv_gcs/build', 'install', '--record', '/home/dannydevss/Escritorio/TESIS/build/ugv_gcs/install.log', '--install-scripts', '$base/lib/ugv_gcs', '--single-version-externally-managed', 'install_data'], 'cwd': '/home/dannydevss/Escritorio/TESIS/src/ugv_gcs', 'env': {'PROFILEHOME': '', 'KDE_FULL_SESSION': 'true', 'RUSTICL_ENABLE': 'iris', 'MAIL': 'thunderbird', 'LANGUAGE': '', 'USER': 'dannydevss', 'PAM_KWALLET5_LOGIN': '/run/user/1000/kwallet5.socket', 'LC_TIME': 'es_CL.UTF-8', 'HOSTNAME': 'SkullCachy', 'XDG_SESSION_TYPE': 'wayland', 'KONSOLE_VERSION': '260403', 'XDG_CACHE_HOME': '/home/dannydevss/.cache', 'QT_WAYLAND_RECONNECT': '1', 'SHLVL': '4', 'LD_LIBRARY_PATH': '/opt/ros/jazzy/opt/rviz_ogre_vendor/lib:/opt/ros/jazzy/lib/x86_64-linux-gnu:/opt/ros/jazzy/opt/gz_math_vendor/lib:/opt/ros/jazzy/opt/gz_utils_vendor/lib:/opt/ros/jazzy/opt/gz_cmake_vendor/lib:/opt/ros/jazzy/lib', 'BROWSER': 'cachy-browser', 'MOTD_SHOWN': 'pam', 'HOME': '/home/dannydevss', 'KDE_APPLICATIONS_AS_SCOPE': '1', 'OLDPWD': '/home/dannydevss', 'DESKTOP_SESSION': 'plasma', 'MANROFFOPT': '-c', 'ROS_PYTHON_VERSION': '3', 'GTK_RC_FILES': '/etc/gtk/gtkrc:/home/dannydevss/.gtkrc:/home/dannydevss/.config/gtkrc', 'KDE_SESSION_VERSION': '6', 'LC_MONETARY': 'es_CL.UTF-8', 'KONSOLE_DBUS_SESSION': '/Sessions/1', 'MANAGERPID': '769', 'DISTROBOX_ENTER_PATH': '/usr/bin/distrobox-enter', 'SYSTEMD_EXEC_PID': '830', 'XDG_STATE_HOME': '/home/dannydevss/.local/state', 'DBUS_SESSION_BUS_ADDRESS': 'unix:path=/run/user/1000/bus', 'COLORTERM': 'truecolor', 'container': 'podman', 'KONSOLE_DBUS_ACTIVATION_COOKIE': 'N5+rvdIQfMMLWYn+YhnpYqwfQGkqvLxrmvltBlqOKMw=', 'KONSOLE_DBUS_WINDOW': '/Windows/1', 'DEBUGINFOD_URLS': 'https://debuginfod.archlinux.org https://debuginfod.cachyos.org', 'QT_QPA_PLATFORMTHEME': 'qt5ct', 'WAYLAND_DISPLAY': 'wayland-0', 'XKB_DEFAULT_LAYOUT': 'latam', 'ROS_DISTRO': 'jazzy', 'LOGNAME': 'dannydevss', 'WINDOWID': '94659487432624', 'MANAGERPIDFDID': '12436', 'JOURNAL_STREAM': '10:15133', '_': '/usr/bin/colcon', 'ROS_VERSION': '2', 'MEMORY_PRESSURE_WATCH': '/sys/fs/cgroup/user.slice/user-1000.slice/user@1000.service/session.slice/plasma-kwin_wayland.service/memory.pressure', 'XDG_SESSION_CLASS': 'user', 'COLORFGBG': '15;0', 'TERMINFO_DIRS': '/usr/share/terminfo:/run/host/usr/share/terminfo', 'TERM': 'xterm-256color', 'XDG_SESSION_ID': '2', 'KGLOBALACCELD_PLATFORM': 'org.kde.kwin', 'GTK2_RC_FILES': '/home/dannydevss/.gtkrc-2.0', 'FLATPAK_TTY_PROGRESS': '1', 'PATH': '/opt/ros/jazzy/bin:/home/dannydevss/.local/bin:/usr/local/bin:/usr/bin:/var/lib/flatpak/exports/bin:/usr/bin/site_perl:/usr/bin/vendor_perl:/usr/bin/core_perl:/usr/local/sbin:/usr/sbin:/usr/local/bin:/usr/bin:/sbin:/bin:/usr/local/sbin:/usr/sbin:/sbin:/bin', 'SESSION_MANAGER': 'local/SkullCachy:@/tmp/.ICE-unix/977,unix/SkullCachy:/tmp/.ICE-unix/977', 'INVOCATION_ID': '9020e8de3638439b98fc3e1252681cbe', 'XDG_SESSION_PATH': '/org/freedesktop/DisplayManager/Session2', 'XDG_MENU_PREFIX': 'plasma-', 'LC_ADDRESS': 'es_CL.UTF-8', 'XKB_DEFAULT_MODEL': 'pc105', 'XDG_RUNTIME_DIR': '/run/user/1000', 'ICEAUTHORITY': '/run/user/1000/iceauth_ejHKMa', 'DISPLAY': ':1', 'LANG': 'es_MX.UTF-8', 'XDG_CURRENT_DESKTOP': 'KDE', 'LC_TELEPHONE': 'es_CL.UTF-8', 'XDG_DATA_HOME': '/home/dannydevss/.local/share', 'XDG_CONFIG_HOME': '/home/dannydevss/.config', 'XDG_SESSION_DESKTOP': 'KDE', 'XAUTHORITY': '/run/user/1000/xauth_ZnBNoj', 'MANPAGER': "sh -c 'col -bx | bat -l man -p'", 'AMENT_PREFIX_PATH': '/opt/ros/jazzy', 'SHELL': 'fish', 'LC_NAME': 'es_CL.UTF-8', 'KONSOLE_DBUS_SERVICE': ':1.55', 'LC_MEASUREMENT': 'es_CL.UTF-8', 'XKB_DEFAULT_VARIANT': 'deadtilde', 'VSSCRIPT_PATH': '/usr/lib/python3.14/site-packages/vapoursynth/libvsscript.so', 'LC_IDENTIFICATION': 'es_CL.UTF-8', 'ROS_AUTOMATIC_DISCOVERY_RANGE': 'SUBNET', 'PWD': '/home/dannydevss/Escritorio/TESIS/build/ugv_gcs', 'CONTAINER_ID': 'ros2-jazzy', 'XDG_CONFIG_DIRS': '/home/dannydevss/.config/kdedefaults:/etc/xdg', 'VIRTUAL_ENV_DISABLE_PROMPT': '1', 'XDG_DATA_DIRS': '/home/dannydevss/.local/share/flatpak/exports/share:/var/lib/flatpak/exports/share:/usr/local/share:/usr/share', 'PYTHONPATH': '/home/dannydevss/Escritorio/TESIS/build/ugv_gcs/prefix_override:/usr/lib/python3/dist-packages/colcon_core/task/python/colcon_distutils_commands:/home/dannydevss/Escritorio/TESIS/install/ugv_gcs/lib/python3.12/site-packages:/opt/ros/jazzy/lib/python3.12/site-packages', 'LC_NUMERIC': 'es_CL.UTF-8', 'LC_PAPER': 'es_CL.UTF-8', 'KDE_SESSION_UID': '1000', 'COLCON': '1', 'MEMORY_PRESSURE_WRITE': 'c29tZSAyMDAwMDAgMjAwMDAwMAA=', 'EDITOR': '/usr/bin/vim', 'CMAKE_PREFIX_PATH': '/opt/ros/jazzy/opt/gz_math_vendor:/opt/ros/jazzy/opt/gz_utils_vendor:/opt/ros/jazzy/opt/gz_cmake_vendor'}, 'shell': False}
[2.309242] (-) TimerEvent: {}
[2.409572] (-) TimerEvent: {}
[2.509933] (-) TimerEvent: {}
[2.562149] (ugv_core) StdoutLine: {'line': b'running egg_info\n'}
[2.608238] (ugv_core) StdoutLine: {'line': b'writing ../../build/ugv_core/ugv_core.egg-info/PKG-INFO\n'}
[2.609266] (ugv_core) StdoutLine: {'line': b'writing dependency_links to ../../build/ugv_core/ugv_core.egg-info/dependency_links.txt\n'}
[2.609556] (ugv_core) StdoutLine: {'line': b'writing requirements to ../../build/ugv_core/ugv_core.egg-info/requires.txt\n'}
[2.610028] (-) TimerEvent: {}
[2.610483] (ugv_core) StdoutLine: {'line': b'writing top-level names to ../../build/ugv_core/ugv_core.egg-info/top_level.txt\n'}
[2.708753] (ugv_core) StdoutLine: {'line': b"reading manifest file '../../build/ugv_core/ugv_core.egg-info/SOURCES.txt'\n"}
[2.710690] (ugv_core) StdoutLine: {'line': b"writing manifest file '../../build/ugv_core/ugv_core.egg-info/SOURCES.txt'\n"}
[2.711160] (-) TimerEvent: {}
[2.711385] (ugv_core) StdoutLine: {'line': b'running build\n'}
[2.711695] (ugv_core) StdoutLine: {'line': b'running build_py\n'}
[2.714146] (ugv_core) StdoutLine: {'line': b'running install\n'}
[2.733607] (ugv_core) StdoutLine: {'line': b'running install_lib\n'}
[2.783782] (ugv_core) StdoutLine: {'line': b'running install_data\n'}
[2.784264] (ugv_core) StdoutLine: {'line': b'running install_egg_info\n'}
[2.794933] (ugv_gcs) StdoutLine: {'line': b'running egg_info\n'}
[2.811273] (-) TimerEvent: {}
[2.825307] (ugv_gcs) StdoutLine: {'line': b'writing ../../build/ugv_gcs/ugv_gcs.egg-info/PKG-INFO\n'}
[2.826146] (ugv_gcs) StdoutLine: {'line': b'writing dependency_links to ../../build/ugv_gcs/ugv_gcs.egg-info/dependency_links.txt\n'}
[2.826863] (ugv_gcs) StdoutLine: {'line': b'writing entry points to ../../build/ugv_gcs/ugv_gcs.egg-info/entry_points.txt\n'}
[2.827473] (ugv_gcs) StdoutLine: {'line': b'writing requirements to ../../build/ugv_gcs/ugv_gcs.egg-info/requires.txt\n'}
[2.827856] (ugv_gcs) StdoutLine: {'line': b'writing top-level names to ../../build/ugv_gcs/ugv_gcs.egg-info/top_level.txt\n'}
[2.833204] (ugv_core) StdoutLine: {'line': b"removing '/home/dannydevss/Escritorio/TESIS/install/ugv_core/lib/python3.12/site-packages/ugv_core-0.0.0-py3.12.egg-info' (and everything under it)\n"}
[2.834939] (ugv_core) StdoutLine: {'line': b'Copying ../../build/ugv_core/ugv_core.egg-info to /home/dannydevss/Escritorio/TESIS/install/ugv_core/lib/python3.12/site-packages/ugv_core-0.0.0-py3.12.egg-info\n'}
[2.836090] (ugv_core) StdoutLine: {'line': b'running install_scripts\n'}
[2.871268] (ugv_bridge) StdoutLine: {'line': b'running egg_info\n'}
[2.910172] (ugv_gcs) StdoutLine: {'line': b"reading manifest file '../../build/ugv_gcs/ugv_gcs.egg-info/SOURCES.txt'\n"}
[2.911375] (-) TimerEvent: {}
[2.912095] (ugv_gcs) StdoutLine: {'line': b"writing manifest file '../../build/ugv_gcs/ugv_gcs.egg-info/SOURCES.txt'\n"}
[2.912447] (ugv_gcs) StdoutLine: {'line': b'running build\n'}
[2.912712] (ugv_gcs) StdoutLine: {'line': b'running build_py\n'}
[2.913199] (ugv_gcs) StdoutLine: {'line': b'running install\n'}
[2.921360] (ugv_bridge) StdoutLine: {'line': b'writing ../../build/ugv_bridge/ugv_bridge.egg-info/PKG-INFO\n'}
[2.922550] (ugv_bridge) StdoutLine: {'line': b'writing dependency_links to ../../build/ugv_bridge/ugv_bridge.egg-info/dependency_links.txt\n'}
[2.924937] (ugv_bridge) StdoutLine: {'line': b'writing entry points to ../../build/ugv_bridge/ugv_bridge.egg-info/entry_points.txt\n'}
[2.925332] (ugv_bridge) StdoutLine: {'line': b'writing requirements to ../../build/ugv_bridge/ugv_bridge.egg-info/requires.txt\n'}
[2.925707] (ugv_bridge) StdoutLine: {'line': b'writing top-level names to ../../build/ugv_bridge/ugv_bridge.egg-info/top_level.txt\n'}
[2.926241] (ugv_gcs) StdoutLine: {'line': b'running install_lib\n'}
[2.956111] (ugv_gcs) StdoutLine: {'line': b'running install_data\n'}
[2.956643] (ugv_gcs) StdoutLine: {'line': b'running install_egg_info\n'}
[2.986485] (ugv_gcs) StdoutLine: {'line': b"removing '/home/dannydevss/Escritorio/TESIS/install/ugv_gcs/lib/python3.12/site-packages/ugv_gcs-0.0.0-py3.12.egg-info' (and everything under it)\n"}
[2.989975] (ugv_gcs) StdoutLine: {'line': b'Copying ../../build/ugv_gcs/ugv_gcs.egg-info to /home/dannydevss/Escritorio/TESIS/install/ugv_gcs/lib/python3.12/site-packages/ugv_gcs-0.0.0-py3.12.egg-info\n'}
[2.990406] (ugv_gcs) StdoutLine: {'line': b'running install_scripts\n'}
[3.012732] (-) TimerEvent: {}
[3.028167] (ugv_bridge) StdoutLine: {'line': b"reading manifest file '../../build/ugv_bridge/ugv_bridge.egg-info/SOURCES.txt'\n"}
[3.030523] (ugv_bridge) StdoutLine: {'line': b"writing manifest file '../../build/ugv_bridge/ugv_bridge.egg-info/SOURCES.txt'\n"}
[3.031095] (ugv_bridge) StdoutLine: {'line': b'running build\n'}
[3.031415] (ugv_bridge) StdoutLine: {'line': b'running build_py\n'}
[3.032918] (ugv_bridge) StdoutLine: {'line': b'running install\n'}
[3.053274] (ugv_bridge) StdoutLine: {'line': b'running install_lib\n'}
[3.105544] (ugv_bridge) StdoutLine: {'line': b'running install_data\n'}
[3.106385] (ugv_bridge) StdoutLine: {'line': b'copying urdf/ugv.urdf -> /home/dannydevss/Escritorio/TESIS/install/ugv_bridge/share/ugv_bridge/urdf\n'}
[3.107769] (ugv_bridge) StdoutLine: {'line': b'running install_egg_info\n'}
[3.112847] (-) TimerEvent: {}
[3.150456] (ugv_core) StdoutLine: {'line': b"writing list of installed files to '/home/dannydevss/Escritorio/TESIS/build/ugv_core/install.log'\n"}
[3.157719] (ugv_bridge) StdoutLine: {'line': b"removing '/home/dannydevss/Escritorio/TESIS/install/ugv_bridge/lib/python3.12/site-packages/ugv_bridge-0.0.0-py3.12.egg-info' (and everything under it)\n"}
[3.160023] (ugv_bridge) StdoutLine: {'line': b'Copying ../../build/ugv_bridge/ugv_bridge.egg-info to /home/dannydevss/Escritorio/TESIS/install/ugv_bridge/lib/python3.12/site-packages/ugv_bridge-0.0.0-py3.12.egg-info\n'}
[3.161963] (ugv_bridge) StdoutLine: {'line': b'running install_scripts\n'}
[3.213957] (-) TimerEvent: {}
[3.231383] (ugv_core) CommandEnded: {'returncode': 0}
[3.239542] (ugv_gcs) StdoutLine: {'line': b'Installing gcs_node script to /home/dannydevss/Escritorio/TESIS/install/ugv_gcs/lib/ugv_gcs\n'}
[3.241020] (ugv_gcs) StdoutLine: {'line': b"writing list of installed files to '/home/dannydevss/Escritorio/TESIS/build/ugv_gcs/install.log'\n"}
[3.260512] (ugv_core) JobEnded: {'identifier': 'ugv_core', 'rc': 0}
[3.264188] (ugv_policy) JobStarted: {'identifier': 'ugv_policy'}
[3.274069] (ugv_sim) JobStarted: {'identifier': 'ugv_sim'}
[3.314093] (-) TimerEvent: {}
[3.414699] (-) TimerEvent: {}
[3.455106] (ugv_bridge) StdoutLine: {'line': b'Installing dummy_rl_controller script to /home/dannydevss/Escritorio/TESIS/install/ugv_bridge/lib/ugv_bridge\n'}
[3.455762] (ugv_bridge) StdoutLine: {'line': b'Installing flipper_node script to /home/dannydevss/Escritorio/TESIS/install/ugv_bridge/lib/ugv_bridge\n'}
[3.456378] (ugv_bridge) StdoutLine: {'line': b'Installing gui_a_vcan script to /home/dannydevss/Escritorio/TESIS/install/ugv_bridge/lib/ugv_bridge\n'}
[3.456668] (ugv_bridge) StdoutLine: {'line': b'Installing motor_emulator script to /home/dannydevss/Escritorio/TESIS/install/ugv_bridge/lib/ugv_bridge\n'}
[3.457181] (ugv_bridge) StdoutLine: {'line': b'Installing track_odometry_node script to /home/dannydevss/Escritorio/TESIS/install/ugv_bridge/lib/ugv_bridge\n'}
[3.457601] (ugv_bridge) StdoutLine: {'line': b"writing list of installed files to '/home/dannydevss/Escritorio/TESIS/build/ugv_bridge/install.log'\n"}
[3.514842] (-) TimerEvent: {}
[3.615317] (-) TimerEvent: {}
[3.715640] (-) TimerEvent: {}
[3.815955] (-) TimerEvent: {}
[3.916297] (-) TimerEvent: {}
[3.965982] (ugv_bridge) CommandEnded: {'returncode': 0}
[3.976278] (ugv_bridge) JobEnded: {'identifier': 'ugv_bridge', 'rc': 0}
[3.977474] (ugv_gcs) CommandEnded: {'returncode': 0}
[3.986505] (ugv_gcs) JobEnded: {'identifier': 'ugv_gcs', 'rc': 0}
[4.016424] (-) TimerEvent: {}
[4.116920] (-) TimerEvent: {}
[4.217294] (-) TimerEvent: {}
[4.317634] (-) TimerEvent: {}
[4.417930] (-) TimerEvent: {}
[4.518270] (-) TimerEvent: {}
[4.618620] (-) TimerEvent: {}
[4.718973] (-) TimerEvent: {}
[4.819397] (-) TimerEvent: {}
[4.857049] (ugv_sim) Command: {'cmd': ['/usr/bin/python3', '-W', 'ignore:setup.py install is deprecated', '-W', 'ignore:easy_install command is deprecated', 'setup.py', 'egg_info', '--egg-base', '../../build/ugv_sim', 'build', '--build-base', '/home/dannydevss/Escritorio/TESIS/build/ugv_sim/build', 'install', '--record', '/home/dannydevss/Escritorio/TESIS/build/ugv_sim/install.log', '--install-scripts', '$base/lib/ugv_sim', '--single-version-externally-managed', 'install_data'], 'cwd': '/home/dannydevss/Escritorio/TESIS/src/ugv_sim', 'env': {'PROFILEHOME': '', 'KDE_FULL_SESSION': 'true', 'RUSTICL_ENABLE': 'iris', 'MAIL': 'thunderbird', 'LANGUAGE': '', 'USER': 'dannydevss', 'PAM_KWALLET5_LOGIN': '/run/user/1000/kwallet5.socket', 'LC_TIME': 'es_CL.UTF-8', 'HOSTNAME': 'SkullCachy', 'XDG_SESSION_TYPE': 'wayland', 'KONSOLE_VERSION': '260403', 'XDG_CACHE_HOME': '/home/dannydevss/.cache', 'QT_WAYLAND_RECONNECT': '1', 'SHLVL': '4', 'LD_LIBRARY_PATH': '/opt/ros/jazzy/opt/rviz_ogre_vendor/lib:/opt/ros/jazzy/lib/x86_64-linux-gnu:/opt/ros/jazzy/opt/gz_math_vendor/lib:/opt/ros/jazzy/opt/gz_utils_vendor/lib:/opt/ros/jazzy/opt/gz_cmake_vendor/lib:/opt/ros/jazzy/lib', 'BROWSER': 'cachy-browser', 'MOTD_SHOWN': 'pam', 'HOME': '/home/dannydevss', 'KDE_APPLICATIONS_AS_SCOPE': '1', 'OLDPWD': '/home/dannydevss', 'DESKTOP_SESSION': 'plasma', 'MANROFFOPT': '-c', 'ROS_PYTHON_VERSION': '3', 'GTK_RC_FILES': '/etc/gtk/gtkrc:/home/dannydevss/.gtkrc:/home/dannydevss/.config/gtkrc', 'KDE_SESSION_VERSION': '6', 'LC_MONETARY': 'es_CL.UTF-8', 'KONSOLE_DBUS_SESSION': '/Sessions/1', 'MANAGERPID': '769', 'DISTROBOX_ENTER_PATH': '/usr/bin/distrobox-enter', 'SYSTEMD_EXEC_PID': '830', 'XDG_STATE_HOME': '/home/dannydevss/.local/state', 'DBUS_SESSION_BUS_ADDRESS': 'unix:path=/run/user/1000/bus', 'COLORTERM': 'truecolor', 'container': 'podman', 'KONSOLE_DBUS_ACTIVATION_COOKIE': 'N5+rvdIQfMMLWYn+YhnpYqwfQGkqvLxrmvltBlqOKMw=', 'KONSOLE_DBUS_WINDOW': '/Windows/1', 'DEBUGINFOD_URLS': 'https://debuginfod.archlinux.org https://debuginfod.cachyos.org', 'QT_QPA_PLATFORMTHEME': 'qt5ct', 'WAYLAND_DISPLAY': 'wayland-0', 'XKB_DEFAULT_LAYOUT': 'latam', 'ROS_DISTRO': 'jazzy', 'LOGNAME': 'dannydevss', 'WINDOWID': '94659487432624', 'MANAGERPIDFDID': '12436', 'JOURNAL_STREAM': '10:15133', '_': '/usr/bin/colcon', 'ROS_VERSION': '2', 'MEMORY_PRESSURE_WATCH': '/sys/fs/cgroup/user.slice/user-1000.slice/user@1000.service/session.slice/plasma-kwin_wayland.service/memory.pressure', 'XDG_SESSION_CLASS': 'user', 'COLORFGBG': '15;0', 'TERMINFO_DIRS': '/usr/share/terminfo:/run/host/usr/share/terminfo', 'TERM': 'xterm-256color', 'XDG_SESSION_ID': '2', 'KGLOBALACCELD_PLATFORM': 'org.kde.kwin', 'GTK2_RC_FILES': '/home/dannydevss/.gtkrc-2.0', 'FLATPAK_TTY_PROGRESS': '1', 'PATH': '/opt/ros/jazzy/bin:/home/dannydevss/.local/bin:/usr/local/bin:/usr/bin:/var/lib/flatpak/exports/bin:/usr/bin/site_perl:/usr/bin/vendor_perl:/usr/bin/core_perl:/usr/local/sbin:/usr/sbin:/usr/local/bin:/usr/bin:/sbin:/bin:/usr/local/sbin:/usr/sbin:/sbin:/bin', 'SESSION_MANAGER': 'local/SkullCachy:@/tmp/.ICE-unix/977,unix/SkullCachy:/tmp/.ICE-unix/977', 'INVOCATION_ID': '9020e8de3638439b98fc3e1252681cbe', 'XDG_SESSION_PATH': '/org/freedesktop/DisplayManager/Session2', 'XDG_MENU_PREFIX': 'plasma-', 'LC_ADDRESS': 'es_CL.UTF-8', 'XKB_DEFAULT_MODEL': 'pc105', 'XDG_RUNTIME_DIR': '/run/user/1000', 'ICEAUTHORITY': '/run/user/1000/iceauth_ejHKMa', 'DISPLAY': ':1', 'LANG': 'es_MX.UTF-8', 'XDG_CURRENT_DESKTOP': 'KDE', 'LC_TELEPHONE': 'es_CL.UTF-8', 'XDG_DATA_HOME': '/home/dannydevss/.local/share', 'XDG_CONFIG_HOME': '/home/dannydevss/.config', 'XDG_SESSION_DESKTOP': 'KDE', 'XAUTHORITY': '/run/user/1000/xauth_ZnBNoj', 'MANPAGER': "sh -c 'col -bx | bat -l man -p'", 'AMENT_PREFIX_PATH': '/home/dannydevss/Escritorio/TESIS/install/ugv_core:/opt/ros/jazzy', 'SHELL': 'fish', 'LC_NAME': 'es_CL.UTF-8', 'KONSOLE_DBUS_SERVICE': ':1.55', 'LC_MEASUREMENT': 'es_CL.UTF-8', 'XKB_DEFAULT_VARIANT': 'deadtilde', 'VSSCRIPT_PATH': '/usr/lib/python3.14/site-packages/vapoursynth/libvsscript.so', 'LC_IDENTIFICATION': 'es_CL.UTF-8', 'ROS_AUTOMATIC_DISCOVERY_RANGE': 'SUBNET', 'PWD': '/home/dannydevss/Escritorio/TESIS/build/ugv_sim', 'CONTAINER_ID': 'ros2-jazzy', 'XDG_CONFIG_DIRS': '/home/dannydevss/.config/kdedefaults:/etc/xdg', 'VIRTUAL_ENV_DISABLE_PROMPT': '1', 'XDG_DATA_DIRS': '/home/dannydevss/.local/share/flatpak/exports/share:/var/lib/flatpak/exports/share:/usr/local/share:/usr/share', 'PYTHONPATH': '/home/dannydevss/Escritorio/TESIS/build/ugv_sim/prefix_override:/usr/lib/python3/dist-packages/colcon_core/task/python/colcon_distutils_commands:/home/dannydevss/Escritorio/TESIS/install/ugv_sim/lib/python3.12/site-packages:/home/dannydevss/Escritorio/TESIS/install/ugv_core/lib/python3.12/site-packages:/opt/ros/jazzy/lib/python3.12/site-packages', 'LC_NUMERIC': 'es_CL.UTF-8', 'LC_PAPER': 'es_CL.UTF-8', 'KDE_SESSION_UID': '1000', 'COLCON': '1', 'MEMORY_PRESSURE_WRITE': 'c29tZSAyMDAwMDAgMjAwMDAwMAA=', 'EDITOR': '/usr/bin/vim', 'CMAKE_PREFIX_PATH': '/opt/ros/jazzy/opt/gz_math_vendor:/opt/ros/jazzy/opt/gz_utils_vendor:/opt/ros/jazzy/opt/gz_cmake_vendor'}, 'shell': False}
[4.860915] (ugv_policy) Command: {'cmd': ['/usr/bin/python3', '-W', 'ignore:setup.py install is deprecated', '-W', 'ignore:easy_install command is deprecated', 'setup.py', 'egg_info', '--egg-base', '../../build/ugv_policy', 'build', '--build-base', '/home/dannydevss/Escritorio/TESIS/build/ugv_policy/build', 'install', '--record', '/home/dannydevss/Escritorio/TESIS/build/ugv_policy/install.log', '--install-scripts', '$base/lib/ugv_policy', '--single-version-externally-managed', 'install_data'], 'cwd': '/home/dannydevss/Escritorio/TESIS/src/ugv_policy', 'env': {'PROFILEHOME': '', 'KDE_FULL_SESSION': 'true', 'RUSTICL_ENABLE': 'iris', 'MAIL': 'thunderbird', 'LANGUAGE': '', 'USER': 'dannydevss', 'PAM_KWALLET5_LOGIN': '/run/user/1000/kwallet5.socket', 'LC_TIME': 'es_CL.UTF-8', 'HOSTNAME': 'SkullCachy', 'XDG_SESSION_TYPE': 'wayland', 'KONSOLE_VERSION': '260403', 'XDG_CACHE_HOME': '/home/dannydevss/.cache', 'QT_WAYLAND_RECONNECT': '1', 'SHLVL': '4', 'LD_LIBRARY_PATH': '/opt/ros/jazzy/opt/rviz_ogre_vendor/lib:/opt/ros/jazzy/lib/x86_64-linux-gnu:/opt/ros/jazzy/opt/gz_math_vendor/lib:/opt/ros/jazzy/opt/gz_utils_vendor/lib:/opt/ros/jazzy/opt/gz_cmake_vendor/lib:/opt/ros/jazzy/lib', 'BROWSER': 'cachy-browser', 'MOTD_SHOWN': 'pam', 'HOME': '/home/dannydevss', 'KDE_APPLICATIONS_AS_SCOPE': '1', 'OLDPWD': '/home/dannydevss', 'DESKTOP_SESSION': 'plasma', 'MANROFFOPT': '-c', 'ROS_PYTHON_VERSION': '3', 'GTK_RC_FILES': '/etc/gtk/gtkrc:/home/dannydevss/.gtkrc:/home/dannydevss/.config/gtkrc', 'KDE_SESSION_VERSION': '6', 'LC_MONETARY': 'es_CL.UTF-8', 'KONSOLE_DBUS_SESSION': '/Sessions/1', 'MANAGERPID': '769', 'DISTROBOX_ENTER_PATH': '/usr/bin/distrobox-enter', 'SYSTEMD_EXEC_PID': '830', 'XDG_STATE_HOME': '/home/dannydevss/.local/state', 'DBUS_SESSION_BUS_ADDRESS': 'unix:path=/run/user/1000/bus', 'COLORTERM': 'truecolor', 'container': 'podman', 'KONSOLE_DBUS_ACTIVATION_COOKIE': 'N5+rvdIQfMMLWYn+YhnpYqwfQGkqvLxrmvltBlqOKMw=', 'KONSOLE_DBUS_WINDOW': '/Windows/1', 'DEBUGINFOD_URLS': 'https://debuginfod.archlinux.org https://debuginfod.cachyos.org', 'QT_QPA_PLATFORMTHEME': 'qt5ct', 'WAYLAND_DISPLAY': 'wayland-0', 'XKB_DEFAULT_LAYOUT': 'latam', 'ROS_DISTRO': 'jazzy', 'LOGNAME': 'dannydevss', 'WINDOWID': '94659487432624', 'MANAGERPIDFDID': '12436', 'JOURNAL_STREAM': '10:15133', '_': '/usr/bin/colcon', 'ROS_VERSION': '2', 'MEMORY_PRESSURE_WATCH': '/sys/fs/cgroup/user.slice/user-1000.slice/user@1000.service/session.slice/plasma-kwin_wayland.service/memory.pressure', 'XDG_SESSION_CLASS': 'user', 'COLORFGBG': '15;0', 'TERMINFO_DIRS': '/usr/share/terminfo:/run/host/usr/share/terminfo', 'TERM': 'xterm-256color', 'XDG_SESSION_ID': '2', 'KGLOBALACCELD_PLATFORM': 'org.kde.kwin', 'GTK2_RC_FILES': '/home/dannydevss/.gtkrc-2.0', 'FLATPAK_TTY_PROGRESS': '1', 'PATH': '/opt/ros/jazzy/bin:/home/dannydevss/.local/bin:/usr/local/bin:/usr/bin:/var/lib/flatpak/exports/bin:/usr/bin/site_perl:/usr/bin/vendor_perl:/usr/bin/core_perl:/usr/local/sbin:/usr/sbin:/usr/local/bin:/usr/bin:/sbin:/bin:/usr/local/sbin:/usr/sbin:/sbin:/bin', 'SESSION_MANAGER': 'local/SkullCachy:@/tmp/.ICE-unix/977,unix/SkullCachy:/tmp/.ICE-unix/977', 'INVOCATION_ID': '9020e8de3638439b98fc3e1252681cbe', 'XDG_SESSION_PATH': '/org/freedesktop/DisplayManager/Session2', 'XDG_MENU_PREFIX': 'plasma-', 'LC_ADDRESS': 'es_CL.UTF-8', 'XKB_DEFAULT_MODEL': 'pc105', 'XDG_RUNTIME_DIR': '/run/user/1000', 'ICEAUTHORITY': '/run/user/1000/iceauth_ejHKMa', 'DISPLAY': ':1', 'LANG': 'es_MX.UTF-8', 'XDG_CURRENT_DESKTOP': 'KDE', 'LC_TELEPHONE': 'es_CL.UTF-8', 'XDG_DATA_HOME': '/home/dannydevss/.local/share', 'XDG_CONFIG_HOME': '/home/dannydevss/.config', 'XDG_SESSION_DESKTOP': 'KDE', 'XAUTHORITY': '/run/user/1000/xauth_ZnBNoj', 'MANPAGER': "sh -c 'col -bx | bat -l man -p'", 'AMENT_PREFIX_PATH': '/home/dannydevss/Escritorio/TESIS/install/ugv_core:/opt/ros/jazzy', 'SHELL': 'fish', 'LC_NAME': 'es_CL.UTF-8', 'KONSOLE_DBUS_SERVICE': ':1.55', 'LC_MEASUREMENT': 'es_CL.UTF-8', 'XKB_DEFAULT_VARIANT': 'deadtilde', 'VSSCRIPT_PATH': '/usr/lib/python3.14/site-packages/vapoursynth/libvsscript.so', 'LC_IDENTIFICATION': 'es_CL.UTF-8', 'ROS_AUTOMATIC_DISCOVERY_RANGE': 'SUBNET', 'PWD': '/home/dannydevss/Escritorio/TESIS/build/ugv_policy', 'CONTAINER_ID': 'ros2-jazzy', 'XDG_CONFIG_DIRS': '/home/dannydevss/.config/kdedefaults:/etc/xdg', 'VIRTUAL_ENV_DISABLE_PROMPT': '1', 'XDG_DATA_DIRS': '/home/dannydevss/.local/share/flatpak/exports/share:/var/lib/flatpak/exports/share:/usr/local/share:/usr/share', 'PYTHONPATH': '/home/dannydevss/Escritorio/TESIS/build/ugv_policy/prefix_override:/usr/lib/python3/dist-packages/colcon_core/task/python/colcon_distutils_commands:/home/dannydevss/Escritorio/TESIS/install/ugv_policy/lib/python3.12/site-packages:/home/dannydevss/Escritorio/TESIS/install/ugv_core/lib/python3.12/site-packages:/opt/ros/jazzy/lib/python3.12/site-packages', 'LC_NUMERIC': 'es_CL.UTF-8', 'LC_PAPER': 'es_CL.UTF-8', 'KDE_SESSION_UID': '1000', 'COLCON': '1', 'MEMORY_PRESSURE_WRITE': 'c29tZSAyMDAwMDAgMjAwMDAwMAA=', 'EDITOR': '/usr/bin/vim', 'CMAKE_PREFIX_PATH': '/opt/ros/jazzy/opt/gz_math_vendor:/opt/ros/jazzy/opt/gz_utils_vendor:/opt/ros/jazzy/opt/gz_cmake_vendor'}, 'shell': False}
[4.919494] (-) TimerEvent: {}
[5.019855] (-) TimerEvent: {}
[5.120248] (-) TimerEvent: {}
[5.220603] (-) TimerEvent: {}
[5.247694] (ugv_sim) StdoutLine: {'line': b'running egg_info\n'}
[5.253474] (ugv_policy) StdoutLine: {'line': b'running egg_info\n'}
[5.275377] (ugv_sim) StdoutLine: {'line': b'writing ../../build/ugv_sim/ugv_sim.egg-info/PKG-INFO\n'}
[5.275860] (ugv_sim) StdoutLine: {'line': b'writing dependency_links to ../../build/ugv_sim/ugv_sim.egg-info/dependency_links.txt\n'}
[5.276358] (ugv_sim) StdoutLine: {'line': b'writing entry points to ../../build/ugv_sim/ugv_sim.egg-info/entry_points.txt\n'}
[5.276796] (ugv_sim) StdoutLine: {'line': b'writing requirements to ../../build/ugv_sim/ugv_sim.egg-info/requires.txt\n'}
[5.277169] (ugv_sim) StdoutLine: {'line': b'writing top-level names to ../../build/ugv_sim/ugv_sim.egg-info/top_level.txt\n'}
[5.281422] (ugv_policy) StdoutLine: {'line': b'writing ../../build/ugv_policy/ugv_policy.egg-info/PKG-INFO\n'}
[5.281932] (ugv_policy) StdoutLine: {'line': b'writing dependency_links to ../../build/ugv_policy/ugv_policy.egg-info/dependency_links.txt\n'}
[5.282289] (ugv_policy) StdoutLine: {'line': b'writing entry points to ../../build/ugv_policy/ugv_policy.egg-info/entry_points.txt\n'}
[5.282651] (ugv_policy) StdoutLine: {'line': b'writing requirements to ../../build/ugv_policy/ugv_policy.egg-info/requires.txt\n'}
[5.283126] (ugv_policy) StdoutLine: {'line': b'writing top-level names to ../../build/ugv_policy/ugv_policy.egg-info/top_level.txt\n'}
[5.320723] (-) TimerEvent: {}
[5.346583] (ugv_sim) StdoutLine: {'line': b"reading manifest file '../../build/ugv_sim/ugv_sim.egg-info/SOURCES.txt'\n"}
[5.348248] (ugv_sim) StdoutLine: {'line': b"writing manifest file '../../build/ugv_sim/ugv_sim.egg-info/SOURCES.txt'\n"}
[5.348692] (ugv_sim) StdoutLine: {'line': b'running build\n'}
[5.348983] (ugv_sim) StdoutLine: {'line': b'running build_py\n'}
[5.349394] (ugv_sim) StdoutLine: {'line': b'running install\n'}
[5.351850] (ugv_policy) StdoutLine: {'line': b"reading manifest file '../../build/ugv_policy/ugv_policy.egg-info/SOURCES.txt'\n"}
[5.353695] (ugv_policy) StdoutLine: {'line': b"writing manifest file '../../build/ugv_policy/ugv_policy.egg-info/SOURCES.txt'\n"}
[5.354796] (ugv_policy) StdoutLine: {'line': b'running build\n'}
[5.355103] (ugv_policy) StdoutLine: {'line': b'running build_py\n'}
[5.355320] (ugv_policy) StdoutLine: {'line': b'running install\n'}
[5.365144] (ugv_sim) StdoutLine: {'line': b'running install_lib\n'}
[5.365869] (ugv_policy) StdoutLine: {'line': b'running install_lib\n'}
[5.402757] (ugv_sim) StdoutLine: {'line': b'running install_data\n'}
[5.403285] (ugv_sim) StdoutLine: {'line': b'running install_egg_info\n'}
[5.403675] (ugv_policy) StdoutLine: {'line': b'running install_data\n'}
[5.404111] (ugv_policy) StdoutLine: {'line': b'running install_egg_info\n'}
[5.420835] (-) TimerEvent: {}
[5.442316] (ugv_sim) StdoutLine: {'line': b"removing '/home/dannydevss/Escritorio/TESIS/install/ugv_sim/lib/python3.12/site-packages/ugv_sim-0.0.0-py3.12.egg-info' (and everything under it)\n"}
[5.443399] (ugv_sim) StdoutLine: {'line': b'Copying ../../build/ugv_sim/ugv_sim.egg-info to /home/dannydevss/Escritorio/TESIS/install/ugv_sim/lib/python3.12/site-packages/ugv_sim-0.0.0-py3.12.egg-info\n'}
[5.445172] (ugv_policy) StdoutLine: {'line': b"removing '/home/dannydevss/Escritorio/TESIS/install/ugv_policy/lib/python3.12/site-packages/ugv_policy-0.0.0-py3.12.egg-info' (and everything under it)\n"}
[5.446104] (ugv_sim) StdoutLine: {'line': b'running install_scripts\n'}
[5.447320] (ugv_policy) StdoutLine: {'line': b'Copying ../../build/ugv_policy/ugv_policy.egg-info to /home/dannydevss/Escritorio/TESIS/install/ugv_policy/lib/python3.12/site-packages/ugv_policy-0.0.0-py3.12.egg-info\n'}
[5.449006] (ugv_policy) StdoutLine: {'line': b'running install_scripts\n'}
[5.520947] (-) TimerEvent: {}
[5.621522] (-) TimerEvent: {}
[5.656785] (ugv_sim) StdoutLine: {'line': b'Installing sim_node script to /home/dannydevss/Escritorio/TESIS/install/ugv_sim/lib/ugv_sim\n'}
[5.657459] (ugv_sim) StdoutLine: {'line': b"writing list of installed files to '/home/dannydevss/Escritorio/TESIS/build/ugv_sim/install.log'\n"}
[5.664957] (ugv_policy) StdoutLine: {'line': b'Installing policy_node script to /home/dannydevss/Escritorio/TESIS/install/ugv_policy/lib/ugv_policy\n'}
[5.665816] (ugv_policy) StdoutLine: {'line': b"writing list of installed files to '/home/dannydevss/Escritorio/TESIS/build/ugv_policy/install.log'\n"}
[5.719303] (ugv_sim) CommandEnded: {'returncode': 0}
[5.721757] (-) TimerEvent: {}
[5.730922] (ugv_sim) JobEnded: {'identifier': 'ugv_sim', 'rc': 0}
[5.732598] (ugv_policy) CommandEnded: {'returncode': 0}
[5.742833] (ugv_policy) JobEnded: {'identifier': 'ugv_policy', 'rc': 0}
[5.744507] (-) EventReactorShutdown: {}
