[2.259s] Invoking command in '/home/dannydevss/Escritorio/TESIS/src/ugv_gcs': DEBUGINFOD_URLS=https://debuginfod.archlinux.org https://debuginfod.cachyos.org PYTHONPATH=/home/dannydevss/Escritorio/TESIS/build/ugv_gcs/prefix_override:/usr/lib/python3/dist-packages/colcon_core/task/python/colcon_distutils_commands:/home/dannydevss/Escritorio/TESIS/install/ugv_gcs/lib/python3.12/site-packages:${PYTHONPATH} /usr/bin/python3 -W ignore:setup.py install is deprecated -W ignore:easy_install command is deprecated setup.py egg_info --egg-base ../../build/ugv_gcs build --build-base /home/dannydevss/Escritorio/TESIS/build/ugv_gcs/build install --record /home/dannydevss/Escritorio/TESIS/build/ugv_gcs/install.log --install-scripts $base/lib/ugv_gcs --single-version-externally-managed install_data
[2.910s] running egg_info
[2.956s] writing ../../build/ugv_gcs/ugv_gcs.egg-info/PKG-INFO
[2.956s] writing dependency_links to ../../build/ugv_gcs/ugv_gcs.egg-info/dependency_links.txt
[2.957s] writing entry points to ../../build/ugv_gcs/ugv_gcs.egg-info/entry_points.txt
[2.958s] writing requirements to ../../build/ugv_gcs/ugv_gcs.egg-info/requires.txt
[2.958s] writing top-level names to ../../build/ugv_gcs/ugv_gcs.egg-info/top_level.txt
[3.052s] reading manifest file '../../build/ugv_gcs/ugv_gcs.egg-info/SOURCES.txt'
[3.053s] writing manifest file '../../build/ugv_gcs/ugv_gcs.egg-info/SOURCES.txt'
[3.054s] running build
[3.054s] running build_py
[3.055s] running install
[3.073s] running install_lib
[3.124s] running install_data
[3.126s] running install_egg_info
[3.186s] removing '/home/dannydevss/Escritorio/TESIS/install/ugv_gcs/lib/python3.12/site-packages/ugv_gcs-0.0.0-py3.12.egg-info' (and everything under it)
[3.188s] Copying ../../build/ugv_gcs/ugv_gcs.egg-info to /home/dannydevss/Escritorio/TESIS/install/ugv_gcs/lib/python3.12/site-packages/ugv_gcs-0.0.0-py3.12.egg-info
[3.189s] running install_scripts
[3.655s] Installing gcs_node script to /home/dannydevss/Escritorio/TESIS/install/ugv_gcs/lib/ugv_gcs
[3.656s] writing list of installed files to '/home/dannydevss/Escritorio/TESIS/build/ugv_gcs/install.log'
[3.766s] Invoked command in '/home/dannydevss/Escritorio/TESIS/src/ugv_gcs' returned '0': DEBUGINFOD_URLS=https://debuginfod.archlinux.org https://debuginfod.cachyos.org PYTHONPATH=/home/dannydevss/Escritorio/TESIS/build/ugv_gcs/prefix_override:/usr/lib/python3/dist-packages/colcon_core/task/python/colcon_distutils_commands:/home/dannydevss/Escritorio/TESIS/install/ugv_gcs/lib/python3.12/site-packages:${PYTHONPATH} /usr/bin/python3 -W ignore:setup.py install is deprecated -W ignore:easy_install command is deprecated setup.py egg_info --egg-base ../../build/ugv_gcs build --build-base /home/dannydevss/Escritorio/TESIS/build/ugv_gcs/build install --record /home/dannydevss/Escritorio/TESIS/build/ugv_gcs/install.log --install-scripts $base/lib/ugv_gcs --single-version-externally-managed install_data
