running egg_info
creating ../../build/ugv_gcs/ugv_gcs.egg-info
writing ../../build/ugv_gcs/ugv_gcs.egg-info/PKG-INFO
writing dependency_links to ../../build/ugv_gcs/ugv_gcs.egg-info/dependency_links.txt
writing entry points to ../../build/ugv_gcs/ugv_gcs.egg-info/entry_points.txt
writing requirements to ../../build/ugv_gcs/ugv_gcs.egg-info/requires.txt
writing top-level names to ../../build/ugv_gcs/ugv_gcs.egg-info/top_level.txt
writing manifest file '../../build/ugv_gcs/ugv_gcs.egg-info/SOURCES.txt'
reading manifest file '../../build/ugv_gcs/ugv_gcs.egg-info/SOURCES.txt'
writing manifest file '../../build/ugv_gcs/ugv_gcs.egg-info/SOURCES.txt'
running build
running build_py
creating /home/dannydevss/Escritorio/TESIS/build/ugv_gcs/build
creating /home/dannydevss/Escritorio/TESIS/build/ugv_gcs/build/lib
creating /home/dannydevss/Escritorio/TESIS/build/ugv_gcs/build/lib/ugv_gcs
copying ugv_gcs/__init__.py -> /home/dannydevss/Escritorio/TESIS/build/ugv_gcs/build/lib/ugv_gcs
copying ugv_gcs/gcs_node.py -> /home/dannydevss/Escritorio/TESIS/build/ugv_gcs/build/lib/ugv_gcs
running install
running install_lib
creating /home/dannydevss/Escritorio/TESIS/install/ugv_gcs/lib/python3.12/site-packages/ugv_gcs
copying /home/dannydevss/Escritorio/TESIS/build/ugv_gcs/build/lib/ugv_gcs/__init__.py -> /home/dannydevss/Escritorio/TESIS/install/ugv_gcs/lib/python3.12/site-packages/ugv_gcs
copying /home/dannydevss/Escritorio/TESIS/build/ugv_gcs/build/lib/ugv_gcs/gcs_node.py -> /home/dannydevss/Escritorio/TESIS/install/ugv_gcs/lib/python3.12/site-packages/ugv_gcs
byte-compiling /home/dannydevss/Escritorio/TESIS/install/ugv_gcs/lib/python3.12/site-packages/ugv_gcs/__init__.py to __init__.cpython-312.pyc
byte-compiling /home/dannydevss/Escritorio/TESIS/install/ugv_gcs/lib/python3.12/site-packages/ugv_gcs/gcs_node.py to gcs_node.cpython-312.pyc
running install_data
creating /home/dannydevss/Escritorio/TESIS/install/ugv_gcs/share/ament_index
creating /home/dannydevss/Escritorio/TESIS/install/ugv_gcs/share/ament_index/resource_index
creating /home/dannydevss/Escritorio/TESIS/install/ugv_gcs/share/ament_index/resource_index/packages
copying resource/ugv_gcs -> /home/dannydevss/Escritorio/TESIS/install/ugv_gcs/share/ament_index/resource_index/packages
copying package.xml -> /home/dannydevss/Escritorio/TESIS/install/ugv_gcs/share/ugv_gcs
running install_egg_info
Copying ../../build/ugv_gcs/ugv_gcs.egg-info to /home/dannydevss/Escritorio/TESIS/install/ugv_gcs/lib/python3.12/site-packages/ugv_gcs-0.0.0-py3.12.egg-info
running install_scripts
Installing gcs_node script to /home/dannydevss/Escritorio/TESIS/install/ugv_gcs/lib/ugv_gcs
writing list of installed files to '/home/dannydevss/Escritorio/TESIS/build/ugv_gcs/install.log'
