[2.442s] Invoking command in '/home/dannydevss/Escritorio/TESIS/src/ugv_gcs': DEBUGINFOD_URLS=https://debuginfod.archlinux.org https://debuginfod.cachyos.org PYTHONPATH=/home/dannydevss/Escritorio/TESIS/build/ugv_gcs/prefix_override:/usr/lib/python3/dist-packages/colcon_core/task/python/colcon_distutils_commands:/home/dannydevss/Escritorio/TESIS/install/ugv_gcs/lib/python3.12/site-packages: /usr/bin/python3 -W ignore:setup.py install is deprecated -W ignore:easy_install command is deprecated setup.py egg_info --egg-base ../../build/ugv_gcs build --build-base /home/dannydevss/Escritorio/TESIS/build/ugv_gcs/build install --record /home/dannydevss/Escritorio/TESIS/build/ugv_gcs/install.log --install-scripts $base/lib/ugv_gcs --single-version-externally-managed install_data
[2.972s] running egg_info
[2.973s] creating ../../build/ugv_gcs/ugv_gcs.egg-info
[2.999s] writing ../../build/ugv_gcs/ugv_gcs.egg-info/PKG-INFO
[3.001s] writing dependency_links to ../../build/ugv_gcs/ugv_gcs.egg-info/dependency_links.txt
[3.001s] writing entry points to ../../build/ugv_gcs/ugv_gcs.egg-info/entry_points.txt
[3.001s] writing requirements to ../../build/ugv_gcs/ugv_gcs.egg-info/requires.txt
[3.002s] writing top-level names to ../../build/ugv_gcs/ugv_gcs.egg-info/top_level.txt
[3.002s] writing manifest file '../../build/ugv_gcs/ugv_gcs.egg-info/SOURCES.txt'
[3.047s] reading manifest file '../../build/ugv_gcs/ugv_gcs.egg-info/SOURCES.txt'
[3.049s] writing manifest file '../../build/ugv_gcs/ugv_gcs.egg-info/SOURCES.txt'
[3.049s] running build
[3.049s] running build_py
[3.050s] creating /home/dannydevss/Escritorio/TESIS/build/ugv_gcs/build
[3.050s] creating /home/dannydevss/Escritorio/TESIS/build/ugv_gcs/build/lib
[3.051s] creating /home/dannydevss/Escritorio/TESIS/build/ugv_gcs/build/lib/ugv_gcs
[3.051s] copying ugv_gcs/__init__.py -> /home/dannydevss/Escritorio/TESIS/build/ugv_gcs/build/lib/ugv_gcs
[3.051s] copying ugv_gcs/gcs_node.py -> /home/dannydevss/Escritorio/TESIS/build/ugv_gcs/build/lib/ugv_gcs
[3.051s] running install
[3.070s] running install_lib
[3.093s] creating /home/dannydevss/Escritorio/TESIS/install/ugv_gcs/lib/python3.12/site-packages/ugv_gcs
[3.093s] copying /home/dannydevss/Escritorio/TESIS/build/ugv_gcs/build/lib/ugv_gcs/__init__.py -> /home/dannydevss/Escritorio/TESIS/install/ugv_gcs/lib/python3.12/site-packages/ugv_gcs
[3.094s] copying /home/dannydevss/Escritorio/TESIS/build/ugv_gcs/build/lib/ugv_gcs/gcs_node.py -> /home/dannydevss/Escritorio/TESIS/install/ugv_gcs/lib/python3.12/site-packages/ugv_gcs
[3.095s] byte-compiling /home/dannydevss/Escritorio/TESIS/install/ugv_gcs/lib/python3.12/site-packages/ugv_gcs/__init__.py to __init__.cpython-312.pyc
[3.097s] byte-compiling /home/dannydevss/Escritorio/TESIS/install/ugv_gcs/lib/python3.12/site-packages/ugv_gcs/gcs_node.py to gcs_node.cpython-312.pyc
[3.103s] running install_data
[3.103s] creating /home/dannydevss/Escritorio/TESIS/install/ugv_gcs/share/ament_index
[3.103s] creating /home/dannydevss/Escritorio/TESIS/install/ugv_gcs/share/ament_index/resource_index
[3.104s] creating /home/dannydevss/Escritorio/TESIS/install/ugv_gcs/share/ament_index/resource_index/packages
[3.104s] copying resource/ugv_gcs -> /home/dannydevss/Escritorio/TESIS/install/ugv_gcs/share/ament_index/resource_index/packages
[3.104s] copying package.xml -> /home/dannydevss/Escritorio/TESIS/install/ugv_gcs/share/ugv_gcs
[3.104s] running install_egg_info
[3.124s] Copying ../../build/ugv_gcs/ugv_gcs.egg-info to /home/dannydevss/Escritorio/TESIS/install/ugv_gcs/lib/python3.12/site-packages/ugv_gcs-0.0.0-py3.12.egg-info
[3.127s] running install_scripts
[3.281s] Installing gcs_node script to /home/dannydevss/Escritorio/TESIS/install/ugv_gcs/lib/ugv_gcs
[3.282s] writing list of installed files to '/home/dannydevss/Escritorio/TESIS/build/ugv_gcs/install.log'
[3.358s] Invoked command in '/home/dannydevss/Escritorio/TESIS/src/ugv_gcs' returned '0': DEBUGINFOD_URLS=https://debuginfod.archlinux.org https://debuginfod.cachyos.org PYTHONPATH=/home/dannydevss/Escritorio/TESIS/build/ugv_gcs/prefix_override:/usr/lib/python3/dist-packages/colcon_core/task/python/colcon_distutils_commands:/home/dannydevss/Escritorio/TESIS/install/ugv_gcs/lib/python3.12/site-packages: /usr/bin/python3 -W ignore:setup.py install is deprecated -W ignore:easy_install command is deprecated setup.py egg_info --egg-base ../../build/ugv_gcs build --build-base /home/dannydevss/Escritorio/TESIS/build/ugv_gcs/build install --record /home/dannydevss/Escritorio/TESIS/build/ugv_gcs/install.log --install-scripts $base/lib/ugv_gcs --single-version-externally-managed install_data
