[3.252s] Invoking command in '/home/dannydevss/Escritorio/TESIS/src/ugv_gcs': DEBUGINFOD_URLS=https://debuginfod.archlinux.org https://debuginfod.cachyos.org PYTHONPATH=/home/dannydevss/Escritorio/TESIS/build/ugv_gcs/prefix_override:/usr/lib/python3/dist-packages/colcon_core/task/python/colcon_distutils_commands:/home/dannydevss/Escritorio/TESIS/install/ugv_gcs/lib/python3.12/site-packages:${PYTHONPATH} /usr/bin/python3 -W ignore:setup.py install is deprecated -W ignore:easy_install command is deprecated setup.py egg_info --egg-base ../../build/ugv_gcs build --build-base /home/dannydevss/Escritorio/TESIS/build/ugv_gcs/build install --record /home/dannydevss/Escritorio/TESIS/build/ugv_gcs/install.log --install-scripts $base/lib/ugv_gcs --single-version-externally-managed install_data
[3.985s] running egg_info
[4.037s] writing ../../build/ugv_gcs/ugv_gcs.egg-info/PKG-INFO
[4.037s] writing dependency_links to ../../build/ugv_gcs/ugv_gcs.egg-info/dependency_links.txt
[4.038s] writing entry points to ../../build/ugv_gcs/ugv_gcs.egg-info/entry_points.txt
[4.040s] writing requirements to ../../build/ugv_gcs/ugv_gcs.egg-info/requires.txt
[4.041s] writing top-level names to ../../build/ugv_gcs/ugv_gcs.egg-info/top_level.txt
[4.158s] reading manifest file '../../build/ugv_gcs/ugv_gcs.egg-info/SOURCES.txt'
[4.161s] writing manifest file '../../build/ugv_gcs/ugv_gcs.egg-info/SOURCES.txt'
[4.161s] running build
[4.162s] running build_py
[4.163s] running install
[4.183s] running install_lib
[4.238s] running install_data
[4.243s] running install_egg_info
[4.303s] removing '/home/dannydevss/Escritorio/TESIS/install/ugv_gcs/lib/python3.12/site-packages/ugv_gcs-0.0.0-py3.12.egg-info' (and everything under it)
[4.305s] Copying ../../build/ugv_gcs/ugv_gcs.egg-info to /home/dannydevss/Escritorio/TESIS/install/ugv_gcs/lib/python3.12/site-packages/ugv_gcs-0.0.0-py3.12.egg-info
[4.310s] running install_scripts
[4.677s] Installing gcs_node script to /home/dannydevss/Escritorio/TESIS/install/ugv_gcs/lib/ugv_gcs
[4.678s] writing list of installed files to '/home/dannydevss/Escritorio/TESIS/build/ugv_gcs/install.log'
[5.176s] Invoked command in '/home/dannydevss/Escritorio/TESIS/src/ugv_gcs' returned '0': DEBUGINFOD_URLS=https://debuginfod.archlinux.org https://debuginfod.cachyos.org PYTHONPATH=/home/dannydevss/Escritorio/TESIS/build/ugv_gcs/prefix_override:/usr/lib/python3/dist-packages/colcon_core/task/python/colcon_distutils_commands:/home/dannydevss/Escritorio/TESIS/install/ugv_gcs/lib/python3.12/site-packages:${PYTHONPATH} /usr/bin/python3 -W ignore:setup.py install is deprecated -W ignore:easy_install command is deprecated setup.py egg_info --egg-base ../../build/ugv_gcs build --build-base /home/dannydevss/Escritorio/TESIS/build/ugv_gcs/build install --record /home/dannydevss/Escritorio/TESIS/build/ugv_gcs/install.log --install-scripts $base/lib/ugv_gcs --single-version-externally-managed install_data
