[0.199s] DEBUG:colcon:Command line arguments: ['/usr/bin/colcon', 'build']
[0.200s] DEBUG:colcon:Parsed command line arguments: Namespace(log_base=None, log_level=None, verb_name='build', build_base='build', install_base='install', merge_install=False, symlink_install=False, test_result_base=None, continue_on_error=False, executor='parallel', parallel_workers=4, event_handlers=None, ignore_user_meta=False, metas=['./colcon.meta'], base_paths=['.'], packages_ignore=None, packages_ignore_regex=None, paths=None, packages_up_to=None, packages_up_to_regex=None, packages_above=None, packages_above_and_dependencies=None, packages_above_depth=None, packages_select_by_dep=None, packages_skip_by_dep=None, packages_skip_up_to=None, packages_select_build_failed=False, packages_skip_build_finished=False, packages_select_test_failures=False, packages_skip_test_passed=False, packages_select=None, packages_skip=None, packages_select_regex=None, packages_skip_regex=None, packages_start=None, packages_end=None, allow_overriding=[], cmake_args=None, cmake_target=None, cmake_target_skip_unavailable=False, cmake_clean_cache=False, cmake_clean_first=False, cmake_force_configure=False, ament_cmake_args=None, catkin_cmake_args=None, catkin_skip_building_tests=False, verb_parser=<colcon_defaults.argument_parser.defaults.DefaultArgumentsDecorator object at 0x7fbe73990f20>, verb_extension=<colcon_core.verb.build.BuildVerb object at 0x7fbe73adde50>, main=<bound method BuildVerb.main of <colcon_core.verb.build.BuildVerb object at 0x7fbe73adde50>>)
[0.275s] Level 1:colcon.colcon_core.package_discovery:discover_packages(colcon_meta) check parameters
[0.275s] Level 1:colcon.colcon_core.package_discovery:discover_packages(recursive) check parameters
[0.275s] Level 1:colcon.colcon_core.package_discovery:discover_packages(ignore) check parameters
[0.275s] Level 1:colcon.colcon_core.package_discovery:discover_packages(path) check parameters
[0.275s] Level 1:colcon.colcon_core.package_discovery:discover_packages(colcon_meta) discover
[0.275s] Level 1:colcon.colcon_core.package_discovery:discover_packages(recursive) discover
[0.275s] INFO:colcon.colcon_core.package_discovery:Crawling recursively for packages in '/home/dannydevss/Escritorio/TESIS'
[0.275s] Level 1:colcon.colcon_core.package_identification:_identify(.) by extensions ['ignore', 'ignore_ament_install']
[0.276s] Level 1:colcon.colcon_core.package_identification:_identify(.) by extension 'ignore'
[0.276s] Level 1:colcon.colcon_core.package_identification:_identify(.) by extension 'ignore_ament_install'
[0.276s] Level 1:colcon.colcon_core.package_identification:_identify(.) by extensions ['colcon_pkg']
[0.276s] Level 1:colcon.colcon_core.package_identification:_identify(.) by extension 'colcon_pkg'
[0.276s] Level 1:colcon.colcon_core.package_identification:_identify(.) by extensions ['colcon_meta']
[0.276s] Level 1:colcon.colcon_core.package_identification:_identify(.) by extension 'colcon_meta'
[0.276s] Level 1:colcon.colcon_core.package_identification:_identify(.) by extensions ['ros']
[0.276s] Level 1:colcon.colcon_core.package_identification:_identify(.) by extension 'ros'
[0.333s] Level 1:colcon.colcon_core.package_identification:_identify(.) by extensions ['cmake', 'python']
[0.333s] Level 1:colcon.colcon_core.package_identification:_identify(.) by extension 'cmake'
[0.333s] Level 1:colcon.colcon_core.package_identification:_identify(.) by extension 'python'
[0.333s] Level 1:colcon.colcon_core.package_identification:_identify(.) by extensions ['python_setup_py']
[0.333s] Level 1:colcon.colcon_core.package_identification:_identify(.) by extension 'python_setup_py'
[0.333s] Level 1:colcon.colcon_core.package_identification:_identify(build) by extensions ['ignore', 'ignore_ament_install']
[0.334s] Level 1:colcon.colcon_core.package_identification:_identify(build) by extension 'ignore'
[0.334s] Level 1:colcon.colcon_core.package_identification:_identify(build) ignored
[0.334s] Level 1:colcon.colcon_core.package_identification:_identify(install) by extensions ['ignore', 'ignore_ament_install']
[0.334s] Level 1:colcon.colcon_core.package_identification:_identify(install) by extension 'ignore'
[0.334s] Level 1:colcon.colcon_core.package_identification:_identify(install) ignored
[0.334s] Level 1:colcon.colcon_core.package_identification:_identify(log) by extensions ['ignore', 'ignore_ament_install']
[0.334s] Level 1:colcon.colcon_core.package_identification:_identify(log) by extension 'ignore'
[0.335s] Level 1:colcon.colcon_core.package_identification:_identify(log) ignored
[0.335s] Level 1:colcon.colcon_core.package_identification:_identify(src) by extensions ['ignore', 'ignore_ament_install']
[0.335s] Level 1:colcon.colcon_core.package_identification:_identify(src) by extension 'ignore'
[0.335s] Level 1:colcon.colcon_core.package_identification:_identify(src) by extension 'ignore_ament_install'
[0.335s] Level 1:colcon.colcon_core.package_identification:_identify(src) by extensions ['colcon_pkg']
[0.335s] Level 1:colcon.colcon_core.package_identification:_identify(src) by extension 'colcon_pkg'
[0.336s] Level 1:colcon.colcon_core.package_identification:_identify(src) by extensions ['colcon_meta']
[0.336s] Level 1:colcon.colcon_core.package_identification:_identify(src) by extension 'colcon_meta'
[0.336s] Level 1:colcon.colcon_core.package_identification:_identify(src) by extensions ['ros']
[0.336s] Level 1:colcon.colcon_core.package_identification:_identify(src) by extension 'ros'
[0.336s] Level 1:colcon.colcon_core.package_identification:_identify(src) by extensions ['cmake', 'python']
[0.336s] Level 1:colcon.colcon_core.package_identification:_identify(src) by extension 'cmake'
[0.336s] Level 1:colcon.colcon_core.package_identification:_identify(src) by extension 'python'
[0.336s] Level 1:colcon.colcon_core.package_identification:_identify(src) by extensions ['python_setup_py']
[0.336s] Level 1:colcon.colcon_core.package_identification:_identify(src) by extension 'python_setup_py'
[0.336s] Level 1:colcon.colcon_core.package_identification:_identify(src/ugv_bridge) by extensions ['ignore', 'ignore_ament_install']
[0.337s] Level 1:colcon.colcon_core.package_identification:_identify(src/ugv_bridge) by extension 'ignore'
[0.337s] Level 1:colcon.colcon_core.package_identification:_identify(src/ugv_bridge) by extension 'ignore_ament_install'
[0.337s] Level 1:colcon.colcon_core.package_identification:_identify(src/ugv_bridge) by extensions ['colcon_pkg']
[0.337s] Level 1:colcon.colcon_core.package_identification:_identify(src/ugv_bridge) by extension 'colcon_pkg'
[0.337s] Level 1:colcon.colcon_core.package_identification:_identify(src/ugv_bridge) by extensions ['colcon_meta']
[0.337s] Level 1:colcon.colcon_core.package_identification:_identify(src/ugv_bridge) by extension 'colcon_meta'
[0.337s] Level 1:colcon.colcon_core.package_identification:_identify(src/ugv_bridge) by extensions ['ros']
[0.337s] Level 1:colcon.colcon_core.package_identification:_identify(src/ugv_bridge) by extension 'ros'
[0.341s] DEBUG:colcon.colcon_core.package_identification:Package 'src/ugv_bridge' with type 'ros.ament_python' and name 'ugv_bridge'
[0.341s] Level 1:colcon.colcon_core.package_identification:_identify(src/ugv_core) by extensions ['ignore', 'ignore_ament_install']
[0.342s] Level 1:colcon.colcon_core.package_identification:_identify(src/ugv_core) by extension 'ignore'
[0.342s] Level 1:colcon.colcon_core.package_identification:_identify(src/ugv_core) by extension 'ignore_ament_install'
[0.342s] Level 1:colcon.colcon_core.package_identification:_identify(src/ugv_core) by extensions ['colcon_pkg']
[0.342s] Level 1:colcon.colcon_core.package_identification:_identify(src/ugv_core) by extension 'colcon_pkg'
[0.342s] Level 1:colcon.colcon_core.package_identification:_identify(src/ugv_core) by extensions ['colcon_meta']
[0.342s] Level 1:colcon.colcon_core.package_identification:_identify(src/ugv_core) by extension 'colcon_meta'
[0.342s] Level 1:colcon.colcon_core.package_identification:_identify(src/ugv_core) by extensions ['ros']
[0.342s] Level 1:colcon.colcon_core.package_identification:_identify(src/ugv_core) by extension 'ros'
[0.343s] DEBUG:colcon.colcon_core.package_identification:Package 'src/ugv_core' with type 'ros.ament_python' and name 'ugv_core'
[0.344s] Level 1:colcon.colcon_core.package_identification:_identify(src/ugv_gcs) by extensions ['ignore', 'ignore_ament_install']
[0.344s] Level 1:colcon.colcon_core.package_identification:_identify(src/ugv_gcs) by extension 'ignore'
[0.344s] Level 1:colcon.colcon_core.package_identification:_identify(src/ugv_gcs) by extension 'ignore_ament_install'
[0.344s] Level 1:colcon.colcon_core.package_identification:_identify(src/ugv_gcs) by extensions ['colcon_pkg']
[0.344s] Level 1:colcon.colcon_core.package_identification:_identify(src/ugv_gcs) by extension 'colcon_pkg'
[0.344s] Level 1:colcon.colcon_core.package_identification:_identify(src/ugv_gcs) by extensions ['colcon_meta']
[0.344s] Level 1:colcon.colcon_core.package_identification:_identify(src/ugv_gcs) by extension 'colcon_meta'
[0.344s] Level 1:colcon.colcon_core.package_identification:_identify(src/ugv_gcs) by extensions ['ros']
[0.344s] Level 1:colcon.colcon_core.package_identification:_identify(src/ugv_gcs) by extension 'ros'
[0.345s] DEBUG:colcon.colcon_core.package_identification:Package 'src/ugv_gcs' with type 'ros.ament_python' and name 'ugv_gcs'
[0.345s] Level 1:colcon.colcon_core.package_identification:_identify(src/ugv_msgs) by extensions ['ignore', 'ignore_ament_install']
[0.346s] Level 1:colcon.colcon_core.package_identification:_identify(src/ugv_msgs) by extension 'ignore'
[0.346s] Level 1:colcon.colcon_core.package_identification:_identify(src/ugv_msgs) ignored
[0.346s] Level 1:colcon.colcon_core.package_identification:_identify(src/ugv_policy) by extensions ['ignore', 'ignore_ament_install']
[0.346s] Level 1:colcon.colcon_core.package_identification:_identify(src/ugv_policy) by extension 'ignore'
[0.346s] Level 1:colcon.colcon_core.package_identification:_identify(src/ugv_policy) by extension 'ignore_ament_install'
[0.346s] Level 1:colcon.colcon_core.package_identification:_identify(src/ugv_policy) by extensions ['colcon_pkg']
[0.346s] Level 1:colcon.colcon_core.package_identification:_identify(src/ugv_policy) by extension 'colcon_pkg'
[0.346s] Level 1:colcon.colcon_core.package_identification:_identify(src/ugv_policy) by extensions ['colcon_meta']
[0.346s] Level 1:colcon.colcon_core.package_identification:_identify(src/ugv_policy) by extension 'colcon_meta'
[0.346s] Level 1:colcon.colcon_core.package_identification:_identify(src/ugv_policy) by extensions ['ros']
[0.346s] Level 1:colcon.colcon_core.package_identification:_identify(src/ugv_policy) by extension 'ros'
[0.348s] DEBUG:colcon.colcon_core.package_identification:Package 'src/ugv_policy' with type 'ros.ament_python' and name 'ugv_policy'
[0.348s] Level 1:colcon.colcon_core.package_identification:_identify(src/ugv_sim) by extensions ['ignore', 'ignore_ament_install']
[0.348s] Level 1:colcon.colcon_core.package_identification:_identify(src/ugv_sim) by extension 'ignore'
[0.348s] Level 1:colcon.colcon_core.package_identification:_identify(src/ugv_sim) by extension 'ignore_ament_install'
[0.348s] Level 1:colcon.colcon_core.package_identification:_identify(src/ugv_sim) by extensions ['colcon_pkg']
[0.348s] Level 1:colcon.colcon_core.package_identification:_identify(src/ugv_sim) by extension 'colcon_pkg'
[0.348s] Level 1:colcon.colcon_core.package_identification:_identify(src/ugv_sim) by extensions ['colcon_meta']
[0.348s] Level 1:colcon.colcon_core.package_identification:_identify(src/ugv_sim) by extension 'colcon_meta'
[0.348s] Level 1:colcon.colcon_core.package_identification:_identify(src/ugv_sim) by extensions ['ros']
[0.348s] Level 1:colcon.colcon_core.package_identification:_identify(src/ugv_sim) by extension 'ros'
[0.349s] DEBUG:colcon.colcon_core.package_identification:Package 'src/ugv_sim' with type 'ros.ament_python' and name 'ugv_sim'
[0.350s] Level 1:colcon.colcon_core.package_discovery:discover_packages(recursive) using defaults
[0.350s] Level 1:colcon.colcon_core.package_discovery:discover_packages(ignore) discover
[0.350s] Level 1:colcon.colcon_core.package_discovery:discover_packages(ignore) using defaults
[0.350s] Level 1:colcon.colcon_core.package_discovery:discover_packages(path) discover
[0.350s] Level 1:colcon.colcon_core.package_discovery:discover_packages(path) using defaults
[0.386s] Level 1:colcon.colcon_core.package_discovery:discover_packages(prefix_path) check parameters
[0.386s] Level 1:colcon.colcon_core.package_discovery:discover_packages(prefix_path) discover
[0.390s] DEBUG:colcon.colcon_installed_package_information.package_discovery:Found 291 installed packages in /opt/ros/jazzy
[0.391s] Level 1:colcon.colcon_core.package_discovery:discover_packages(prefix_path) using defaults
[0.458s] Level 5:colcon.colcon_core.verb:set package 'ugv_bridge' build argument 'cmake_args' from command line to 'None'
[0.458s] Level 5:colcon.colcon_core.verb:set package 'ugv_bridge' build argument 'cmake_target' from command line to 'None'
[0.458s] Level 5:colcon.colcon_core.verb:set package 'ugv_bridge' build argument 'cmake_target_skip_unavailable' from command line to 'False'
[0.458s] Level 5:colcon.colcon_core.verb:set package 'ugv_bridge' build argument 'cmake_clean_cache' from command line to 'False'
[0.458s] Level 5:colcon.colcon_core.verb:set package 'ugv_bridge' build argument 'cmake_clean_first' from command line to 'False'
[0.458s] Level 5:colcon.colcon_core.verb:set package 'ugv_bridge' build argument 'cmake_force_configure' from command line to 'False'
[0.458s] Level 5:colcon.colcon_core.verb:set package 'ugv_bridge' build argument 'ament_cmake_args' from command line to 'None'
[0.458s] Level 5:colcon.colcon_core.verb:set package 'ugv_bridge' build argument 'catkin_cmake_args' from command line to 'None'
[0.458s] Level 5:colcon.colcon_core.verb:set package 'ugv_bridge' build argument 'catkin_skip_building_tests' from command line to 'False'
[0.459s] DEBUG:colcon.colcon_core.verb:Building package 'ugv_bridge' with the following arguments: {'ament_cmake_args': None, 'build_base': '/home/dannydevss/Escritorio/TESIS/build/ugv_bridge', 'catkin_cmake_args': None, 'catkin_skip_building_tests': False, 'cmake_args': None, 'cmake_clean_cache': False, 'cmake_clean_first': False, 'cmake_force_configure': False, 'cmake_target': None, 'cmake_target_skip_unavailable': False, 'install_base': '/home/dannydevss/Escritorio/TESIS/install/ugv_bridge', 'merge_install': False, 'path': '/home/dannydevss/Escritorio/TESIS/src/ugv_bridge', 'symlink_install': False, 'test_result_base': None}
[0.459s] Level 5:colcon.colcon_core.verb:set package 'ugv_core' build argument 'cmake_args' from command line to 'None'
[0.459s] Level 5:colcon.colcon_core.verb:set package 'ugv_core' build argument 'cmake_target' from command line to 'None'
[0.459s] Level 5:colcon.colcon_core.verb:set package 'ugv_core' build argument 'cmake_target_skip_unavailable' from command line to 'False'
[0.459s] Level 5:colcon.colcon_core.verb:set package 'ugv_core' build argument 'cmake_clean_cache' from command line to 'False'
[0.459s] Level 5:colcon.colcon_core.verb:set package 'ugv_core' build argument 'cmake_clean_first' from command line to 'False'
[0.459s] Level 5:colcon.colcon_core.verb:set package 'ugv_core' build argument 'cmake_force_configure' from command line to 'False'
[0.459s] Level 5:colcon.colcon_core.verb:set package 'ugv_core' build argument 'ament_cmake_args' from command line to 'None'
[0.459s] Level 5:colcon.colcon_core.verb:set package 'ugv_core' build argument 'catkin_cmake_args' from command line to 'None'
[0.459s] Level 5:colcon.colcon_core.verb:set package 'ugv_core' build argument 'catkin_skip_building_tests' from command line to 'False'
[0.459s] DEBUG:colcon.colcon_core.verb:Building package 'ugv_core' with the following arguments: {'ament_cmake_args': None, 'build_base': '/home/dannydevss/Escritorio/TESIS/build/ugv_core', 'catkin_cmake_args': None, 'catkin_skip_building_tests': False, 'cmake_args': None, 'cmake_clean_cache': False, 'cmake_clean_first': False, 'cmake_force_configure': False, 'cmake_target': None, 'cmake_target_skip_unavailable': False, 'install_base': '/home/dannydevss/Escritorio/TESIS/install/ugv_core', 'merge_install': False, 'path': '/home/dannydevss/Escritorio/TESIS/src/ugv_core', 'symlink_install': False, 'test_result_base': None}
[0.460s] Level 5:colcon.colcon_core.verb:set package 'ugv_gcs' build argument 'cmake_args' from command line to 'None'
[0.460s] Level 5:colcon.colcon_core.verb:set package 'ugv_gcs' build argument 'cmake_target' from command line to 'None'
[0.460s] Level 5:colcon.colcon_core.verb:set package 'ugv_gcs' build argument 'cmake_target_skip_unavailable' from command line to 'False'
[0.460s] Level 5:colcon.colcon_core.verb:set package 'ugv_gcs' build argument 'cmake_clean_cache' from command line to 'False'
[0.460s] Level 5:colcon.colcon_core.verb:set package 'ugv_gcs' build argument 'cmake_clean_first' from command line to 'False'
[0.460s] Level 5:colcon.colcon_core.verb:set package 'ugv_gcs' build argument 'cmake_force_configure' from command line to 'False'
[0.460s] Level 5:colcon.colcon_core.verb:set package 'ugv_gcs' build argument 'ament_cmake_args' from command line to 'None'
[0.460s] Level 5:colcon.colcon_core.verb:set package 'ugv_gcs' build argument 'catkin_cmake_args' from command line to 'None'
[0.460s] Level 5:colcon.colcon_core.verb:set package 'ugv_gcs' build argument 'catkin_skip_building_tests' from command line to 'False'
[0.460s] DEBUG:colcon.colcon_core.verb:Building package 'ugv_gcs' with the following arguments: {'ament_cmake_args': None, 'build_base': '/home/dannydevss/Escritorio/TESIS/build/ugv_gcs', 'catkin_cmake_args': None, 'catkin_skip_building_tests': False, 'cmake_args': None, 'cmake_clean_cache': False, 'cmake_clean_first': False, 'cmake_force_configure': False, 'cmake_target': None, 'cmake_target_skip_unavailable': False, 'install_base': '/home/dannydevss/Escritorio/TESIS/install/ugv_gcs', 'merge_install': False, 'path': '/home/dannydevss/Escritorio/TESIS/src/ugv_gcs', 'symlink_install': False, 'test_result_base': None}
[0.461s] Level 5:colcon.colcon_core.verb:set package 'ugv_policy' build argument 'cmake_args' from command line to 'None'
[0.461s] Level 5:colcon.colcon_core.verb:set package 'ugv_policy' build argument 'cmake_target' from command line to 'None'
[0.461s] Level 5:colcon.colcon_core.verb:set package 'ugv_policy' build argument 'cmake_target_skip_unavailable' from command line to 'False'
[0.461s] Level 5:colcon.colcon_core.verb:set package 'ugv_policy' build argument 'cmake_clean_cache' from command line to 'False'
[0.461s] Level 5:colcon.colcon_core.verb:set package 'ugv_policy' build argument 'cmake_clean_first' from command line to 'False'
[0.461s] Level 5:colcon.colcon_core.verb:set package 'ugv_policy' build argument 'cmake_force_configure' from command line to 'False'
[0.461s] Level 5:colcon.colcon_core.verb:set package 'ugv_policy' build argument 'ament_cmake_args' from command line to 'None'
[0.461s] Level 5:colcon.colcon_core.verb:set package 'ugv_policy' build argument 'catkin_cmake_args' from command line to 'None'
[0.461s] Level 5:colcon.colcon_core.verb:set package 'ugv_policy' build argument 'catkin_skip_building_tests' from command line to 'False'
[0.461s] DEBUG:colcon.colcon_core.verb:Building package 'ugv_policy' with the following arguments: {'ament_cmake_args': None, 'build_base': '/home/dannydevss/Escritorio/TESIS/build/ugv_policy', 'catkin_cmake_args': None, 'catkin_skip_building_tests': False, 'cmake_args': None, 'cmake_clean_cache': False, 'cmake_clean_first': False, 'cmake_force_configure': False, 'cmake_target': None, 'cmake_target_skip_unavailable': False, 'install_base': '/home/dannydevss/Escritorio/TESIS/install/ugv_policy', 'merge_install': False, 'path': '/home/dannydevss/Escritorio/TESIS/src/ugv_policy', 'symlink_install': False, 'test_result_base': None}
[0.461s] Level 5:colcon.colcon_core.verb:set package 'ugv_sim' build argument 'cmake_args' from command line to 'None'
[0.461s] Level 5:colcon.colcon_core.verb:set package 'ugv_sim' build argument 'cmake_target' from command line to 'None'
[0.461s] Level 5:colcon.colcon_core.verb:set package 'ugv_sim' build argument 'cmake_target_skip_unavailable' from command line to 'False'
[0.461s] Level 5:colcon.colcon_core.verb:set package 'ugv_sim' build argument 'cmake_clean_cache' from command line to 'False'
[0.461s] Level 5:colcon.colcon_core.verb:set package 'ugv_sim' build argument 'cmake_clean_first' from command line to 'False'
[0.461s] Level 5:colcon.colcon_core.verb:set package 'ugv_sim' build argument 'cmake_force_configure' from command line to 'False'
[0.462s] Level 5:colcon.colcon_core.verb:set package 'ugv_sim' build argument 'ament_cmake_args' from command line to 'None'
[0.462s] Level 5:colcon.colcon_core.verb:set package 'ugv_sim' build argument 'catkin_cmake_args' from command line to 'None'
[0.462s] Level 5:colcon.colcon_core.verb:set package 'ugv_sim' build argument 'catkin_skip_building_tests' from command line to 'False'
[0.462s] DEBUG:colcon.colcon_core.verb:Building package 'ugv_sim' with the following arguments: {'ament_cmake_args': None, 'build_base': '/home/dannydevss/Escritorio/TESIS/build/ugv_sim', 'catkin_cmake_args': None, 'catkin_skip_building_tests': False, 'cmake_args': None, 'cmake_clean_cache': False, 'cmake_clean_first': False, 'cmake_force_configure': False, 'cmake_target': None, 'cmake_target_skip_unavailable': False, 'install_base': '/home/dannydevss/Escritorio/TESIS/install/ugv_sim', 'merge_install': False, 'path': '/home/dannydevss/Escritorio/TESIS/src/ugv_sim', 'symlink_install': False, 'test_result_base': None}
[0.462s] INFO:colcon.colcon_core.executor:Executing jobs using 'parallel' executor
[0.463s] DEBUG:colcon.colcon_parallel_executor.executor.parallel:run_until_complete
[0.463s] INFO:colcon.colcon_ros.task.ament_python.build:Building ROS package in '/home/dannydevss/Escritorio/TESIS/src/ugv_core' with build type 'ament_python'
[0.463s] Level 1:colcon.colcon_core.shell:create_environment_hook('ugv_core', 'ament_prefix_path')
[0.468s] INFO:colcon.colcon_core.plugin_system:Skipping extension 'colcon_core.shell.bat': Not used on non-Windows systems
[0.468s] INFO:colcon.colcon_core.shell:Creating environment hook '/home/dannydevss/Escritorio/TESIS/install/ugv_core/share/ugv_core/hook/ament_prefix_path.ps1'
[0.469s] INFO:colcon.colcon_core.shell:Creating environment descriptor '/home/dannydevss/Escritorio/TESIS/install/ugv_core/share/ugv_core/hook/ament_prefix_path.dsv'
[0.470s] INFO:colcon.colcon_core.shell:Creating environment hook '/home/dannydevss/Escritorio/TESIS/install/ugv_core/share/ugv_core/hook/ament_prefix_path.sh'
[0.471s] INFO:colcon.colcon_core.shell:Skip shell extension 'powershell' for command environment: Not usable outside of PowerShell
[0.471s] DEBUG:colcon.colcon_core.shell:Skip shell extension 'dsv' for command environment
[0.475s] INFO:colcon.colcon_ros.task.ament_python.build:Building ROS package in '/home/dannydevss/Escritorio/TESIS/src/ugv_bridge' with build type 'ament_python'
[0.476s] Level 1:colcon.colcon_core.shell:create_environment_hook('ugv_bridge', 'ament_prefix_path')
[0.476s] INFO:colcon.colcon_core.shell:Creating environment hook '/home/dannydevss/Escritorio/TESIS/install/ugv_bridge/share/ugv_bridge/hook/ament_prefix_path.ps1'
[0.477s] INFO:colcon.colcon_core.shell:Creating environment descriptor '/home/dannydevss/Escritorio/TESIS/install/ugv_bridge/share/ugv_bridge/hook/ament_prefix_path.dsv'
[0.478s] INFO:colcon.colcon_core.shell:Creating environment hook '/home/dannydevss/Escritorio/TESIS/install/ugv_bridge/share/ugv_bridge/hook/ament_prefix_path.sh'
[0.479s] INFO:colcon.colcon_core.shell:Skip shell extension 'powershell' for command environment: Not usable outside of PowerShell
[0.479s] DEBUG:colcon.colcon_core.shell:Skip shell extension 'dsv' for command environment
[0.483s] INFO:colcon.colcon_ros.task.ament_python.build:Building ROS package in '/home/dannydevss/Escritorio/TESIS/src/ugv_gcs' with build type 'ament_python'
[0.483s] Level 1:colcon.colcon_core.shell:create_environment_hook('ugv_gcs', 'ament_prefix_path')
[0.484s] INFO:colcon.colcon_core.shell:Creating environment hook '/home/dannydevss/Escritorio/TESIS/install/ugv_gcs/share/ugv_gcs/hook/ament_prefix_path.ps1'
[0.485s] INFO:colcon.colcon_core.shell:Creating environment descriptor '/home/dannydevss/Escritorio/TESIS/install/ugv_gcs/share/ugv_gcs/hook/ament_prefix_path.dsv'
[0.486s] INFO:colcon.colcon_core.shell:Creating environment hook '/home/dannydevss/Escritorio/TESIS/install/ugv_gcs/share/ugv_gcs/hook/ament_prefix_path.sh'
[0.487s] INFO:colcon.colcon_core.shell:Skip shell extension 'powershell' for command environment: Not usable outside of PowerShell
[0.487s] DEBUG:colcon.colcon_core.shell:Skip shell extension 'dsv' for command environment
[0.799s] INFO:colcon.colcon_core.task.python.build:Building Python package in '/home/dannydevss/Escritorio/TESIS/src/ugv_core'
[0.800s] INFO:colcon.colcon_core.shell:Skip shell extension 'powershell' for command environment: Not usable outside of PowerShell
[0.800s] DEBUG:colcon.colcon_core.shell:Skip shell extension 'dsv' for command environment
[1.129s] INFO:colcon.colcon_core.task.python.build:Building Python package in '/home/dannydevss/Escritorio/TESIS/src/ugv_bridge'
[1.130s] INFO:colcon.colcon_core.shell:Skip shell extension 'powershell' for command environment: Not usable outside of PowerShell
[1.130s] DEBUG:colcon.colcon_core.shell:Skip shell extension 'dsv' for command environment
[1.428s] INFO:colcon.colcon_core.task.python.build:Building Python package in '/home/dannydevss/Escritorio/TESIS/src/ugv_gcs'
[1.428s] INFO:colcon.colcon_core.shell:Skip shell extension 'powershell' for command environment: Not usable outside of PowerShell
[1.428s] DEBUG:colcon.colcon_core.shell:Skip shell extension 'dsv' for command environment
[2.314s] DEBUG:colcon.colcon_core.task.python.build:Available setuptools commands: build_clib, rotate, easy_install, upload, editable_wheel, bdist_dumb, upload_docs, clean, egg_info, bdist_egg, install_lib, install_scripts, install_egg_info, build_py, install_data, build_scripts, install, test, build, alias, install_headers, setopt, register, saveopts, dist_info, build_ext, develop, bdist, sdist, check, bdist_rpm, symlink_data
[2.317s] DEBUG:colcon.colcon_core.event_handler.log_command:Invoking command in '/home/dannydevss/Escritorio/TESIS/src/ugv_bridge': DEBUGINFOD_URLS=https://debuginfod.archlinux.org https://debuginfod.cachyos.org PYTHONPATH=/home/dannydevss/Escritorio/TESIS/build/ugv_bridge/prefix_override:/usr/lib/python3/dist-packages/colcon_core/task/python/colcon_distutils_commands:/home/dannydevss/Escritorio/TESIS/install/ugv_bridge/lib/python3.12/site-packages:${PYTHONPATH} /usr/bin/python3 -W ignore:setup.py install is deprecated -W ignore:easy_install command is deprecated setup.py egg_info --egg-base ../../build/ugv_bridge build --build-base /home/dannydevss/Escritorio/TESIS/build/ugv_bridge/build install --record /home/dannydevss/Escritorio/TESIS/build/ugv_bridge/install.log --install-scripts $base/lib/ugv_bridge --single-version-externally-managed install_data
[2.640s] DEBUG:colcon.colcon_core.task.python.build:Available setuptools commands: build_clib, rotate, easy_install, upload, editable_wheel, bdist_dumb, upload_docs, clean, egg_info, bdist_egg, install_lib, install_scripts, install_egg_info, build_py, install_data, build_scripts, install, test, build, alias, install_headers, setopt, register, saveopts, dist_info, build_ext, develop, bdist, sdist, check, bdist_rpm, symlink_data
[2.645s] DEBUG:colcon.colcon_core.event_handler.log_command:Invoking command in '/home/dannydevss/Escritorio/TESIS/src/ugv_gcs': DEBUGINFOD_URLS=https://debuginfod.archlinux.org https://debuginfod.cachyos.org PYTHONPATH=/home/dannydevss/Escritorio/TESIS/build/ugv_gcs/prefix_override:/usr/lib/python3/dist-packages/colcon_core/task/python/colcon_distutils_commands:/home/dannydevss/Escritorio/TESIS/install/ugv_gcs/lib/python3.12/site-packages:${PYTHONPATH} /usr/bin/python3 -W ignore:setup.py install is deprecated -W ignore:easy_install command is deprecated setup.py egg_info --egg-base ../../build/ugv_gcs build --build-base /home/dannydevss/Escritorio/TESIS/build/ugv_gcs/build install --record /home/dannydevss/Escritorio/TESIS/build/ugv_gcs/install.log --install-scripts $base/lib/ugv_gcs --single-version-externally-managed install_data
[2.802s] DEBUG:colcon.colcon_core.task.python.build:Available setuptools commands: build_clib, rotate, easy_install, upload, editable_wheel, bdist_dumb, upload_docs, clean, egg_info, bdist_egg, install_lib, install_scripts, install_egg_info, build_py, install_data, build_scripts, install, test, build, alias, install_headers, setopt, register, saveopts, dist_info, build_ext, develop, bdist, sdist, check, bdist_rpm, symlink_data
[2.808s] DEBUG:colcon.colcon_core.event_handler.log_command:Invoking command in '/home/dannydevss/Escritorio/TESIS/src/ugv_core': DEBUGINFOD_URLS=https://debuginfod.archlinux.org https://debuginfod.cachyos.org PYTHONPATH=/home/dannydevss/Escritorio/TESIS/build/ugv_core/prefix_override:/usr/lib/python3/dist-packages/colcon_core/task/python/colcon_distutils_commands:/home/dannydevss/Escritorio/TESIS/install/ugv_core/lib/python3.12/site-packages:${PYTHONPATH} /usr/bin/python3 -W ignore:setup.py install is deprecated -W ignore:easy_install command is deprecated setup.py egg_info --egg-base ../../build/ugv_core build --build-base /home/dannydevss/Escritorio/TESIS/build/ugv_core/build install --record /home/dannydevss/Escritorio/TESIS/build/ugv_core/install.log --install-scripts $base/lib/ugv_core --single-version-externally-managed install_data
[3.641s] DEBUG:colcon.colcon_core.event_handler.log_command:Invoked command in '/home/dannydevss/Escritorio/TESIS/src/ugv_bridge' returned '0': DEBUGINFOD_URLS=https://debuginfod.archlinux.org https://debuginfod.cachyos.org PYTHONPATH=/home/dannydevss/Escritorio/TESIS/build/ugv_bridge/prefix_override:/usr/lib/python3/dist-packages/colcon_core/task/python/colcon_distutils_commands:/home/dannydevss/Escritorio/TESIS/install/ugv_bridge/lib/python3.12/site-packages:${PYTHONPATH} /usr/bin/python3 -W ignore:setup.py install is deprecated -W ignore:easy_install command is deprecated setup.py egg_info --egg-base ../../build/ugv_bridge build --build-base /home/dannydevss/Escritorio/TESIS/build/ugv_bridge/build install --record /home/dannydevss/Escritorio/TESIS/build/ugv_bridge/install.log --install-scripts $base/lib/ugv_bridge --single-version-externally-managed install_data
[3.648s] Level 1:colcon.colcon_core.environment:checking '/home/dannydevss/Escritorio/TESIS/install/ugv_bridge' for CMake module files
[3.649s] Level 1:colcon.colcon_core.environment:checking '/home/dannydevss/Escritorio/TESIS/install/ugv_bridge' for CMake config files
[3.651s] Level 1:colcon.colcon_core.environment:checking '/home/dannydevss/Escritorio/TESIS/install/ugv_bridge/lib'
[3.651s] Level 1:colcon.colcon_core.environment:checking '/home/dannydevss/Escritorio/TESIS/install/ugv_bridge/bin'
[3.651s] Level 1:colcon.colcon_core.environment:checking '/home/dannydevss/Escritorio/TESIS/install/ugv_bridge/lib/pkgconfig/ugv_bridge.pc'
[3.652s] Level 1:colcon.colcon_core.environment:checking '/home/dannydevss/Escritorio/TESIS/install/ugv_bridge/lib/python3.12/site-packages'
[3.652s] Level 1:colcon.colcon_core.shell:create_environment_hook('ugv_bridge', 'pythonpath')
[3.653s] INFO:colcon.colcon_core.shell:Creating environment hook '/home/dannydevss/Escritorio/TESIS/install/ugv_bridge/share/ugv_bridge/hook/pythonpath.ps1'
[3.654s] INFO:colcon.colcon_core.shell:Creating environment descriptor '/home/dannydevss/Escritorio/TESIS/install/ugv_bridge/share/ugv_bridge/hook/pythonpath.dsv'
[3.655s] INFO:colcon.colcon_core.shell:Creating environment hook '/home/dannydevss/Escritorio/TESIS/install/ugv_bridge/share/ugv_bridge/hook/pythonpath.sh'
[3.656s] Level 1:colcon.colcon_core.environment:checking '/home/dannydevss/Escritorio/TESIS/install/ugv_bridge/bin'
[3.656s] Level 1:colcon.colcon_core.environment:create_environment_scripts_only(ugv_bridge)
[3.657s] INFO:colcon.colcon_core.shell:Creating package script '/home/dannydevss/Escritorio/TESIS/install/ugv_bridge/share/ugv_bridge/package.ps1'
[3.660s] INFO:colcon.colcon_core.shell:Creating package descriptor '/home/dannydevss/Escritorio/TESIS/install/ugv_bridge/share/ugv_bridge/package.dsv'
[3.661s] INFO:colcon.colcon_core.shell:Creating package script '/home/dannydevss/Escritorio/TESIS/install/ugv_bridge/share/ugv_bridge/package.sh'
[3.663s] INFO:colcon.colcon_core.shell:Creating package script '/home/dannydevss/Escritorio/TESIS/install/ugv_bridge/share/ugv_bridge/package.bash'
[3.665s] INFO:colcon.colcon_core.shell:Creating package script '/home/dannydevss/Escritorio/TESIS/install/ugv_bridge/share/ugv_bridge/package.zsh'
[3.666s] Level 1:colcon.colcon_core.environment:create_file_with_runtime_dependencies(/home/dannydevss/Escritorio/TESIS/install/ugv_bridge/share/colcon-core/packages/ugv_bridge)
[3.669s] Level 1:colcon.colcon_core.environment:checking '/home/dannydevss/Escritorio/TESIS/install/ugv_gcs' for CMake module files
[3.670s] DEBUG:colcon.colcon_core.event_handler.log_command:Invoked command in '/home/dannydevss/Escritorio/TESIS/src/ugv_gcs' returned '0': DEBUGINFOD_URLS=https://debuginfod.archlinux.org https://debuginfod.cachyos.org PYTHONPATH=/home/dannydevss/Escritorio/TESIS/build/ugv_gcs/prefix_override:/usr/lib/python3/dist-packages/colcon_core/task/python/colcon_distutils_commands:/home/dannydevss/Escritorio/TESIS/install/ugv_gcs/lib/python3.12/site-packages:${PYTHONPATH} /usr/bin/python3 -W ignore:setup.py install is deprecated -W ignore:easy_install command is deprecated setup.py egg_info --egg-base ../../build/ugv_gcs build --build-base /home/dannydevss/Escritorio/TESIS/build/ugv_gcs/build install --record /home/dannydevss/Escritorio/TESIS/build/ugv_gcs/install.log --install-scripts $base/lib/ugv_gcs --single-version-externally-managed install_data
[3.671s] Level 1:colcon.colcon_core.environment:checking '/home/dannydevss/Escritorio/TESIS/install/ugv_gcs' for CMake config files
[3.672s] Level 1:colcon.colcon_core.environment:checking '/home/dannydevss/Escritorio/TESIS/install/ugv_gcs/lib'
[3.672s] Level 1:colcon.colcon_core.environment:checking '/home/dannydevss/Escritorio/TESIS/install/ugv_gcs/bin'
[3.673s] Level 1:colcon.colcon_core.environment:checking '/home/dannydevss/Escritorio/TESIS/install/ugv_gcs/lib/pkgconfig/ugv_gcs.pc'
[3.673s] Level 1:colcon.colcon_core.environment:checking '/home/dannydevss/Escritorio/TESIS/install/ugv_gcs/lib/python3.12/site-packages'
[3.674s] Level 1:colcon.colcon_core.shell:create_environment_hook('ugv_gcs', 'pythonpath')
[3.674s] INFO:colcon.colcon_core.shell:Creating environment hook '/home/dannydevss/Escritorio/TESIS/install/ugv_gcs/share/ugv_gcs/hook/pythonpath.ps1'
[3.675s] INFO:colcon.colcon_core.shell:Creating environment descriptor '/home/dannydevss/Escritorio/TESIS/install/ugv_gcs/share/ugv_gcs/hook/pythonpath.dsv'
[3.676s] INFO:colcon.colcon_core.shell:Creating environment hook '/home/dannydevss/Escritorio/TESIS/install/ugv_gcs/share/ugv_gcs/hook/pythonpath.sh'
[3.678s] Level 1:colcon.colcon_core.environment:checking '/home/dannydevss/Escritorio/TESIS/install/ugv_gcs/bin'
[3.678s] Level 1:colcon.colcon_core.environment:create_environment_scripts_only(ugv_gcs)
[3.679s] INFO:colcon.colcon_core.shell:Creating package script '/home/dannydevss/Escritorio/TESIS/install/ugv_gcs/share/ugv_gcs/package.ps1'
[3.681s] INFO:colcon.colcon_core.shell:Creating package descriptor '/home/dannydevss/Escritorio/TESIS/install/ugv_gcs/share/ugv_gcs/package.dsv'
[3.682s] INFO:colcon.colcon_core.shell:Creating package script '/home/dannydevss/Escritorio/TESIS/install/ugv_gcs/share/ugv_gcs/package.sh'
[3.683s] INFO:colcon.colcon_core.shell:Creating package script '/home/dannydevss/Escritorio/TESIS/install/ugv_gcs/share/ugv_gcs/package.bash'
[3.684s] INFO:colcon.colcon_core.shell:Creating package script '/home/dannydevss/Escritorio/TESIS/install/ugv_gcs/share/ugv_gcs/package.zsh'
[3.686s] Level 1:colcon.colcon_core.environment:create_file_with_runtime_dependencies(/home/dannydevss/Escritorio/TESIS/install/ugv_gcs/share/colcon-core/packages/ugv_gcs)
[3.953s] Level 1:colcon.colcon_core.environment:checking '/home/dannydevss/Escritorio/TESIS/install/ugv_core' for CMake module files
[3.954s] DEBUG:colcon.colcon_core.event_handler.log_command:Invoked command in '/home/dannydevss/Escritorio/TESIS/src/ugv_core' returned '0': DEBUGINFOD_URLS=https://debuginfod.archlinux.org https://debuginfod.cachyos.org PYTHONPATH=/home/dannydevss/Escritorio/TESIS/build/ugv_core/prefix_override:/usr/lib/python3/dist-packages/colcon_core/task/python/colcon_distutils_commands:/home/dannydevss/Escritorio/TESIS/install/ugv_core/lib/python3.12/site-packages:${PYTHONPATH} /usr/bin/python3 -W ignore:setup.py install is deprecated -W ignore:easy_install command is deprecated setup.py egg_info --egg-base ../../build/ugv_core build --build-base /home/dannydevss/Escritorio/TESIS/build/ugv_core/build install --record /home/dannydevss/Escritorio/TESIS/build/ugv_core/install.log --install-scripts $base/lib/ugv_core --single-version-externally-managed install_data
[3.954s] Level 1:colcon.colcon_core.environment:checking '/home/dannydevss/Escritorio/TESIS/install/ugv_core' for CMake config files
[3.955s] Level 1:colcon.colcon_core.environment:checking '/home/dannydevss/Escritorio/TESIS/install/ugv_core/lib'
[3.955s] Level 1:colcon.colcon_core.environment:checking '/home/dannydevss/Escritorio/TESIS/install/ugv_core/bin'
[3.955s] Level 1:colcon.colcon_core.environment:checking '/home/dannydevss/Escritorio/TESIS/install/ugv_core/lib/pkgconfig/ugv_core.pc'
[3.955s] Level 1:colcon.colcon_core.environment:checking '/home/dannydevss/Escritorio/TESIS/install/ugv_core/lib/python3.12/site-packages'
[3.956s] Level 1:colcon.colcon_core.shell:create_environment_hook('ugv_core', 'pythonpath')
[3.956s] INFO:colcon.colcon_core.shell:Creating environment hook '/home/dannydevss/Escritorio/TESIS/install/ugv_core/share/ugv_core/hook/pythonpath.ps1'
[3.957s] INFO:colcon.colcon_core.shell:Creating environment descriptor '/home/dannydevss/Escritorio/TESIS/install/ugv_core/share/ugv_core/hook/pythonpath.dsv'
[3.957s] INFO:colcon.colcon_core.shell:Creating environment hook '/home/dannydevss/Escritorio/TESIS/install/ugv_core/share/ugv_core/hook/pythonpath.sh'
[3.958s] Level 1:colcon.colcon_core.environment:checking '/home/dannydevss/Escritorio/TESIS/install/ugv_core/bin'
[3.958s] Level 1:colcon.colcon_core.environment:create_environment_scripts_only(ugv_core)
[3.959s] INFO:colcon.colcon_core.shell:Creating package script '/home/dannydevss/Escritorio/TESIS/install/ugv_core/share/ugv_core/package.ps1'
[3.959s] INFO:colcon.colcon_core.shell:Creating package descriptor '/home/dannydevss/Escritorio/TESIS/install/ugv_core/share/ugv_core/package.dsv'
[3.960s] INFO:colcon.colcon_core.shell:Creating package script '/home/dannydevss/Escritorio/TESIS/install/ugv_core/share/ugv_core/package.sh'
[3.961s] INFO:colcon.colcon_core.shell:Creating package script '/home/dannydevss/Escritorio/TESIS/install/ugv_core/share/ugv_core/package.bash'
[3.961s] INFO:colcon.colcon_core.shell:Creating package script '/home/dannydevss/Escritorio/TESIS/install/ugv_core/share/ugv_core/package.zsh'
[3.962s] Level 1:colcon.colcon_core.environment:create_file_with_runtime_dependencies(/home/dannydevss/Escritorio/TESIS/install/ugv_core/share/colcon-core/packages/ugv_core)
[3.963s] INFO:colcon.colcon_ros.task.ament_python.build:Building ROS package in '/home/dannydevss/Escritorio/TESIS/src/ugv_policy' with build type 'ament_python'
[3.963s] Level 1:colcon.colcon_core.shell:create_environment_hook('ugv_policy', 'ament_prefix_path')
[3.963s] INFO:colcon.colcon_core.shell:Creating environment hook '/home/dannydevss/Escritorio/TESIS/install/ugv_policy/share/ugv_policy/hook/ament_prefix_path.ps1'
[3.964s] INFO:colcon.colcon_core.shell:Creating environment descriptor '/home/dannydevss/Escritorio/TESIS/install/ugv_policy/share/ugv_policy/hook/ament_prefix_path.dsv'
[3.965s] INFO:colcon.colcon_core.shell:Creating environment hook '/home/dannydevss/Escritorio/TESIS/install/ugv_policy/share/ugv_policy/hook/ament_prefix_path.sh'
[3.966s] INFO:colcon.colcon_core.shell:Skip shell extension 'powershell' for command environment: Not usable outside of PowerShell
[3.966s] DEBUG:colcon.colcon_core.shell:Skip shell extension 'dsv' for command environment
[3.970s] INFO:colcon.colcon_ros.task.ament_python.build:Building ROS package in '/home/dannydevss/Escritorio/TESIS/src/ugv_sim' with build type 'ament_python'
[3.970s] Level 1:colcon.colcon_core.shell:create_environment_hook('ugv_sim', 'ament_prefix_path')
[3.971s] INFO:colcon.colcon_core.shell:Creating environment hook '/home/dannydevss/Escritorio/TESIS/install/ugv_sim/share/ugv_sim/hook/ament_prefix_path.ps1'
[3.972s] INFO:colcon.colcon_core.shell:Creating environment descriptor '/home/dannydevss/Escritorio/TESIS/install/ugv_sim/share/ugv_sim/hook/ament_prefix_path.dsv'
[3.973s] INFO:colcon.colcon_core.shell:Creating environment hook '/home/dannydevss/Escritorio/TESIS/install/ugv_sim/share/ugv_sim/hook/ament_prefix_path.sh'
[3.974s] INFO:colcon.colcon_core.shell:Skip shell extension 'powershell' for command environment: Not usable outside of PowerShell
[3.974s] DEBUG:colcon.colcon_core.shell:Skip shell extension 'dsv' for command environment
[4.267s] INFO:colcon.colcon_core.task.python.build:Building Python package in '/home/dannydevss/Escritorio/TESIS/src/ugv_policy'
[4.268s] INFO:colcon.colcon_core.shell:Skip shell extension 'powershell' for command environment: Not usable outside of PowerShell
[4.268s] DEBUG:colcon.colcon_core.shell:Skip shell extension 'dsv' for command environment
[4.556s] INFO:colcon.colcon_core.task.python.build:Building Python package in '/home/dannydevss/Escritorio/TESIS/src/ugv_sim'
[4.557s] INFO:colcon.colcon_core.shell:Skip shell extension 'powershell' for command environment: Not usable outside of PowerShell
[4.557s] DEBUG:colcon.colcon_core.shell:Skip shell extension 'dsv' for command environment
[5.376s] DEBUG:colcon.colcon_core.task.python.build:Available setuptools commands: build_clib, rotate, easy_install, upload, editable_wheel, bdist_dumb, upload_docs, clean, egg_info, bdist_egg, install_lib, install_scripts, install_egg_info, build_py, install_data, build_scripts, install, test, build, alias, install_headers, setopt, register, saveopts, dist_info, build_ext, develop, bdist, sdist, check, bdist_rpm, symlink_data
[5.380s] DEBUG:colcon.colcon_core.event_handler.log_command:Invoking command in '/home/dannydevss/Escritorio/TESIS/src/ugv_policy': AMENT_PREFIX_PATH=/home/dannydevss/Escritorio/TESIS/install/ugv_core:${AMENT_PREFIX_PATH} DEBUGINFOD_URLS=https://debuginfod.archlinux.org https://debuginfod.cachyos.org PYTHONPATH=/home/dannydevss/Escritorio/TESIS/build/ugv_policy/prefix_override:/usr/lib/python3/dist-packages/colcon_core/task/python/colcon_distutils_commands:/home/dannydevss/Escritorio/TESIS/install/ugv_policy/lib/python3.12/site-packages:/home/dannydevss/Escritorio/TESIS/install/ugv_core/lib/python3.12/site-packages:${PYTHONPATH} /usr/bin/python3 -W ignore:setup.py install is deprecated -W ignore:easy_install command is deprecated setup.py egg_info --egg-base ../../build/ugv_policy build --build-base /home/dannydevss/Escritorio/TESIS/build/ugv_policy/build install --record /home/dannydevss/Escritorio/TESIS/build/ugv_policy/install.log --install-scripts $base/lib/ugv_policy --single-version-externally-managed install_data
[5.392s] DEBUG:colcon.colcon_core.task.python.build:Available setuptools commands: build_clib, rotate, easy_install, upload, editable_wheel, bdist_dumb, upload_docs, clean, egg_info, bdist_egg, install_lib, install_scripts, install_egg_info, build_py, install_data, build_scripts, install, test, build, alias, install_headers, setopt, register, saveopts, dist_info, build_ext, develop, bdist, sdist, check, bdist_rpm, symlink_data
[5.398s] DEBUG:colcon.colcon_core.event_handler.log_command:Invoking command in '/home/dannydevss/Escritorio/TESIS/src/ugv_sim': AMENT_PREFIX_PATH=/home/dannydevss/Escritorio/TESIS/install/ugv_core:${AMENT_PREFIX_PATH} DEBUGINFOD_URLS=https://debuginfod.archlinux.org https://debuginfod.cachyos.org PYTHONPATH=/home/dannydevss/Escritorio/TESIS/build/ugv_sim/prefix_override:/usr/lib/python3/dist-packages/colcon_core/task/python/colcon_distutils_commands:/home/dannydevss/Escritorio/TESIS/install/ugv_sim/lib/python3.12/site-packages:/home/dannydevss/Escritorio/TESIS/install/ugv_core/lib/python3.12/site-packages:${PYTHONPATH} /usr/bin/python3 -W ignore:setup.py install is deprecated -W ignore:easy_install command is deprecated setup.py egg_info --egg-base ../../build/ugv_sim build --build-base /home/dannydevss/Escritorio/TESIS/build/ugv_sim/build install --record /home/dannydevss/Escritorio/TESIS/build/ugv_sim/install.log --install-scripts $base/lib/ugv_sim --single-version-externally-managed install_data
[6.289s] Level 1:colcon.colcon_core.environment:checking '/home/dannydevss/Escritorio/TESIS/install/ugv_sim' for CMake module files
[6.290s] DEBUG:colcon.colcon_core.event_handler.log_command:Invoked command in '/home/dannydevss/Escritorio/TESIS/src/ugv_sim' returned '0': AMENT_PREFIX_PATH=/home/dannydevss/Escritorio/TESIS/install/ugv_core:${AMENT_PREFIX_PATH} DEBUGINFOD_URLS=https://debuginfod.archlinux.org https://debuginfod.cachyos.org PYTHONPATH=/home/dannydevss/Escritorio/TESIS/build/ugv_sim/prefix_override:/usr/lib/python3/dist-packages/colcon_core/task/python/colcon_distutils_commands:/home/dannydevss/Escritorio/TESIS/install/ugv_sim/lib/python3.12/site-packages:/home/dannydevss/Escritorio/TESIS/install/ugv_core/lib/python3.12/site-packages:${PYTHONPATH} /usr/bin/python3 -W ignore:setup.py install is deprecated -W ignore:easy_install command is deprecated setup.py egg_info --egg-base ../../build/ugv_sim build --build-base /home/dannydevss/Escritorio/TESIS/build/ugv_sim/build install --record /home/dannydevss/Escritorio/TESIS/build/ugv_sim/install.log --install-scripts $base/lib/ugv_sim --single-version-externally-managed install_data
[6.291s] Level 1:colcon.colcon_core.environment:checking '/home/dannydevss/Escritorio/TESIS/install/ugv_sim' for CMake config files
[6.292s] Level 1:colcon.colcon_core.environment:checking '/home/dannydevss/Escritorio/TESIS/install/ugv_sim/lib'
[6.292s] Level 1:colcon.colcon_core.environment:checking '/home/dannydevss/Escritorio/TESIS/install/ugv_sim/bin'
[6.292s] Level 1:colcon.colcon_core.environment:checking '/home/dannydevss/Escritorio/TESIS/install/ugv_sim/lib/pkgconfig/ugv_sim.pc'
[6.293s] Level 1:colcon.colcon_core.environment:checking '/home/dannydevss/Escritorio/TESIS/install/ugv_sim/lib/python3.12/site-packages'
[6.293s] Level 1:colcon.colcon_core.shell:create_environment_hook('ugv_sim', 'pythonpath')
[6.293s] INFO:colcon.colcon_core.shell:Creating environment hook '/home/dannydevss/Escritorio/TESIS/install/ugv_sim/share/ugv_sim/hook/pythonpath.ps1'
[6.296s] INFO:colcon.colcon_core.shell:Creating environment descriptor '/home/dannydevss/Escritorio/TESIS/install/ugv_sim/share/ugv_sim/hook/pythonpath.dsv'
[6.296s] INFO:colcon.colcon_core.shell:Creating environment hook '/home/dannydevss/Escritorio/TESIS/install/ugv_sim/share/ugv_sim/hook/pythonpath.sh'
[6.298s] Level 1:colcon.colcon_core.environment:checking '/home/dannydevss/Escritorio/TESIS/install/ugv_sim/bin'
[6.298s] Level 1:colcon.colcon_core.environment:create_environment_scripts_only(ugv_sim)
[6.298s] INFO:colcon.colcon_core.shell:Creating package script '/home/dannydevss/Escritorio/TESIS/install/ugv_sim/share/ugv_sim/package.ps1'
[6.299s] INFO:colcon.colcon_core.shell:Creating package descriptor '/home/dannydevss/Escritorio/TESIS/install/ugv_sim/share/ugv_sim/package.dsv'
[6.300s] INFO:colcon.colcon_core.shell:Creating package script '/home/dannydevss/Escritorio/TESIS/install/ugv_sim/share/ugv_sim/package.sh'
[6.301s] INFO:colcon.colcon_core.shell:Creating package script '/home/dannydevss/Escritorio/TESIS/install/ugv_sim/share/ugv_sim/package.bash'
[6.302s] INFO:colcon.colcon_core.shell:Creating package script '/home/dannydevss/Escritorio/TESIS/install/ugv_sim/share/ugv_sim/package.zsh'
[6.303s] Level 1:colcon.colcon_core.environment:create_file_with_runtime_dependencies(/home/dannydevss/Escritorio/TESIS/install/ugv_sim/share/colcon-core/packages/ugv_sim)
[6.317s] Level 1:colcon.colcon_core.environment:checking '/home/dannydevss/Escritorio/TESIS/install/ugv_policy' for CMake module files
[6.318s] DEBUG:colcon.colcon_core.event_handler.log_command:Invoked command in '/home/dannydevss/Escritorio/TESIS/src/ugv_policy' returned '0': AMENT_PREFIX_PATH=/home/dannydevss/Escritorio/TESIS/install/ugv_core:${AMENT_PREFIX_PATH} DEBUGINFOD_URLS=https://debuginfod.archlinux.org https://debuginfod.cachyos.org PYTHONPATH=/home/dannydevss/Escritorio/TESIS/build/ugv_policy/prefix_override:/usr/lib/python3/dist-packages/colcon_core/task/python/colcon_distutils_commands:/home/dannydevss/Escritorio/TESIS/install/ugv_policy/lib/python3.12/site-packages:/home/dannydevss/Escritorio/TESIS/install/ugv_core/lib/python3.12/site-packages:${PYTHONPATH} /usr/bin/python3 -W ignore:setup.py install is deprecated -W ignore:easy_install command is deprecated setup.py egg_info --egg-base ../../build/ugv_policy build --build-base /home/dannydevss/Escritorio/TESIS/build/ugv_policy/build install --record /home/dannydevss/Escritorio/TESIS/build/ugv_policy/install.log --install-scripts $base/lib/ugv_policy --single-version-externally-managed install_data
[6.319s] Level 1:colcon.colcon_core.environment:checking '/home/dannydevss/Escritorio/TESIS/install/ugv_policy' for CMake config files
[6.320s] Level 1:colcon.colcon_core.environment:checking '/home/dannydevss/Escritorio/TESIS/install/ugv_policy/lib'
[6.321s] Level 1:colcon.colcon_core.environment:checking '/home/dannydevss/Escritorio/TESIS/install/ugv_policy/bin'
[6.321s] Level 1:colcon.colcon_core.environment:checking '/home/dannydevss/Escritorio/TESIS/install/ugv_policy/lib/pkgconfig/ugv_policy.pc'
[6.322s] Level 1:colcon.colcon_core.environment:checking '/home/dannydevss/Escritorio/TESIS/install/ugv_policy/lib/python3.12/site-packages'
[6.322s] Level 1:colcon.colcon_core.shell:create_environment_hook('ugv_policy', 'pythonpath')
[6.323s] INFO:colcon.colcon_core.shell:Creating environment hook '/home/dannydevss/Escritorio/TESIS/install/ugv_policy/share/ugv_policy/hook/pythonpath.ps1'
[6.324s] INFO:colcon.colcon_core.shell:Creating environment descriptor '/home/dannydevss/Escritorio/TESIS/install/ugv_policy/share/ugv_policy/hook/pythonpath.dsv'
[6.325s] INFO:colcon.colcon_core.shell:Creating environment hook '/home/dannydevss/Escritorio/TESIS/install/ugv_policy/share/ugv_policy/hook/pythonpath.sh'
[6.329s] Level 1:colcon.colcon_core.environment:checking '/home/dannydevss/Escritorio/TESIS/install/ugv_policy/bin'
[6.329s] Level 1:colcon.colcon_core.environment:create_environment_scripts_only(ugv_policy)
[6.330s] INFO:colcon.colcon_core.shell:Creating package script '/home/dannydevss/Escritorio/TESIS/install/ugv_policy/share/ugv_policy/package.ps1'
[6.332s] INFO:colcon.colcon_core.shell:Creating package descriptor '/home/dannydevss/Escritorio/TESIS/install/ugv_policy/share/ugv_policy/package.dsv'
[6.333s] INFO:colcon.colcon_core.shell:Creating package script '/home/dannydevss/Escritorio/TESIS/install/ugv_policy/share/ugv_policy/package.sh'
[6.334s] INFO:colcon.colcon_core.shell:Creating package script '/home/dannydevss/Escritorio/TESIS/install/ugv_policy/share/ugv_policy/package.bash'
[6.335s] INFO:colcon.colcon_core.shell:Creating package script '/home/dannydevss/Escritorio/TESIS/install/ugv_policy/share/ugv_policy/package.zsh'
[6.335s] Level 1:colcon.colcon_core.environment:create_file_with_runtime_dependencies(/home/dannydevss/Escritorio/TESIS/install/ugv_policy/share/colcon-core/packages/ugv_policy)
[6.336s] DEBUG:colcon.colcon_parallel_executor.executor.parallel:closing loop
[6.336s] DEBUG:colcon.colcon_parallel_executor.executor.parallel:loop closed
[6.337s] DEBUG:colcon.colcon_parallel_executor.executor.parallel:run_until_complete finished with '0'
[6.337s] DEBUG:colcon.colcon_core.event_reactor:joining thread
[6.358s] INFO:colcon.colcon_core.plugin_system:Skipping extension 'colcon_notification.desktop_notification.notify_send': Could not find 'notify-send'
[6.358s] INFO:colcon.colcon_core.plugin_system:Skipping extension 'colcon_notification.desktop_notification.terminal_notifier': Not used on non-Darwin systems
[6.358s] INFO:colcon.colcon_core.plugin_system:Skipping extension 'colcon_notification.desktop_notification.win32': Not used on non-Windows systems
[6.358s] INFO:colcon.colcon_notification.desktop_notification:Sending desktop notification using 'notify2'
[6.416s] DEBUG:colcon.colcon_core.event_reactor:joined thread
[6.417s] INFO:colcon.colcon_core.shell:Creating prefix script '/home/dannydevss/Escritorio/TESIS/install/local_setup.ps1'
[6.420s] INFO:colcon.colcon_core.shell:Creating prefix util module '/home/dannydevss/Escritorio/TESIS/install/_local_setup_util_ps1.py'
[6.424s] INFO:colcon.colcon_core.shell:Creating prefix chain script '/home/dannydevss/Escritorio/TESIS/install/setup.ps1'
[6.426s] INFO:colcon.colcon_core.shell:Creating prefix script '/home/dannydevss/Escritorio/TESIS/install/local_setup.sh'
[6.427s] INFO:colcon.colcon_core.shell:Creating prefix util module '/home/dannydevss/Escritorio/TESIS/install/_local_setup_util_sh.py'
[6.429s] INFO:colcon.colcon_core.shell:Creating prefix chain script '/home/dannydevss/Escritorio/TESIS/install/setup.sh'
[6.432s] INFO:colcon.colcon_core.shell:Creating prefix script '/home/dannydevss/Escritorio/TESIS/install/local_setup.bash'
[6.434s] INFO:colcon.colcon_core.shell:Creating prefix chain script '/home/dannydevss/Escritorio/TESIS/install/setup.bash'
[6.437s] INFO:colcon.colcon_core.shell:Creating prefix script '/home/dannydevss/Escritorio/TESIS/install/local_setup.zsh'
[6.439s] INFO:colcon.colcon_core.shell:Creating prefix chain script '/home/dannydevss/Escritorio/TESIS/install/setup.zsh'
