[0.000000] (-) TimerEvent: {}
[0.000603] (-) JobUnselected: {'identifier': 'ugv_core'}
[0.000707] (-) JobUnselected: {'identifier': 'ugv_gcs'}
[0.001023] (-) JobUnselected: {'identifier': 'ugv_policy'}
[0.001275] (-) JobUnselected: {'identifier': 'ugv_sim'}
[0.001360] (ugv_bridge) JobQueued: {'identifier': 'ugv_bridge', 'dependencies': OrderedDict()}
[0.001555] (ugv_bridge) JobStarted: {'identifier': 'ugv_bridge'}
[0.099265] (-) TimerEvent: {}
[0.199577] (-) TimerEvent: {}
[0.299890] (-) TimerEvent: {}
[0.400253] (-) TimerEvent: {}
[0.500542] (-) TimerEvent: {}
[0.600849] (-) TimerEvent: {}
[0.701198] (-) TimerEvent: {}
[0.801553] (-) TimerEvent: {}
[0.901862] (-) TimerEvent: {}
[1.005086] (-) TimerEvent: {}
[1.105460] (-) TimerEvent: {}
[1.141965] (ugv_bridge) Command: {'cmd': ['/usr/bin/python3', '-W', 'ignore:setup.py install is deprecated', '-W', 'ignore:easy_install command is deprecated', 'setup.py', 'egg_info', '--egg-base', '../../build/ugv_bridge', 'build', '--build-base', '/home/dannydevss/Escritorio/TESIS/build/ugv_bridge/build', 'install', '--record', '/home/dannydevss/Escritorio/TESIS/build/ugv_bridge/install.log', '--install-scripts', '$base/lib/ugv_bridge', '--single-version-externally-managed', 'install_data'], 'cwd': '/home/dannydevss/Escritorio/TESIS/src/ugv_bridge', 'env': {'PROFILEHOME': '', 'KDE_FULL_SESSION': 'true', 'RUSTICL_ENABLE': 'iris', 'MAIL': 'thunderbird', 'USER': 'dannydevss', 'LC_TIME': 'es_CL.UTF-8', 'LANGUAGE': '', 'PAM_KWALLET5_LOGIN': '/run/user/1000/kwallet5.socket', 'HOSTNAME': 'SkullCachy', 'XDG_SESSION_TYPE': 'wayland', 'SHLVL': '4', 'QT_WAYLAND_RECONNECT': '1', 'BROWSER': 'cachy-browser', 'KONSOLE_VERSION': '260403', 'XDG_CACHE_HOME': '/home/dannydevss/.cache', 'HOME': '/home/dannydevss', 'KDE_APPLICATIONS_AS_SCOPE': '1', 'MOTD_SHOWN': 'pam', 'DESKTOP_SESSION': 'plasma', 'MANROFFOPT': '-c', 'KDE_SESSION_VERSION': '6', 'GTK_RC_FILES': '/etc/gtk/gtkrc:/home/dannydevss/.gtkrc:/home/dannydevss/.config/gtkrc', 'KONSOLE_DBUS_SESSION': '/Sessions/1', 'MANAGERPID': '709', 'LC_MONETARY': 'es_CL.UTF-8', 'XDG_STATE_HOME': '/home/dannydevss/.local/state', 'DBUS_SESSION_BUS_ADDRESS': 'unix:path=/run/user/1000/bus', 'DISTROBOX_ENTER_PATH': '/usr/bin/distrobox-enter', 'SYSTEMD_EXEC_PID': '791', 'KONSOLE_DBUS_WINDOW': '/Windows/1', 'KONSOLE_DBUS_ACTIVATION_COOKIE': 'qBRXxgDez1hWT/CBVbgTXG6JsYpggzAUr03yeVc3dSA=', 'COLORTERM': 'truecolor', 'container': 'podman', 'DEBUGINFOD_URLS': 'https://debuginfod.archlinux.org https://debuginfod.cachyos.org', 'WAYLAND_DISPLAY': 'wayland-0', 'XKB_DEFAULT_LAYOUT': 'latam', 'QT_QPA_PLATFORMTHEME': 'qt5ct', 'LOGNAME': 'dannydevss', 'JOURNAL_STREAM': '10:14090', 'WINDOWID': '94839717916480', 'MANAGERPIDFDID': '12452', 'XDG_SESSION_CLASS': 'user', 'MEMORY_PRESSURE_WATCH': '/sys/fs/cgroup/user.slice/user-1000.slice/user@1000.service/session.slice/plasma-kwin_wayland.service/memory.pressure', 'COLORFGBG': '15;0', 'TERMINFO_DIRS': '/usr/share/terminfo:/run/host/usr/share/terminfo', 'XDG_SESSION_ID': '2', 'TERM': 'xterm-256color', 'KGLOBALACCELD_PLATFORM': 'org.kde.kwin', 'GTK2_RC_FILES': '/home/dannydevss/.gtkrc-2.0', 'FLATPAK_TTY_PROGRESS': '1', 'PATH': '/home/dannydevss/.local/bin:/usr/local/bin:/usr/bin:/var/lib/flatpak/exports/bin:/usr/bin/site_perl:/usr/bin/vendor_perl:/usr/bin/core_perl:/usr/local/sbin:/usr/sbin:/usr/local/bin:/usr/bin:/sbin:/bin:/usr/local/sbin:/usr/sbin:/sbin:/bin:/usr/local/games:/usr/games', 'INVOCATION_ID': 'f05e3904e98e4ce1a29cd5484c239b83', 'SESSION_MANAGER': 'local/SkullCachy:@/tmp/.ICE-unix/928,unix/SkullCachy:/tmp/.ICE-unix/928', 'XDG_SESSION_PATH': '/org/freedesktop/DisplayManager/Session2', 'XDG_RUNTIME_DIR': '/run/user/1000', 'XDG_MENU_PREFIX': 'plasma-', 'XKB_DEFAULT_MODEL': 'pc105', 'LC_ADDRESS': 'es_CL.UTF-8', 'ICEAUTHORITY': '/run/user/1000/iceauth_jzWSUH', 'DISPLAY': ':1', 'LC_TELEPHONE': 'es_CL.UTF-8', 'LANG': 'es_MX.UTF-8', 'XDG_CURRENT_DESKTOP': 'KDE', 'XDG_CONFIG_HOME': '/home/dannydevss/.config', 'XDG_SESSION_DESKTOP': 'KDE', 'MANPAGER': "sh -c 'col -bx | bat -l man -p'", 'XAUTHORITY': '/run/user/1000/xauth_LGjmMt', 'XDG_DATA_HOME': '/home/dannydevss/.local/share', 'UID': '1000', 'SHELL': '/usr/bin/fish', 'LC_NAME': 'es_CL.UTF-8', 'LC_MEASUREMENT': 'es_CL.UTF-8', 'XKB_DEFAULT_VARIANT': 'deadtilde', 'KONSOLE_DBUS_SERVICE': ':1.48', 'LC_IDENTIFICATION': 'es_CL.UTF-8', 'VSSCRIPT_PATH': '/usr/lib/python3.14/site-packages/vapoursynth/libvsscript.so', 'PWD': '/home/dannydevss/Escritorio/TESIS/build/ugv_bridge', 'CONTAINER_ID': 'ros2-jazzy', 'VIRTUAL_ENV_DISABLE_PROMPT': '1', 'XDG_DATA_DIRS': '/home/dannydevss/.local/share/flatpak/exports/share:/var/lib/flatpak/exports/share:/usr/local/share:/usr/share', 'XDG_CONFIG_DIRS': '/home/dannydevss/.config/kdedefaults:/etc/xdg', 'LC_NUMERIC': 'es_CL.UTF-8', 'LC_PAPER': 'es_CL.UTF-8', 'KDE_SESSION_UID': '1000', 'COLCON': '1', 'MEMORY_PRESSURE_WRITE': 'c29tZSAyMDAwMDAgMjAwMDAwMAA=', 'EDITOR': '/usr/bin/vim', 'PYTHONPATH': '/home/dannydevss/Escritorio/TESIS/build/ugv_bridge/prefix_override:/usr/lib/python3/dist-packages/colcon_core/task/python/colcon_distutils_commands:/home/dannydevss/Escritorio/TESIS/install/ugv_bridge/lib/python3.12/site-packages:'}, 'shell': False}
[1.205590] (-) TimerEvent: {}
[1.306107] (-) TimerEvent: {}
[1.406640] (-) TimerEvent: {}
[1.481100] (ugv_bridge) StdoutLine: {'line': b'running egg_info\n'}
[1.494106] (ugv_bridge) StdoutLine: {'line': b'writing ../../build/ugv_bridge/ugv_bridge.egg-info/PKG-INFO\n'}
[1.494965] (ugv_bridge) StdoutLine: {'line': b'writing dependency_links to ../../build/ugv_bridge/ugv_bridge.egg-info/dependency_links.txt\n'}
[1.495377] (ugv_bridge) StdoutLine: {'line': b'writing entry points to ../../build/ugv_bridge/ugv_bridge.egg-info/entry_points.txt\n'}
[1.495901] (ugv_bridge) StdoutLine: {'line': b'writing requirements to ../../build/ugv_bridge/ugv_bridge.egg-info/requires.txt\n'}
[1.496187] (ugv_bridge) StdoutLine: {'line': b'writing top-level names to ../../build/ugv_bridge/ugv_bridge.egg-info/top_level.txt\n'}
[1.506749] (-) TimerEvent: {}
[1.524063] (ugv_bridge) StdoutLine: {'line': b"reading manifest file '../../build/ugv_bridge/ugv_bridge.egg-info/SOURCES.txt'\n"}
[1.525617] (ugv_bridge) StdoutLine: {'line': b"writing manifest file '../../build/ugv_bridge/ugv_bridge.egg-info/SOURCES.txt'\n"}
[1.525911] (ugv_bridge) StdoutLine: {'line': b'running build\n'}
[1.526165] (ugv_bridge) StdoutLine: {'line': b'running build_py\n'}
[1.526833] (ugv_bridge) StdoutLine: {'line': b'running install\n'}
[1.537019] (ugv_bridge) StdoutLine: {'line': b'running install_lib\n'}
[1.558085] (ugv_bridge) StdoutLine: {'line': b'running install_data\n'}
[1.565514] (ugv_bridge) StdoutLine: {'line': b'copying launch/view.launch.py -> /home/dannydevss/Escritorio/TESIS/install/ugv_bridge/share/ugv_bridge/launch\n'}
[1.566394] (ugv_bridge) StdoutLine: {'line': b'running install_egg_info\n'}
[1.585399] (ugv_bridge) StdoutLine: {'line': b"removing '/home/dannydevss/Escritorio/TESIS/install/ugv_bridge/lib/python3.12/site-packages/ugv_bridge-0.0.0-py3.12.egg-info' (and everything under it)\n"}
[1.586052] (ugv_bridge) StdoutLine: {'line': b'Copying ../../build/ugv_bridge/ugv_bridge.egg-info to /home/dannydevss/Escritorio/TESIS/install/ugv_bridge/lib/python3.12/site-packages/ugv_bridge-0.0.0-py3.12.egg-info\n'}
[1.587860] (ugv_bridge) StdoutLine: {'line': b'running install_scripts\n'}
[1.606875] (-) TimerEvent: {}
[1.707225] (-) TimerEvent: {}
[1.714669] (ugv_bridge) StdoutLine: {'line': b'Installing dummy_rl_controller script to /home/dannydevss/Escritorio/TESIS/install/ugv_bridge/lib/ugv_bridge\n'}
[1.715510] (ugv_bridge) StdoutLine: {'line': b'Installing flipper_node script to /home/dannydevss/Escritorio/TESIS/install/ugv_bridge/lib/ugv_bridge\n'}
[1.715873] (ugv_bridge) StdoutLine: {'line': b'Installing gui_a_vcan script to /home/dannydevss/Escritorio/TESIS/install/ugv_bridge/lib/ugv_bridge\n'}
[1.716215] (ugv_bridge) StdoutLine: {'line': b'Installing motor_emulator script to /home/dannydevss/Escritorio/TESIS/install/ugv_bridge/lib/ugv_bridge\n'}
[1.716604] (ugv_bridge) StdoutLine: {'line': b'Installing track_odometry_node script to /home/dannydevss/Escritorio/TESIS/install/ugv_bridge/lib/ugv_bridge\n'}
[1.717335] (ugv_bridge) StdoutLine: {'line': b"writing list of installed files to '/home/dannydevss/Escritorio/TESIS/build/ugv_bridge/install.log'\n"}
[1.770709] (ugv_bridge) CommandEnded: {'returncode': 0}
[1.790352] (ugv_bridge) JobEnded: {'identifier': 'ugv_bridge', 'rc': 0}
[1.791644] (-) EventReactorShutdown: {}
