[0.000000] (-) TimerEvent: {}
[0.000951] (ugv_bridge) JobQueued: {'identifier': 'ugv_bridge', 'dependencies': OrderedDict()}
[0.001060] (ugv_core) JobQueued: {'identifier': 'ugv_core', 'dependencies': OrderedDict()}
[0.001248] (ugv_gcs) JobQueued: {'identifier': 'ugv_gcs', 'dependencies': OrderedDict()}
[0.001283] (ugv_policy) JobQueued: {'identifier': 'ugv_policy', 'dependencies': OrderedDict({'ugv_core': '/home/dannydevss/Escritorio/TESIS/install/ugv_core'})}
[0.001350] (ugv_sim) JobQueued: {'identifier': 'ugv_sim', 'dependencies': OrderedDict({'ugv_core': '/home/dannydevss/Escritorio/TESIS/install/ugv_core'})}
[0.001383] (ugv_core) JobStarted: {'identifier': 'ugv_core'}
[0.013843] (ugv_bridge) JobStarted: {'identifier': 'ugv_bridge'}
[0.021125] (ugv_gcs) JobStarted: {'identifier': 'ugv_gcs'}
[0.099633] (-) TimerEvent: {}
[0.199969] (-) TimerEvent: {}
[0.300316] (-) TimerEvent: {}
[0.400656] (-) TimerEvent: {}
[0.500959] (-) TimerEvent: {}
[0.601280] (-) TimerEvent: {}
[0.701579] (-) TimerEvent: {}
[0.801897] (-) TimerEvent: {}
[0.902252] (-) TimerEvent: {}
[1.003135] (-) TimerEvent: {}
[1.106588] (-) TimerEvent: {}
[1.206973] (-) TimerEvent: {}
[1.309094] (-) TimerEvent: {}
[1.409710] (-) TimerEvent: {}
[1.510065] (-) TimerEvent: {}
[1.610441] (-) TimerEvent: {}
[1.710809] (-) TimerEvent: {}
[1.811214] (-) TimerEvent: {}
[1.911696] (-) TimerEvent: {}
[2.012045] (-) TimerEvent: {}
[2.112540] (-) TimerEvent: {}
[2.214297] (-) TimerEvent: {}
[2.233872] (ugv_core) Command: {'cmd': ['/usr/bin/python3', '-W', 'ignore:setup.py install is deprecated', '-W', 'ignore:easy_install command is deprecated', 'setup.py', 'egg_info', '--egg-base', '../../build/ugv_core', 'build', '--build-base', '/home/dannydevss/Escritorio/TESIS/build/ugv_core/build', 'install', '--record', '/home/dannydevss/Escritorio/TESIS/build/ugv_core/install.log', '--install-scripts', '$base/lib/ugv_core', '--single-version-externally-managed', 'install_data'], 'cwd': '/home/dannydevss/Escritorio/TESIS/src/ugv_core', 'env': {'PROFILEHOME': '', 'KDE_FULL_SESSION': 'true', 'RUSTICL_ENABLE': 'iris', 'MAIL': 'thunderbird', 'LANGUAGE': '', 'USER': 'dannydevss', 'PAM_KWALLET5_LOGIN': '/run/user/1000/kwallet5.socket', 'LC_TIME': 'es_CL.UTF-8', 'HOSTNAME': 'SkullCachy', 'XDG_SESSION_TYPE': 'wayland', 'KONSOLE_VERSION': '260403', 'XDG_CACHE_HOME': '/home/dannydevss/.cache', 'QT_WAYLAND_RECONNECT': '1', 'SHLVL': '4', 'LD_LIBRARY_PATH': '/opt/ros/jazzy/opt/rviz_ogre_vendor/lib:/opt/ros/jazzy/lib/x86_64-linux-gnu:/opt/ros/jazzy/opt/gz_math_vendor/lib:/opt/ros/jazzy/opt/gz_utils_vendor/lib:/opt/ros/jazzy/opt/gz_cmake_vendor/lib:/opt/ros/jazzy/lib', 'BROWSER': 'cachy-browser', 'MOTD_SHOWN': 'pam', 'HOME': '/home/dannydevss', 'KDE_APPLICATIONS_AS_SCOPE': '1', 'OLDPWD': '/home/dannydevss', 'DESKTOP_SESSION': 'plasma', 'MANROFFOPT': '-c', 'ROS_PYTHON_VERSION': '3', 'GTK_RC_FILES': '/etc/gtk/gtkrc:/home/dannydevss/.gtkrc:/home/dannydevss/.config/gtkrc', 'KDE_SESSION_VERSION': '6', 'LC_MONETARY': 'es_CL.UTF-8', 'KONSOLE_DBUS_SESSION': '/Sessions/1', 'MANAGERPID': '769', 'DISTROBOX_ENTER_PATH': '/usr/bin/distrobox-enter', 'SYSTEMD_EXEC_PID': '830', 'XDG_STATE_HOME': '/home/dannydevss/.local/state', 'DBUS_SESSION_BUS_ADDRESS': 'unix:path=/run/user/1000/bus', 'COLORTERM': 'truecolor', 'container': 'podman', 'KONSOLE_DBUS_ACTIVATION_COOKIE': 'N5+rvdIQfMMLWYn+YhnpYqwfQGkqvLxrmvltBlqOKMw=', 'KONSOLE_DBUS_WINDOW': '/Windows/1', 'DEBUGINFOD_URLS': 'https://debuginfod.archlinux.org https://debuginfod.cachyos.org', 'QT_QPA_PLATFORMTHEME': 'qt5ct', 'WAYLAND_DISPLAY': 'wayland-0', 'XKB_DEFAULT_LAYOUT': 'latam', 'ROS_DISTRO': 'jazzy', 'LOGNAME': 'dannydevss', 'WINDOWID': '94659487432624', 'MANAGERPIDFDID': '12436', 'JOURNAL_STREAM': '10:15133', '_': '/usr/bin/colcon', 'ROS_VERSION': '2', 'MEMORY_PRESSURE_WATCH': '/sys/fs/cgroup/user.slice/user-1000.slice/user@1000.service/session.slice/plasma-kwin_wayland.service/memory.pressure', 'XDG_SESSION_CLASS': 'user', 'COLORFGBG': '15;0', 'TERMINFO_DIRS': '/usr/share/terminfo:/run/host/usr/share/terminfo', 'TERM': 'xterm-256color', 'XDG_SESSION_ID': '2', 'KGLOBALACCELD_PLATFORM': 'org.kde.kwin', 'GTK2_RC_FILES': '/home/dannydevss/.gtkrc-2.0', 'FLATPAK_TTY_PROGRESS': '1', 'PATH': '/opt/ros/jazzy/bin:/home/dannydevss/.local/bin:/usr/local/bin:/usr/bin:/var/lib/flatpak/exports/bin:/usr/bin/site_perl:/usr/bin/vendor_perl:/usr/bin/core_perl:/usr/local/sbin:/usr/sbin:/usr/local/bin:/usr/bin:/sbin:/bin:/usr/local/sbin:/usr/sbin:/sbin:/bin', 'SESSION_MANAGER': 'local/SkullCachy:@/tmp/.ICE-unix/977,unix/SkullCachy:/tmp/.ICE-unix/977', 'INVOCATION_ID': '9020e8de3638439b98fc3e1252681cbe', 'XDG_SESSION_PATH': '/org/freedesktop/DisplayManager/Session2', 'XDG_MENU_PREFIX': 'plasma-', 'LC_ADDRESS': 'es_CL.UTF-8', 'XKB_DEFAULT_MODEL': 'pc105', 'XDG_RUNTIME_DIR': '/run/user/1000', 'ICEAUTHORITY': '/run/user/1000/iceauth_ejHKMa', 'DISPLAY': ':1', 'LANG': 'es_MX.UTF-8', 'XDG_CURRENT_DESKTOP': 'KDE', 'LC_TELEPHONE': 'es_CL.UTF-8', 'XDG_DATA_HOME': '/home/dannydevss/.local/share', 'XDG_CONFIG_HOME': '/home/dannydevss/.config', 'XDG_SESSION_DESKTOP': 'KDE', 'XAUTHORITY': '/run/user/1000/xauth_ZnBNoj', 'MANPAGER': "sh -c 'col -bx | bat -l man -p'", 'AMENT_PREFIX_PATH': '/opt/ros/jazzy', 'SHELL': 'fish', 'LC_NAME': 'es_CL.UTF-8', 'KONSOLE_DBUS_SERVICE': ':1.55', 'LC_MEASUREMENT': 'es_CL.UTF-8', 'XKB_DEFAULT_VARIANT': 'deadtilde', 'VSSCRIPT_PATH': '/usr/lib/python3.14/site-packages/vapoursynth/libvsscript.so', 'LC_IDENTIFICATION': 'es_CL.UTF-8', 'ROS_AUTOMATIC_DISCOVERY_RANGE': 'SUBNET', 'PWD': '/home/dannydevss/Escritorio/TESIS/build/ugv_core', 'CONTAINER_ID': 'ros2-jazzy', 'XDG_CONFIG_DIRS': '/home/dannydevss/.config/kdedefaults:/etc/xdg', 'VIRTUAL_ENV_DISABLE_PROMPT': '1', 'XDG_DATA_DIRS': '/home/dannydevss/.local/share/flatpak/exports/share:/var/lib/flatpak/exports/share:/usr/local/share:/usr/share', 'PYTHONPATH': '/home/dannydevss/Escritorio/TESIS/build/ugv_core/prefix_override:/usr/lib/python3/dist-packages/colcon_core/task/python/colcon_distutils_commands:/home/dannydevss/Escritorio/TESIS/install/ugv_core/lib/python3.12/site-packages:/opt/ros/jazzy/lib/python3.12/site-packages', 'LC_NUMERIC': 'es_CL.UTF-8', 'LC_PAPER': 'es_CL.UTF-8', 'KDE_SESSION_UID': '1000', 'COLCON': '1', 'MEMORY_PRESSURE_WRITE': 'c29tZSAyMDAwMDAgMjAwMDAwMAA=', 'EDITOR': '/usr/bin/vim', 'CMAKE_PREFIX_PATH': '/opt/ros/jazzy/opt/gz_math_vendor:/opt/ros/jazzy/opt/gz_utils_vendor:/opt/ros/jazzy/opt/gz_cmake_vendor'}, 'shell': False}
[2.298803] (ugv_bridge) Command: {'cmd': ['/usr/bin/python3', '-W', 'ignore:setup.py install is deprecated', '-W', 'ignore:easy_install command is deprecated', 'setup.py', 'egg_info', '--egg-base', '../../build/ugv_bridge', 'build', '--build-base', '/home/dannydevss/Escritorio/TESIS/build/ugv_bridge/build', 'install', '--record', '/home/dannydevss/Escritorio/TESIS/build/ugv_bridge/install.log', '--install-scripts', '$base/lib/ugv_bridge', '--single-version-externally-managed', 'install_data'], 'cwd': '/home/dannydevss/Escritorio/TESIS/src/ugv_bridge', 'env': {'PROFILEHOME': '', 'KDE_FULL_SESSION': 'true', 'RUSTICL_ENABLE': 'iris', 'MAIL': 'thunderbird', 'LANGUAGE': '', 'USER': 'dannydevss', 'PAM_KWALLET5_LOGIN': '/run/user/1000/kwallet5.socket', 'LC_TIME': 'es_CL.UTF-8', 'HOSTNAME': 'SkullCachy', 'XDG_SESSION_TYPE': 'wayland', 'KONSOLE_VERSION': '260403', 'XDG_CACHE_HOME': '/home/dannydevss/.cache', 'QT_WAYLAND_RECONNECT': '1', 'SHLVL': '4', 'LD_LIBRARY_PATH': '/opt/ros/jazzy/opt/rviz_ogre_vendor/lib:/opt/ros/jazzy/lib/x86_64-linux-gnu:/opt/ros/jazzy/opt/gz_math_vendor/lib:/opt/ros/jazzy/opt/gz_utils_vendor/lib:/opt/ros/jazzy/opt/gz_cmake_vendor/lib:/opt/ros/jazzy/lib', 'BROWSER': 'cachy-browser', 'MOTD_SHOWN': 'pam', 'HOME': '/home/dannydevss', 'KDE_APPLICATIONS_AS_SCOPE': '1', 'OLDPWD': '/home/dannydevss', 'DESKTOP_SESSION': 'plasma', 'MANROFFOPT': '-c', 'ROS_PYTHON_VERSION': '3', 'GTK_RC_FILES': '/etc/gtk/gtkrc:/home/dannydevss/.gtkrc:/home/dannydevss/.config/gtkrc', 'KDE_SESSION_VERSION': '6', 'LC_MONETARY': 'es_CL.UTF-8', 'KONSOLE_DBUS_SESSION': '/Sessions/1', 'MANAGERPID': '769', 'DISTROBOX_ENTER_PATH': '/usr/bin/distrobox-enter', 'SYSTEMD_EXEC_PID': '830', 'XDG_STATE_HOME': '/home/dannydevss/.local/state', 'DBUS_SESSION_BUS_ADDRESS': 'unix:path=/run/user/1000/bus', 'COLORTERM': 'truecolor', 'container': 'podman', 'KONSOLE_DBUS_ACTIVATION_COOKIE': 'N5+rvdIQfMMLWYn+YhnpYqwfQGkqvLxrmvltBlqOKMw=', 'KONSOLE_DBUS_WINDOW': '/Windows/1', 'DEBUGINFOD_URLS': 'https://debuginfod.archlinux.org https://debuginfod.cachyos.org', 'QT_QPA_PLATFORMTHEME': 'qt5ct', 'WAYLAND_DISPLAY': 'wayland-0', 'XKB_DEFAULT_LAYOUT': 'latam', 'ROS_DISTRO': 'jazzy', 'LOGNAME': 'dannydevss', 'WINDOWID': '94659487432624', 'MANAGERPIDFDID': '12436', 'JOURNAL_STREAM': '10:15133', '_': '/usr/bin/colcon', 'ROS_VERSION': '2', 'MEMORY_PRESSURE_WATCH': '/sys/fs/cgroup/user.slice/user-1000.slice/user@1000.service/session.slice/plasma-kwin_wayland.service/memory.pressure', 'XDG_SESSION_CLASS': 'user', 'COLORFGBG': '15;0', 'TERMINFO_DIRS': '/usr/share/terminfo:/run/host/usr/share/terminfo', 'TERM': 'xterm-256color', 'XDG_SESSION_ID': '2', 'KGLOBALACCELD_PLATFORM': 'org.kde.kwin', 'GTK2_RC_FILES': '/home/dannydevss/.gtkrc-2.0', 'FLATPAK_TTY_PROGRESS': '1', 'PATH': '/opt/ros/jazzy/bin:/home/dannydevss/.local/bin:/usr/local/bin:/usr/bin:/var/lib/flatpak/exports/bin:/usr/bin/site_perl:/usr/bin/vendor_perl:/usr/bin/core_perl:/usr/local/sbin:/usr/sbin:/usr/local/bin:/usr/bin:/sbin:/bin:/usr/local/sbin:/usr/sbin:/sbin:/bin', 'SESSION_MANAGER': 'local/SkullCachy:@/tmp/.ICE-unix/977,unix/SkullCachy:/tmp/.ICE-unix/977', 'INVOCATION_ID': '9020e8de3638439b98fc3e1252681cbe', 'XDG_SESSION_PATH': '/org/freedesktop/DisplayManager/Session2', 'XDG_MENU_PREFIX': 'plasma-', 'LC_ADDRESS': 'es_CL.UTF-8', 'XKB_DEFAULT_MODEL': 'pc105', 'XDG_RUNTIME_DIR': '/run/user/1000', 'ICEAUTHORITY': '/run/user/1000/iceauth_ejHKMa', 'DISPLAY': ':1', 'LANG': 'es_MX.UTF-8', 'XDG_CURRENT_DESKTOP': 'KDE', 'LC_TELEPHONE': 'es_CL.UTF-8', 'XDG_DATA_HOME': '/home/dannydevss/.local/share', 'XDG_CONFIG_HOME': '/home/dannydevss/.config', 'XDG_SESSION_DESKTOP': 'KDE', 'XAUTHORITY': '/run/user/1000/xauth_ZnBNoj', 'MANPAGER': "sh -c 'col -bx | bat -l man -p'", 'AMENT_PREFIX_PATH': '/opt/ros/jazzy', 'SHELL': 'fish', 'LC_NAME': 'es_CL.UTF-8', 'KONSOLE_DBUS_SERVICE': ':1.55', 'LC_MEASUREMENT': 'es_CL.UTF-8', 'XKB_DEFAULT_VARIANT': 'deadtilde', 'VSSCRIPT_PATH': '/usr/lib/python3.14/site-packages/vapoursynth/libvsscript.so', 'LC_IDENTIFICATION': 'es_CL.UTF-8', 'ROS_AUTOMATIC_DISCOVERY_RANGE': 'SUBNET', 'PWD': '/home/dannydevss/Escritorio/TESIS/build/ugv_bridge', 'CONTAINER_ID': 'ros2-jazzy', 'XDG_CONFIG_DIRS': '/home/dannydevss/.config/kdedefaults:/etc/xdg', 'VIRTUAL_ENV_DISABLE_PROMPT': '1', 'XDG_DATA_DIRS': '/home/dannydevss/.local/share/flatpak/exports/share:/var/lib/flatpak/exports/share:/usr/local/share:/usr/share', 'PYTHONPATH': '/home/dannydevss/Escritorio/TESIS/build/ugv_bridge/prefix_override:/usr/lib/python3/dist-packages/colcon_core/task/python/colcon_distutils_commands:/home/dannydevss/Escritorio/TESIS/install/ugv_bridge/lib/python3.12/site-packages:/opt/ros/jazzy/lib/python3.12/site-packages', 'LC_NUMERIC': 'es_CL.UTF-8', 'LC_PAPER': 'es_CL.UTF-8', 'KDE_SESSION_UID': '1000', 'COLCON': '1', 'MEMORY_PRESSURE_WRITE': 'c29tZSAyMDAwMDAgMjAwMDAwMAA=', 'EDITOR': '/usr/bin/vim', 'CMAKE_PREFIX_PATH': '/opt/ros/jazzy/opt/gz_math_vendor:/opt/ros/jazzy/opt/gz_utils_vendor:/opt/ros/jazzy/opt/gz_cmake_vendor'}, 'shell': False}
[2.315650] (-) TimerEvent: {}
[2.325787] (ugv_gcs) Command: {'cmd': ['/usr/bin/python3', '-W', 'ignore:setup.py install is deprecated', '-W', 'ignore:easy_install command is deprecated', 'setup.py', 'egg_info', '--egg-base', '../../build/ugv_gcs', 'build', '--build-base', '/home/dannydevss/Escritorio/TESIS/build/ugv_gcs/build', 'install', '--record', '/home/dannydevss/Escritorio/TESIS/build/ugv_gcs/install.log', '--install-scripts', '$base/lib/ugv_gcs', '--single-version-externally-managed', 'install_data'], 'cwd': '/home/dannydevss/Escritorio/TESIS/src/ugv_gcs', 'env': {'PROFILEHOME': '', 'KDE_FULL_SESSION': 'true', 'RUSTICL_ENABLE': 'iris', 'MAIL': 'thunderbird', 'LANGUAGE': '', 'USER': 'dannydevss', 'PAM_KWALLET5_LOGIN': '/run/user/1000/kwallet5.socket', 'LC_TIME': 'es_CL.UTF-8', 'HOSTNAME': 'SkullCachy', 'XDG_SESSION_TYPE': 'wayland', 'KONSOLE_VERSION': '260403', 'XDG_CACHE_HOME': '/home/dannydevss/.cache', 'QT_WAYLAND_RECONNECT': '1', 'SHLVL': '4', 'LD_LIBRARY_PATH': '/opt/ros/jazzy/opt/rviz_ogre_vendor/lib:/opt/ros/jazzy/lib/x86_64-linux-gnu:/opt/ros/jazzy/opt/gz_math_vendor/lib:/opt/ros/jazzy/opt/gz_utils_vendor/lib:/opt/ros/jazzy/opt/gz_cmake_vendor/lib:/opt/ros/jazzy/lib', 'BROWSER': 'cachy-browser', 'MOTD_SHOWN': 'pam', 'HOME': '/home/dannydevss', 'KDE_APPLICATIONS_AS_SCOPE': '1', 'OLDPWD': '/home/dannydevss', 'DESKTOP_SESSION': 'plasma', 'MANROFFOPT': '-c', 'ROS_PYTHON_VERSION': '3', 'GTK_RC_FILES': '/etc/gtk/gtkrc:/home/dannydevss/.gtkrc:/home/dannydevss/.config/gtkrc', 'KDE_SESSION_VERSION': '6', 'LC_MONETARY': 'es_CL.UTF-8', 'KONSOLE_DBUS_SESSION': '/Sessions/1', 'MANAGERPID': '769', 'DISTROBOX_ENTER_PATH': '/usr/bin/distrobox-enter', 'SYSTEMD_EXEC_PID': '830', 'XDG_STATE_HOME': '/home/dannydevss/.local/state', 'DBUS_SESSION_BUS_ADDRESS': 'unix:path=/run/user/1000/bus', 'COLORTERM': 'truecolor', 'container': 'podman', 'KONSOLE_DBUS_ACTIVATION_COOKIE': 'N5+rvdIQfMMLWYn+YhnpYqwfQGkqvLxrmvltBlqOKMw=', 'KONSOLE_DBUS_WINDOW': '/Windows/1', 'DEBUGINFOD_URLS': 'https://debuginfod.archlinux.org https://debuginfod.cachyos.org', 'QT_QPA_PLATFORMTHEME': 'qt5ct', 'WAYLAND_DISPLAY': 'wayland-0', 'XKB_DEFAULT_LAYOUT': 'latam', 'ROS_DISTRO': 'jazzy', 'LOGNAME': 'dannydevss', 'WINDOWID': '94659487432624', 'MANAGERPIDFDID': '12436', 'JOURNAL_STREAM': '10:15133', '_': '/usr/bin/colcon', 'ROS_VERSION': '2', 'MEMORY_PRESSURE_WATCH': '/sys/fs/cgroup/user.slice/user-1000.slice/user@1000.service/session.slice/plasma-kwin_wayland.service/memory.pressure', 'XDG_SESSION_CLASS': 'user', 'COLORFGBG': '15;0', 'TERMINFO_DIRS': '/usr/share/terminfo:/run/host/usr/share/terminfo', 'TERM': 'xterm-256color', 'XDG_SESSION_ID': '2', 'KGLOBALACCELD_PLATFORM': 'org.kde.kwin', 'GTK2_RC_FILES': '/home/dannydevss/.gtkrc-2.0', 'FLATPAK_TTY_PROGRESS': '1', 'PATH': '/opt/ros/jazzy/bin:/home/dannydevss/.local/bin:/usr/local/bin:/usr/bin:/var/lib/flatpak/exports/bin:/usr/bin/site_perl:/usr/bin/vendor_perl:/usr/bin/core_perl:/usr/local/sbin:/usr/sbin:/usr/local/bin:/usr/bin:/sbin:/bin:/usr/local/sbin:/usr/sbin:/sbin:/bin', 'SESSION_MANAGER': 'local/SkullCachy:@/tmp/.ICE-unix/977,unix/SkullCachy:/tmp/.ICE-unix/977', 'INVOCATION_ID': '9020e8de3638439b98fc3e1252681cbe', 'XDG_SESSION_PATH': '/org/freedesktop/DisplayManager/Session2', 'XDG_MENU_PREFIX': 'plasma-', 'LC_ADDRESS': 'es_CL.UTF-8', 'XKB_DEFAULT_MODEL': 'pc105', 'XDG_RUNTIME_DIR': '/run/user/1000', 'ICEAUTHORITY': '/run/user/1000/iceauth_ejHKMa', 'DISPLAY': ':1', 'LANG': 'es_MX.UTF-8', 'XDG_CURRENT_DESKTOP': 'KDE', 'LC_TELEPHONE': 'es_CL.UTF-8', 'XDG_DATA_HOME': '/home/dannydevss/.local/share', 'XDG_CONFIG_HOME': '/home/dannydevss/.config', 'XDG_SESSION_DESKTOP': 'KDE', 'XAUTHORITY': '/run/user/1000/xauth_ZnBNoj', 'MANPAGER': "sh -c 'col -bx | bat -l man -p'", 'AMENT_PREFIX_PATH': '/opt/ros/jazzy', 'SHELL': 'fish', 'LC_NAME': 'es_CL.UTF-8', 'KONSOLE_DBUS_SERVICE': ':1.55', 'LC_MEASUREMENT': 'es_CL.UTF-8', 'XKB_DEFAULT_VARIANT': 'deadtilde', 'VSSCRIPT_PATH': '/usr/lib/python3.14/site-packages/vapoursynth/libvsscript.so', 'LC_IDENTIFICATION': 'es_CL.UTF-8', 'ROS_AUTOMATIC_DISCOVERY_RANGE': 'SUBNET', 'PWD': '/home/dannydevss/Escritorio/TESIS/build/ugv_gcs', 'CONTAINER_ID': 'ros2-jazzy', 'XDG_CONFIG_DIRS': '/home/dannydevss/.config/kdedefaults:/etc/xdg', 'VIRTUAL_ENV_DISABLE_PROMPT': '1', 'XDG_DATA_DIRS': '/home/dannydevss/.local/share/flatpak/exports/share:/var/lib/flatpak/exports/share:/usr/local/share:/usr/share', 'PYTHONPATH': '/home/dannydevss/Escritorio/TESIS/build/ugv_gcs/prefix_override:/usr/lib/python3/dist-packages/colcon_core/task/python/colcon_distutils_commands:/home/dannydevss/Escritorio/TESIS/install/ugv_gcs/lib/python3.12/site-packages:/opt/ros/jazzy/lib/python3.12/site-packages', 'LC_NUMERIC': 'es_CL.UTF-8', 'LC_PAPER': 'es_CL.UTF-8', 'KDE_SESSION_UID': '1000', 'COLCON': '1', 'MEMORY_PRESSURE_WRITE': 'c29tZSAyMDAwMDAgMjAwMDAwMAA=', 'EDITOR': '/usr/bin/vim', 'CMAKE_PREFIX_PATH': '/opt/ros/jazzy/opt/gz_math_vendor:/opt/ros/jazzy/opt/gz_utils_vendor:/opt/ros/jazzy/opt/gz_cmake_vendor'}, 'shell': False}
[2.415762] (-) TimerEvent: {}
[2.516165] (-) TimerEvent: {}
[2.616537] (-) TimerEvent: {}
[2.699717] (ugv_core) StdoutLine: {'line': b'running egg_info\n'}
[2.716650] (-) TimerEvent: {}
[2.731532] (ugv_core) StdoutLine: {'line': b'writing ../../build/ugv_core/ugv_core.egg-info/PKG-INFO\n'}
[2.732681] (ugv_core) StdoutLine: {'line': b'writing dependency_links to ../../build/ugv_core/ugv_core.egg-info/dependency_links.txt\n'}
[2.733266] (ugv_core) StdoutLine: {'line': b'writing requirements to ../../build/ugv_core/ugv_core.egg-info/requires.txt\n'}
[2.733773] (ugv_core) StdoutLine: {'line': b'writing top-level names to ../../build/ugv_core/ugv_core.egg-info/top_level.txt\n'}
[2.793343] (ugv_core) StdoutLine: {'line': b"reading manifest file '../../build/ugv_core/ugv_core.egg-info/SOURCES.txt'\n"}
[2.794562] (ugv_core) StdoutLine: {'line': b"writing manifest file '../../build/ugv_core/ugv_core.egg-info/SOURCES.txt'\n"}
[2.795427] (ugv_core) StdoutLine: {'line': b'running build\n'}
[2.795967] (ugv_core) StdoutLine: {'line': b'running build_py\n'}
[2.796244] (ugv_core) StdoutLine: {'line': b'running install\n'}
[2.806436] (ugv_core) StdoutLine: {'line': b'running install_lib\n'}
[2.816759] (-) TimerEvent: {}
[2.838061] (ugv_core) StdoutLine: {'line': b'running install_data\n'}
[2.840371] (ugv_core) StdoutLine: {'line': b'running install_egg_info\n'}
[2.882086] (ugv_core) StdoutLine: {'line': b"removing '/home/dannydevss/Escritorio/TESIS/install/ugv_core/lib/python3.12/site-packages/ugv_core-0.0.0-py3.12.egg-info' (and everything under it)\n"}
[2.884905] (ugv_core) StdoutLine: {'line': b'Copying ../../build/ugv_core/ugv_core.egg-info to /home/dannydevss/Escritorio/TESIS/install/ugv_core/lib/python3.12/site-packages/ugv_core-0.0.0-py3.12.egg-info\n'}
[2.885401] (ugv_core) StdoutLine: {'line': b'running install_scripts\n'}
[2.917078] (-) TimerEvent: {}
[2.969629] (ugv_gcs) StdoutLine: {'line': b'running egg_info\n'}
[3.012574] (ugv_bridge) StdoutLine: {'line': b'running egg_info\n'}
[3.016367] (ugv_gcs) StdoutLine: {'line': b'writing ../../build/ugv_gcs/ugv_gcs.egg-info/PKG-INFO\n'}
[3.017536] (ugv_gcs) StdoutLine: {'line': b'writing dependency_links to ../../build/ugv_gcs/ugv_gcs.egg-info/dependency_links.txt\n'}
[3.017886] (-) TimerEvent: {}
[3.019336] (ugv_gcs) StdoutLine: {'line': b'writing entry points to ../../build/ugv_gcs/ugv_gcs.egg-info/entry_points.txt\n'}
[3.020218] (ugv_gcs) StdoutLine: {'line': b'writing requirements to ../../build/ugv_gcs/ugv_gcs.egg-info/requires.txt\n'}
[3.020519] (ugv_gcs) StdoutLine: {'line': b'writing top-level names to ../../build/ugv_gcs/ugv_gcs.egg-info/top_level.txt\n'}
[3.066173] (ugv_bridge) StdoutLine: {'line': b'writing ../../build/ugv_bridge/ugv_bridge.egg-info/PKG-INFO\n'}
[3.067412] (ugv_bridge) StdoutLine: {'line': b'writing dependency_links to ../../build/ugv_bridge/ugv_bridge.egg-info/dependency_links.txt\n'}
[3.068141] (ugv_bridge) StdoutLine: {'line': b'writing entry points to ../../build/ugv_bridge/ugv_bridge.egg-info/entry_points.txt\n'}
[3.068984] (ugv_bridge) StdoutLine: {'line': b'writing requirements to ../../build/ugv_bridge/ugv_bridge.egg-info/requires.txt\n'}
[3.069264] (ugv_bridge) StdoutLine: {'line': b'writing top-level names to ../../build/ugv_bridge/ugv_bridge.egg-info/top_level.txt\n'}
[3.118091] (-) TimerEvent: {}
[3.119181] (ugv_gcs) StdoutLine: {'line': b"reading manifest file '../../build/ugv_gcs/ugv_gcs.egg-info/SOURCES.txt'\n"}
[3.120698] (ugv_gcs) StdoutLine: {'line': b"writing manifest file '../../build/ugv_gcs/ugv_gcs.egg-info/SOURCES.txt'\n"}
[3.121184] (ugv_gcs) StdoutLine: {'line': b'running build\n'}
[3.123786] (ugv_gcs) StdoutLine: {'line': b'running build_py\n'}
[3.124154] (ugv_gcs) StdoutLine: {'line': b'running install\n'}
[3.144175] (ugv_gcs) StdoutLine: {'line': b'running install_lib\n'}
[3.177545] (ugv_bridge) StdoutLine: {'line': b"reading manifest file '../../build/ugv_bridge/ugv_bridge.egg-info/SOURCES.txt'\n"}
[3.179989] (ugv_bridge) StdoutLine: {'line': b"writing manifest file '../../build/ugv_bridge/ugv_bridge.egg-info/SOURCES.txt'\n"}
[3.180704] (ugv_bridge) StdoutLine: {'line': b'running build\n'}
[3.182240] (ugv_bridge) StdoutLine: {'line': b'running build_py\n'}
[3.182550] (ugv_bridge) StdoutLine: {'line': b'copying ugv_bridge/kinematic_guardian.py -> /home/dannydevss/Escritorio/TESIS/build/ugv_bridge/build/lib/ugv_bridge\n'}
[3.184162] (ugv_bridge) StdoutLine: {'line': b'running install\n'}
[3.193529] (ugv_gcs) StdoutLine: {'line': b'running install_data\n'}
[3.193895] (ugv_gcs) StdoutLine: {'line': b'running install_egg_info\n'}
[3.200473] (ugv_core) StdoutLine: {'line': b"writing list of installed files to '/home/dannydevss/Escritorio/TESIS/build/ugv_core/install.log'\n"}
[3.203890] (ugv_bridge) StdoutLine: {'line': b'running install_lib\n'}
[3.218213] (-) TimerEvent: {}
[3.247327] (ugv_gcs) StdoutLine: {'line': b"removing '/home/dannydevss/Escritorio/TESIS/install/ugv_gcs/lib/python3.12/site-packages/ugv_gcs-0.0.0-py3.12.egg-info' (and everything under it)\n"}
[3.248335] (ugv_gcs) StdoutLine: {'line': b'Copying ../../build/ugv_gcs/ugv_gcs.egg-info to /home/dannydevss/Escritorio/TESIS/install/ugv_gcs/lib/python3.12/site-packages/ugv_gcs-0.0.0-py3.12.egg-info\n'}
[3.253142] (ugv_gcs) StdoutLine: {'line': b'running install_scripts\n'}
[3.260772] (ugv_bridge) StdoutLine: {'line': b'copying /home/dannydevss/Escritorio/TESIS/build/ugv_bridge/build/lib/ugv_bridge/kinematic_guardian.py -> /home/dannydevss/Escritorio/TESIS/install/ugv_bridge/lib/python3.12/site-packages/ugv_bridge\n'}
[3.263268] (ugv_bridge) StdoutLine: {'line': b'byte-compiling /home/dannydevss/Escritorio/TESIS/install/ugv_bridge/lib/python3.12/site-packages/ugv_bridge/kinematic_guardian.py to kinematic_guardian.cpython-312.pyc\n'}
[3.265594] (ugv_bridge) StdoutLine: {'line': b'running install_data\n'}
[3.266567] (ugv_core) CommandEnded: {'returncode': 0}
[3.267466] (ugv_bridge) StdoutLine: {'line': b'running install_egg_info\n'}
[3.291623] (ugv_core) JobEnded: {'identifier': 'ugv_core', 'rc': 0}
[3.293895] (ugv_policy) JobStarted: {'identifier': 'ugv_policy'}
[3.303133] (ugv_sim) JobStarted: {'identifier': 'ugv_sim'}
[3.320096] (-) TimerEvent: {}
[3.328195] (ugv_bridge) StdoutLine: {'line': b"removing '/home/dannydevss/Escritorio/TESIS/install/ugv_bridge/lib/python3.12/site-packages/ugv_bridge-0.0.0-py3.12.egg-info' (and everything under it)\n"}
[3.329345] (ugv_bridge) StdoutLine: {'line': b'Copying ../../build/ugv_bridge/ugv_bridge.egg-info to /home/dannydevss/Escritorio/TESIS/install/ugv_bridge/lib/python3.12/site-packages/ugv_bridge-0.0.0-py3.12.egg-info\n'}
[3.331691] (ugv_bridge) StdoutLine: {'line': b'running install_scripts\n'}
[3.420703] (-) TimerEvent: {}
[3.522489] (-) TimerEvent: {}
[3.592291] (ugv_gcs) StdoutLine: {'line': b'Installing gcs_node script to /home/dannydevss/Escritorio/TESIS/install/ugv_gcs/lib/ugv_gcs\n'}
[3.593730] (ugv_gcs) StdoutLine: {'line': b"writing list of installed files to '/home/dannydevss/Escritorio/TESIS/build/ugv_gcs/install.log'\n"}
[3.622621] (-) TimerEvent: {}
[3.691121] (ugv_bridge) StdoutLine: {'line': b'Installing dummy_rl_controller script to /home/dannydevss/Escritorio/TESIS/install/ugv_bridge/lib/ugv_bridge\n'}
[3.691591] (ugv_bridge) StdoutLine: {'line': b'Installing flipper_node script to /home/dannydevss/Escritorio/TESIS/install/ugv_bridge/lib/ugv_bridge\n'}
[3.692006] (ugv_bridge) StdoutLine: {'line': b'Installing gui_a_vcan script to /home/dannydevss/Escritorio/TESIS/install/ugv_bridge/lib/ugv_bridge\n'}
[3.692473] (ugv_bridge) StdoutLine: {'line': b'Installing kinematic_guardian script to /home/dannydevss/Escritorio/TESIS/install/ugv_bridge/lib/ugv_bridge\n'}
[3.692907] (ugv_bridge) StdoutLine: {'line': b'Installing motor_emulator script to /home/dannydevss/Escritorio/TESIS/install/ugv_bridge/lib/ugv_bridge\n'}
[3.693305] (ugv_bridge) StdoutLine: {'line': b'Installing track_odometry_node script to /home/dannydevss/Escritorio/TESIS/install/ugv_bridge/lib/ugv_bridge\n'}
[3.694225] (ugv_bridge) StdoutLine: {'line': b"writing list of installed files to '/home/dannydevss/Escritorio/TESIS/build/ugv_bridge/install.log'\n"}
[3.723864] (-) TimerEvent: {}
[3.824334] (-) TimerEvent: {}
[3.924637] (-) TimerEvent: {}
[4.024935] (-) TimerEvent: {}
[4.086587] (ugv_gcs) CommandEnded: {'returncode': 0}
[4.100484] (ugv_gcs) JobEnded: {'identifier': 'ugv_gcs', 'rc': 0}
[4.114989] (ugv_bridge) CommandEnded: {'returncode': 0}
[4.129139] (-) TimerEvent: {}
[4.144429] (ugv_bridge) JobEnded: {'identifier': 'ugv_bridge', 'rc': 0}
[4.229251] (-) TimerEvent: {}
[4.329590] (-) TimerEvent: {}
[4.429930] (-) TimerEvent: {}
[4.530291] (-) TimerEvent: {}
[4.630633] (-) TimerEvent: {}
[4.730968] (-) TimerEvent: {}
[4.831304] (-) TimerEvent: {}
[4.931668] (-) TimerEvent: {}
[5.010710] (ugv_policy) Command: {'cmd': ['/usr/bin/python3', '-W', 'ignore:setup.py install is deprecated', '-W', 'ignore:easy_install command is deprecated', 'setup.py', 'egg_info', '--egg-base', '../../build/ugv_policy', 'build', '--build-base', '/home/dannydevss/Escritorio/TESIS/build/ugv_policy/build', 'install', '--record', '/home/dannydevss/Escritorio/TESIS/build/ugv_policy/install.log', '--install-scripts', '$base/lib/ugv_policy', '--single-version-externally-managed', 'install_data'], 'cwd': '/home/dannydevss/Escritorio/TESIS/src/ugv_policy', 'env': {'PROFILEHOME': '', 'KDE_FULL_SESSION': 'true', 'RUSTICL_ENABLE': 'iris', 'MAIL': 'thunderbird', 'LANGUAGE': '', 'USER': 'dannydevss', 'PAM_KWALLET5_LOGIN': '/run/user/1000/kwallet5.socket', 'LC_TIME': 'es_CL.UTF-8', 'HOSTNAME': 'SkullCachy', 'XDG_SESSION_TYPE': 'wayland', 'KONSOLE_VERSION': '260403', 'XDG_CACHE_HOME': '/home/dannydevss/.cache', 'QT_WAYLAND_RECONNECT': '1', 'SHLVL': '4', 'LD_LIBRARY_PATH': '/opt/ros/jazzy/opt/rviz_ogre_vendor/lib:/opt/ros/jazzy/lib/x86_64-linux-gnu:/opt/ros/jazzy/opt/gz_math_vendor/lib:/opt/ros/jazzy/opt/gz_utils_vendor/lib:/opt/ros/jazzy/opt/gz_cmake_vendor/lib:/opt/ros/jazzy/lib', 'BROWSER': 'cachy-browser', 'MOTD_SHOWN': 'pam', 'HOME': '/home/dannydevss', 'KDE_APPLICATIONS_AS_SCOPE': '1', 'OLDPWD': '/home/dannydevss', 'DESKTOP_SESSION': 'plasma', 'MANROFFOPT': '-c', 'ROS_PYTHON_VERSION': '3', 'GTK_RC_FILES': '/etc/gtk/gtkrc:/home/dannydevss/.gtkrc:/home/dannydevss/.config/gtkrc', 'KDE_SESSION_VERSION': '6', 'LC_MONETARY': 'es_CL.UTF-8', 'KONSOLE_DBUS_SESSION': '/Sessions/1', 'MANAGERPID': '769', 'DISTROBOX_ENTER_PATH': '/usr/bin/distrobox-enter', 'SYSTEMD_EXEC_PID': '830', 'XDG_STATE_HOME': '/home/dannydevss/.local/state', 'DBUS_SESSION_BUS_ADDRESS': 'unix:path=/run/user/1000/bus', 'COLORTERM': 'truecolor', 'container': 'podman', 'KONSOLE_DBUS_ACTIVATION_COOKIE': 'N5+rvdIQfMMLWYn+YhnpYqwfQGkqvLxrmvltBlqOKMw=', 'KONSOLE_DBUS_WINDOW': '/Windows/1', 'DEBUGINFOD_URLS': 'https://debuginfod.archlinux.org https://debuginfod.cachyos.org', 'QT_QPA_PLATFORMTHEME': 'qt5ct', 'WAYLAND_DISPLAY': 'wayland-0', 'XKB_DEFAULT_LAYOUT': 'latam', 'ROS_DISTRO': 'jazzy', 'LOGNAME': 'dannydevss', 'WINDOWID': '94659487432624', 'MANAGERPIDFDID': '12436', 'JOURNAL_STREAM': '10:15133', '_': '/usr/bin/colcon', 'ROS_VERSION': '2', 'MEMORY_PRESSURE_WATCH': '/sys/fs/cgroup/user.slice/user-1000.slice/user@1000.service/session.slice/plasma-kwin_wayland.service/memory.pressure', 'XDG_SESSION_CLASS': 'user', 'COLORFGBG': '15;0', 'TERMINFO_DIRS': '/usr/share/terminfo:/run/host/usr/share/terminfo', 'TERM': 'xterm-256color', 'XDG_SESSION_ID': '2', 'KGLOBALACCELD_PLATFORM': 'org.kde.kwin', 'GTK2_RC_FILES': '/home/dannydevss/.gtkrc-2.0', 'FLATPAK_TTY_PROGRESS': '1', 'PATH': '/opt/ros/jazzy/bin:/home/dannydevss/.local/bin:/usr/local/bin:/usr/bin:/var/lib/flatpak/exports/bin:/usr/bin/site_perl:/usr/bin/vendor_perl:/usr/bin/core_perl:/usr/local/sbin:/usr/sbin:/usr/local/bin:/usr/bin:/sbin:/bin:/usr/local/sbin:/usr/sbin:/sbin:/bin', 'SESSION_MANAGER': 'local/SkullCachy:@/tmp/.ICE-unix/977,unix/SkullCachy:/tmp/.ICE-unix/977', 'INVOCATION_ID': '9020e8de3638439b98fc3e1252681cbe', 'XDG_SESSION_PATH': '/org/freedesktop/DisplayManager/Session2', 'XDG_MENU_PREFIX': 'plasma-', 'LC_ADDRESS': 'es_CL.UTF-8', 'XKB_DEFAULT_MODEL': 'pc105', 'XDG_RUNTIME_DIR': '/run/user/1000', 'ICEAUTHORITY': '/run/user/1000/iceauth_ejHKMa', 'DISPLAY': ':1', 'LANG': 'es_MX.UTF-8', 'XDG_CURRENT_DESKTOP': 'KDE', 'LC_TELEPHONE': 'es_CL.UTF-8', 'XDG_DATA_HOME': '/home/dannydevss/.local/share', 'XDG_CONFIG_HOME': '/home/dannydevss/.config', 'XDG_SESSION_DESKTOP': 'KDE', 'XAUTHORITY': '/run/user/1000/xauth_ZnBNoj', 'MANPAGER': "sh -c 'col -bx | bat -l man -p'", 'AMENT_PREFIX_PATH': '/home/dannydevss/Escritorio/TESIS/install/ugv_core:/opt/ros/jazzy', 'SHELL': 'fish', 'LC_NAME': 'es_CL.UTF-8', 'KONSOLE_DBUS_SERVICE': ':1.55', 'LC_MEASUREMENT': 'es_CL.UTF-8', 'XKB_DEFAULT_VARIANT': 'deadtilde', 'VSSCRIPT_PATH': '/usr/lib/python3.14/site-packages/vapoursynth/libvsscript.so', 'LC_IDENTIFICATION': 'es_CL.UTF-8', 'ROS_AUTOMATIC_DISCOVERY_RANGE': 'SUBNET', 'PWD': '/home/dannydevss/Escritorio/TESIS/build/ugv_policy', 'CONTAINER_ID': 'ros2-jazzy', 'XDG_CONFIG_DIRS': '/home/dannydevss/.config/kdedefaults:/etc/xdg', 'VIRTUAL_ENV_DISABLE_PROMPT': '1', 'XDG_DATA_DIRS': '/home/dannydevss/.local/share/flatpak/exports/share:/var/lib/flatpak/exports/share:/usr/local/share:/usr/share', 'PYTHONPATH': '/home/dannydevss/Escritorio/TESIS/build/ugv_policy/prefix_override:/usr/lib/python3/dist-packages/colcon_core/task/python/colcon_distutils_commands:/home/dannydevss/Escritorio/TESIS/install/ugv_policy/lib/python3.12/site-packages:/home/dannydevss/Escritorio/TESIS/install/ugv_core/lib/python3.12/site-packages:/opt/ros/jazzy/lib/python3.12/site-packages', 'LC_NUMERIC': 'es_CL.UTF-8', 'LC_PAPER': 'es_CL.UTF-8', 'KDE_SESSION_UID': '1000', 'COLCON': '1', 'MEMORY_PRESSURE_WRITE': 'c29tZSAyMDAwMDAgMjAwMDAwMAA=', 'EDITOR': '/usr/bin/vim', 'CMAKE_PREFIX_PATH': '/opt/ros/jazzy/opt/gz_math_vendor:/opt/ros/jazzy/opt/gz_utils_vendor:/opt/ros/jazzy/opt/gz_cmake_vendor'}, 'shell': False}
[5.024890] (ugv_sim) Command: {'cmd': ['/usr/bin/python3', '-W', 'ignore:setup.py install is deprecated', '-W', 'ignore:easy_install command is deprecated', 'setup.py', 'egg_info', '--egg-base', '../../build/ugv_sim', 'build', '--build-base', '/home/dannydevss/Escritorio/TESIS/build/ugv_sim/build', 'install', '--record', '/home/dannydevss/Escritorio/TESIS/build/ugv_sim/install.log', '--install-scripts', '$base/lib/ugv_sim', '--single-version-externally-managed', 'install_data'], 'cwd': '/home/dannydevss/Escritorio/TESIS/src/ugv_sim', 'env': {'PROFILEHOME': '', 'KDE_FULL_SESSION': 'true', 'RUSTICL_ENABLE': 'iris', 'MAIL': 'thunderbird', 'LANGUAGE': '', 'USER': 'dannydevss', 'PAM_KWALLET5_LOGIN': '/run/user/1000/kwallet5.socket', 'LC_TIME': 'es_CL.UTF-8', 'HOSTNAME': 'SkullCachy', 'XDG_SESSION_TYPE': 'wayland', 'KONSOLE_VERSION': '260403', 'XDG_CACHE_HOME': '/home/dannydevss/.cache', 'QT_WAYLAND_RECONNECT': '1', 'SHLVL': '4', 'LD_LIBRARY_PATH': '/opt/ros/jazzy/opt/rviz_ogre_vendor/lib:/opt/ros/jazzy/lib/x86_64-linux-gnu:/opt/ros/jazzy/opt/gz_math_vendor/lib:/opt/ros/jazzy/opt/gz_utils_vendor/lib:/opt/ros/jazzy/opt/gz_cmake_vendor/lib:/opt/ros/jazzy/lib', 'BROWSER': 'cachy-browser', 'MOTD_SHOWN': 'pam', 'HOME': '/home/dannydevss', 'KDE_APPLICATIONS_AS_SCOPE': '1', 'OLDPWD': '/home/dannydevss', 'DESKTOP_SESSION': 'plasma', 'MANROFFOPT': '-c', 'ROS_PYTHON_VERSION': '3', 'GTK_RC_FILES': '/etc/gtk/gtkrc:/home/dannydevss/.gtkrc:/home/dannydevss/.config/gtkrc', 'KDE_SESSION_VERSION': '6', 'LC_MONETARY': 'es_CL.UTF-8', 'KONSOLE_DBUS_SESSION': '/Sessions/1', 'MANAGERPID': '769', 'DISTROBOX_ENTER_PATH': '/usr/bin/distrobox-enter', 'SYSTEMD_EXEC_PID': '830', 'XDG_STATE_HOME': '/home/dannydevss/.local/state', 'DBUS_SESSION_BUS_ADDRESS': 'unix:path=/run/user/1000/bus', 'COLORTERM': 'truecolor', 'container': 'podman', 'KONSOLE_DBUS_ACTIVATION_COOKIE': 'N5+rvdIQfMMLWYn+YhnpYqwfQGkqvLxrmvltBlqOKMw=', 'KONSOLE_DBUS_WINDOW': '/Windows/1', 'DEBUGINFOD_URLS': 'https://debuginfod.archlinux.org https://debuginfod.cachyos.org', 'QT_QPA_PLATFORMTHEME': 'qt5ct', 'WAYLAND_DISPLAY': 'wayland-0', 'XKB_DEFAULT_LAYOUT': 'latam', 'ROS_DISTRO': 'jazzy', 'LOGNAME': 'dannydevss', 'WINDOWID': '94659487432624', 'MANAGERPIDFDID': '12436', 'JOURNAL_STREAM': '10:15133', '_': '/usr/bin/colcon', 'ROS_VERSION': '2', 'MEMORY_PRESSURE_WATCH': '/sys/fs/cgroup/user.slice/user-1000.slice/user@1000.service/session.slice/plasma-kwin_wayland.service/memory.pressure', 'XDG_SESSION_CLASS': 'user', 'COLORFGBG': '15;0', 'TERMINFO_DIRS': '/usr/share/terminfo:/run/host/usr/share/terminfo', 'TERM': 'xterm-256color', 'XDG_SESSION_ID': '2', 'KGLOBALACCELD_PLATFORM': 'org.kde.kwin', 'GTK2_RC_FILES': '/home/dannydevss/.gtkrc-2.0', 'FLATPAK_TTY_PROGRESS': '1', 'PATH': '/opt/ros/jazzy/bin:/home/dannydevss/.local/bin:/usr/local/bin:/usr/bin:/var/lib/flatpak/exports/bin:/usr/bin/site_perl:/usr/bin/vendor_perl:/usr/bin/core_perl:/usr/local/sbin:/usr/sbin:/usr/local/bin:/usr/bin:/sbin:/bin:/usr/local/sbin:/usr/sbin:/sbin:/bin', 'SESSION_MANAGER': 'local/SkullCachy:@/tmp/.ICE-unix/977,unix/SkullCachy:/tmp/.ICE-unix/977', 'INVOCATION_ID': '9020e8de3638439b98fc3e1252681cbe', 'XDG_SESSION_PATH': '/org/freedesktop/DisplayManager/Session2', 'XDG_MENU_PREFIX': 'plasma-', 'LC_ADDRESS': 'es_CL.UTF-8', 'XKB_DEFAULT_MODEL': 'pc105', 'XDG_RUNTIME_DIR': '/run/user/1000', 'ICEAUTHORITY': '/run/user/1000/iceauth_ejHKMa', 'DISPLAY': ':1', 'LANG': 'es_MX.UTF-8', 'XDG_CURRENT_DESKTOP': 'KDE', 'LC_TELEPHONE': 'es_CL.UTF-8', 'XDG_DATA_HOME': '/home/dannydevss/.local/share', 'XDG_CONFIG_HOME': '/home/dannydevss/.config', 'XDG_SESSION_DESKTOP': 'KDE', 'XAUTHORITY': '/run/user/1000/xauth_ZnBNoj', 'MANPAGER': "sh -c 'col -bx | bat -l man -p'", 'AMENT_PREFIX_PATH': '/home/dannydevss/Escritorio/TESIS/install/ugv_core:/opt/ros/jazzy', 'SHELL': 'fish', 'LC_NAME': 'es_CL.UTF-8', 'KONSOLE_DBUS_SERVICE': ':1.55', 'LC_MEASUREMENT': 'es_CL.UTF-8', 'XKB_DEFAULT_VARIANT': 'deadtilde', 'VSSCRIPT_PATH': '/usr/lib/python3.14/site-packages/vapoursynth/libvsscript.so', 'LC_IDENTIFICATION': 'es_CL.UTF-8', 'ROS_AUTOMATIC_DISCOVERY_RANGE': 'SUBNET', 'PWD': '/home/dannydevss/Escritorio/TESIS/build/ugv_sim', 'CONTAINER_ID': 'ros2-jazzy', 'XDG_CONFIG_DIRS': '/home/dannydevss/.config/kdedefaults:/etc/xdg', 'VIRTUAL_ENV_DISABLE_PROMPT': '1', 'XDG_DATA_DIRS': '/home/dannydevss/.local/share/flatpak/exports/share:/var/lib/flatpak/exports/share:/usr/local/share:/usr/share', 'PYTHONPATH': '/home/dannydevss/Escritorio/TESIS/build/ugv_sim/prefix_override:/usr/lib/python3/dist-packages/colcon_core/task/python/colcon_distutils_commands:/home/dannydevss/Escritorio/TESIS/install/ugv_sim/lib/python3.12/site-packages:/home/dannydevss/Escritorio/TESIS/install/ugv_core/lib/python3.12/site-packages:/opt/ros/jazzy/lib/python3.12/site-packages', 'LC_NUMERIC': 'es_CL.UTF-8', 'LC_PAPER': 'es_CL.UTF-8', 'KDE_SESSION_UID': '1000', 'COLCON': '1', 'MEMORY_PRESSURE_WRITE': 'c29tZSAyMDAwMDAgMjAwMDAwMAA=', 'EDITOR': '/usr/bin/vim', 'CMAKE_PREFIX_PATH': '/opt/ros/jazzy/opt/gz_math_vendor:/opt/ros/jazzy/opt/gz_utils_vendor:/opt/ros/jazzy/opt/gz_cmake_vendor'}, 'shell': False}
[5.031782] (-) TimerEvent: {}
[5.132216] (-) TimerEvent: {}
[5.232624] (-) TimerEvent: {}
[5.333073] (-) TimerEvent: {}
[5.433411] (-) TimerEvent: {}
[5.443199] (ugv_policy) StdoutLine: {'line': b'running egg_info\n'}
[5.473848] (ugv_policy) StdoutLine: {'line': b'writing ../../build/ugv_policy/ugv_policy.egg-info/PKG-INFO\n'}
[5.474827] (ugv_policy) StdoutLine: {'line': b'writing dependency_links to ../../build/ugv_policy/ugv_policy.egg-info/dependency_links.txt\n'}
[5.475354] (ugv_policy) StdoutLine: {'line': b'writing entry points to ../../build/ugv_policy/ugv_policy.egg-info/entry_points.txt\n'}
[5.475844] (ugv_policy) StdoutLine: {'line': b'writing requirements to ../../build/ugv_policy/ugv_policy.egg-info/requires.txt\n'}
[5.476174] (ugv_policy) StdoutLine: {'line': b'writing top-level names to ../../build/ugv_policy/ugv_policy.egg-info/top_level.txt\n'}
[5.499115] (ugv_sim) StdoutLine: {'line': b'running egg_info\n'}
[5.532670] (ugv_sim) StdoutLine: {'line': b'writing ../../build/ugv_sim/ugv_sim.egg-info/PKG-INFO\n'}
[5.533353] (ugv_sim) StdoutLine: {'line': b'writing dependency_links to ../../build/ugv_sim/ugv_sim.egg-info/dependency_links.txt\n'}
[5.533652] (-) TimerEvent: {}
[5.534303] (ugv_sim) StdoutLine: {'line': b'writing entry points to ../../build/ugv_sim/ugv_sim.egg-info/entry_points.txt\n'}
[5.534708] (ugv_sim) StdoutLine: {'line': b'writing requirements to ../../build/ugv_sim/ugv_sim.egg-info/requires.txt\n'}
[5.534987] (ugv_sim) StdoutLine: {'line': b'writing top-level names to ../../build/ugv_sim/ugv_sim.egg-info/top_level.txt\n'}
[5.549655] (ugv_policy) StdoutLine: {'line': b"reading manifest file '../../build/ugv_policy/ugv_policy.egg-info/SOURCES.txt'\n"}
[5.551486] (ugv_policy) StdoutLine: {'line': b"writing manifest file '../../build/ugv_policy/ugv_policy.egg-info/SOURCES.txt'\n"}
[5.552051] (ugv_policy) StdoutLine: {'line': b'running build\n'}
[5.552453] (ugv_policy) StdoutLine: {'line': b'running build_py\n'}
[5.552885] (ugv_policy) StdoutLine: {'line': b'running install\n'}
[5.564709] (ugv_policy) StdoutLine: {'line': b'running install_lib\n'}
[5.594619] (ugv_policy) StdoutLine: {'line': b'running install_data\n'}
[5.595091] (ugv_policy) StdoutLine: {'line': b'running install_egg_info\n'}
[5.625639] (ugv_policy) StdoutLine: {'line': b"removing '/home/dannydevss/Escritorio/TESIS/install/ugv_policy/lib/python3.12/site-packages/ugv_policy-0.0.0-py3.12.egg-info' (and everything under it)\n"}
[5.629133] (ugv_policy) StdoutLine: {'line': b'Copying ../../build/ugv_policy/ugv_policy.egg-info to /home/dannydevss/Escritorio/TESIS/install/ugv_policy/lib/python3.12/site-packages/ugv_policy-0.0.0-py3.12.egg-info\n'}
[5.629498] (ugv_sim) StdoutLine: {'line': b"reading manifest file '../../build/ugv_sim/ugv_sim.egg-info/SOURCES.txt'\n"}
[5.630066] (ugv_policy) StdoutLine: {'line': b'running install_scripts\n'}
[5.631203] (ugv_sim) StdoutLine: {'line': b"writing manifest file '../../build/ugv_sim/ugv_sim.egg-info/SOURCES.txt'\n"}
[5.631573] (ugv_sim) StdoutLine: {'line': b'running build\n'}
[5.632949] (ugv_sim) StdoutLine: {'line': b'running build_py\n'}
[5.633225] (ugv_sim) StdoutLine: {'line': b'running install\n'}
[5.633744] (-) TimerEvent: {}
[5.649525] (ugv_sim) StdoutLine: {'line': b'running install_lib\n'}
[5.685177] (ugv_sim) StdoutLine: {'line': b'running install_data\n'}
[5.685482] (ugv_sim) StdoutLine: {'line': b'running install_egg_info\n'}
[5.718588] (ugv_sim) StdoutLine: {'line': b"removing '/home/dannydevss/Escritorio/TESIS/install/ugv_sim/lib/python3.12/site-packages/ugv_sim-0.0.0-py3.12.egg-info' (and everything under it)\n"}
[5.720128] (ugv_sim) StdoutLine: {'line': b'Copying ../../build/ugv_sim/ugv_sim.egg-info to /home/dannydevss/Escritorio/TESIS/install/ugv_sim/lib/python3.12/site-packages/ugv_sim-0.0.0-py3.12.egg-info\n'}
[5.721764] (ugv_sim) StdoutLine: {'line': b'running install_scripts\n'}
[5.733987] (-) TimerEvent: {}
[5.834329] (-) TimerEvent: {}
[5.859167] (ugv_policy) StdoutLine: {'line': b'Installing policy_node script to /home/dannydevss/Escritorio/TESIS/install/ugv_policy/lib/ugv_policy\n'}
[5.860451] (ugv_policy) StdoutLine: {'line': b"writing list of installed files to '/home/dannydevss/Escritorio/TESIS/build/ugv_policy/install.log'\n"}
[5.934457] (-) TimerEvent: {}
[5.947915] (ugv_policy) CommandEnded: {'returncode': 0}
[5.964053] (ugv_policy) JobEnded: {'identifier': 'ugv_policy', 'rc': 0}
[5.987324] (ugv_sim) StdoutLine: {'line': b'Installing sim_node script to /home/dannydevss/Escritorio/TESIS/install/ugv_sim/lib/ugv_sim\n'}
[5.988138] (ugv_sim) StdoutLine: {'line': b"writing list of installed files to '/home/dannydevss/Escritorio/TESIS/build/ugv_sim/install.log'\n"}
[6.034624] (-) TimerEvent: {}
[6.039852] (ugv_sim) CommandEnded: {'returncode': 0}
[6.050039] (ugv_sim) JobEnded: {'identifier': 'ugv_sim', 'rc': 0}
[6.051421] (-) EventReactorShutdown: {}
