[1.208s] Invoking command in '/home/dannydevss/Escritorio/TESIS/src/ugv_policy': AMENT_PREFIX_PATH=/home/dannydevss/Escritorio/TESIS/install/ugv_core DEBUGINFOD_URLS=https://debuginfod.archlinux.org https://debuginfod.cachyos.org PYTHONPATH=/home/dannydevss/Escritorio/TESIS/build/ugv_policy/prefix_override:/usr/lib/python3/dist-packages/colcon_core/task/python/colcon_distutils_commands:/home/dannydevss/Escritorio/TESIS/install/ugv_policy/lib/python3.12/site-packages:/home/dannydevss/Escritorio/TESIS/install/ugv_core/lib/python3.12/site-packages /usr/bin/python3 -W ignore:setup.py install is deprecated -W ignore:easy_install command is deprecated setup.py egg_info --egg-base ../../build/ugv_policy build --build-base /home/dannydevss/Escritorio/TESIS/build/ugv_policy/build install --record /home/dannydevss/Escritorio/TESIS/build/ugv_policy/install.log --install-scripts $base/lib/ugv_policy --single-version-externally-managed install_data
[1.511s] running egg_info
[1.512s] creating ../../build/ugv_policy/ugv_policy.egg-info
[1.525s] writing ../../build/ugv_policy/ugv_policy.egg-info/PKG-INFO
[1.526s] writing dependency_links to ../../build/ugv_policy/ugv_policy.egg-info/dependency_links.txt
[1.527s] writing entry points to ../../build/ugv_policy/ugv_policy.egg-info/entry_points.txt
[1.527s] writing requirements to ../../build/ugv_policy/ugv_policy.egg-info/requires.txt
[1.528s] writing top-level names to ../../build/ugv_policy/ugv_policy.egg-info/top_level.txt
[1.529s] writing manifest file '../../build/ugv_policy/ugv_policy.egg-info/SOURCES.txt'
[1.565s] reading manifest file '../../build/ugv_policy/ugv_policy.egg-info/SOURCES.txt'
[1.570s] writing manifest file '../../build/ugv_policy/ugv_policy.egg-info/SOURCES.txt'
[1.570s] running build
[1.570s] running build_py
[1.571s] creating /home/dannydevss/Escritorio/TESIS/build/ugv_policy/build
[1.571s] creating /home/dannydevss/Escritorio/TESIS/build/ugv_policy/build/lib
[1.571s] creating /home/dannydevss/Escritorio/TESIS/build/ugv_policy/build/lib/ugv_policy
[1.571s] copying ugv_policy/__init__.py -> /home/dannydevss/Escritorio/TESIS/build/ugv_policy/build/lib/ugv_policy
[1.571s] copying ugv_policy/policy_node.py -> /home/dannydevss/Escritorio/TESIS/build/ugv_policy/build/lib/ugv_policy
[1.572s] running install
[1.581s] running install_lib
[1.597s] creating /home/dannydevss/Escritorio/TESIS/install/ugv_policy/lib/python3.12/site-packages/ugv_policy
[1.597s] copying /home/dannydevss/Escritorio/TESIS/build/ugv_policy/build/lib/ugv_policy/__init__.py -> /home/dannydevss/Escritorio/TESIS/install/ugv_policy/lib/python3.12/site-packages/ugv_policy
[1.597s] copying /home/dannydevss/Escritorio/TESIS/build/ugv_policy/build/lib/ugv_policy/policy_node.py -> /home/dannydevss/Escritorio/TESIS/install/ugv_policy/lib/python3.12/site-packages/ugv_policy
[1.598s] byte-compiling /home/dannydevss/Escritorio/TESIS/install/ugv_policy/lib/python3.12/site-packages/ugv_policy/__init__.py to __init__.cpython-312.pyc
[1.599s] byte-compiling /home/dannydevss/Escritorio/TESIS/install/ugv_policy/lib/python3.12/site-packages/ugv_policy/policy_node.py to policy_node.cpython-312.pyc
[1.602s] running install_data
[1.602s] creating /home/dannydevss/Escritorio/TESIS/install/ugv_policy/share/ament_index
[1.602s] creating /home/dannydevss/Escritorio/TESIS/install/ugv_policy/share/ament_index/resource_index
[1.602s] creating /home/dannydevss/Escritorio/TESIS/install/ugv_policy/share/ament_index/resource_index/packages
[1.603s] copying resource/ugv_policy -> /home/dannydevss/Escritorio/TESIS/install/ugv_policy/share/ament_index/resource_index/packages
[1.603s] copying package.xml -> /home/dannydevss/Escritorio/TESIS/install/ugv_policy/share/ugv_policy
[1.603s] running install_egg_info
[1.619s] Copying ../../build/ugv_policy/ugv_policy.egg-info to /home/dannydevss/Escritorio/TESIS/install/ugv_policy/lib/python3.12/site-packages/ugv_policy-0.0.0-py3.12.egg-info
[1.621s] running install_scripts
[1.752s] Installing policy_node script to /home/dannydevss/Escritorio/TESIS/install/ugv_policy/lib/ugv_policy
[1.753s] writing list of installed files to '/home/dannydevss/Escritorio/TESIS/build/ugv_policy/install.log'
[1.832s] Invoked command in '/home/dannydevss/Escritorio/TESIS/src/ugv_policy' returned '0': AMENT_PREFIX_PATH=/home/dannydevss/Escritorio/TESIS/install/ugv_core DEBUGINFOD_URLS=https://debuginfod.archlinux.org https://debuginfod.cachyos.org PYTHONPATH=/home/dannydevss/Escritorio/TESIS/build/ugv_policy/prefix_override:/usr/lib/python3/dist-packages/colcon_core/task/python/colcon_distutils_commands:/home/dannydevss/Escritorio/TESIS/install/ugv_policy/lib/python3.12/site-packages:/home/dannydevss/Escritorio/TESIS/install/ugv_core/lib/python3.12/site-packages /usr/bin/python3 -W ignore:setup.py install is deprecated -W ignore:easy_install command is deprecated setup.py egg_info --egg-base ../../build/ugv_policy build --build-base /home/dannydevss/Escritorio/TESIS/build/ugv_policy/build install --record /home/dannydevss/Escritorio/TESIS/build/ugv_policy/install.log --install-scripts $base/lib/ugv_policy --single-version-externally-managed install_data
