[0.000000] (-) TimerEvent: {}
[0.000271] (ugv_bridge) JobQueued: {'identifier': 'ugv_bridge', 'dependencies': OrderedDict()}
[0.000569] (ugv_core) JobQueued: {'identifier': 'ugv_core', 'dependencies': OrderedDict()}
[0.000851] (ugv_gcs) JobQueued: {'identifier': 'ugv_gcs', 'dependencies': OrderedDict()}
[0.001041] (ugv_policy) JobQueued: {'identifier': 'ugv_policy', 'dependencies': OrderedDict({'ugv_core': '/home/dannydevss/Escritorio/TESIS/install/ugv_core'})}
[0.001378] (ugv_sim) JobQueued: {'identifier': 'ugv_sim', 'dependencies': OrderedDict({'ugv_core': '/home/dannydevss/Escritorio/TESIS/install/ugv_core'})}
[0.001431] (ugv_core) JobStarted: {'identifier': 'ugv_core'}
[0.014263] (ugv_bridge) JobStarted: {'identifier': 'ugv_bridge'}
[0.021315] (ugv_gcs) JobStarted: {'identifier': 'ugv_gcs'}
[0.099694] (-) TimerEvent: {}
[0.200029] (-) TimerEvent: {}
[0.300347] (-) TimerEvent: {}
[0.400664] (-) TimerEvent: {}
[0.501050] (-) TimerEvent: {}
[0.601353] (-) TimerEvent: {}
[0.701665] (-) TimerEvent: {}
[0.802019] (-) TimerEvent: {}
[0.902455] (-) TimerEvent: {}
[1.003059] (-) TimerEvent: {}
[1.103499] (-) TimerEvent: {}
[1.204096] (-) TimerEvent: {}
[1.304500] (-) TimerEvent: {}
[1.405455] (-) TimerEvent: {}
[1.506228] (-) TimerEvent: {}
[1.606606] (-) TimerEvent: {}
[1.706976] (-) TimerEvent: {}
[1.807390] (-) TimerEvent: {}
[1.907762] (-) TimerEvent: {}
[2.008730] (-) TimerEvent: {}
[2.109168] (-) TimerEvent: {}
[2.209807] (ugv_bridge) Command: {'cmd': ['/usr/bin/python3', '-W', 'ignore:setup.py install is deprecated', '-W', 'ignore:easy_install command is deprecated', 'setup.py', 'egg_info', '--egg-base', '../../build/ugv_bridge', 'build', '--build-base', '/home/dannydevss/Escritorio/TESIS/build/ugv_bridge/build', 'install', '--record', '/home/dannydevss/Escritorio/TESIS/build/ugv_bridge/install.log', '--install-scripts', '$base/lib/ugv_bridge', '--single-version-externally-managed', 'install_data'], 'cwd': '/home/dannydevss/Escritorio/TESIS/src/ugv_bridge', 'env': {'PROFILEHOME': '', 'KDE_FULL_SESSION': 'true', 'RUSTICL_ENABLE': 'iris', 'MAIL': 'thunderbird', 'LANGUAGE': '', 'USER': 'dannydevss', 'PAM_KWALLET5_LOGIN': '/run/user/1000/kwallet5.socket', 'LC_TIME': 'es_CL.UTF-8', 'HOSTNAME': 'SkullCachy', 'XDG_SESSION_TYPE': 'wayland', 'KONSOLE_VERSION': '260403', 'XDG_CACHE_HOME': '/home/dannydevss/.cache', 'QT_WAYLAND_RECONNECT': '1', 'SHLVL': '4', 'LD_LIBRARY_PATH': '/opt/ros/jazzy/opt/rviz_ogre_vendor/lib:/opt/ros/jazzy/lib/x86_64-linux-gnu:/opt/ros/jazzy/opt/gz_math_vendor/lib:/opt/ros/jazzy/opt/gz_utils_vendor/lib:/opt/ros/jazzy/opt/gz_cmake_vendor/lib:/opt/ros/jazzy/lib', 'BROWSER': 'cachy-browser', 'MOTD_SHOWN': 'pam', 'HOME': '/home/dannydevss', 'KDE_APPLICATIONS_AS_SCOPE': '1', 'OLDPWD': '/home/dannydevss', 'DESKTOP_SESSION': 'plasma', 'MANROFFOPT': '-c', 'ROS_PYTHON_VERSION': '3', 'GTK_RC_FILES': '/etc/gtk/gtkrc:/home/dannydevss/.gtkrc:/home/dannydevss/.config/gtkrc', 'KDE_SESSION_VERSION': '6', 'LC_MONETARY': 'es_CL.UTF-8', 'KONSOLE_DBUS_SESSION': '/Sessions/1', 'MANAGERPID': '769', 'DISTROBOX_ENTER_PATH': '/usr/bin/distrobox-enter', 'SYSTEMD_EXEC_PID': '830', 'XDG_STATE_HOME': '/home/dannydevss/.local/state', 'DBUS_SESSION_BUS_ADDRESS': 'unix:path=/run/user/1000/bus', 'COLORTERM': 'truecolor', 'container': 'podman', 'KONSOLE_DBUS_ACTIVATION_COOKIE': 'N5+rvdIQfMMLWYn+YhnpYqwfQGkqvLxrmvltBlqOKMw=', 'KONSOLE_DBUS_WINDOW': '/Windows/1', 'DEBUGINFOD_URLS': 'https://debuginfod.archlinux.org https://debuginfod.cachyos.org', 'QT_QPA_PLATFORMTHEME': 'qt5ct', 'WAYLAND_DISPLAY': 'wayland-0', 'XKB_DEFAULT_LAYOUT': 'latam', 'ROS_DISTRO': 'jazzy', 'LOGNAME': 'dannydevss', 'WINDOWID': '94659487432624', 'MANAGERPIDFDID': '12436', 'JOURNAL_STREAM': '10:15133', '_': '/usr/bin/colcon', 'ROS_VERSION': '2', 'MEMORY_PRESSURE_WATCH': '/sys/fs/cgroup/user.slice/user-1000.slice/user@1000.service/session.slice/plasma-kwin_wayland.service/memory.pressure', 'XDG_SESSION_CLASS': 'user', 'COLORFGBG': '15;0', 'TERMINFO_DIRS': '/usr/share/terminfo:/run/host/usr/share/terminfo', 'TERM': 'xterm-256color', 'XDG_SESSION_ID': '2', 'KGLOBALACCELD_PLATFORM': 'org.kde.kwin', 'GTK2_RC_FILES': '/home/dannydevss/.gtkrc-2.0', 'FLATPAK_TTY_PROGRESS': '1', 'PATH': '/opt/ros/jazzy/bin:/home/dannydevss/.local/bin:/usr/local/bin:/usr/bin:/var/lib/flatpak/exports/bin:/usr/bin/site_perl:/usr/bin/vendor_perl:/usr/bin/core_perl:/usr/local/sbin:/usr/sbin:/usr/local/bin:/usr/bin:/sbin:/bin:/usr/local/sbin:/usr/sbin:/sbin:/bin', 'SESSION_MANAGER': 'local/SkullCachy:@/tmp/.ICE-unix/977,unix/SkullCachy:/tmp/.ICE-unix/977', 'INVOCATION_ID': '9020e8de3638439b98fc3e1252681cbe', 'XDG_SESSION_PATH': '/org/freedesktop/DisplayManager/Session2', 'XDG_MENU_PREFIX': 'plasma-', 'LC_ADDRESS': 'es_CL.UTF-8', 'XKB_DEFAULT_MODEL': 'pc105', 'XDG_RUNTIME_DIR': '/run/user/1000', 'ICEAUTHORITY': '/run/user/1000/iceauth_ejHKMa', 'DISPLAY': ':1', 'LANG': 'es_MX.UTF-8', 'XDG_CURRENT_DESKTOP': 'KDE', 'LC_TELEPHONE': 'es_CL.UTF-8', 'XDG_DATA_HOME': '/home/dannydevss/.local/share', 'XDG_CONFIG_HOME': '/home/dannydevss/.config', 'XDG_SESSION_DESKTOP': 'KDE', 'XAUTHORITY': '/run/user/1000/xauth_ZnBNoj', 'MANPAGER': "sh -c 'col -bx | bat -l man -p'", 'AMENT_PREFIX_PATH': '/opt/ros/jazzy', 'SHELL': 'fish', 'LC_NAME': 'es_CL.UTF-8', 'KONSOLE_DBUS_SERVICE': ':1.55', 'LC_MEASUREMENT': 'es_CL.UTF-8', 'XKB_DEFAULT_VARIANT': 'deadtilde', 'VSSCRIPT_PATH': '/usr/lib/python3.14/site-packages/vapoursynth/libvsscript.so', 'LC_IDENTIFICATION': 'es_CL.UTF-8', 'ROS_AUTOMATIC_DISCOVERY_RANGE': 'SUBNET', 'PWD': '/home/dannydevss/Escritorio/TESIS/build/ugv_bridge', 'CONTAINER_ID': 'ros2-jazzy', 'XDG_CONFIG_DIRS': '/home/dannydevss/.config/kdedefaults:/etc/xdg', 'VIRTUAL_ENV_DISABLE_PROMPT': '1', 'XDG_DATA_DIRS': '/home/dannydevss/.local/share/flatpak/exports/share:/var/lib/flatpak/exports/share:/usr/local/share:/usr/share', 'PYTHONPATH': '/home/dannydevss/Escritorio/TESIS/build/ugv_bridge/prefix_override:/usr/lib/python3/dist-packages/colcon_core/task/python/colcon_distutils_commands:/home/dannydevss/Escritorio/TESIS/install/ugv_bridge/lib/python3.12/site-packages:/opt/ros/jazzy/lib/python3.12/site-packages', 'LC_NUMERIC': 'es_CL.UTF-8', 'LC_PAPER': 'es_CL.UTF-8', 'KDE_SESSION_UID': '1000', 'COLCON': '1', 'MEMORY_PRESSURE_WRITE': 'c29tZSAyMDAwMDAgMjAwMDAwMAA=', 'EDITOR': '/usr/bin/vim', 'CMAKE_PREFIX_PATH': '/opt/ros/jazzy/opt/gz_math_vendor:/opt/ros/jazzy/opt/gz_utils_vendor:/opt/ros/jazzy/opt/gz_cmake_vendor'}, 'shell': False}
[2.212019] (-) TimerEvent: {}
[2.219479] (ugv_core) Command: {'cmd': ['/usr/bin/python3', '-W', 'ignore:setup.py install is deprecated', '-W', 'ignore:easy_install command is deprecated', 'setup.py', 'egg_info', '--egg-base', '../../build/ugv_core', 'build', '--build-base', '/home/dannydevss/Escritorio/TESIS/build/ugv_core/build', 'install', '--record', '/home/dannydevss/Escritorio/TESIS/build/ugv_core/install.log', '--install-scripts', '$base/lib/ugv_core', '--single-version-externally-managed', 'install_data'], 'cwd': '/home/dannydevss/Escritorio/TESIS/src/ugv_core', 'env': {'PROFILEHOME': '', 'KDE_FULL_SESSION': 'true', 'RUSTICL_ENABLE': 'iris', 'MAIL': 'thunderbird', 'LANGUAGE': '', 'USER': 'dannydevss', 'PAM_KWALLET5_LOGIN': '/run/user/1000/kwallet5.socket', 'LC_TIME': 'es_CL.UTF-8', 'HOSTNAME': 'SkullCachy', 'XDG_SESSION_TYPE': 'wayland', 'KONSOLE_VERSION': '260403', 'XDG_CACHE_HOME': '/home/dannydevss/.cache', 'QT_WAYLAND_RECONNECT': '1', 'SHLVL': '4', 'LD_LIBRARY_PATH': '/opt/ros/jazzy/opt/rviz_ogre_vendor/lib:/opt/ros/jazzy/lib/x86_64-linux-gnu:/opt/ros/jazzy/opt/gz_math_vendor/lib:/opt/ros/jazzy/opt/gz_utils_vendor/lib:/opt/ros/jazzy/opt/gz_cmake_vendor/lib:/opt/ros/jazzy/lib', 'BROWSER': 'cachy-browser', 'MOTD_SHOWN': 'pam', 'HOME': '/home/dannydevss', 'KDE_APPLICATIONS_AS_SCOPE': '1', 'OLDPWD': '/home/dannydevss', 'DESKTOP_SESSION': 'plasma', 'MANROFFOPT': '-c', 'ROS_PYTHON_VERSION': '3', 'GTK_RC_FILES': '/etc/gtk/gtkrc:/home/dannydevss/.gtkrc:/home/dannydevss/.config/gtkrc', 'KDE_SESSION_VERSION': '6', 'LC_MONETARY': 'es_CL.UTF-8', 'KONSOLE_DBUS_SESSION': '/Sessions/1', 'MANAGERPID': '769', 'DISTROBOX_ENTER_PATH': '/usr/bin/distrobox-enter', 'SYSTEMD_EXEC_PID': '830', 'XDG_STATE_HOME': '/home/dannydevss/.local/state', 'DBUS_SESSION_BUS_ADDRESS': 'unix:path=/run/user/1000/bus', 'COLORTERM': 'truecolor', 'container': 'podman', 'KONSOLE_DBUS_ACTIVATION_COOKIE': 'N5+rvdIQfMMLWYn+YhnpYqwfQGkqvLxrmvltBlqOKMw=', 'KONSOLE_DBUS_WINDOW': '/Windows/1', 'DEBUGINFOD_URLS': 'https://debuginfod.archlinux.org https://debuginfod.cachyos.org', 'QT_QPA_PLATFORMTHEME': 'qt5ct', 'WAYLAND_DISPLAY': 'wayland-0', 'XKB_DEFAULT_LAYOUT': 'latam', 'ROS_DISTRO': 'jazzy', 'LOGNAME': 'dannydevss', 'WINDOWID': '94659487432624', 'MANAGERPIDFDID': '12436', 'JOURNAL_STREAM': '10:15133', '_': '/usr/bin/colcon', 'ROS_VERSION': '2', 'MEMORY_PRESSURE_WATCH': '/sys/fs/cgroup/user.slice/user-1000.slice/user@1000.service/session.slice/plasma-kwin_wayland.service/memory.pressure', 'XDG_SESSION_CLASS': 'user', 'COLORFGBG': '15;0', 'TERMINFO_DIRS': '/usr/share/terminfo:/run/host/usr/share/terminfo', 'TERM': 'xterm-256color', 'XDG_SESSION_ID': '2', 'KGLOBALACCELD_PLATFORM': 'org.kde.kwin', 'GTK2_RC_FILES': '/home/dannydevss/.gtkrc-2.0', 'FLATPAK_TTY_PROGRESS': '1', 'PATH': '/opt/ros/jazzy/bin:/home/dannydevss/.local/bin:/usr/local/bin:/usr/bin:/var/lib/flatpak/exports/bin:/usr/bin/site_perl:/usr/bin/vendor_perl:/usr/bin/core_perl:/usr/local/sbin:/usr/sbin:/usr/local/bin:/usr/bin:/sbin:/bin:/usr/local/sbin:/usr/sbin:/sbin:/bin', 'SESSION_MANAGER': 'local/SkullCachy:@/tmp/.ICE-unix/977,unix/SkullCachy:/tmp/.ICE-unix/977', 'INVOCATION_ID': '9020e8de3638439b98fc3e1252681cbe', 'XDG_SESSION_PATH': '/org/freedesktop/DisplayManager/Session2', 'XDG_MENU_PREFIX': 'plasma-', 'LC_ADDRESS': 'es_CL.UTF-8', 'XKB_DEFAULT_MODEL': 'pc105', 'XDG_RUNTIME_DIR': '/run/user/1000', 'ICEAUTHORITY': '/run/user/1000/iceauth_ejHKMa', 'DISPLAY': ':1', 'LANG': 'es_MX.UTF-8', 'XDG_CURRENT_DESKTOP': 'KDE', 'LC_TELEPHONE': 'es_CL.UTF-8', 'XDG_DATA_HOME': '/home/dannydevss/.local/share', 'XDG_CONFIG_HOME': '/home/dannydevss/.config', 'XDG_SESSION_DESKTOP': 'KDE', 'XAUTHORITY': '/run/user/1000/xauth_ZnBNoj', 'MANPAGER': "sh -c 'col -bx | bat -l man -p'", 'AMENT_PREFIX_PATH': '/opt/ros/jazzy', 'SHELL': 'fish', 'LC_NAME': 'es_CL.UTF-8', 'KONSOLE_DBUS_SERVICE': ':1.55', 'LC_MEASUREMENT': 'es_CL.UTF-8', 'XKB_DEFAULT_VARIANT': 'deadtilde', 'VSSCRIPT_PATH': '/usr/lib/python3.14/site-packages/vapoursynth/libvsscript.so', 'LC_IDENTIFICATION': 'es_CL.UTF-8', 'ROS_AUTOMATIC_DISCOVERY_RANGE': 'SUBNET', 'PWD': '/home/dannydevss/Escritorio/TESIS/build/ugv_core', 'CONTAINER_ID': 'ros2-jazzy', 'XDG_CONFIG_DIRS': '/home/dannydevss/.config/kdedefaults:/etc/xdg', 'VIRTUAL_ENV_DISABLE_PROMPT': '1', 'XDG_DATA_DIRS': '/home/dannydevss/.local/share/flatpak/exports/share:/var/lib/flatpak/exports/share:/usr/local/share:/usr/share', 'PYTHONPATH': '/home/dannydevss/Escritorio/TESIS/build/ugv_core/prefix_override:/usr/lib/python3/dist-packages/colcon_core/task/python/colcon_distutils_commands:/home/dannydevss/Escritorio/TESIS/install/ugv_core/lib/python3.12/site-packages:/opt/ros/jazzy/lib/python3.12/site-packages', 'LC_NUMERIC': 'es_CL.UTF-8', 'LC_PAPER': 'es_CL.UTF-8', 'KDE_SESSION_UID': '1000', 'COLCON': '1', 'MEMORY_PRESSURE_WRITE': 'c29tZSAyMDAwMDAgMjAwMDAwMAA=', 'EDITOR': '/usr/bin/vim', 'CMAKE_PREFIX_PATH': '/opt/ros/jazzy/opt/gz_math_vendor:/opt/ros/jazzy/opt/gz_utils_vendor:/opt/ros/jazzy/opt/gz_cmake_vendor'}, 'shell': False}
[2.283460] (ugv_gcs) Command: {'cmd': ['/usr/bin/python3', '-W', 'ignore:setup.py install is deprecated', '-W', 'ignore:easy_install command is deprecated', 'setup.py', 'egg_info', '--egg-base', '../../build/ugv_gcs', 'build', '--build-base', '/home/dannydevss/Escritorio/TESIS/build/ugv_gcs/build', 'install', '--record', '/home/dannydevss/Escritorio/TESIS/build/ugv_gcs/install.log', '--install-scripts', '$base/lib/ugv_gcs', '--single-version-externally-managed', 'install_data'], 'cwd': '/home/dannydevss/Escritorio/TESIS/src/ugv_gcs', 'env': {'PROFILEHOME': '', 'KDE_FULL_SESSION': 'true', 'RUSTICL_ENABLE': 'iris', 'MAIL': 'thunderbird', 'LANGUAGE': '', 'USER': 'dannydevss', 'PAM_KWALLET5_LOGIN': '/run/user/1000/kwallet5.socket', 'LC_TIME': 'es_CL.UTF-8', 'HOSTNAME': 'SkullCachy', 'XDG_SESSION_TYPE': 'wayland', 'KONSOLE_VERSION': '260403', 'XDG_CACHE_HOME': '/home/dannydevss/.cache', 'QT_WAYLAND_RECONNECT': '1', 'SHLVL': '4', 'LD_LIBRARY_PATH': '/opt/ros/jazzy/opt/rviz_ogre_vendor/lib:/opt/ros/jazzy/lib/x86_64-linux-gnu:/opt/ros/jazzy/opt/gz_math_vendor/lib:/opt/ros/jazzy/opt/gz_utils_vendor/lib:/opt/ros/jazzy/opt/gz_cmake_vendor/lib:/opt/ros/jazzy/lib', 'BROWSER': 'cachy-browser', 'MOTD_SHOWN': 'pam', 'HOME': '/home/dannydevss', 'KDE_APPLICATIONS_AS_SCOPE': '1', 'OLDPWD': '/home/dannydevss', 'DESKTOP_SESSION': 'plasma', 'MANROFFOPT': '-c', 'ROS_PYTHON_VERSION': '3', 'GTK_RC_FILES': '/etc/gtk/gtkrc:/home/dannydevss/.gtkrc:/home/dannydevss/.config/gtkrc', 'KDE_SESSION_VERSION': '6', 'LC_MONETARY': 'es_CL.UTF-8', 'KONSOLE_DBUS_SESSION': '/Sessions/1', 'MANAGERPID': '769', 'DISTROBOX_ENTER_PATH': '/usr/bin/distrobox-enter', 'SYSTEMD_EXEC_PID': '830', 'XDG_STATE_HOME': '/home/dannydevss/.local/state', 'DBUS_SESSION_BUS_ADDRESS': 'unix:path=/run/user/1000/bus', 'COLORTERM': 'truecolor', 'container': 'podman', 'KONSOLE_DBUS_ACTIVATION_COOKIE': 'N5+rvdIQfMMLWYn+YhnpYqwfQGkqvLxrmvltBlqOKMw=', 'KONSOLE_DBUS_WINDOW': '/Windows/1', 'DEBUGINFOD_URLS': 'https://debuginfod.archlinux.org https://debuginfod.cachyos.org', 'QT_QPA_PLATFORMTHEME': 'qt5ct', 'WAYLAND_DISPLAY': 'wayland-0', 'XKB_DEFAULT_LAYOUT': 'latam', 'ROS_DISTRO': 'jazzy', 'LOGNAME': 'dannydevss', 'WINDOWID': '94659487432624', 'MANAGERPIDFDID': '12436', 'JOURNAL_STREAM': '10:15133', '_': '/usr/bin/colcon', 'ROS_VERSION': '2', 'MEMORY_PRESSURE_WATCH': '/sys/fs/cgroup/user.slice/user-1000.slice/user@1000.service/session.slice/plasma-kwin_wayland.service/memory.pressure', 'XDG_SESSION_CLASS': 'user', 'COLORFGBG': '15;0', 'TERMINFO_DIRS': '/usr/share/terminfo:/run/host/usr/share/terminfo', 'TERM': 'xterm-256color', 'XDG_SESSION_ID': '2', 'KGLOBALACCELD_PLATFORM': 'org.kde.kwin', 'GTK2_RC_FILES': '/home/dannydevss/.gtkrc-2.0', 'FLATPAK_TTY_PROGRESS': '1', 'PATH': '/opt/ros/jazzy/bin:/home/dannydevss/.local/bin:/usr/local/bin:/usr/bin:/var/lib/flatpak/exports/bin:/usr/bin/site_perl:/usr/bin/vendor_perl:/usr/bin/core_perl:/usr/local/sbin:/usr/sbin:/usr/local/bin:/usr/bin:/sbin:/bin:/usr/local/sbin:/usr/sbin:/sbin:/bin', 'SESSION_MANAGER': 'local/SkullCachy:@/tmp/.ICE-unix/977,unix/SkullCachy:/tmp/.ICE-unix/977', 'INVOCATION_ID': '9020e8de3638439b98fc3e1252681cbe', 'XDG_SESSION_PATH': '/org/freedesktop/DisplayManager/Session2', 'XDG_MENU_PREFIX': 'plasma-', 'LC_ADDRESS': 'es_CL.UTF-8', 'XKB_DEFAULT_MODEL': 'pc105', 'XDG_RUNTIME_DIR': '/run/user/1000', 'ICEAUTHORITY': '/run/user/1000/iceauth_ejHKMa', 'DISPLAY': ':1', 'LANG': 'es_MX.UTF-8', 'XDG_CURRENT_DESKTOP': 'KDE', 'LC_TELEPHONE': 'es_CL.UTF-8', 'XDG_DATA_HOME': '/home/dannydevss/.local/share', 'XDG_CONFIG_HOME': '/home/dannydevss/.config', 'XDG_SESSION_DESKTOP': 'KDE', 'XAUTHORITY': '/run/user/1000/xauth_ZnBNoj', 'MANPAGER': "sh -c 'col -bx | bat -l man -p'", 'AMENT_PREFIX_PATH': '/opt/ros/jazzy', 'SHELL': 'fish', 'LC_NAME': 'es_CL.UTF-8', 'KONSOLE_DBUS_SERVICE': ':1.55', 'LC_MEASUREMENT': 'es_CL.UTF-8', 'XKB_DEFAULT_VARIANT': 'deadtilde', 'VSSCRIPT_PATH': '/usr/lib/python3.14/site-packages/vapoursynth/libvsscript.so', 'LC_IDENTIFICATION': 'es_CL.UTF-8', 'ROS_AUTOMATIC_DISCOVERY_RANGE': 'SUBNET', 'PWD': '/home/dannydevss/Escritorio/TESIS/build/ugv_gcs', 'CONTAINER_ID': 'ros2-jazzy', 'XDG_CONFIG_DIRS': '/home/dannydevss/.config/kdedefaults:/etc/xdg', 'VIRTUAL_ENV_DISABLE_PROMPT': '1', 'XDG_DATA_DIRS': '/home/dannydevss/.local/share/flatpak/exports/share:/var/lib/flatpak/exports/share:/usr/local/share:/usr/share', 'PYTHONPATH': '/home/dannydevss/Escritorio/TESIS/build/ugv_gcs/prefix_override:/usr/lib/python3/dist-packages/colcon_core/task/python/colcon_distutils_commands:/home/dannydevss/Escritorio/TESIS/install/ugv_gcs/lib/python3.12/site-packages:/opt/ros/jazzy/lib/python3.12/site-packages', 'LC_NUMERIC': 'es_CL.UTF-8', 'LC_PAPER': 'es_CL.UTF-8', 'KDE_SESSION_UID': '1000', 'COLCON': '1', 'MEMORY_PRESSURE_WRITE': 'c29tZSAyMDAwMDAgMjAwMDAwMAA=', 'EDITOR': '/usr/bin/vim', 'CMAKE_PREFIX_PATH': '/opt/ros/jazzy/opt/gz_math_vendor:/opt/ros/jazzy/opt/gz_utils_vendor:/opt/ros/jazzy/opt/gz_cmake_vendor'}, 'shell': False}
[2.312175] (-) TimerEvent: {}
[2.412994] (-) TimerEvent: {}
[2.513406] (-) TimerEvent: {}
[2.613757] (-) TimerEvent: {}
[2.714104] (-) TimerEvent: {}
[2.731100] (ugv_gcs) StdoutLine: {'line': b'running egg_info\n'}
[2.760645] (ugv_gcs) StdoutLine: {'line': b'writing ../../build/ugv_gcs/ugv_gcs.egg-info/PKG-INFO\n'}
[2.762183] (ugv_gcs) StdoutLine: {'line': b'writing dependency_links to ../../build/ugv_gcs/ugv_gcs.egg-info/dependency_links.txt\n'}
[2.763029] (ugv_gcs) StdoutLine: {'line': b'writing entry points to ../../build/ugv_gcs/ugv_gcs.egg-info/entry_points.txt\n'}
[2.763528] (ugv_gcs) StdoutLine: {'line': b'writing requirements to ../../build/ugv_gcs/ugv_gcs.egg-info/requires.txt\n'}
[2.763775] (ugv_gcs) StdoutLine: {'line': b'writing top-level names to ../../build/ugv_gcs/ugv_gcs.egg-info/top_level.txt\n'}
[2.814217] (-) TimerEvent: {}
[2.833303] (ugv_gcs) StdoutLine: {'line': b"reading manifest file '../../build/ugv_gcs/ugv_gcs.egg-info/SOURCES.txt'\n"}
[2.834998] (ugv_gcs) StdoutLine: {'line': b"writing manifest file '../../build/ugv_gcs/ugv_gcs.egg-info/SOURCES.txt'\n"}
[2.835495] (ugv_gcs) StdoutLine: {'line': b'running build\n'}
[2.835744] (ugv_gcs) StdoutLine: {'line': b'running build_py\n'}
[2.837872] (ugv_gcs) StdoutLine: {'line': b'running install\n'}
[2.848252] (ugv_gcs) StdoutLine: {'line': b'running install_lib\n'}
[2.881231] (ugv_core) StdoutLine: {'line': b'running egg_info\n'}
[2.881729] (ugv_bridge) StdoutLine: {'line': b'running egg_info\n'}
[2.882035] (ugv_gcs) StdoutLine: {'line': b'running install_data\n'}
[2.882348] (ugv_gcs) StdoutLine: {'line': b'running install_egg_info\n'}
[2.914542] (-) TimerEvent: {}
[2.925842] (ugv_core) StdoutLine: {'line': b'writing ../../build/ugv_core/ugv_core.egg-info/PKG-INFO\n'}
[2.926898] (ugv_core) StdoutLine: {'line': b'writing dependency_links to ../../build/ugv_core/ugv_core.egg-info/dependency_links.txt\n'}
[2.928264] (ugv_core) StdoutLine: {'line': b'writing requirements to ../../build/ugv_core/ugv_core.egg-info/requires.txt\n'}
[2.930215] (ugv_bridge) StdoutLine: {'line': b'writing ../../build/ugv_bridge/ugv_bridge.egg-info/PKG-INFO\n'}
[2.930597] (ugv_core) StdoutLine: {'line': b'writing top-level names to ../../build/ugv_core/ugv_core.egg-info/top_level.txt\n'}
[2.930874] (ugv_bridge) StdoutLine: {'line': b'writing dependency_links to ../../build/ugv_bridge/ugv_bridge.egg-info/dependency_links.txt\n'}
[2.931468] (ugv_bridge) StdoutLine: {'line': b'writing entry points to ../../build/ugv_bridge/ugv_bridge.egg-info/entry_points.txt\n'}
[2.931746] (ugv_bridge) StdoutLine: {'line': b'writing requirements to ../../build/ugv_bridge/ugv_bridge.egg-info/requires.txt\n'}
[2.932751] (ugv_bridge) StdoutLine: {'line': b'writing top-level names to ../../build/ugv_bridge/ugv_bridge.egg-info/top_level.txt\n'}
[2.937462] (ugv_gcs) StdoutLine: {'line': b"removing '/home/dannydevss/Escritorio/TESIS/install/ugv_gcs/lib/python3.12/site-packages/ugv_gcs-0.0.0-py3.12.egg-info' (and everything under it)\n"}
[2.937816] (ugv_gcs) StdoutLine: {'line': b'Copying ../../build/ugv_gcs/ugv_gcs.egg-info to /home/dannydevss/Escritorio/TESIS/install/ugv_gcs/lib/python3.12/site-packages/ugv_gcs-0.0.0-py3.12.egg-info\n'}
[2.939561] (ugv_gcs) StdoutLine: {'line': b'running install_scripts\n'}
[3.014651] (-) TimerEvent: {}
[3.037392] (ugv_core) StdoutLine: {'line': b"reading manifest file '../../build/ugv_core/ugv_core.egg-info/SOURCES.txt'\n"}
[3.037726] (ugv_core) StdoutLine: {'line': b"writing manifest file '../../build/ugv_core/ugv_core.egg-info/SOURCES.txt'\n"}
[3.038645] (ugv_core) StdoutLine: {'line': b'running build\n'}
[3.038923] (ugv_core) StdoutLine: {'line': b'running build_py\n'}
[3.039977] (ugv_core) StdoutLine: {'line': b'running install\n'}
[3.041590] (ugv_bridge) StdoutLine: {'line': b"reading manifest file '../../build/ugv_bridge/ugv_bridge.egg-info/SOURCES.txt'\n"}
[3.041955] (ugv_bridge) StdoutLine: {'line': b"writing manifest file '../../build/ugv_bridge/ugv_bridge.egg-info/SOURCES.txt'\n"}
[3.042354] (ugv_bridge) StdoutLine: {'line': b'running build\n'}
[3.042660] (ugv_bridge) StdoutLine: {'line': b'running build_py\n'}
[3.045109] (ugv_bridge) StdoutLine: {'line': b'running install\n'}
[3.055789] (ugv_bridge) StdoutLine: {'line': b'running install_lib\n'}
[3.057976] (ugv_core) StdoutLine: {'line': b'running install_lib\n'}
[3.096303] (ugv_bridge) StdoutLine: {'line': b'running install_data\n'}
[3.096629] (ugv_bridge) StdoutLine: {'line': b'copying urdf/ugv.urdf -> /home/dannydevss/Escritorio/TESIS/install/ugv_bridge/share/ugv_bridge/urdf\n'}
[3.096950] (ugv_bridge) StdoutLine: {'line': b'running install_egg_info\n'}
[3.115483] (ugv_core) StdoutLine: {'line': b'running install_data\n'}
[3.115820] (-) TimerEvent: {}
[3.116065] (ugv_core) StdoutLine: {'line': b'running install_egg_info\n'}
[3.149563] (ugv_bridge) StdoutLine: {'line': b"removing '/home/dannydevss/Escritorio/TESIS/install/ugv_bridge/lib/python3.12/site-packages/ugv_bridge-0.0.0-py3.12.egg-info' (and everything under it)\n"}
[3.150907] (ugv_bridge) StdoutLine: {'line': b'Copying ../../build/ugv_bridge/ugv_bridge.egg-info to /home/dannydevss/Escritorio/TESIS/install/ugv_bridge/lib/python3.12/site-packages/ugv_bridge-0.0.0-py3.12.egg-info\n'}
[3.153725] (ugv_bridge) StdoutLine: {'line': b'running install_scripts\n'}
[3.184959] (ugv_core) StdoutLine: {'line': b"removing '/home/dannydevss/Escritorio/TESIS/install/ugv_core/lib/python3.12/site-packages/ugv_core-0.0.0-py3.12.egg-info' (and everything under it)\n"}
[3.188037] (ugv_core) StdoutLine: {'line': b'Copying ../../build/ugv_core/ugv_core.egg-info to /home/dannydevss/Escritorio/TESIS/install/ugv_core/lib/python3.12/site-packages/ugv_core-0.0.0-py3.12.egg-info\n'}
[3.191436] (ugv_core) StdoutLine: {'line': b'running install_scripts\n'}
[3.216440] (-) TimerEvent: {}
[3.288143] (ugv_gcs) StdoutLine: {'line': b'Installing gcs_node script to /home/dannydevss/Escritorio/TESIS/install/ugv_gcs/lib/ugv_gcs\n'}
[3.289750] (ugv_gcs) StdoutLine: {'line': b"writing list of installed files to '/home/dannydevss/Escritorio/TESIS/build/ugv_gcs/install.log'\n"}
[3.316591] (-) TimerEvent: {}
[3.367886] (ugv_gcs) CommandEnded: {'returncode': 0}
[3.388509] (ugv_gcs) JobEnded: {'identifier': 'ugv_gcs', 'rc': 0}
[3.416811] (-) TimerEvent: {}
[3.448675] (ugv_bridge) StdoutLine: {'line': b'Installing dummy_rl_controller script to /home/dannydevss/Escritorio/TESIS/install/ugv_bridge/lib/ugv_bridge\n'}
[3.449113] (ugv_bridge) StdoutLine: {'line': b'Installing flipper_node script to /home/dannydevss/Escritorio/TESIS/install/ugv_bridge/lib/ugv_bridge\n'}
[3.449467] (ugv_bridge) StdoutLine: {'line': b'Installing gui_a_vcan script to /home/dannydevss/Escritorio/TESIS/install/ugv_bridge/lib/ugv_bridge\n'}
[3.449799] (ugv_bridge) StdoutLine: {'line': b'Installing kinematic_guardian script to /home/dannydevss/Escritorio/TESIS/install/ugv_bridge/lib/ugv_bridge\n'}
[3.450407] (ugv_bridge) StdoutLine: {'line': b'Installing motor_emulator script to /home/dannydevss/Escritorio/TESIS/install/ugv_bridge/lib/ugv_bridge\n'}
[3.450789] (ugv_bridge) StdoutLine: {'line': b'Installing track_odometry_node script to /home/dannydevss/Escritorio/TESIS/install/ugv_bridge/lib/ugv_bridge\n'}
[3.451514] (ugv_bridge) StdoutLine: {'line': b"writing list of installed files to '/home/dannydevss/Escritorio/TESIS/build/ugv_bridge/install.log'\n"}
[3.513579] (ugv_bridge) CommandEnded: {'returncode': 0}
[3.516901] (-) TimerEvent: {}
[3.525671] (ugv_core) StdoutLine: {'line': b"writing list of installed files to '/home/dannydevss/Escritorio/TESIS/build/ugv_core/install.log'\n"}
[3.529939] (ugv_bridge) JobEnded: {'identifier': 'ugv_bridge', 'rc': 0}
[3.579417] (ugv_core) CommandEnded: {'returncode': 0}
[3.589989] (ugv_core) JobEnded: {'identifier': 'ugv_core', 'rc': 0}
[3.591529] (ugv_policy) JobStarted: {'identifier': 'ugv_policy'}
[3.596317] (ugv_sim) JobStarted: {'identifier': 'ugv_sim'}
[3.617027] (-) TimerEvent: {}
[3.717354] (-) TimerEvent: {}
[3.818221] (-) TimerEvent: {}
[3.918582] (-) TimerEvent: {}
[4.018947] (-) TimerEvent: {}
[4.119310] (-) TimerEvent: {}
[4.219629] (-) TimerEvent: {}
[4.319961] (-) TimerEvent: {}
[4.420326] (-) TimerEvent: {}
[4.520688] (-) TimerEvent: {}
[4.621054] (-) TimerEvent: {}
[4.721447] (-) TimerEvent: {}
[4.821802] (-) TimerEvent: {}
[4.922904] (-) TimerEvent: {}
[5.023337] (-) TimerEvent: {}
[5.123824] (-) TimerEvent: {}
[5.141681] (ugv_policy) Command: {'cmd': ['/usr/bin/python3', '-W', 'ignore:setup.py install is deprecated', '-W', 'ignore:easy_install command is deprecated', 'setup.py', 'egg_info', '--egg-base', '../../build/ugv_policy', 'build', '--build-base', '/home/dannydevss/Escritorio/TESIS/build/ugv_policy/build', 'install', '--record', '/home/dannydevss/Escritorio/TESIS/build/ugv_policy/install.log', '--install-scripts', '$base/lib/ugv_policy', '--single-version-externally-managed', 'install_data'], 'cwd': '/home/dannydevss/Escritorio/TESIS/src/ugv_policy', 'env': {'PROFILEHOME': '', 'KDE_FULL_SESSION': 'true', 'RUSTICL_ENABLE': 'iris', 'MAIL': 'thunderbird', 'LANGUAGE': '', 'USER': 'dannydevss', 'PAM_KWALLET5_LOGIN': '/run/user/1000/kwallet5.socket', 'LC_TIME': 'es_CL.UTF-8', 'HOSTNAME': 'SkullCachy', 'XDG_SESSION_TYPE': 'wayland', 'KONSOLE_VERSION': '260403', 'XDG_CACHE_HOME': '/home/dannydevss/.cache', 'QT_WAYLAND_RECONNECT': '1', 'SHLVL': '4', 'LD_LIBRARY_PATH': '/opt/ros/jazzy/opt/rviz_ogre_vendor/lib:/opt/ros/jazzy/lib/x86_64-linux-gnu:/opt/ros/jazzy/opt/gz_math_vendor/lib:/opt/ros/jazzy/opt/gz_utils_vendor/lib:/opt/ros/jazzy/opt/gz_cmake_vendor/lib:/opt/ros/jazzy/lib', 'BROWSER': 'cachy-browser', 'MOTD_SHOWN': 'pam', 'HOME': '/home/dannydevss', 'KDE_APPLICATIONS_AS_SCOPE': '1', 'OLDPWD': '/home/dannydevss', 'DESKTOP_SESSION': 'plasma', 'MANROFFOPT': '-c', 'ROS_PYTHON_VERSION': '3', 'GTK_RC_FILES': '/etc/gtk/gtkrc:/home/dannydevss/.gtkrc:/home/dannydevss/.config/gtkrc', 'KDE_SESSION_VERSION': '6', 'LC_MONETARY': 'es_CL.UTF-8', 'KONSOLE_DBUS_SESSION': '/Sessions/1', 'MANAGERPID': '769', 'DISTROBOX_ENTER_PATH': '/usr/bin/distrobox-enter', 'SYSTEMD_EXEC_PID': '830', 'XDG_STATE_HOME': '/home/dannydevss/.local/state', 'DBUS_SESSION_BUS_ADDRESS': 'unix:path=/run/user/1000/bus', 'COLORTERM': 'truecolor', 'container': 'podman', 'KONSOLE_DBUS_ACTIVATION_COOKIE': 'N5+rvdIQfMMLWYn+YhnpYqwfQGkqvLxrmvltBlqOKMw=', 'KONSOLE_DBUS_WINDOW': '/Windows/1', 'DEBUGINFOD_URLS': 'https://debuginfod.archlinux.org https://debuginfod.cachyos.org', 'QT_QPA_PLATFORMTHEME': 'qt5ct', 'WAYLAND_DISPLAY': 'wayland-0', 'XKB_DEFAULT_LAYOUT': 'latam', 'ROS_DISTRO': 'jazzy', 'LOGNAME': 'dannydevss', 'WINDOWID': '94659487432624', 'MANAGERPIDFDID': '12436', 'JOURNAL_STREAM': '10:15133', '_': '/usr/bin/colcon', 'ROS_VERSION': '2', 'MEMORY_PRESSURE_WATCH': '/sys/fs/cgroup/user.slice/user-1000.slice/user@1000.service/session.slice/plasma-kwin_wayland.service/memory.pressure', 'XDG_SESSION_CLASS': 'user', 'COLORFGBG': '15;0', 'TERMINFO_DIRS': '/usr/share/terminfo:/run/host/usr/share/terminfo', 'TERM': 'xterm-256color', 'XDG_SESSION_ID': '2', 'KGLOBALACCELD_PLATFORM': 'org.kde.kwin', 'GTK2_RC_FILES': '/home/dannydevss/.gtkrc-2.0', 'FLATPAK_TTY_PROGRESS': '1', 'PATH': '/opt/ros/jazzy/bin:/home/dannydevss/.local/bin:/usr/local/bin:/usr/bin:/var/lib/flatpak/exports/bin:/usr/bin/site_perl:/usr/bin/vendor_perl:/usr/bin/core_perl:/usr/local/sbin:/usr/sbin:/usr/local/bin:/usr/bin:/sbin:/bin:/usr/local/sbin:/usr/sbin:/sbin:/bin', 'SESSION_MANAGER': 'local/SkullCachy:@/tmp/.ICE-unix/977,unix/SkullCachy:/tmp/.ICE-unix/977', 'INVOCATION_ID': '9020e8de3638439b98fc3e1252681cbe', 'XDG_SESSION_PATH': '/org/freedesktop/DisplayManager/Session2', 'XDG_MENU_PREFIX': 'plasma-', 'LC_ADDRESS': 'es_CL.UTF-8', 'XKB_DEFAULT_MODEL': 'pc105', 'XDG_RUNTIME_DIR': '/run/user/1000', 'ICEAUTHORITY': '/run/user/1000/iceauth_ejHKMa', 'DISPLAY': ':1', 'LANG': 'es_MX.UTF-8', 'XDG_CURRENT_DESKTOP': 'KDE', 'LC_TELEPHONE': 'es_CL.UTF-8', 'XDG_DATA_HOME': '/home/dannydevss/.local/share', 'XDG_CONFIG_HOME': '/home/dannydevss/.config', 'XDG_SESSION_DESKTOP': 'KDE', 'XAUTHORITY': '/run/user/1000/xauth_ZnBNoj', 'MANPAGER': "sh -c 'col -bx | bat -l man -p'", 'AMENT_PREFIX_PATH': '/home/dannydevss/Escritorio/TESIS/install/ugv_core:/opt/ros/jazzy', 'SHELL': 'fish', 'LC_NAME': 'es_CL.UTF-8', 'KONSOLE_DBUS_SERVICE': ':1.55', 'LC_MEASUREMENT': 'es_CL.UTF-8', 'XKB_DEFAULT_VARIANT': 'deadtilde', 'VSSCRIPT_PATH': '/usr/lib/python3.14/site-packages/vapoursynth/libvsscript.so', 'LC_IDENTIFICATION': 'es_CL.UTF-8', 'ROS_AUTOMATIC_DISCOVERY_RANGE': 'SUBNET', 'PWD': '/home/dannydevss/Escritorio/TESIS/build/ugv_policy', 'CONTAINER_ID': 'ros2-jazzy', 'XDG_CONFIG_DIRS': '/home/dannydevss/.config/kdedefaults:/etc/xdg', 'VIRTUAL_ENV_DISABLE_PROMPT': '1', 'XDG_DATA_DIRS': '/home/dannydevss/.local/share/flatpak/exports/share:/var/lib/flatpak/exports/share:/usr/local/share:/usr/share', 'PYTHONPATH': '/home/dannydevss/Escritorio/TESIS/build/ugv_policy/prefix_override:/usr/lib/python3/dist-packages/colcon_core/task/python/colcon_distutils_commands:/home/dannydevss/Escritorio/TESIS/install/ugv_policy/lib/python3.12/site-packages:/home/dannydevss/Escritorio/TESIS/install/ugv_core/lib/python3.12/site-packages:/opt/ros/jazzy/lib/python3.12/site-packages', 'LC_NUMERIC': 'es_CL.UTF-8', 'LC_PAPER': 'es_CL.UTF-8', 'KDE_SESSION_UID': '1000', 'COLCON': '1', 'MEMORY_PRESSURE_WRITE': 'c29tZSAyMDAwMDAgMjAwMDAwMAA=', 'EDITOR': '/usr/bin/vim', 'CMAKE_PREFIX_PATH': '/opt/ros/jazzy/opt/gz_math_vendor:/opt/ros/jazzy/opt/gz_utils_vendor:/opt/ros/jazzy/opt/gz_cmake_vendor'}, 'shell': False}
[5.162425] (ugv_sim) Command: {'cmd': ['/usr/bin/python3', '-W', 'ignore:setup.py install is deprecated', '-W', 'ignore:easy_install command is deprecated', 'setup.py', 'egg_info', '--egg-base', '../../build/ugv_sim', 'build', '--build-base', '/home/dannydevss/Escritorio/TESIS/build/ugv_sim/build', 'install', '--record', '/home/dannydevss/Escritorio/TESIS/build/ugv_sim/install.log', '--install-scripts', '$base/lib/ugv_sim', '--single-version-externally-managed', 'install_data'], 'cwd': '/home/dannydevss/Escritorio/TESIS/src/ugv_sim', 'env': {'PROFILEHOME': '', 'KDE_FULL_SESSION': 'true', 'RUSTICL_ENABLE': 'iris', 'MAIL': 'thunderbird', 'LANGUAGE': '', 'USER': 'dannydevss', 'PAM_KWALLET5_LOGIN': '/run/user/1000/kwallet5.socket', 'LC_TIME': 'es_CL.UTF-8', 'HOSTNAME': 'SkullCachy', 'XDG_SESSION_TYPE': 'wayland', 'KONSOLE_VERSION': '260403', 'XDG_CACHE_HOME': '/home/dannydevss/.cache', 'QT_WAYLAND_RECONNECT': '1', 'SHLVL': '4', 'LD_LIBRARY_PATH': '/opt/ros/jazzy/opt/rviz_ogre_vendor/lib:/opt/ros/jazzy/lib/x86_64-linux-gnu:/opt/ros/jazzy/opt/gz_math_vendor/lib:/opt/ros/jazzy/opt/gz_utils_vendor/lib:/opt/ros/jazzy/opt/gz_cmake_vendor/lib:/opt/ros/jazzy/lib', 'BROWSER': 'cachy-browser', 'MOTD_SHOWN': 'pam', 'HOME': '/home/dannydevss', 'KDE_APPLICATIONS_AS_SCOPE': '1', 'OLDPWD': '/home/dannydevss', 'DESKTOP_SESSION': 'plasma', 'MANROFFOPT': '-c', 'ROS_PYTHON_VERSION': '3', 'GTK_RC_FILES': '/etc/gtk/gtkrc:/home/dannydevss/.gtkrc:/home/dannydevss/.config/gtkrc', 'KDE_SESSION_VERSION': '6', 'LC_MONETARY': 'es_CL.UTF-8', 'KONSOLE_DBUS_SESSION': '/Sessions/1', 'MANAGERPID': '769', 'DISTROBOX_ENTER_PATH': '/usr/bin/distrobox-enter', 'SYSTEMD_EXEC_PID': '830', 'XDG_STATE_HOME': '/home/dannydevss/.local/state', 'DBUS_SESSION_BUS_ADDRESS': 'unix:path=/run/user/1000/bus', 'COLORTERM': 'truecolor', 'container': 'podman', 'KONSOLE_DBUS_ACTIVATION_COOKIE': 'N5+rvdIQfMMLWYn+YhnpYqwfQGkqvLxrmvltBlqOKMw=', 'KONSOLE_DBUS_WINDOW': '/Windows/1', 'DEBUGINFOD_URLS': 'https://debuginfod.archlinux.org https://debuginfod.cachyos.org', 'QT_QPA_PLATFORMTHEME': 'qt5ct', 'WAYLAND_DISPLAY': 'wayland-0', 'XKB_DEFAULT_LAYOUT': 'latam', 'ROS_DISTRO': 'jazzy', 'LOGNAME': 'dannydevss', 'WINDOWID': '94659487432624', 'MANAGERPIDFDID': '12436', 'JOURNAL_STREAM': '10:15133', '_': '/usr/bin/colcon', 'ROS_VERSION': '2', 'MEMORY_PRESSURE_WATCH': '/sys/fs/cgroup/user.slice/user-1000.slice/user@1000.service/session.slice/plasma-kwin_wayland.service/memory.pressure', 'XDG_SESSION_CLASS': 'user', 'COLORFGBG': '15;0', 'TERMINFO_DIRS': '/usr/share/terminfo:/run/host/usr/share/terminfo', 'TERM': 'xterm-256color', 'XDG_SESSION_ID': '2', 'KGLOBALACCELD_PLATFORM': 'org.kde.kwin', 'GTK2_RC_FILES': '/home/dannydevss/.gtkrc-2.0', 'FLATPAK_TTY_PROGRESS': '1', 'PATH': '/opt/ros/jazzy/bin:/home/dannydevss/.local/bin:/usr/local/bin:/usr/bin:/var/lib/flatpak/exports/bin:/usr/bin/site_perl:/usr/bin/vendor_perl:/usr/bin/core_perl:/usr/local/sbin:/usr/sbin:/usr/local/bin:/usr/bin:/sbin:/bin:/usr/local/sbin:/usr/sbin:/sbin:/bin', 'SESSION_MANAGER': 'local/SkullCachy:@/tmp/.ICE-unix/977,unix/SkullCachy:/tmp/.ICE-unix/977', 'INVOCATION_ID': '9020e8de3638439b98fc3e1252681cbe', 'XDG_SESSION_PATH': '/org/freedesktop/DisplayManager/Session2', 'XDG_MENU_PREFIX': 'plasma-', 'LC_ADDRESS': 'es_CL.UTF-8', 'XKB_DEFAULT_MODEL': 'pc105', 'XDG_RUNTIME_DIR': '/run/user/1000', 'ICEAUTHORITY': '/run/user/1000/iceauth_ejHKMa', 'DISPLAY': ':1', 'LANG': 'es_MX.UTF-8', 'XDG_CURRENT_DESKTOP': 'KDE', 'LC_TELEPHONE': 'es_CL.UTF-8', 'XDG_DATA_HOME': '/home/dannydevss/.local/share', 'XDG_CONFIG_HOME': '/home/dannydevss/.config', 'XDG_SESSION_DESKTOP': 'KDE', 'XAUTHORITY': '/run/user/1000/xauth_ZnBNoj', 'MANPAGER': "sh -c 'col -bx | bat -l man -p'", 'AMENT_PREFIX_PATH': '/home/dannydevss/Escritorio/TESIS/install/ugv_core:/opt/ros/jazzy', 'SHELL': 'fish', 'LC_NAME': 'es_CL.UTF-8', 'KONSOLE_DBUS_SERVICE': ':1.55', 'LC_MEASUREMENT': 'es_CL.UTF-8', 'XKB_DEFAULT_VARIANT': 'deadtilde', 'VSSCRIPT_PATH': '/usr/lib/python3.14/site-packages/vapoursynth/libvsscript.so', 'LC_IDENTIFICATION': 'es_CL.UTF-8', 'ROS_AUTOMATIC_DISCOVERY_RANGE': 'SUBNET', 'PWD': '/home/dannydevss/Escritorio/TESIS/build/ugv_sim', 'CONTAINER_ID': 'ros2-jazzy', 'XDG_CONFIG_DIRS': '/home/dannydevss/.config/kdedefaults:/etc/xdg', 'VIRTUAL_ENV_DISABLE_PROMPT': '1', 'XDG_DATA_DIRS': '/home/dannydevss/.local/share/flatpak/exports/share:/var/lib/flatpak/exports/share:/usr/local/share:/usr/share', 'PYTHONPATH': '/home/dannydevss/Escritorio/TESIS/build/ugv_sim/prefix_override:/usr/lib/python3/dist-packages/colcon_core/task/python/colcon_distutils_commands:/home/dannydevss/Escritorio/TESIS/install/ugv_sim/lib/python3.12/site-packages:/home/dannydevss/Escritorio/TESIS/install/ugv_core/lib/python3.12/site-packages:/opt/ros/jazzy/lib/python3.12/site-packages', 'LC_NUMERIC': 'es_CL.UTF-8', 'LC_PAPER': 'es_CL.UTF-8', 'KDE_SESSION_UID': '1000', 'COLCON': '1', 'MEMORY_PRESSURE_WRITE': 'c29tZSAyMDAwMDAgMjAwMDAwMAA=', 'EDITOR': '/usr/bin/vim', 'CMAKE_PREFIX_PATH': '/opt/ros/jazzy/opt/gz_math_vendor:/opt/ros/jazzy/opt/gz_utils_vendor:/opt/ros/jazzy/opt/gz_cmake_vendor'}, 'shell': False}
[5.223976] (-) TimerEvent: {}
[5.324374] (-) TimerEvent: {}
[5.424743] (-) TimerEvent: {}
[5.525129] (-) TimerEvent: {}
[5.612820] (ugv_sim) StdoutLine: {'line': b'running egg_info\n'}
[5.625240] (-) TimerEvent: {}
[5.632942] (ugv_policy) StdoutLine: {'line': b'running egg_info\n'}
[5.644243] (ugv_sim) StdoutLine: {'line': b'writing ../../build/ugv_sim/ugv_sim.egg-info/PKG-INFO\n'}
[5.645646] (ugv_sim) StdoutLine: {'line': b'writing dependency_links to ../../build/ugv_sim/ugv_sim.egg-info/dependency_links.txt\n'}
[5.646041] (ugv_sim) StdoutLine: {'line': b'writing entry points to ../../build/ugv_sim/ugv_sim.egg-info/entry_points.txt\n'}
[5.646509] (ugv_sim) StdoutLine: {'line': b'writing requirements to ../../build/ugv_sim/ugv_sim.egg-info/requires.txt\n'}
[5.646830] (ugv_sim) StdoutLine: {'line': b'writing top-level names to ../../build/ugv_sim/ugv_sim.egg-info/top_level.txt\n'}
[5.663071] (ugv_policy) StdoutLine: {'line': b'writing ../../build/ugv_policy/ugv_policy.egg-info/PKG-INFO\n'}
[5.663600] (ugv_policy) StdoutLine: {'line': b'writing dependency_links to ../../build/ugv_policy/ugv_policy.egg-info/dependency_links.txt\n'}
[5.663993] (ugv_policy) StdoutLine: {'line': b'writing entry points to ../../build/ugv_policy/ugv_policy.egg-info/entry_points.txt\n'}
[5.664348] (ugv_policy) StdoutLine: {'line': b'writing requirements to ../../build/ugv_policy/ugv_policy.egg-info/requires.txt\n'}
[5.664787] (ugv_policy) StdoutLine: {'line': b'writing top-level names to ../../build/ugv_policy/ugv_policy.egg-info/top_level.txt\n'}
[5.706822] (ugv_sim) StdoutLine: {'line': b"reading manifest file '../../build/ugv_sim/ugv_sim.egg-info/SOURCES.txt'\n"}
[5.708248] (ugv_sim) StdoutLine: {'line': b"writing manifest file '../../build/ugv_sim/ugv_sim.egg-info/SOURCES.txt'\n"}
[5.708651] (ugv_sim) StdoutLine: {'line': b'running build\n'}
[5.708985] (ugv_sim) StdoutLine: {'line': b'running build_py\n'}
[5.709293] (ugv_sim) StdoutLine: {'line': b'running install\n'}
[5.719047] (ugv_sim) StdoutLine: {'line': b'running install_lib\n'}
[5.723511] (ugv_policy) StdoutLine: {'line': b"reading manifest file '../../build/ugv_policy/ugv_policy.egg-info/SOURCES.txt'\n"}
[5.725011] (ugv_policy) StdoutLine: {'line': b"writing manifest file '../../build/ugv_policy/ugv_policy.egg-info/SOURCES.txt'\n"}
[5.725325] (-) TimerEvent: {}
[5.725645] (ugv_policy) StdoutLine: {'line': b'running build\n'}
[5.726093] (ugv_policy) StdoutLine: {'line': b'running build_py\n'}
[5.726424] (ugv_policy) StdoutLine: {'line': b'running install\n'}
[5.736933] (ugv_policy) StdoutLine: {'line': b'running install_lib\n'}
[5.750578] (ugv_sim) StdoutLine: {'line': b'running install_data\n'}
[5.750986] (ugv_sim) StdoutLine: {'line': b'running install_egg_info\n'}
[5.767218] (ugv_policy) StdoutLine: {'line': b'running install_data\n'}
[5.767621] (ugv_policy) StdoutLine: {'line': b'running install_egg_info\n'}
[5.782535] (ugv_sim) StdoutLine: {'line': b"removing '/home/dannydevss/Escritorio/TESIS/install/ugv_sim/lib/python3.12/site-packages/ugv_sim-0.0.0-py3.12.egg-info' (and everything under it)\n"}
[5.783397] (ugv_sim) StdoutLine: {'line': b'Copying ../../build/ugv_sim/ugv_sim.egg-info to /home/dannydevss/Escritorio/TESIS/install/ugv_sim/lib/python3.12/site-packages/ugv_sim-0.0.0-py3.12.egg-info\n'}
[5.785007] (ugv_sim) StdoutLine: {'line': b'running install_scripts\n'}
[5.803302] (ugv_policy) StdoutLine: {'line': b"removing '/home/dannydevss/Escritorio/TESIS/install/ugv_policy/lib/python3.12/site-packages/ugv_policy-0.0.0-py3.12.egg-info' (and everything under it)\n"}
[5.804033] (ugv_policy) StdoutLine: {'line': b'Copying ../../build/ugv_policy/ugv_policy.egg-info to /home/dannydevss/Escritorio/TESIS/install/ugv_policy/lib/python3.12/site-packages/ugv_policy-0.0.0-py3.12.egg-info\n'}
[5.807249] (ugv_policy) StdoutLine: {'line': b'running install_scripts\n'}
[5.825447] (-) TimerEvent: {}
[5.925894] (-) TimerEvent: {}
[6.009651] (ugv_sim) StdoutLine: {'line': b'Installing sim_node script to /home/dannydevss/Escritorio/TESIS/install/ugv_sim/lib/ugv_sim\n'}
[6.010377] (ugv_sim) StdoutLine: {'line': b"writing list of installed files to '/home/dannydevss/Escritorio/TESIS/build/ugv_sim/install.log'\n"}
[6.026560] (-) TimerEvent: {}
[6.045405] (ugv_policy) StdoutLine: {'line': b'Installing policy_node script to /home/dannydevss/Escritorio/TESIS/install/ugv_policy/lib/ugv_policy\n'}
[6.046143] (ugv_policy) StdoutLine: {'line': b"writing list of installed files to '/home/dannydevss/Escritorio/TESIS/build/ugv_policy/install.log'\n"}
[6.076983] (ugv_sim) CommandEnded: {'returncode': 0}
[6.093927] (ugv_sim) JobEnded: {'identifier': 'ugv_sim', 'rc': 0}
[6.112395] (ugv_policy) CommandEnded: {'returncode': 0}
[6.123463] (ugv_policy) JobEnded: {'identifier': 'ugv_policy', 'rc': 0}
[6.128254] (-) TimerEvent: {}
[6.128368] (-) EventReactorShutdown: {}
