[0.257s] DEBUG:colcon:Command line arguments: ['/usr/bin/colcon', 'build']
[0.257s] DEBUG:colcon:Parsed command line arguments: Namespace(log_base=None, log_level=None, verb_name='build', build_base='build', install_base='install', merge_install=False, symlink_install=False, test_result_base=None, continue_on_error=False, executor='parallel', parallel_workers=4, event_handlers=None, ignore_user_meta=False, metas=['./colcon.meta'], base_paths=['.'], packages_ignore=None, packages_ignore_regex=None, paths=None, packages_up_to=None, packages_up_to_regex=None, packages_above=None, packages_above_and_dependencies=None, packages_above_depth=None, packages_select_by_dep=None, packages_skip_by_dep=None, packages_skip_up_to=None, packages_select_build_failed=False, packages_skip_build_finished=False, packages_select_test_failures=False, packages_skip_test_passed=False, packages_select=None, packages_skip=None, packages_select_regex=None, packages_skip_regex=None, packages_start=None, packages_end=None, allow_overriding=[], cmake_args=None, cmake_target=None, cmake_target_skip_unavailable=False, cmake_clean_cache=False, cmake_clean_first=False, cmake_force_configure=False, ament_cmake_args=None, catkin_cmake_args=None, catkin_skip_building_tests=False, verb_parser=<colcon_defaults.argument_parser.defaults.DefaultArgumentsDecorator object at 0x7ff791d09100>, verb_extension=<colcon_core.verb.build.BuildVerb object at 0x7ff791e55fa0>, main=<bound method BuildVerb.main of <colcon_core.verb.build.BuildVerb object at 0x7ff791e55fa0>>)
[0.395s] Level 1:colcon.colcon_core.package_discovery:discover_packages(colcon_meta) check parameters
[0.395s] Level 1:colcon.colcon_core.package_discovery:discover_packages(recursive) check parameters
[0.395s] Level 1:colcon.colcon_core.package_discovery:discover_packages(ignore) check parameters
[0.395s] Level 1:colcon.colcon_core.package_discovery:discover_packages(path) check parameters
[0.395s] Level 1:colcon.colcon_core.package_discovery:discover_packages(colcon_meta) discover
[0.396s] Level 1:colcon.colcon_core.package_discovery:discover_packages(recursive) discover
[0.396s] INFO:colcon.colcon_core.package_discovery:Crawling recursively for packages in '/home/dannydevss/Escritorio/TESIS'
[0.396s] Level 1:colcon.colcon_core.package_identification:_identify(.) by extensions ['ignore', 'ignore_ament_install']
[0.396s] Level 1:colcon.colcon_core.package_identification:_identify(.) by extension 'ignore'
[0.396s] Level 1:colcon.colcon_core.package_identification:_identify(.) by extension 'ignore_ament_install'
[0.396s] Level 1:colcon.colcon_core.package_identification:_identify(.) by extensions ['colcon_pkg']
[0.396s] Level 1:colcon.colcon_core.package_identification:_identify(.) by extension 'colcon_pkg'
[0.396s] Level 1:colcon.colcon_core.package_identification:_identify(.) by extensions ['colcon_meta']
[0.396s] Level 1:colcon.colcon_core.package_identification:_identify(.) by extension 'colcon_meta'
[0.396s] Level 1:colcon.colcon_core.package_identification:_identify(.) by extensions ['ros']
[0.396s] Level 1:colcon.colcon_core.package_identification:_identify(.) by extension 'ros'
[0.448s] Level 1:colcon.colcon_core.package_identification:_identify(.) by extensions ['cmake', 'python']
[0.449s] Level 1:colcon.colcon_core.package_identification:_identify(.) by extension 'cmake'
[0.449s] Level 1:colcon.colcon_core.package_identification:_identify(.) by extension 'python'
[0.449s] Level 1:colcon.colcon_core.package_identification:_identify(.) by extensions ['python_setup_py']
[0.449s] Level 1:colcon.colcon_core.package_identification:_identify(.) by extension 'python_setup_py'
[0.449s] Level 1:colcon.colcon_core.package_identification:_identify(build) by extensions ['ignore', 'ignore_ament_install']
[0.449s] Level 1:colcon.colcon_core.package_identification:_identify(build) by extension 'ignore'
[0.449s] Level 1:colcon.colcon_core.package_identification:_identify(build) ignored
[0.449s] Level 1:colcon.colcon_core.package_identification:_identify(install) by extensions ['ignore', 'ignore_ament_install']
[0.450s] Level 1:colcon.colcon_core.package_identification:_identify(install) by extension 'ignore'
[0.450s] Level 1:colcon.colcon_core.package_identification:_identify(install) ignored
[0.450s] Level 1:colcon.colcon_core.package_identification:_identify(log) by extensions ['ignore', 'ignore_ament_install']
[0.450s] Level 1:colcon.colcon_core.package_identification:_identify(log) by extension 'ignore'
[0.450s] Level 1:colcon.colcon_core.package_identification:_identify(log) ignored
[0.451s] Level 1:colcon.colcon_core.package_identification:_identify(src) by extensions ['ignore', 'ignore_ament_install']
[0.451s] Level 1:colcon.colcon_core.package_identification:_identify(src) by extension 'ignore'
[0.451s] Level 1:colcon.colcon_core.package_identification:_identify(src) by extension 'ignore_ament_install'
[0.451s] Level 1:colcon.colcon_core.package_identification:_identify(src) by extensions ['colcon_pkg']
[0.451s] Level 1:colcon.colcon_core.package_identification:_identify(src) by extension 'colcon_pkg'
[0.451s] Level 1:colcon.colcon_core.package_identification:_identify(src) by extensions ['colcon_meta']
[0.451s] Level 1:colcon.colcon_core.package_identification:_identify(src) by extension 'colcon_meta'
[0.451s] Level 1:colcon.colcon_core.package_identification:_identify(src) by extensions ['ros']
[0.451s] Level 1:colcon.colcon_core.package_identification:_identify(src) by extension 'ros'
[0.452s] Level 1:colcon.colcon_core.package_identification:_identify(src) by extensions ['cmake', 'python']
[0.452s] Level 1:colcon.colcon_core.package_identification:_identify(src) by extension 'cmake'
[0.452s] Level 1:colcon.colcon_core.package_identification:_identify(src) by extension 'python'
[0.452s] Level 1:colcon.colcon_core.package_identification:_identify(src) by extensions ['python_setup_py']
[0.452s] Level 1:colcon.colcon_core.package_identification:_identify(src) by extension 'python_setup_py'
[0.452s] Level 1:colcon.colcon_core.package_identification:_identify(src/ugv_bridge) by extensions ['ignore', 'ignore_ament_install']
[0.452s] Level 1:colcon.colcon_core.package_identification:_identify(src/ugv_bridge) by extension 'ignore'
[0.453s] Level 1:colcon.colcon_core.package_identification:_identify(src/ugv_bridge) by extension 'ignore_ament_install'
[0.453s] Level 1:colcon.colcon_core.package_identification:_identify(src/ugv_bridge) by extensions ['colcon_pkg']
[0.453s] Level 1:colcon.colcon_core.package_identification:_identify(src/ugv_bridge) by extension 'colcon_pkg'
[0.453s] Level 1:colcon.colcon_core.package_identification:_identify(src/ugv_bridge) by extensions ['colcon_meta']
[0.453s] Level 1:colcon.colcon_core.package_identification:_identify(src/ugv_bridge) by extension 'colcon_meta'
[0.453s] Level 1:colcon.colcon_core.package_identification:_identify(src/ugv_bridge) by extensions ['ros']
[0.453s] Level 1:colcon.colcon_core.package_identification:_identify(src/ugv_bridge) by extension 'ros'
[0.458s] DEBUG:colcon.colcon_core.package_identification:Package 'src/ugv_bridge' with type 'ros.ament_python' and name 'ugv_bridge'
[0.459s] Level 1:colcon.colcon_core.package_identification:_identify(src/ugv_core) by extensions ['ignore', 'ignore_ament_install']
[0.459s] Level 1:colcon.colcon_core.package_identification:_identify(src/ugv_core) by extension 'ignore'
[0.459s] Level 1:colcon.colcon_core.package_identification:_identify(src/ugv_core) by extension 'ignore_ament_install'
[0.459s] Level 1:colcon.colcon_core.package_identification:_identify(src/ugv_core) by extensions ['colcon_pkg']
[0.459s] Level 1:colcon.colcon_core.package_identification:_identify(src/ugv_core) by extension 'colcon_pkg'
[0.459s] Level 1:colcon.colcon_core.package_identification:_identify(src/ugv_core) by extensions ['colcon_meta']
[0.459s] Level 1:colcon.colcon_core.package_identification:_identify(src/ugv_core) by extension 'colcon_meta'
[0.460s] Level 1:colcon.colcon_core.package_identification:_identify(src/ugv_core) by extensions ['ros']
[0.460s] Level 1:colcon.colcon_core.package_identification:_identify(src/ugv_core) by extension 'ros'
[0.461s] DEBUG:colcon.colcon_core.package_identification:Package 'src/ugv_core' with type 'ros.ament_python' and name 'ugv_core'
[0.461s] Level 1:colcon.colcon_core.package_identification:_identify(src/ugv_gcs) by extensions ['ignore', 'ignore_ament_install']
[0.461s] Level 1:colcon.colcon_core.package_identification:_identify(src/ugv_gcs) by extension 'ignore'
[0.461s] Level 1:colcon.colcon_core.package_identification:_identify(src/ugv_gcs) by extension 'ignore_ament_install'
[0.461s] Level 1:colcon.colcon_core.package_identification:_identify(src/ugv_gcs) by extensions ['colcon_pkg']
[0.461s] Level 1:colcon.colcon_core.package_identification:_identify(src/ugv_gcs) by extension 'colcon_pkg'
[0.461s] Level 1:colcon.colcon_core.package_identification:_identify(src/ugv_gcs) by extensions ['colcon_meta']
[0.462s] Level 1:colcon.colcon_core.package_identification:_identify(src/ugv_gcs) by extension 'colcon_meta'
[0.462s] Level 1:colcon.colcon_core.package_identification:_identify(src/ugv_gcs) by extensions ['ros']
[0.462s] Level 1:colcon.colcon_core.package_identification:_identify(src/ugv_gcs) by extension 'ros'
[0.463s] DEBUG:colcon.colcon_core.package_identification:Package 'src/ugv_gcs' with type 'ros.ament_python' and name 'ugv_gcs'
[0.463s] Level 1:colcon.colcon_core.package_identification:_identify(src/ugv_msgs) by extensions ['ignore', 'ignore_ament_install']
[0.463s] Level 1:colcon.colcon_core.package_identification:_identify(src/ugv_msgs) by extension 'ignore'
[0.463s] Level 1:colcon.colcon_core.package_identification:_identify(src/ugv_msgs) ignored
[0.463s] Level 1:colcon.colcon_core.package_identification:_identify(src/ugv_policy) by extensions ['ignore', 'ignore_ament_install']
[0.463s] Level 1:colcon.colcon_core.package_identification:_identify(src/ugv_policy) by extension 'ignore'
[0.463s] Level 1:colcon.colcon_core.package_identification:_identify(src/ugv_policy) by extension 'ignore_ament_install'
[0.463s] Level 1:colcon.colcon_core.package_identification:_identify(src/ugv_policy) by extensions ['colcon_pkg']
[0.464s] Level 1:colcon.colcon_core.package_identification:_identify(src/ugv_policy) by extension 'colcon_pkg'
[0.464s] Level 1:colcon.colcon_core.package_identification:_identify(src/ugv_policy) by extensions ['colcon_meta']
[0.464s] Level 1:colcon.colcon_core.package_identification:_identify(src/ugv_policy) by extension 'colcon_meta'
[0.464s] Level 1:colcon.colcon_core.package_identification:_identify(src/ugv_policy) by extensions ['ros']
[0.464s] Level 1:colcon.colcon_core.package_identification:_identify(src/ugv_policy) by extension 'ros'
[0.465s] DEBUG:colcon.colcon_core.package_identification:Package 'src/ugv_policy' with type 'ros.ament_python' and name 'ugv_policy'
[0.465s] Level 1:colcon.colcon_core.package_identification:_identify(src/ugv_sim) by extensions ['ignore', 'ignore_ament_install']
[0.465s] Level 1:colcon.colcon_core.package_identification:_identify(src/ugv_sim) by extension 'ignore'
[0.465s] Level 1:colcon.colcon_core.package_identification:_identify(src/ugv_sim) by extension 'ignore_ament_install'
[0.466s] Level 1:colcon.colcon_core.package_identification:_identify(src/ugv_sim) by extensions ['colcon_pkg']
[0.466s] Level 1:colcon.colcon_core.package_identification:_identify(src/ugv_sim) by extension 'colcon_pkg'
[0.466s] Level 1:colcon.colcon_core.package_identification:_identify(src/ugv_sim) by extensions ['colcon_meta']
[0.466s] Level 1:colcon.colcon_core.package_identification:_identify(src/ugv_sim) by extension 'colcon_meta'
[0.466s] Level 1:colcon.colcon_core.package_identification:_identify(src/ugv_sim) by extensions ['ros']
[0.466s] Level 1:colcon.colcon_core.package_identification:_identify(src/ugv_sim) by extension 'ros'
[0.467s] DEBUG:colcon.colcon_core.package_identification:Package 'src/ugv_sim' with type 'ros.ament_python' and name 'ugv_sim'
[0.467s] Level 1:colcon.colcon_core.package_discovery:discover_packages(recursive) using defaults
[0.467s] Level 1:colcon.colcon_core.package_discovery:discover_packages(ignore) discover
[0.467s] Level 1:colcon.colcon_core.package_discovery:discover_packages(ignore) using defaults
[0.467s] Level 1:colcon.colcon_core.package_discovery:discover_packages(path) discover
[0.467s] Level 1:colcon.colcon_core.package_discovery:discover_packages(path) using defaults
[0.508s] Level 1:colcon.colcon_core.package_discovery:discover_packages(prefix_path) check parameters
[0.509s] Level 1:colcon.colcon_core.package_discovery:discover_packages(prefix_path) discover
[0.512s] DEBUG:colcon.colcon_installed_package_information.package_discovery:Found 291 installed packages in /opt/ros/jazzy
[0.513s] Level 1:colcon.colcon_core.package_discovery:discover_packages(prefix_path) using defaults
[0.584s] Level 5:colcon.colcon_core.verb:set package 'ugv_bridge' build argument 'cmake_args' from command line to 'None'
[0.585s] Level 5:colcon.colcon_core.verb:set package 'ugv_bridge' build argument 'cmake_target' from command line to 'None'
[0.585s] Level 5:colcon.colcon_core.verb:set package 'ugv_bridge' build argument 'cmake_target_skip_unavailable' from command line to 'False'
[0.585s] Level 5:colcon.colcon_core.verb:set package 'ugv_bridge' build argument 'cmake_clean_cache' from command line to 'False'
[0.585s] Level 5:colcon.colcon_core.verb:set package 'ugv_bridge' build argument 'cmake_clean_first' from command line to 'False'
[0.585s] Level 5:colcon.colcon_core.verb:set package 'ugv_bridge' build argument 'cmake_force_configure' from command line to 'False'
[0.585s] Level 5:colcon.colcon_core.verb:set package 'ugv_bridge' build argument 'ament_cmake_args' from command line to 'None'
[0.585s] Level 5:colcon.colcon_core.verb:set package 'ugv_bridge' build argument 'catkin_cmake_args' from command line to 'None'
[0.585s] Level 5:colcon.colcon_core.verb:set package 'ugv_bridge' build argument 'catkin_skip_building_tests' from command line to 'False'
[0.585s] DEBUG:colcon.colcon_core.verb:Building package 'ugv_bridge' with the following arguments: {'ament_cmake_args': None, 'build_base': '/home/dannydevss/Escritorio/TESIS/build/ugv_bridge', 'catkin_cmake_args': None, 'catkin_skip_building_tests': False, 'cmake_args': None, 'cmake_clean_cache': False, 'cmake_clean_first': False, 'cmake_force_configure': False, 'cmake_target': None, 'cmake_target_skip_unavailable': False, 'install_base': '/home/dannydevss/Escritorio/TESIS/install/ugv_bridge', 'merge_install': False, 'path': '/home/dannydevss/Escritorio/TESIS/src/ugv_bridge', 'symlink_install': False, 'test_result_base': None}
[0.585s] Level 5:colcon.colcon_core.verb:set package 'ugv_core' build argument 'cmake_args' from command line to 'None'
[0.585s] Level 5:colcon.colcon_core.verb:set package 'ugv_core' build argument 'cmake_target' from command line to 'None'
[0.586s] Level 5:colcon.colcon_core.verb:set package 'ugv_core' build argument 'cmake_target_skip_unavailable' from command line to 'False'
[0.586s] Level 5:colcon.colcon_core.verb:set package 'ugv_core' build argument 'cmake_clean_cache' from command line to 'False'
[0.586s] Level 5:colcon.colcon_core.verb:set package 'ugv_core' build argument 'cmake_clean_first' from command line to 'False'
[0.586s] Level 5:colcon.colcon_core.verb:set package 'ugv_core' build argument 'cmake_force_configure' from command line to 'False'
[0.586s] Level 5:colcon.colcon_core.verb:set package 'ugv_core' build argument 'ament_cmake_args' from command line to 'None'
[0.586s] Level 5:colcon.colcon_core.verb:set package 'ugv_core' build argument 'catkin_cmake_args' from command line to 'None'
[0.586s] Level 5:colcon.colcon_core.verb:set package 'ugv_core' build argument 'catkin_skip_building_tests' from command line to 'False'
[0.586s] DEBUG:colcon.colcon_core.verb:Building package 'ugv_core' with the following arguments: {'ament_cmake_args': None, 'build_base': '/home/dannydevss/Escritorio/TESIS/build/ugv_core', 'catkin_cmake_args': None, 'catkin_skip_building_tests': False, 'cmake_args': None, 'cmake_clean_cache': False, 'cmake_clean_first': False, 'cmake_force_configure': False, 'cmake_target': None, 'cmake_target_skip_unavailable': False, 'install_base': '/home/dannydevss/Escritorio/TESIS/install/ugv_core', 'merge_install': False, 'path': '/home/dannydevss/Escritorio/TESIS/src/ugv_core', 'symlink_install': False, 'test_result_base': None}
[0.586s] Level 5:colcon.colcon_core.verb:set package 'ugv_gcs' build argument 'cmake_args' from command line to 'None'
[0.586s] Level 5:colcon.colcon_core.verb:set package 'ugv_gcs' build argument 'cmake_target' from command line to 'None'
[0.586s] Level 5:colcon.colcon_core.verb:set package 'ugv_gcs' build argument 'cmake_target_skip_unavailable' from command line to 'False'
[0.586s] Level 5:colcon.colcon_core.verb:set package 'ugv_gcs' build argument 'cmake_clean_cache' from command line to 'False'
[0.586s] Level 5:colcon.colcon_core.verb:set package 'ugv_gcs' build argument 'cmake_clean_first' from command line to 'False'
[0.586s] Level 5:colcon.colcon_core.verb:set package 'ugv_gcs' build argument 'cmake_force_configure' from command line to 'False'
[0.586s] Level 5:colcon.colcon_core.verb:set package 'ugv_gcs' build argument 'ament_cmake_args' from command line to 'None'
[0.587s] Level 5:colcon.colcon_core.verb:set package 'ugv_gcs' build argument 'catkin_cmake_args' from command line to 'None'
[0.587s] Level 5:colcon.colcon_core.verb:set package 'ugv_gcs' build argument 'catkin_skip_building_tests' from command line to 'False'
[0.587s] DEBUG:colcon.colcon_core.verb:Building package 'ugv_gcs' with the following arguments: {'ament_cmake_args': None, 'build_base': '/home/dannydevss/Escritorio/TESIS/build/ugv_gcs', 'catkin_cmake_args': None, 'catkin_skip_building_tests': False, 'cmake_args': None, 'cmake_clean_cache': False, 'cmake_clean_first': False, 'cmake_force_configure': False, 'cmake_target': None, 'cmake_target_skip_unavailable': False, 'install_base': '/home/dannydevss/Escritorio/TESIS/install/ugv_gcs', 'merge_install': False, 'path': '/home/dannydevss/Escritorio/TESIS/src/ugv_gcs', 'symlink_install': False, 'test_result_base': None}
[0.587s] Level 5:colcon.colcon_core.verb:set package 'ugv_policy' build argument 'cmake_args' from command line to 'None'
[0.587s] Level 5:colcon.colcon_core.verb:set package 'ugv_policy' build argument 'cmake_target' from command line to 'None'
[0.587s] Level 5:colcon.colcon_core.verb:set package 'ugv_policy' build argument 'cmake_target_skip_unavailable' from command line to 'False'
[0.587s] Level 5:colcon.colcon_core.verb:set package 'ugv_policy' build argument 'cmake_clean_cache' from command line to 'False'
[0.587s] Level 5:colcon.colcon_core.verb:set package 'ugv_policy' build argument 'cmake_clean_first' from command line to 'False'
[0.587s] Level 5:colcon.colcon_core.verb:set package 'ugv_policy' build argument 'cmake_force_configure' from command line to 'False'
[0.587s] Level 5:colcon.colcon_core.verb:set package 'ugv_policy' build argument 'ament_cmake_args' from command line to 'None'
[0.587s] Level 5:colcon.colcon_core.verb:set package 'ugv_policy' build argument 'catkin_cmake_args' from command line to 'None'
[0.587s] Level 5:colcon.colcon_core.verb:set package 'ugv_policy' build argument 'catkin_skip_building_tests' from command line to 'False'
[0.587s] DEBUG:colcon.colcon_core.verb:Building package 'ugv_policy' with the following arguments: {'ament_cmake_args': None, 'build_base': '/home/dannydevss/Escritorio/TESIS/build/ugv_policy', 'catkin_cmake_args': None, 'catkin_skip_building_tests': False, 'cmake_args': None, 'cmake_clean_cache': False, 'cmake_clean_first': False, 'cmake_force_configure': False, 'cmake_target': None, 'cmake_target_skip_unavailable': False, 'install_base': '/home/dannydevss/Escritorio/TESIS/install/ugv_policy', 'merge_install': False, 'path': '/home/dannydevss/Escritorio/TESIS/src/ugv_policy', 'symlink_install': False, 'test_result_base': None}
[0.588s] Level 5:colcon.colcon_core.verb:set package 'ugv_sim' build argument 'cmake_args' from command line to 'None'
[0.588s] Level 5:colcon.colcon_core.verb:set package 'ugv_sim' build argument 'cmake_target' from command line to 'None'
[0.588s] Level 5:colcon.colcon_core.verb:set package 'ugv_sim' build argument 'cmake_target_skip_unavailable' from command line to 'False'
[0.588s] Level 5:colcon.colcon_core.verb:set package 'ugv_sim' build argument 'cmake_clean_cache' from command line to 'False'
[0.588s] Level 5:colcon.colcon_core.verb:set package 'ugv_sim' build argument 'cmake_clean_first' from command line to 'False'
[0.589s] Level 5:colcon.colcon_core.verb:set package 'ugv_sim' build argument 'cmake_force_configure' from command line to 'False'
[0.589s] Level 5:colcon.colcon_core.verb:set package 'ugv_sim' build argument 'ament_cmake_args' from command line to 'None'
[0.589s] Level 5:colcon.colcon_core.verb:set package 'ugv_sim' build argument 'catkin_cmake_args' from command line to 'None'
[0.589s] Level 5:colcon.colcon_core.verb:set package 'ugv_sim' build argument 'catkin_skip_building_tests' from command line to 'False'
[0.589s] DEBUG:colcon.colcon_core.verb:Building package 'ugv_sim' with the following arguments: {'ament_cmake_args': None, 'build_base': '/home/dannydevss/Escritorio/TESIS/build/ugv_sim', 'catkin_cmake_args': None, 'catkin_skip_building_tests': False, 'cmake_args': None, 'cmake_clean_cache': False, 'cmake_clean_first': False, 'cmake_force_configure': False, 'cmake_target': None, 'cmake_target_skip_unavailable': False, 'install_base': '/home/dannydevss/Escritorio/TESIS/install/ugv_sim', 'merge_install': False, 'path': '/home/dannydevss/Escritorio/TESIS/src/ugv_sim', 'symlink_install': False, 'test_result_base': None}
[0.589s] INFO:colcon.colcon_core.executor:Executing jobs using 'parallel' executor
[0.590s] DEBUG:colcon.colcon_parallel_executor.executor.parallel:run_until_complete
[0.590s] INFO:colcon.colcon_ros.task.ament_python.build:Building ROS package in '/home/dannydevss/Escritorio/TESIS/src/ugv_core' with build type 'ament_python'
[0.591s] Level 1:colcon.colcon_core.shell:create_environment_hook('ugv_core', 'ament_prefix_path')
[0.595s] INFO:colcon.colcon_core.plugin_system:Skipping extension 'colcon_core.shell.bat': Not used on non-Windows systems
[0.595s] INFO:colcon.colcon_core.shell:Creating environment hook '/home/dannydevss/Escritorio/TESIS/install/ugv_core/share/ugv_core/hook/ament_prefix_path.ps1'
[0.597s] INFO:colcon.colcon_core.shell:Creating environment descriptor '/home/dannydevss/Escritorio/TESIS/install/ugv_core/share/ugv_core/hook/ament_prefix_path.dsv'
[0.597s] INFO:colcon.colcon_core.shell:Creating environment hook '/home/dannydevss/Escritorio/TESIS/install/ugv_core/share/ugv_core/hook/ament_prefix_path.sh'
[0.598s] INFO:colcon.colcon_core.shell:Skip shell extension 'powershell' for command environment: Not usable outside of PowerShell
[0.598s] DEBUG:colcon.colcon_core.shell:Skip shell extension 'dsv' for command environment
[0.604s] INFO:colcon.colcon_ros.task.ament_python.build:Building ROS package in '/home/dannydevss/Escritorio/TESIS/src/ugv_bridge' with build type 'ament_python'
[0.604s] Level 1:colcon.colcon_core.shell:create_environment_hook('ugv_bridge', 'ament_prefix_path')
[0.605s] INFO:colcon.colcon_core.shell:Creating environment hook '/home/dannydevss/Escritorio/TESIS/install/ugv_bridge/share/ugv_bridge/hook/ament_prefix_path.ps1'
[0.606s] INFO:colcon.colcon_core.shell:Creating environment descriptor '/home/dannydevss/Escritorio/TESIS/install/ugv_bridge/share/ugv_bridge/hook/ament_prefix_path.dsv'
[0.607s] INFO:colcon.colcon_core.shell:Creating environment hook '/home/dannydevss/Escritorio/TESIS/install/ugv_bridge/share/ugv_bridge/hook/ament_prefix_path.sh'
[0.609s] INFO:colcon.colcon_core.shell:Skip shell extension 'powershell' for command environment: Not usable outside of PowerShell
[0.609s] DEBUG:colcon.colcon_core.shell:Skip shell extension 'dsv' for command environment
[0.615s] INFO:colcon.colcon_ros.task.ament_python.build:Building ROS package in '/home/dannydevss/Escritorio/TESIS/src/ugv_gcs' with build type 'ament_python'
[0.615s] Level 1:colcon.colcon_core.shell:create_environment_hook('ugv_gcs', 'ament_prefix_path')
[0.616s] INFO:colcon.colcon_core.shell:Creating environment hook '/home/dannydevss/Escritorio/TESIS/install/ugv_gcs/share/ugv_gcs/hook/ament_prefix_path.ps1'
[0.617s] INFO:colcon.colcon_core.shell:Creating environment descriptor '/home/dannydevss/Escritorio/TESIS/install/ugv_gcs/share/ugv_gcs/hook/ament_prefix_path.dsv'
[0.618s] INFO:colcon.colcon_core.shell:Creating environment hook '/home/dannydevss/Escritorio/TESIS/install/ugv_gcs/share/ugv_gcs/hook/ament_prefix_path.sh'
[0.620s] INFO:colcon.colcon_core.shell:Skip shell extension 'powershell' for command environment: Not usable outside of PowerShell
[0.620s] DEBUG:colcon.colcon_core.shell:Skip shell extension 'dsv' for command environment
[1.046s] INFO:colcon.colcon_core.task.python.build:Building Python package in '/home/dannydevss/Escritorio/TESIS/src/ugv_core'
[1.046s] INFO:colcon.colcon_core.shell:Skip shell extension 'powershell' for command environment: Not usable outside of PowerShell
[1.046s] DEBUG:colcon.colcon_core.shell:Skip shell extension 'dsv' for command environment
[1.414s] INFO:colcon.colcon_core.task.python.build:Building Python package in '/home/dannydevss/Escritorio/TESIS/src/ugv_bridge'
[1.414s] INFO:colcon.colcon_core.shell:Skip shell extension 'powershell' for command environment: Not usable outside of PowerShell
[1.414s] DEBUG:colcon.colcon_core.shell:Skip shell extension 'dsv' for command environment
[1.732s] INFO:colcon.colcon_core.task.python.build:Building Python package in '/home/dannydevss/Escritorio/TESIS/src/ugv_gcs'
[1.733s] INFO:colcon.colcon_core.shell:Skip shell extension 'powershell' for command environment: Not usable outside of PowerShell
[1.733s] DEBUG:colcon.colcon_core.shell:Skip shell extension 'dsv' for command environment
[2.879s] DEBUG:colcon.colcon_core.task.python.build:Available setuptools commands: build_py, build_clib, bdist_rpm, easy_install, install_lib, clean, editable_wheel, install_egg_info, install_scripts, check, upload, symlink_data, build_ext, sdist, bdist_egg, test, dist_info, build, egg_info, bdist, rotate, saveopts, install, develop, upload_docs, register, alias, setopt, install_data, build_scripts, bdist_dumb, install_headers
[2.884s] DEBUG:colcon.colcon_core.event_handler.log_command:Invoking command in '/home/dannydevss/Escritorio/TESIS/src/ugv_core': DEBUGINFOD_URLS=https://debuginfod.archlinux.org https://debuginfod.cachyos.org PYTHONPATH=/home/dannydevss/Escritorio/TESIS/build/ugv_core/prefix_override:/usr/lib/python3/dist-packages/colcon_core/task/python/colcon_distutils_commands:/home/dannydevss/Escritorio/TESIS/install/ugv_core/lib/python3.12/site-packages:${PYTHONPATH} /usr/bin/python3 -W ignore:setup.py install is deprecated -W ignore:easy_install command is deprecated setup.py egg_info --egg-base ../../build/ugv_core build --build-base /home/dannydevss/Escritorio/TESIS/build/ugv_core/build install --record /home/dannydevss/Escritorio/TESIS/build/ugv_core/install.log --install-scripts $base/lib/ugv_core --single-version-externally-managed install_data
[3.133s] DEBUG:colcon.colcon_core.task.python.build:Available setuptools commands: build_py, build_clib, bdist_rpm, easy_install, install_lib, clean, editable_wheel, install_egg_info, install_scripts, check, upload, symlink_data, build_ext, sdist, bdist_egg, test, dist_info, build, egg_info, bdist, rotate, saveopts, install, develop, upload_docs, register, alias, setopt, install_data, build_scripts, bdist_dumb, install_headers
[3.138s] DEBUG:colcon.colcon_core.event_handler.log_command:Invoking command in '/home/dannydevss/Escritorio/TESIS/src/ugv_bridge': DEBUGINFOD_URLS=https://debuginfod.archlinux.org https://debuginfod.cachyos.org PYTHONPATH=/home/dannydevss/Escritorio/TESIS/build/ugv_bridge/prefix_override:/usr/lib/python3/dist-packages/colcon_core/task/python/colcon_distutils_commands:/home/dannydevss/Escritorio/TESIS/install/ugv_bridge/lib/python3.12/site-packages:${PYTHONPATH} /usr/bin/python3 -W ignore:setup.py install is deprecated -W ignore:easy_install command is deprecated setup.py egg_info --egg-base ../../build/ugv_bridge build --build-base /home/dannydevss/Escritorio/TESIS/build/ugv_bridge/build install --record /home/dannydevss/Escritorio/TESIS/build/ugv_bridge/install.log --install-scripts $base/lib/ugv_bridge --single-version-externally-managed install_data
[3.159s] DEBUG:colcon.colcon_core.task.python.build:Available setuptools commands: build_py, build_clib, bdist_rpm, easy_install, install_lib, clean, editable_wheel, install_egg_info, install_scripts, check, upload, symlink_data, build_ext, sdist, bdist_egg, test, dist_info, build, egg_info, bdist, rotate, saveopts, install, develop, upload_docs, register, alias, setopt, install_data, build_scripts, bdist_dumb, install_headers
[3.165s] DEBUG:colcon.colcon_core.event_handler.log_command:Invoking command in '/home/dannydevss/Escritorio/TESIS/src/ugv_gcs': DEBUGINFOD_URLS=https://debuginfod.archlinux.org https://debuginfod.cachyos.org PYTHONPATH=/home/dannydevss/Escritorio/TESIS/build/ugv_gcs/prefix_override:/usr/lib/python3/dist-packages/colcon_core/task/python/colcon_distutils_commands:/home/dannydevss/Escritorio/TESIS/install/ugv_gcs/lib/python3.12/site-packages:${PYTHONPATH} /usr/bin/python3 -W ignore:setup.py install is deprecated -W ignore:easy_install command is deprecated setup.py egg_info --egg-base ../../build/ugv_gcs build --build-base /home/dannydevss/Escritorio/TESIS/build/ugv_gcs/build install --record /home/dannydevss/Escritorio/TESIS/build/ugv_gcs/install.log --install-scripts $base/lib/ugv_gcs --single-version-externally-managed install_data
[4.033s] DEBUG:colcon.colcon_core.event_handler.log_command:Invoked command in '/home/dannydevss/Escritorio/TESIS/src/ugv_core' returned '0': DEBUGINFOD_URLS=https://debuginfod.archlinux.org https://debuginfod.cachyos.org PYTHONPATH=/home/dannydevss/Escritorio/TESIS/build/ugv_core/prefix_override:/usr/lib/python3/dist-packages/colcon_core/task/python/colcon_distutils_commands:/home/dannydevss/Escritorio/TESIS/install/ugv_core/lib/python3.12/site-packages:${PYTHONPATH} /usr/bin/python3 -W ignore:setup.py install is deprecated -W ignore:easy_install command is deprecated setup.py egg_info --egg-base ../../build/ugv_core build --build-base /home/dannydevss/Escritorio/TESIS/build/ugv_core/build install --record /home/dannydevss/Escritorio/TESIS/build/ugv_core/install.log --install-scripts $base/lib/ugv_core --single-version-externally-managed install_data
[4.038s] Level 1:colcon.colcon_core.environment:checking '/home/dannydevss/Escritorio/TESIS/install/ugv_core' for CMake module files
[4.040s] Level 1:colcon.colcon_core.environment:checking '/home/dannydevss/Escritorio/TESIS/install/ugv_core' for CMake config files
[4.040s] Level 1:colcon.colcon_core.environment:checking '/home/dannydevss/Escritorio/TESIS/install/ugv_core/lib'
[4.041s] Level 1:colcon.colcon_core.environment:checking '/home/dannydevss/Escritorio/TESIS/install/ugv_core/bin'
[4.041s] Level 1:colcon.colcon_core.environment:checking '/home/dannydevss/Escritorio/TESIS/install/ugv_core/lib/pkgconfig/ugv_core.pc'
[4.043s] Level 1:colcon.colcon_core.environment:checking '/home/dannydevss/Escritorio/TESIS/install/ugv_core/lib/python3.12/site-packages'
[4.043s] Level 1:colcon.colcon_core.shell:create_environment_hook('ugv_core', 'pythonpath')
[4.043s] INFO:colcon.colcon_core.shell:Creating environment hook '/home/dannydevss/Escritorio/TESIS/install/ugv_core/share/ugv_core/hook/pythonpath.ps1'
[4.044s] INFO:colcon.colcon_core.shell:Creating environment descriptor '/home/dannydevss/Escritorio/TESIS/install/ugv_core/share/ugv_core/hook/pythonpath.dsv'
[4.045s] INFO:colcon.colcon_core.shell:Creating environment hook '/home/dannydevss/Escritorio/TESIS/install/ugv_core/share/ugv_core/hook/pythonpath.sh'
[4.046s] Level 1:colcon.colcon_core.environment:checking '/home/dannydevss/Escritorio/TESIS/install/ugv_core/bin'
[4.046s] Level 1:colcon.colcon_core.environment:create_environment_scripts_only(ugv_core)
[4.046s] INFO:colcon.colcon_core.shell:Creating package script '/home/dannydevss/Escritorio/TESIS/install/ugv_core/share/ugv_core/package.ps1'
[4.048s] INFO:colcon.colcon_core.shell:Creating package descriptor '/home/dannydevss/Escritorio/TESIS/install/ugv_core/share/ugv_core/package.dsv'
[4.049s] INFO:colcon.colcon_core.shell:Creating package script '/home/dannydevss/Escritorio/TESIS/install/ugv_core/share/ugv_core/package.sh'
[4.050s] INFO:colcon.colcon_core.shell:Creating package script '/home/dannydevss/Escritorio/TESIS/install/ugv_core/share/ugv_core/package.bash'
[4.052s] INFO:colcon.colcon_core.shell:Creating package script '/home/dannydevss/Escritorio/TESIS/install/ugv_core/share/ugv_core/package.zsh'
[4.053s] Level 1:colcon.colcon_core.environment:create_file_with_runtime_dependencies(/home/dannydevss/Escritorio/TESIS/install/ugv_core/share/colcon-core/packages/ugv_core)
[4.053s] INFO:colcon.colcon_ros.task.ament_python.build:Building ROS package in '/home/dannydevss/Escritorio/TESIS/src/ugv_policy' with build type 'ament_python'
[4.054s] Level 1:colcon.colcon_core.shell:create_environment_hook('ugv_policy', 'ament_prefix_path')
[4.054s] INFO:colcon.colcon_core.shell:Creating environment hook '/home/dannydevss/Escritorio/TESIS/install/ugv_policy/share/ugv_policy/hook/ament_prefix_path.ps1'
[4.056s] INFO:colcon.colcon_core.shell:Creating environment descriptor '/home/dannydevss/Escritorio/TESIS/install/ugv_policy/share/ugv_policy/hook/ament_prefix_path.dsv'
[4.056s] INFO:colcon.colcon_core.shell:Creating environment hook '/home/dannydevss/Escritorio/TESIS/install/ugv_policy/share/ugv_policy/hook/ament_prefix_path.sh'
[4.057s] INFO:colcon.colcon_core.shell:Skip shell extension 'powershell' for command environment: Not usable outside of PowerShell
[4.057s] DEBUG:colcon.colcon_core.shell:Skip shell extension 'dsv' for command environment
[4.063s] INFO:colcon.colcon_ros.task.ament_python.build:Building ROS package in '/home/dannydevss/Escritorio/TESIS/src/ugv_sim' with build type 'ament_python'
[4.064s] Level 1:colcon.colcon_core.shell:create_environment_hook('ugv_sim', 'ament_prefix_path')
[4.064s] INFO:colcon.colcon_core.shell:Creating environment hook '/home/dannydevss/Escritorio/TESIS/install/ugv_sim/share/ugv_sim/hook/ament_prefix_path.ps1'
[4.066s] INFO:colcon.colcon_core.shell:Creating environment descriptor '/home/dannydevss/Escritorio/TESIS/install/ugv_sim/share/ugv_sim/hook/ament_prefix_path.dsv'
[4.067s] INFO:colcon.colcon_core.shell:Creating environment hook '/home/dannydevss/Escritorio/TESIS/install/ugv_sim/share/ugv_sim/hook/ament_prefix_path.sh'
[4.068s] INFO:colcon.colcon_core.shell:Skip shell extension 'powershell' for command environment: Not usable outside of PowerShell
[4.068s] DEBUG:colcon.colcon_core.shell:Skip shell extension 'dsv' for command environment
[4.674s] INFO:colcon.colcon_core.task.python.build:Building Python package in '/home/dannydevss/Escritorio/TESIS/src/ugv_policy'
[4.675s] INFO:colcon.colcon_core.shell:Skip shell extension 'powershell' for command environment: Not usable outside of PowerShell
[4.675s] DEBUG:colcon.colcon_core.shell:Skip shell extension 'dsv' for command environment
[4.980s] INFO:colcon.colcon_core.task.python.build:Building Python package in '/home/dannydevss/Escritorio/TESIS/src/ugv_sim'
[4.981s] INFO:colcon.colcon_core.shell:Skip shell extension 'powershell' for command environment: Not usable outside of PowerShell
[4.981s] DEBUG:colcon.colcon_core.shell:Skip shell extension 'dsv' for command environment
[4.985s] Level 1:colcon.colcon_core.environment:checking '/home/dannydevss/Escritorio/TESIS/install/ugv_bridge' for CMake module files
[4.986s] DEBUG:colcon.colcon_core.event_handler.log_command:Invoked command in '/home/dannydevss/Escritorio/TESIS/src/ugv_bridge' returned '0': DEBUGINFOD_URLS=https://debuginfod.archlinux.org https://debuginfod.cachyos.org PYTHONPATH=/home/dannydevss/Escritorio/TESIS/build/ugv_bridge/prefix_override:/usr/lib/python3/dist-packages/colcon_core/task/python/colcon_distutils_commands:/home/dannydevss/Escritorio/TESIS/install/ugv_bridge/lib/python3.12/site-packages:${PYTHONPATH} /usr/bin/python3 -W ignore:setup.py install is deprecated -W ignore:easy_install command is deprecated setup.py egg_info --egg-base ../../build/ugv_bridge build --build-base /home/dannydevss/Escritorio/TESIS/build/ugv_bridge/build install --record /home/dannydevss/Escritorio/TESIS/build/ugv_bridge/install.log --install-scripts $base/lib/ugv_bridge --single-version-externally-managed install_data
[4.987s] Level 1:colcon.colcon_core.environment:checking '/home/dannydevss/Escritorio/TESIS/install/ugv_bridge' for CMake config files
[4.988s] Level 1:colcon.colcon_core.environment:checking '/home/dannydevss/Escritorio/TESIS/install/ugv_bridge/lib'
[4.988s] Level 1:colcon.colcon_core.environment:checking '/home/dannydevss/Escritorio/TESIS/install/ugv_bridge/bin'
[4.989s] Level 1:colcon.colcon_core.environment:checking '/home/dannydevss/Escritorio/TESIS/install/ugv_bridge/lib/pkgconfig/ugv_bridge.pc'
[4.989s] Level 1:colcon.colcon_core.environment:checking '/home/dannydevss/Escritorio/TESIS/install/ugv_bridge/lib/python3.12/site-packages'
[4.989s] Level 1:colcon.colcon_core.shell:create_environment_hook('ugv_bridge', 'pythonpath')
[4.989s] INFO:colcon.colcon_core.shell:Creating environment hook '/home/dannydevss/Escritorio/TESIS/install/ugv_bridge/share/ugv_bridge/hook/pythonpath.ps1'
[4.990s] INFO:colcon.colcon_core.shell:Creating environment descriptor '/home/dannydevss/Escritorio/TESIS/install/ugv_bridge/share/ugv_bridge/hook/pythonpath.dsv'
[4.991s] INFO:colcon.colcon_core.shell:Creating environment hook '/home/dannydevss/Escritorio/TESIS/install/ugv_bridge/share/ugv_bridge/hook/pythonpath.sh'
[4.992s] Level 1:colcon.colcon_core.environment:checking '/home/dannydevss/Escritorio/TESIS/install/ugv_bridge/bin'
[4.992s] Level 1:colcon.colcon_core.environment:create_environment_scripts_only(ugv_bridge)
[4.993s] INFO:colcon.colcon_core.shell:Creating package script '/home/dannydevss/Escritorio/TESIS/install/ugv_bridge/share/ugv_bridge/package.ps1'
[4.994s] INFO:colcon.colcon_core.shell:Creating package descriptor '/home/dannydevss/Escritorio/TESIS/install/ugv_bridge/share/ugv_bridge/package.dsv'
[4.994s] INFO:colcon.colcon_core.shell:Creating package script '/home/dannydevss/Escritorio/TESIS/install/ugv_bridge/share/ugv_bridge/package.sh'
[4.995s] INFO:colcon.colcon_core.shell:Creating package script '/home/dannydevss/Escritorio/TESIS/install/ugv_bridge/share/ugv_bridge/package.bash'
[4.996s] INFO:colcon.colcon_core.shell:Creating package script '/home/dannydevss/Escritorio/TESIS/install/ugv_bridge/share/ugv_bridge/package.zsh'
[4.996s] Level 1:colcon.colcon_core.environment:create_file_with_runtime_dependencies(/home/dannydevss/Escritorio/TESIS/install/ugv_bridge/share/colcon-core/packages/ugv_bridge)
[4.997s] Level 1:colcon.colcon_core.environment:checking '/home/dannydevss/Escritorio/TESIS/install/ugv_gcs' for CMake module files
[4.998s] DEBUG:colcon.colcon_core.event_handler.log_command:Invoked command in '/home/dannydevss/Escritorio/TESIS/src/ugv_gcs' returned '0': DEBUGINFOD_URLS=https://debuginfod.archlinux.org https://debuginfod.cachyos.org PYTHONPATH=/home/dannydevss/Escritorio/TESIS/build/ugv_gcs/prefix_override:/usr/lib/python3/dist-packages/colcon_core/task/python/colcon_distutils_commands:/home/dannydevss/Escritorio/TESIS/install/ugv_gcs/lib/python3.12/site-packages:${PYTHONPATH} /usr/bin/python3 -W ignore:setup.py install is deprecated -W ignore:easy_install command is deprecated setup.py egg_info --egg-base ../../build/ugv_gcs build --build-base /home/dannydevss/Escritorio/TESIS/build/ugv_gcs/build install --record /home/dannydevss/Escritorio/TESIS/build/ugv_gcs/install.log --install-scripts $base/lib/ugv_gcs --single-version-externally-managed install_data
[4.999s] Level 1:colcon.colcon_core.environment:checking '/home/dannydevss/Escritorio/TESIS/install/ugv_gcs' for CMake config files
[5.000s] Level 1:colcon.colcon_core.environment:checking '/home/dannydevss/Escritorio/TESIS/install/ugv_gcs/lib'
[5.000s] Level 1:colcon.colcon_core.environment:checking '/home/dannydevss/Escritorio/TESIS/install/ugv_gcs/bin'
[5.000s] Level 1:colcon.colcon_core.environment:checking '/home/dannydevss/Escritorio/TESIS/install/ugv_gcs/lib/pkgconfig/ugv_gcs.pc'
[5.000s] Level 1:colcon.colcon_core.environment:checking '/home/dannydevss/Escritorio/TESIS/install/ugv_gcs/lib/python3.12/site-packages'
[5.000s] Level 1:colcon.colcon_core.shell:create_environment_hook('ugv_gcs', 'pythonpath')
[5.001s] INFO:colcon.colcon_core.shell:Creating environment hook '/home/dannydevss/Escritorio/TESIS/install/ugv_gcs/share/ugv_gcs/hook/pythonpath.ps1'
[5.001s] INFO:colcon.colcon_core.shell:Creating environment descriptor '/home/dannydevss/Escritorio/TESIS/install/ugv_gcs/share/ugv_gcs/hook/pythonpath.dsv'
[5.002s] INFO:colcon.colcon_core.shell:Creating environment hook '/home/dannydevss/Escritorio/TESIS/install/ugv_gcs/share/ugv_gcs/hook/pythonpath.sh'
[5.003s] Level 1:colcon.colcon_core.environment:checking '/home/dannydevss/Escritorio/TESIS/install/ugv_gcs/bin'
[5.003s] Level 1:colcon.colcon_core.environment:create_environment_scripts_only(ugv_gcs)
[5.003s] INFO:colcon.colcon_core.shell:Creating package script '/home/dannydevss/Escritorio/TESIS/install/ugv_gcs/share/ugv_gcs/package.ps1'
[5.004s] INFO:colcon.colcon_core.shell:Creating package descriptor '/home/dannydevss/Escritorio/TESIS/install/ugv_gcs/share/ugv_gcs/package.dsv'
[5.005s] INFO:colcon.colcon_core.shell:Creating package script '/home/dannydevss/Escritorio/TESIS/install/ugv_gcs/share/ugv_gcs/package.sh'
[5.006s] INFO:colcon.colcon_core.shell:Creating package script '/home/dannydevss/Escritorio/TESIS/install/ugv_gcs/share/ugv_gcs/package.bash'
[5.006s] INFO:colcon.colcon_core.shell:Creating package script '/home/dannydevss/Escritorio/TESIS/install/ugv_gcs/share/ugv_gcs/package.zsh'
[5.007s] Level 1:colcon.colcon_core.environment:create_file_with_runtime_dependencies(/home/dannydevss/Escritorio/TESIS/install/ugv_gcs/share/colcon-core/packages/ugv_gcs)
[5.903s] DEBUG:colcon.colcon_core.task.python.build:Available setuptools commands: build_py, build_clib, bdist_rpm, easy_install, install_lib, clean, editable_wheel, install_egg_info, install_scripts, check, upload, symlink_data, build_ext, sdist, bdist_egg, test, dist_info, build, egg_info, bdist, rotate, saveopts, install, develop, upload_docs, register, alias, setopt, install_data, build_scripts, bdist_dumb, install_headers
[5.906s] DEBUG:colcon.colcon_core.event_handler.log_command:Invoking command in '/home/dannydevss/Escritorio/TESIS/src/ugv_policy': AMENT_PREFIX_PATH=/home/dannydevss/Escritorio/TESIS/install/ugv_core:${AMENT_PREFIX_PATH} DEBUGINFOD_URLS=https://debuginfod.archlinux.org https://debuginfod.cachyos.org PYTHONPATH=/home/dannydevss/Escritorio/TESIS/build/ugv_policy/prefix_override:/usr/lib/python3/dist-packages/colcon_core/task/python/colcon_distutils_commands:/home/dannydevss/Escritorio/TESIS/install/ugv_policy/lib/python3.12/site-packages:/home/dannydevss/Escritorio/TESIS/install/ugv_core/lib/python3.12/site-packages:${PYTHONPATH} /usr/bin/python3 -W ignore:setup.py install is deprecated -W ignore:easy_install command is deprecated setup.py egg_info --egg-base ../../build/ugv_policy build --build-base /home/dannydevss/Escritorio/TESIS/build/ugv_policy/build install --record /home/dannydevss/Escritorio/TESIS/build/ugv_policy/install.log --install-scripts $base/lib/ugv_policy --single-version-externally-managed install_data
[5.923s] DEBUG:colcon.colcon_core.task.python.build:Available setuptools commands: build_py, build_clib, bdist_rpm, easy_install, install_lib, clean, editable_wheel, install_egg_info, install_scripts, check, upload, symlink_data, build_ext, sdist, bdist_egg, test, dist_info, build, egg_info, bdist, rotate, saveopts, install, develop, upload_docs, register, alias, setopt, install_data, build_scripts, bdist_dumb, install_headers
[5.927s] DEBUG:colcon.colcon_core.event_handler.log_command:Invoking command in '/home/dannydevss/Escritorio/TESIS/src/ugv_sim': AMENT_PREFIX_PATH=/home/dannydevss/Escritorio/TESIS/install/ugv_core:${AMENT_PREFIX_PATH} DEBUGINFOD_URLS=https://debuginfod.archlinux.org https://debuginfod.cachyos.org PYTHONPATH=/home/dannydevss/Escritorio/TESIS/build/ugv_sim/prefix_override:/usr/lib/python3/dist-packages/colcon_core/task/python/colcon_distutils_commands:/home/dannydevss/Escritorio/TESIS/install/ugv_sim/lib/python3.12/site-packages:/home/dannydevss/Escritorio/TESIS/install/ugv_core/lib/python3.12/site-packages:${PYTHONPATH} /usr/bin/python3 -W ignore:setup.py install is deprecated -W ignore:easy_install command is deprecated setup.py egg_info --egg-base ../../build/ugv_sim build --build-base /home/dannydevss/Escritorio/TESIS/build/ugv_sim/build install --record /home/dannydevss/Escritorio/TESIS/build/ugv_sim/install.log --install-scripts $base/lib/ugv_sim --single-version-externally-managed install_data
[6.871s] Level 1:colcon.colcon_core.environment:checking '/home/dannydevss/Escritorio/TESIS/install/ugv_policy' for CMake module files
[6.872s] DEBUG:colcon.colcon_core.event_handler.log_command:Invoked command in '/home/dannydevss/Escritorio/TESIS/src/ugv_policy' returned '0': AMENT_PREFIX_PATH=/home/dannydevss/Escritorio/TESIS/install/ugv_core:${AMENT_PREFIX_PATH} DEBUGINFOD_URLS=https://debuginfod.archlinux.org https://debuginfod.cachyos.org PYTHONPATH=/home/dannydevss/Escritorio/TESIS/build/ugv_policy/prefix_override:/usr/lib/python3/dist-packages/colcon_core/task/python/colcon_distutils_commands:/home/dannydevss/Escritorio/TESIS/install/ugv_policy/lib/python3.12/site-packages:/home/dannydevss/Escritorio/TESIS/install/ugv_core/lib/python3.12/site-packages:${PYTHONPATH} /usr/bin/python3 -W ignore:setup.py install is deprecated -W ignore:easy_install command is deprecated setup.py egg_info --egg-base ../../build/ugv_policy build --build-base /home/dannydevss/Escritorio/TESIS/build/ugv_policy/build install --record /home/dannydevss/Escritorio/TESIS/build/ugv_policy/install.log --install-scripts $base/lib/ugv_policy --single-version-externally-managed install_data
[6.873s] Level 1:colcon.colcon_core.environment:checking '/home/dannydevss/Escritorio/TESIS/install/ugv_policy' for CMake config files
[6.874s] Level 1:colcon.colcon_core.environment:checking '/home/dannydevss/Escritorio/TESIS/install/ugv_policy/lib'
[6.874s] Level 1:colcon.colcon_core.environment:checking '/home/dannydevss/Escritorio/TESIS/install/ugv_policy/bin'
[6.874s] Level 1:colcon.colcon_core.environment:checking '/home/dannydevss/Escritorio/TESIS/install/ugv_policy/lib/pkgconfig/ugv_policy.pc'
[6.875s] Level 1:colcon.colcon_core.environment:checking '/home/dannydevss/Escritorio/TESIS/install/ugv_policy/lib/python3.12/site-packages'
[6.875s] Level 1:colcon.colcon_core.shell:create_environment_hook('ugv_policy', 'pythonpath')
[6.875s] INFO:colcon.colcon_core.shell:Creating environment hook '/home/dannydevss/Escritorio/TESIS/install/ugv_policy/share/ugv_policy/hook/pythonpath.ps1'
[6.876s] INFO:colcon.colcon_core.shell:Creating environment descriptor '/home/dannydevss/Escritorio/TESIS/install/ugv_policy/share/ugv_policy/hook/pythonpath.dsv'
[6.877s] INFO:colcon.colcon_core.shell:Creating environment hook '/home/dannydevss/Escritorio/TESIS/install/ugv_policy/share/ugv_policy/hook/pythonpath.sh'
[6.878s] Level 1:colcon.colcon_core.environment:checking '/home/dannydevss/Escritorio/TESIS/install/ugv_policy/bin'
[6.879s] Level 1:colcon.colcon_core.environment:create_environment_scripts_only(ugv_policy)
[6.879s] INFO:colcon.colcon_core.shell:Creating package script '/home/dannydevss/Escritorio/TESIS/install/ugv_policy/share/ugv_policy/package.ps1'
[6.880s] INFO:colcon.colcon_core.shell:Creating package descriptor '/home/dannydevss/Escritorio/TESIS/install/ugv_policy/share/ugv_policy/package.dsv'
[6.881s] INFO:colcon.colcon_core.shell:Creating package script '/home/dannydevss/Escritorio/TESIS/install/ugv_policy/share/ugv_policy/package.sh'
[6.882s] INFO:colcon.colcon_core.shell:Creating package script '/home/dannydevss/Escritorio/TESIS/install/ugv_policy/share/ugv_policy/package.bash'
[6.883s] INFO:colcon.colcon_core.shell:Creating package script '/home/dannydevss/Escritorio/TESIS/install/ugv_policy/share/ugv_policy/package.zsh'
[6.884s] Level 1:colcon.colcon_core.environment:create_file_with_runtime_dependencies(/home/dannydevss/Escritorio/TESIS/install/ugv_policy/share/colcon-core/packages/ugv_policy)
[6.892s] Level 1:colcon.colcon_core.environment:checking '/home/dannydevss/Escritorio/TESIS/install/ugv_sim' for CMake module files
[6.893s] DEBUG:colcon.colcon_core.event_handler.log_command:Invoked command in '/home/dannydevss/Escritorio/TESIS/src/ugv_sim' returned '0': AMENT_PREFIX_PATH=/home/dannydevss/Escritorio/TESIS/install/ugv_core:${AMENT_PREFIX_PATH} DEBUGINFOD_URLS=https://debuginfod.archlinux.org https://debuginfod.cachyos.org PYTHONPATH=/home/dannydevss/Escritorio/TESIS/build/ugv_sim/prefix_override:/usr/lib/python3/dist-packages/colcon_core/task/python/colcon_distutils_commands:/home/dannydevss/Escritorio/TESIS/install/ugv_sim/lib/python3.12/site-packages:/home/dannydevss/Escritorio/TESIS/install/ugv_core/lib/python3.12/site-packages:${PYTHONPATH} /usr/bin/python3 -W ignore:setup.py install is deprecated -W ignore:easy_install command is deprecated setup.py egg_info --egg-base ../../build/ugv_sim build --build-base /home/dannydevss/Escritorio/TESIS/build/ugv_sim/build install --record /home/dannydevss/Escritorio/TESIS/build/ugv_sim/install.log --install-scripts $base/lib/ugv_sim --single-version-externally-managed install_data
[6.894s] Level 1:colcon.colcon_core.environment:checking '/home/dannydevss/Escritorio/TESIS/install/ugv_sim' for CMake config files
[6.896s] Level 1:colcon.colcon_core.environment:checking '/home/dannydevss/Escritorio/TESIS/install/ugv_sim/lib'
[6.896s] Level 1:colcon.colcon_core.environment:checking '/home/dannydevss/Escritorio/TESIS/install/ugv_sim/bin'
[6.897s] Level 1:colcon.colcon_core.environment:checking '/home/dannydevss/Escritorio/TESIS/install/ugv_sim/lib/pkgconfig/ugv_sim.pc'
[6.897s] Level 1:colcon.colcon_core.environment:checking '/home/dannydevss/Escritorio/TESIS/install/ugv_sim/lib/python3.12/site-packages'
[6.897s] Level 1:colcon.colcon_core.shell:create_environment_hook('ugv_sim', 'pythonpath')
[6.897s] INFO:colcon.colcon_core.shell:Creating environment hook '/home/dannydevss/Escritorio/TESIS/install/ugv_sim/share/ugv_sim/hook/pythonpath.ps1'
[6.898s] INFO:colcon.colcon_core.shell:Creating environment descriptor '/home/dannydevss/Escritorio/TESIS/install/ugv_sim/share/ugv_sim/hook/pythonpath.dsv'
[6.899s] INFO:colcon.colcon_core.shell:Creating environment hook '/home/dannydevss/Escritorio/TESIS/install/ugv_sim/share/ugv_sim/hook/pythonpath.sh'
[6.900s] Level 1:colcon.colcon_core.environment:checking '/home/dannydevss/Escritorio/TESIS/install/ugv_sim/bin'
[6.900s] Level 1:colcon.colcon_core.environment:create_environment_scripts_only(ugv_sim)
[6.900s] INFO:colcon.colcon_core.shell:Creating package script '/home/dannydevss/Escritorio/TESIS/install/ugv_sim/share/ugv_sim/package.ps1'
[6.901s] INFO:colcon.colcon_core.shell:Creating package descriptor '/home/dannydevss/Escritorio/TESIS/install/ugv_sim/share/ugv_sim/package.dsv'
[6.902s] INFO:colcon.colcon_core.shell:Creating package script '/home/dannydevss/Escritorio/TESIS/install/ugv_sim/share/ugv_sim/package.sh'
[6.903s] INFO:colcon.colcon_core.shell:Creating package script '/home/dannydevss/Escritorio/TESIS/install/ugv_sim/share/ugv_sim/package.bash'
[6.903s] INFO:colcon.colcon_core.shell:Creating package script '/home/dannydevss/Escritorio/TESIS/install/ugv_sim/share/ugv_sim/package.zsh'
[6.904s] Level 1:colcon.colcon_core.environment:create_file_with_runtime_dependencies(/home/dannydevss/Escritorio/TESIS/install/ugv_sim/share/colcon-core/packages/ugv_sim)
[6.904s] DEBUG:colcon.colcon_parallel_executor.executor.parallel:closing loop
[6.905s] DEBUG:colcon.colcon_parallel_executor.executor.parallel:loop closed
[6.905s] DEBUG:colcon.colcon_parallel_executor.executor.parallel:run_until_complete finished with '0'
[6.905s] DEBUG:colcon.colcon_core.event_reactor:joining thread
[6.932s] INFO:colcon.colcon_core.plugin_system:Skipping extension 'colcon_notification.desktop_notification.notify_send': Could not find 'notify-send'
[6.933s] INFO:colcon.colcon_core.plugin_system:Skipping extension 'colcon_notification.desktop_notification.terminal_notifier': Not used on non-Darwin systems
[6.933s] INFO:colcon.colcon_core.plugin_system:Skipping extension 'colcon_notification.desktop_notification.win32': Not used on non-Windows systems
[6.933s] INFO:colcon.colcon_notification.desktop_notification:Sending desktop notification using 'notify2'
[7.008s] DEBUG:colcon.colcon_core.event_reactor:joined thread
[7.009s] INFO:colcon.colcon_core.shell:Creating prefix script '/home/dannydevss/Escritorio/TESIS/install/local_setup.ps1'
[7.013s] INFO:colcon.colcon_core.shell:Creating prefix util module '/home/dannydevss/Escritorio/TESIS/install/_local_setup_util_ps1.py'
[7.017s] INFO:colcon.colcon_core.shell:Creating prefix chain script '/home/dannydevss/Escritorio/TESIS/install/setup.ps1'
[7.019s] INFO:colcon.colcon_core.shell:Creating prefix script '/home/dannydevss/Escritorio/TESIS/install/local_setup.sh'
[7.020s] INFO:colcon.colcon_core.shell:Creating prefix util module '/home/dannydevss/Escritorio/TESIS/install/_local_setup_util_sh.py'
[7.021s] INFO:colcon.colcon_core.shell:Creating prefix chain script '/home/dannydevss/Escritorio/TESIS/install/setup.sh'
[7.023s] INFO:colcon.colcon_core.shell:Creating prefix script '/home/dannydevss/Escritorio/TESIS/install/local_setup.bash'
[7.024s] INFO:colcon.colcon_core.shell:Creating prefix chain script '/home/dannydevss/Escritorio/TESIS/install/setup.bash'
[7.027s] INFO:colcon.colcon_core.shell:Creating prefix script '/home/dannydevss/Escritorio/TESIS/install/local_setup.zsh'
[7.029s] INFO:colcon.colcon_core.shell:Creating prefix chain script '/home/dannydevss/Escritorio/TESIS/install/setup.zsh'
