[0.000000] (-) TimerEvent: {}
[0.000274] (ugv_bridge) JobQueued: {'identifier': 'ugv_bridge', 'dependencies': OrderedDict()}
[0.000690] (ugv_core) JobQueued: {'identifier': 'ugv_core', 'dependencies': OrderedDict()}
[0.000741] (ugv_gcs) JobQueued: {'identifier': 'ugv_gcs', 'dependencies': OrderedDict()}
[0.000770] (ugv_policy) JobQueued: {'identifier': 'ugv_policy', 'dependencies': OrderedDict({'ugv_core': '/home/dannydevss/Escritorio/TESIS/install/ugv_core'})}
[0.000826] (ugv_sim) JobQueued: {'identifier': 'ugv_sim', 'dependencies': OrderedDict({'ugv_core': '/home/dannydevss/Escritorio/TESIS/install/ugv_core'})}
[0.000856] (ugv_core) JobStarted: {'identifier': 'ugv_core'}
[0.010820] (ugv_bridge) JobStarted: {'identifier': 'ugv_bridge'}
[0.017400] (ugv_gcs) JobStarted: {'identifier': 'ugv_gcs'}
[0.099474] (-) TimerEvent: {}
[0.199838] (-) TimerEvent: {}
[0.300202] (-) TimerEvent: {}
[0.400686] (-) TimerEvent: {}
[0.501178] (-) TimerEvent: {}
[0.601536] (-) TimerEvent: {}
[0.701876] (-) TimerEvent: {}
[0.802210] (-) TimerEvent: {}
[0.902569] (-) TimerEvent: {}
[1.003299] (-) TimerEvent: {}
[1.103710] (-) TimerEvent: {}
[1.204059] (-) TimerEvent: {}
[1.304605] (-) TimerEvent: {}
[1.404956] (-) TimerEvent: {}
[1.505810] (-) TimerEvent: {}
[1.607281] (-) TimerEvent: {}
[1.707996] (-) TimerEvent: {}
[1.808373] (-) TimerEvent: {}
[1.909313] (-) TimerEvent: {}
[2.009796] (-) TimerEvent: {}
[2.031275] (ugv_core) Command: {'cmd': ['/usr/bin/python3', '-W', 'ignore:setup.py install is deprecated', '-W', 'ignore:easy_install command is deprecated', 'setup.py', 'egg_info', '--egg-base', '../../build/ugv_core', 'build', '--build-base', '/home/dannydevss/Escritorio/TESIS/build/ugv_core/build', 'install', '--record', '/home/dannydevss/Escritorio/TESIS/build/ugv_core/install.log', '--install-scripts', '$base/lib/ugv_core', '--single-version-externally-managed', 'install_data'], 'cwd': '/home/dannydevss/Escritorio/TESIS/src/ugv_core', 'env': {'PROFILEHOME': '', 'KDE_FULL_SESSION': 'true', 'RUSTICL_ENABLE': 'iris', 'MAIL': 'thunderbird', 'LANGUAGE': '', 'USER': 'dannydevss', 'PAM_KWALLET5_LOGIN': '/run/user/1000/kwallet5.socket', 'LC_TIME': 'es_CL.UTF-8', 'HOSTNAME': 'SkullCachy', 'XDG_SESSION_TYPE': 'wayland', 'KONSOLE_VERSION': '260403', 'XDG_CACHE_HOME': '/home/dannydevss/.cache', 'QT_WAYLAND_RECONNECT': '1', 'SHLVL': '4', 'LD_LIBRARY_PATH': '/opt/ros/jazzy/opt/rviz_ogre_vendor/lib:/opt/ros/jazzy/lib/x86_64-linux-gnu:/opt/ros/jazzy/opt/gz_math_vendor/lib:/opt/ros/jazzy/opt/gz_utils_vendor/lib:/opt/ros/jazzy/opt/gz_cmake_vendor/lib:/opt/ros/jazzy/lib', 'BROWSER': 'cachy-browser', 'MOTD_SHOWN': 'pam', 'HOME': '/home/dannydevss', 'KDE_APPLICATIONS_AS_SCOPE': '1', 'OLDPWD': '/home/dannydevss', 'DESKTOP_SESSION': 'plasma', 'MANROFFOPT': '-c', 'ROS_PYTHON_VERSION': '3', 'GTK_RC_FILES': '/etc/gtk/gtkrc:/home/dannydevss/.gtkrc:/home/dannydevss/.config/gtkrc', 'KDE_SESSION_VERSION': '6', 'LC_MONETARY': 'es_CL.UTF-8', 'KONSOLE_DBUS_SESSION': '/Sessions/1', 'MANAGERPID': '769', 'DISTROBOX_ENTER_PATH': '/usr/bin/distrobox-enter', 'SYSTEMD_EXEC_PID': '830', 'XDG_STATE_HOME': '/home/dannydevss/.local/state', 'DBUS_SESSION_BUS_ADDRESS': 'unix:path=/run/user/1000/bus', 'COLORTERM': 'truecolor', 'container': 'podman', 'KONSOLE_DBUS_ACTIVATION_COOKIE': 'N5+rvdIQfMMLWYn+YhnpYqwfQGkqvLxrmvltBlqOKMw=', 'KONSOLE_DBUS_WINDOW': '/Windows/1', 'DEBUGINFOD_URLS': 'https://debuginfod.archlinux.org https://debuginfod.cachyos.org', 'QT_QPA_PLATFORMTHEME': 'qt5ct', 'WAYLAND_DISPLAY': 'wayland-0', 'XKB_DEFAULT_LAYOUT': 'latam', 'ROS_DISTRO': 'jazzy', 'LOGNAME': 'dannydevss', 'WINDOWID': '94659487432624', 'MANAGERPIDFDID': '12436', 'JOURNAL_STREAM': '10:15133', '_': '/usr/bin/colcon', 'ROS_VERSION': '2', 'MEMORY_PRESSURE_WATCH': '/sys/fs/cgroup/user.slice/user-1000.slice/user@1000.service/session.slice/plasma-kwin_wayland.service/memory.pressure', 'XDG_SESSION_CLASS': 'user', 'COLORFGBG': '15;0', 'TERMINFO_DIRS': '/usr/share/terminfo:/run/host/usr/share/terminfo', 'TERM': 'xterm-256color', 'XDG_SESSION_ID': '2', 'KGLOBALACCELD_PLATFORM': 'org.kde.kwin', 'GTK2_RC_FILES': '/home/dannydevss/.gtkrc-2.0', 'FLATPAK_TTY_PROGRESS': '1', 'PATH': '/opt/ros/jazzy/bin:/home/dannydevss/.local/bin:/usr/local/bin:/usr/bin:/var/lib/flatpak/exports/bin:/usr/bin/site_perl:/usr/bin/vendor_perl:/usr/bin/core_perl:/usr/local/sbin:/usr/sbin:/usr/local/bin:/usr/bin:/sbin:/bin:/usr/local/sbin:/usr/sbin:/sbin:/bin', 'SESSION_MANAGER': 'local/SkullCachy:@/tmp/.ICE-unix/977,unix/SkullCachy:/tmp/.ICE-unix/977', 'INVOCATION_ID': '9020e8de3638439b98fc3e1252681cbe', 'XDG_SESSION_PATH': '/org/freedesktop/DisplayManager/Session2', 'XDG_MENU_PREFIX': 'plasma-', 'LC_ADDRESS': 'es_CL.UTF-8', 'XKB_DEFAULT_MODEL': 'pc105', 'XDG_RUNTIME_DIR': '/run/user/1000', 'ICEAUTHORITY': '/run/user/1000/iceauth_ejHKMa', 'DISPLAY': ':1', 'LANG': 'es_MX.UTF-8', 'XDG_CURRENT_DESKTOP': 'KDE', 'LC_TELEPHONE': 'es_CL.UTF-8', 'XDG_DATA_HOME': '/home/dannydevss/.local/share', 'XDG_CONFIG_HOME': '/home/dannydevss/.config', 'XDG_SESSION_DESKTOP': 'KDE', 'XAUTHORITY': '/run/user/1000/xauth_ZnBNoj', 'MANPAGER': "sh -c 'col -bx | bat -l man -p'", 'AMENT_PREFIX_PATH': '/opt/ros/jazzy', 'SHELL': 'fish', 'LC_NAME': 'es_CL.UTF-8', 'KONSOLE_DBUS_SERVICE': ':1.55', 'LC_MEASUREMENT': 'es_CL.UTF-8', 'XKB_DEFAULT_VARIANT': 'deadtilde', 'VSSCRIPT_PATH': '/usr/lib/python3.14/site-packages/vapoursynth/libvsscript.so', 'LC_IDENTIFICATION': 'es_CL.UTF-8', 'ROS_AUTOMATIC_DISCOVERY_RANGE': 'SUBNET', 'PWD': '/home/dannydevss/Escritorio/TESIS/build/ugv_core', 'CONTAINER_ID': 'ros2-jazzy', 'XDG_CONFIG_DIRS': '/home/dannydevss/.config/kdedefaults:/etc/xdg', 'VIRTUAL_ENV_DISABLE_PROMPT': '1', 'XDG_DATA_DIRS': '/home/dannydevss/.local/share/flatpak/exports/share:/var/lib/flatpak/exports/share:/usr/local/share:/usr/share', 'PYTHONPATH': '/home/dannydevss/Escritorio/TESIS/build/ugv_core/prefix_override:/usr/lib/python3/dist-packages/colcon_core/task/python/colcon_distutils_commands:/home/dannydevss/Escritorio/TESIS/install/ugv_core/lib/python3.12/site-packages:/opt/ros/jazzy/lib/python3.12/site-packages', 'LC_NUMERIC': 'es_CL.UTF-8', 'LC_PAPER': 'es_CL.UTF-8', 'KDE_SESSION_UID': '1000', 'COLCON': '1', 'MEMORY_PRESSURE_WRITE': 'c29tZSAyMDAwMDAgMjAwMDAwMAA=', 'EDITOR': '/usr/bin/vim', 'CMAKE_PREFIX_PATH': '/opt/ros/jazzy/opt/gz_math_vendor:/opt/ros/jazzy/opt/gz_utils_vendor:/opt/ros/jazzy/opt/gz_cmake_vendor'}, 'shell': False}
[2.062414] (ugv_gcs) Command: {'cmd': ['/usr/bin/python3', '-W', 'ignore:setup.py install is deprecated', '-W', 'ignore:easy_install command is deprecated', 'setup.py', 'egg_info', '--egg-base', '../../build/ugv_gcs', 'build', '--build-base', '/home/dannydevss/Escritorio/TESIS/build/ugv_gcs/build', 'install', '--record', '/home/dannydevss/Escritorio/TESIS/build/ugv_gcs/install.log', '--install-scripts', '$base/lib/ugv_gcs', '--single-version-externally-managed', 'install_data'], 'cwd': '/home/dannydevss/Escritorio/TESIS/src/ugv_gcs', 'env': {'PROFILEHOME': '', 'KDE_FULL_SESSION': 'true', 'RUSTICL_ENABLE': 'iris', 'MAIL': 'thunderbird', 'LANGUAGE': '', 'USER': 'dannydevss', 'PAM_KWALLET5_LOGIN': '/run/user/1000/kwallet5.socket', 'LC_TIME': 'es_CL.UTF-8', 'HOSTNAME': 'SkullCachy', 'XDG_SESSION_TYPE': 'wayland', 'KONSOLE_VERSION': '260403', 'XDG_CACHE_HOME': '/home/dannydevss/.cache', 'QT_WAYLAND_RECONNECT': '1', 'SHLVL': '4', 'LD_LIBRARY_PATH': '/opt/ros/jazzy/opt/rviz_ogre_vendor/lib:/opt/ros/jazzy/lib/x86_64-linux-gnu:/opt/ros/jazzy/opt/gz_math_vendor/lib:/opt/ros/jazzy/opt/gz_utils_vendor/lib:/opt/ros/jazzy/opt/gz_cmake_vendor/lib:/opt/ros/jazzy/lib', 'BROWSER': 'cachy-browser', 'MOTD_SHOWN': 'pam', 'HOME': '/home/dannydevss', 'KDE_APPLICATIONS_AS_SCOPE': '1', 'OLDPWD': '/home/dannydevss', 'DESKTOP_SESSION': 'plasma', 'MANROFFOPT': '-c', 'ROS_PYTHON_VERSION': '3', 'GTK_RC_FILES': '/etc/gtk/gtkrc:/home/dannydevss/.gtkrc:/home/dannydevss/.config/gtkrc', 'KDE_SESSION_VERSION': '6', 'LC_MONETARY': 'es_CL.UTF-8', 'KONSOLE_DBUS_SESSION': '/Sessions/1', 'MANAGERPID': '769', 'DISTROBOX_ENTER_PATH': '/usr/bin/distrobox-enter', 'SYSTEMD_EXEC_PID': '830', 'XDG_STATE_HOME': '/home/dannydevss/.local/state', 'DBUS_SESSION_BUS_ADDRESS': 'unix:path=/run/user/1000/bus', 'COLORTERM': 'truecolor', 'container': 'podman', 'KONSOLE_DBUS_ACTIVATION_COOKIE': 'N5+rvdIQfMMLWYn+YhnpYqwfQGkqvLxrmvltBlqOKMw=', 'KONSOLE_DBUS_WINDOW': '/Windows/1', 'DEBUGINFOD_URLS': 'https://debuginfod.archlinux.org https://debuginfod.cachyos.org', 'QT_QPA_PLATFORMTHEME': 'qt5ct', 'WAYLAND_DISPLAY': 'wayland-0', 'XKB_DEFAULT_LAYOUT': 'latam', 'ROS_DISTRO': 'jazzy', 'LOGNAME': 'dannydevss', 'WINDOWID': '94659487432624', 'MANAGERPIDFDID': '12436', 'JOURNAL_STREAM': '10:15133', '_': '/usr/bin/colcon', 'ROS_VERSION': '2', 'MEMORY_PRESSURE_WATCH': '/sys/fs/cgroup/user.slice/user-1000.slice/user@1000.service/session.slice/plasma-kwin_wayland.service/memory.pressure', 'XDG_SESSION_CLASS': 'user', 'COLORFGBG': '15;0', 'TERMINFO_DIRS': '/usr/share/terminfo:/run/host/usr/share/terminfo', 'TERM': 'xterm-256color', 'XDG_SESSION_ID': '2', 'KGLOBALACCELD_PLATFORM': 'org.kde.kwin', 'GTK2_RC_FILES': '/home/dannydevss/.gtkrc-2.0', 'FLATPAK_TTY_PROGRESS': '1', 'PATH': '/opt/ros/jazzy/bin:/home/dannydevss/.local/bin:/usr/local/bin:/usr/bin:/var/lib/flatpak/exports/bin:/usr/bin/site_perl:/usr/bin/vendor_perl:/usr/bin/core_perl:/usr/local/sbin:/usr/sbin:/usr/local/bin:/usr/bin:/sbin:/bin:/usr/local/sbin:/usr/sbin:/sbin:/bin', 'SESSION_MANAGER': 'local/SkullCachy:@/tmp/.ICE-unix/977,unix/SkullCachy:/tmp/.ICE-unix/977', 'INVOCATION_ID': '9020e8de3638439b98fc3e1252681cbe', 'XDG_SESSION_PATH': '/org/freedesktop/DisplayManager/Session2', 'XDG_MENU_PREFIX': 'plasma-', 'LC_ADDRESS': 'es_CL.UTF-8', 'XKB_DEFAULT_MODEL': 'pc105', 'XDG_RUNTIME_DIR': '/run/user/1000', 'ICEAUTHORITY': '/run/user/1000/iceauth_ejHKMa', 'DISPLAY': ':1', 'LANG': 'es_MX.UTF-8', 'XDG_CURRENT_DESKTOP': 'KDE', 'LC_TELEPHONE': 'es_CL.UTF-8', 'XDG_DATA_HOME': '/home/dannydevss/.local/share', 'XDG_CONFIG_HOME': '/home/dannydevss/.config', 'XDG_SESSION_DESKTOP': 'KDE', 'XAUTHORITY': '/run/user/1000/xauth_ZnBNoj', 'MANPAGER': "sh -c 'col -bx | bat -l man -p'", 'AMENT_PREFIX_PATH': '/opt/ros/jazzy', 'SHELL': 'fish', 'LC_NAME': 'es_CL.UTF-8', 'KONSOLE_DBUS_SERVICE': ':1.55', 'LC_MEASUREMENT': 'es_CL.UTF-8', 'XKB_DEFAULT_VARIANT': 'deadtilde', 'VSSCRIPT_PATH': '/usr/lib/python3.14/site-packages/vapoursynth/libvsscript.so', 'LC_IDENTIFICATION': 'es_CL.UTF-8', 'ROS_AUTOMATIC_DISCOVERY_RANGE': 'SUBNET', 'PWD': '/home/dannydevss/Escritorio/TESIS/build/ugv_gcs', 'CONTAINER_ID': 'ros2-jazzy', 'XDG_CONFIG_DIRS': '/home/dannydevss/.config/kdedefaults:/etc/xdg', 'VIRTUAL_ENV_DISABLE_PROMPT': '1', 'XDG_DATA_DIRS': '/home/dannydevss/.local/share/flatpak/exports/share:/var/lib/flatpak/exports/share:/usr/local/share:/usr/share', 'PYTHONPATH': '/home/dannydevss/Escritorio/TESIS/build/ugv_gcs/prefix_override:/usr/lib/python3/dist-packages/colcon_core/task/python/colcon_distutils_commands:/home/dannydevss/Escritorio/TESIS/install/ugv_gcs/lib/python3.12/site-packages:/opt/ros/jazzy/lib/python3.12/site-packages', 'LC_NUMERIC': 'es_CL.UTF-8', 'LC_PAPER': 'es_CL.UTF-8', 'KDE_SESSION_UID': '1000', 'COLCON': '1', 'MEMORY_PRESSURE_WRITE': 'c29tZSAyMDAwMDAgMjAwMDAwMAA=', 'EDITOR': '/usr/bin/vim', 'CMAKE_PREFIX_PATH': '/opt/ros/jazzy/opt/gz_math_vendor:/opt/ros/jazzy/opt/gz_utils_vendor:/opt/ros/jazzy/opt/gz_cmake_vendor'}, 'shell': False}
[2.110306] (-) TimerEvent: {}
[2.210737] (-) TimerEvent: {}
[2.311164] (-) TimerEvent: {}
[2.315367] (ugv_bridge) Command: {'cmd': ['/usr/bin/python3', '-W', 'ignore:setup.py install is deprecated', '-W', 'ignore:easy_install command is deprecated', 'setup.py', 'egg_info', '--egg-base', '../../build/ugv_bridge', 'build', '--build-base', '/home/dannydevss/Escritorio/TESIS/build/ugv_bridge/build', 'install', '--record', '/home/dannydevss/Escritorio/TESIS/build/ugv_bridge/install.log', '--install-scripts', '$base/lib/ugv_bridge', '--single-version-externally-managed', 'install_data'], 'cwd': '/home/dannydevss/Escritorio/TESIS/src/ugv_bridge', 'env': {'PROFILEHOME': '', 'KDE_FULL_SESSION': 'true', 'RUSTICL_ENABLE': 'iris', 'MAIL': 'thunderbird', 'LANGUAGE': '', 'USER': 'dannydevss', 'PAM_KWALLET5_LOGIN': '/run/user/1000/kwallet5.socket', 'LC_TIME': 'es_CL.UTF-8', 'HOSTNAME': 'SkullCachy', 'XDG_SESSION_TYPE': 'wayland', 'KONSOLE_VERSION': '260403', 'XDG_CACHE_HOME': '/home/dannydevss/.cache', 'QT_WAYLAND_RECONNECT': '1', 'SHLVL': '4', 'LD_LIBRARY_PATH': '/opt/ros/jazzy/opt/rviz_ogre_vendor/lib:/opt/ros/jazzy/lib/x86_64-linux-gnu:/opt/ros/jazzy/opt/gz_math_vendor/lib:/opt/ros/jazzy/opt/gz_utils_vendor/lib:/opt/ros/jazzy/opt/gz_cmake_vendor/lib:/opt/ros/jazzy/lib', 'BROWSER': 'cachy-browser', 'MOTD_SHOWN': 'pam', 'HOME': '/home/dannydevss', 'KDE_APPLICATIONS_AS_SCOPE': '1', 'OLDPWD': '/home/dannydevss', 'DESKTOP_SESSION': 'plasma', 'MANROFFOPT': '-c', 'ROS_PYTHON_VERSION': '3', 'GTK_RC_FILES': '/etc/gtk/gtkrc:/home/dannydevss/.gtkrc:/home/dannydevss/.config/gtkrc', 'KDE_SESSION_VERSION': '6', 'LC_MONETARY': 'es_CL.UTF-8', 'KONSOLE_DBUS_SESSION': '/Sessions/1', 'MANAGERPID': '769', 'DISTROBOX_ENTER_PATH': '/usr/bin/distrobox-enter', 'SYSTEMD_EXEC_PID': '830', 'XDG_STATE_HOME': '/home/dannydevss/.local/state', 'DBUS_SESSION_BUS_ADDRESS': 'unix:path=/run/user/1000/bus', 'COLORTERM': 'truecolor', 'container': 'podman', 'KONSOLE_DBUS_ACTIVATION_COOKIE': 'N5+rvdIQfMMLWYn+YhnpYqwfQGkqvLxrmvltBlqOKMw=', 'KONSOLE_DBUS_WINDOW': '/Windows/1', 'DEBUGINFOD_URLS': 'https://debuginfod.archlinux.org https://debuginfod.cachyos.org', 'QT_QPA_PLATFORMTHEME': 'qt5ct', 'WAYLAND_DISPLAY': 'wayland-0', 'XKB_DEFAULT_LAYOUT': 'latam', 'ROS_DISTRO': 'jazzy', 'LOGNAME': 'dannydevss', 'WINDOWID': '94659487432624', 'MANAGERPIDFDID': '12436', 'JOURNAL_STREAM': '10:15133', '_': '/usr/bin/colcon', 'ROS_VERSION': '2', 'MEMORY_PRESSURE_WATCH': '/sys/fs/cgroup/user.slice/user-1000.slice/user@1000.service/session.slice/plasma-kwin_wayland.service/memory.pressure', 'XDG_SESSION_CLASS': 'user', 'COLORFGBG': '15;0', 'TERMINFO_DIRS': '/usr/share/terminfo:/run/host/usr/share/terminfo', 'TERM': 'xterm-256color', 'XDG_SESSION_ID': '2', 'KGLOBALACCELD_PLATFORM': 'org.kde.kwin', 'GTK2_RC_FILES': '/home/dannydevss/.gtkrc-2.0', 'FLATPAK_TTY_PROGRESS': '1', 'PATH': '/opt/ros/jazzy/bin:/home/dannydevss/.local/bin:/usr/local/bin:/usr/bin:/var/lib/flatpak/exports/bin:/usr/bin/site_perl:/usr/bin/vendor_perl:/usr/bin/core_perl:/usr/local/sbin:/usr/sbin:/usr/local/bin:/usr/bin:/sbin:/bin:/usr/local/sbin:/usr/sbin:/sbin:/bin', 'SESSION_MANAGER': 'local/SkullCachy:@/tmp/.ICE-unix/977,unix/SkullCachy:/tmp/.ICE-unix/977', 'INVOCATION_ID': '9020e8de3638439b98fc3e1252681cbe', 'XDG_SESSION_PATH': '/org/freedesktop/DisplayManager/Session2', 'XDG_MENU_PREFIX': 'plasma-', 'LC_ADDRESS': 'es_CL.UTF-8', 'XKB_DEFAULT_MODEL': 'pc105', 'XDG_RUNTIME_DIR': '/run/user/1000', 'ICEAUTHORITY': '/run/user/1000/iceauth_ejHKMa', 'DISPLAY': ':1', 'LANG': 'es_MX.UTF-8', 'XDG_CURRENT_DESKTOP': 'KDE', 'LC_TELEPHONE': 'es_CL.UTF-8', 'XDG_DATA_HOME': '/home/dannydevss/.local/share', 'XDG_CONFIG_HOME': '/home/dannydevss/.config', 'XDG_SESSION_DESKTOP': 'KDE', 'XAUTHORITY': '/run/user/1000/xauth_ZnBNoj', 'MANPAGER': "sh -c 'col -bx | bat -l man -p'", 'AMENT_PREFIX_PATH': '/opt/ros/jazzy', 'SHELL': 'fish', 'LC_NAME': 'es_CL.UTF-8', 'KONSOLE_DBUS_SERVICE': ':1.55', 'LC_MEASUREMENT': 'es_CL.UTF-8', 'XKB_DEFAULT_VARIANT': 'deadtilde', 'VSSCRIPT_PATH': '/usr/lib/python3.14/site-packages/vapoursynth/libvsscript.so', 'LC_IDENTIFICATION': 'es_CL.UTF-8', 'ROS_AUTOMATIC_DISCOVERY_RANGE': 'SUBNET', 'PWD': '/home/dannydevss/Escritorio/TESIS/build/ugv_bridge', 'CONTAINER_ID': 'ros2-jazzy', 'XDG_CONFIG_DIRS': '/home/dannydevss/.config/kdedefaults:/etc/xdg', 'VIRTUAL_ENV_DISABLE_PROMPT': '1', 'XDG_DATA_DIRS': '/home/dannydevss/.local/share/flatpak/exports/share:/var/lib/flatpak/exports/share:/usr/local/share:/usr/share', 'PYTHONPATH': '/home/dannydevss/Escritorio/TESIS/build/ugv_bridge/prefix_override:/usr/lib/python3/dist-packages/colcon_core/task/python/colcon_distutils_commands:/home/dannydevss/Escritorio/TESIS/install/ugv_bridge/lib/python3.12/site-packages:/opt/ros/jazzy/lib/python3.12/site-packages', 'LC_NUMERIC': 'es_CL.UTF-8', 'LC_PAPER': 'es_CL.UTF-8', 'KDE_SESSION_UID': '1000', 'COLCON': '1', 'MEMORY_PRESSURE_WRITE': 'c29tZSAyMDAwMDAgMjAwMDAwMAA=', 'EDITOR': '/usr/bin/vim', 'CMAKE_PREFIX_PATH': '/opt/ros/jazzy/opt/gz_math_vendor:/opt/ros/jazzy/opt/gz_utils_vendor:/opt/ros/jazzy/opt/gz_cmake_vendor'}, 'shell': False}
[2.411296] (-) TimerEvent: {}
[2.509992] (ugv_core) StdoutLine: {'line': b'running egg_info\n'}
[2.511395] (-) TimerEvent: {}
[2.540682] (ugv_core) StdoutLine: {'line': b'writing ../../build/ugv_core/ugv_core.egg-info/PKG-INFO\n'}
[2.541380] (ugv_core) StdoutLine: {'line': b'writing dependency_links to ../../build/ugv_core/ugv_core.egg-info/dependency_links.txt\n'}
[2.541924] (ugv_core) StdoutLine: {'line': b'writing requirements to ../../build/ugv_core/ugv_core.egg-info/requires.txt\n'}
[2.542300] (ugv_core) StdoutLine: {'line': b'writing top-level names to ../../build/ugv_core/ugv_core.egg-info/top_level.txt\n'}
[2.598953] (ugv_core) StdoutLine: {'line': b"reading manifest file '../../build/ugv_core/ugv_core.egg-info/SOURCES.txt'\n"}
[2.600491] (ugv_core) StdoutLine: {'line': b"writing manifest file '../../build/ugv_core/ugv_core.egg-info/SOURCES.txt'\n"}
[2.600998] (ugv_core) StdoutLine: {'line': b'running build\n'}
[2.601312] (ugv_core) StdoutLine: {'line': b'running build_py\n'}
[2.601766] (ugv_core) StdoutLine: {'line': b'running install\n'}
[2.611498] (-) TimerEvent: {}
[2.615218] (ugv_core) StdoutLine: {'line': b'running install_lib\n'}
[2.648197] (ugv_core) StdoutLine: {'line': b'running install_data\n'}
[2.648766] (ugv_core) StdoutLine: {'line': b'running install_egg_info\n'}
[2.686309] (ugv_core) StdoutLine: {'line': b"removing '/home/dannydevss/Escritorio/TESIS/install/ugv_core/lib/python3.12/site-packages/ugv_core-0.0.0-py3.12.egg-info' (and everything under it)\n"}
[2.688049] (ugv_core) StdoutLine: {'line': b'Copying ../../build/ugv_core/ugv_core.egg-info to /home/dannydevss/Escritorio/TESIS/install/ugv_core/lib/python3.12/site-packages/ugv_core-0.0.0-py3.12.egg-info\n'}
[2.691344] (ugv_core) StdoutLine: {'line': b'running install_scripts\n'}
[2.711602] (-) TimerEvent: {}
[2.753085] (ugv_gcs) StdoutLine: {'line': b'running egg_info\n'}
[2.799262] (ugv_gcs) StdoutLine: {'line': b'writing ../../build/ugv_gcs/ugv_gcs.egg-info/PKG-INFO\n'}
[2.803590] (ugv_gcs) StdoutLine: {'line': b'writing dependency_links to ../../build/ugv_gcs/ugv_gcs.egg-info/dependency_links.txt\n'}
[2.803996] (ugv_gcs) StdoutLine: {'line': b'writing entry points to ../../build/ugv_gcs/ugv_gcs.egg-info/entry_points.txt\n'}
[2.805924] (ugv_gcs) StdoutLine: {'line': b'writing requirements to ../../build/ugv_gcs/ugv_gcs.egg-info/requires.txt\n'}
[2.806540] (ugv_gcs) StdoutLine: {'line': b'writing top-level names to ../../build/ugv_gcs/ugv_gcs.egg-info/top_level.txt\n'}
[2.811711] (-) TimerEvent: {}
[2.906084] (ugv_gcs) StdoutLine: {'line': b"reading manifest file '../../build/ugv_gcs/ugv_gcs.egg-info/SOURCES.txt'\n"}
[2.908043] (ugv_gcs) StdoutLine: {'line': b"writing manifest file '../../build/ugv_gcs/ugv_gcs.egg-info/SOURCES.txt'\n"}
[2.908549] (ugv_gcs) StdoutLine: {'line': b'running build\n'}
[2.908882] (ugv_gcs) StdoutLine: {'line': b'running build_py\n'}
[2.909447] (ugv_gcs) StdoutLine: {'line': b'running install\n'}
[2.911813] (-) TimerEvent: {}
[2.928708] (ugv_gcs) StdoutLine: {'line': b'running install_lib\n'}
[2.973907] (ugv_core) StdoutLine: {'line': b"writing list of installed files to '/home/dannydevss/Escritorio/TESIS/build/ugv_core/install.log'\n"}
[2.976097] (ugv_gcs) StdoutLine: {'line': b'running install_data\n'}
[2.976717] (ugv_gcs) StdoutLine: {'line': b'running install_egg_info\n'}
[2.984079] (ugv_bridge) StdoutLine: {'line': b'running egg_info\n'}
[3.011943] (-) TimerEvent: {}
[3.026749] (ugv_gcs) StdoutLine: {'line': b"removing '/home/dannydevss/Escritorio/TESIS/install/ugv_gcs/lib/python3.12/site-packages/ugv_gcs-0.0.0-py3.12.egg-info' (and everything under it)\n"}
[3.030540] (ugv_gcs) StdoutLine: {'line': b'Copying ../../build/ugv_gcs/ugv_gcs.egg-info to /home/dannydevss/Escritorio/TESIS/install/ugv_gcs/lib/python3.12/site-packages/ugv_gcs-0.0.0-py3.12.egg-info\n'}
[3.032478] (ugv_gcs) StdoutLine: {'line': b'running install_scripts\n'}
[3.034549] (ugv_bridge) StdoutLine: {'line': b'writing ../../build/ugv_bridge/ugv_bridge.egg-info/PKG-INFO\n'}
[3.035027] (ugv_bridge) StdoutLine: {'line': b'writing dependency_links to ../../build/ugv_bridge/ugv_bridge.egg-info/dependency_links.txt\n'}
[3.035752] (ugv_bridge) StdoutLine: {'line': b'writing entry points to ../../build/ugv_bridge/ugv_bridge.egg-info/entry_points.txt\n'}
[3.036013] (ugv_bridge) StdoutLine: {'line': b'writing requirements to ../../build/ugv_bridge/ugv_bridge.egg-info/requires.txt\n'}
[3.036319] (ugv_bridge) StdoutLine: {'line': b'writing top-level names to ../../build/ugv_bridge/ugv_bridge.egg-info/top_level.txt\n'}
[3.038329] (ugv_core) CommandEnded: {'returncode': 0}
[3.063735] (ugv_core) JobEnded: {'identifier': 'ugv_core', 'rc': 0}
[3.065830] (ugv_policy) JobStarted: {'identifier': 'ugv_policy'}
[3.080567] (ugv_sim) JobStarted: {'identifier': 'ugv_sim'}
[3.112895] (-) TimerEvent: {}
[3.147039] (ugv_bridge) StdoutLine: {'line': b"reading manifest file '../../build/ugv_bridge/ugv_bridge.egg-info/SOURCES.txt'\n"}
[3.149554] (ugv_bridge) StdoutLine: {'line': b"writing manifest file '../../build/ugv_bridge/ugv_bridge.egg-info/SOURCES.txt'\n"}
[3.151432] (ugv_bridge) StdoutLine: {'line': b'running build\n'}
[3.151723] (ugv_bridge) StdoutLine: {'line': b'running build_py\n'}
[3.152138] (ugv_bridge) StdoutLine: {'line': b'running install\n'}
[3.171532] (ugv_bridge) StdoutLine: {'line': b'running install_lib\n'}
[3.213001] (-) TimerEvent: {}
[3.226960] (ugv_bridge) StdoutLine: {'line': b'running install_data\n'}
[3.227362] (ugv_bridge) StdoutLine: {'line': b'copying urdf/ugv.urdf -> /home/dannydevss/Escritorio/TESIS/install/ugv_bridge/share/ugv_bridge/urdf\n'}
[3.228483] (ugv_bridge) StdoutLine: {'line': b'running install_egg_info\n'}
[3.282878] (ugv_bridge) StdoutLine: {'line': b"removing '/home/dannydevss/Escritorio/TESIS/install/ugv_bridge/lib/python3.12/site-packages/ugv_bridge-0.0.0-py3.12.egg-info' (and everything under it)\n"}
[3.284418] (ugv_bridge) StdoutLine: {'line': b'Copying ../../build/ugv_bridge/ugv_bridge.egg-info to /home/dannydevss/Escritorio/TESIS/install/ugv_bridge/lib/python3.12/site-packages/ugv_bridge-0.0.0-py3.12.egg-info\n'}
[3.285864] (ugv_bridge) StdoutLine: {'line': b'running install_scripts\n'}
[3.313139] (-) TimerEvent: {}
[3.313496] (ugv_gcs) StdoutLine: {'line': b'Installing gcs_node script to /home/dannydevss/Escritorio/TESIS/install/ugv_gcs/lib/ugv_gcs\n'}
[3.314275] (ugv_gcs) StdoutLine: {'line': b"writing list of installed files to '/home/dannydevss/Escritorio/TESIS/build/ugv_gcs/install.log'\n"}
[3.413269] (-) TimerEvent: {}
[3.513675] (-) TimerEvent: {}
[3.570701] (ugv_bridge) StdoutLine: {'line': b'Installing dummy_rl_controller script to /home/dannydevss/Escritorio/TESIS/install/ugv_bridge/lib/ugv_bridge\n'}
[3.571424] (ugv_bridge) StdoutLine: {'line': b'Installing flipper_node script to /home/dannydevss/Escritorio/TESIS/install/ugv_bridge/lib/ugv_bridge\n'}
[3.571875] (ugv_bridge) StdoutLine: {'line': b'Installing gui_a_vcan script to /home/dannydevss/Escritorio/TESIS/install/ugv_bridge/lib/ugv_bridge\n'}
[3.572933] (ugv_bridge) StdoutLine: {'line': b'Installing motor_emulator script to /home/dannydevss/Escritorio/TESIS/install/ugv_bridge/lib/ugv_bridge\n'}
[3.573261] (ugv_bridge) StdoutLine: {'line': b'Installing track_odometry_node script to /home/dannydevss/Escritorio/TESIS/install/ugv_bridge/lib/ugv_bridge\n'}
[3.574014] (ugv_bridge) StdoutLine: {'line': b"writing list of installed files to '/home/dannydevss/Escritorio/TESIS/build/ugv_bridge/install.log'\n"}
[3.613804] (-) TimerEvent: {}
[3.714216] (-) TimerEvent: {}
[3.814559] (-) TimerEvent: {}
[3.861263] (ugv_gcs) CommandEnded: {'returncode': 0}
[3.871101] (ugv_gcs) JobEnded: {'identifier': 'ugv_gcs', 'rc': 0}
[3.874905] (ugv_bridge) CommandEnded: {'returncode': 0}
[3.888358] (ugv_bridge) JobEnded: {'identifier': 'ugv_bridge', 'rc': 0}
[3.914703] (-) TimerEvent: {}
[4.015109] (-) TimerEvent: {}
[4.115530] (-) TimerEvent: {}
[4.215898] (-) TimerEvent: {}
[4.316256] (-) TimerEvent: {}
[4.416620] (-) TimerEvent: {}
[4.516969] (-) TimerEvent: {}
[4.617426] (-) TimerEvent: {}
[4.699020] (ugv_policy) Command: {'cmd': ['/usr/bin/python3', '-W', 'ignore:setup.py install is deprecated', '-W', 'ignore:easy_install command is deprecated', 'setup.py', 'egg_info', '--egg-base', '../../build/ugv_policy', 'build', '--build-base', '/home/dannydevss/Escritorio/TESIS/build/ugv_policy/build', 'install', '--record', '/home/dannydevss/Escritorio/TESIS/build/ugv_policy/install.log', '--install-scripts', '$base/lib/ugv_policy', '--single-version-externally-managed', 'install_data'], 'cwd': '/home/dannydevss/Escritorio/TESIS/src/ugv_policy', 'env': {'PROFILEHOME': '', 'KDE_FULL_SESSION': 'true', 'RUSTICL_ENABLE': 'iris', 'MAIL': 'thunderbird', 'LANGUAGE': '', 'USER': 'dannydevss', 'PAM_KWALLET5_LOGIN': '/run/user/1000/kwallet5.socket', 'LC_TIME': 'es_CL.UTF-8', 'HOSTNAME': 'SkullCachy', 'XDG_SESSION_TYPE': 'wayland', 'KONSOLE_VERSION': '260403', 'XDG_CACHE_HOME': '/home/dannydevss/.cache', 'QT_WAYLAND_RECONNECT': '1', 'SHLVL': '4', 'LD_LIBRARY_PATH': '/opt/ros/jazzy/opt/rviz_ogre_vendor/lib:/opt/ros/jazzy/lib/x86_64-linux-gnu:/opt/ros/jazzy/opt/gz_math_vendor/lib:/opt/ros/jazzy/opt/gz_utils_vendor/lib:/opt/ros/jazzy/opt/gz_cmake_vendor/lib:/opt/ros/jazzy/lib', 'BROWSER': 'cachy-browser', 'MOTD_SHOWN': 'pam', 'HOME': '/home/dannydevss', 'KDE_APPLICATIONS_AS_SCOPE': '1', 'OLDPWD': '/home/dannydevss', 'DESKTOP_SESSION': 'plasma', 'MANROFFOPT': '-c', 'ROS_PYTHON_VERSION': '3', 'GTK_RC_FILES': '/etc/gtk/gtkrc:/home/dannydevss/.gtkrc:/home/dannydevss/.config/gtkrc', 'KDE_SESSION_VERSION': '6', 'LC_MONETARY': 'es_CL.UTF-8', 'KONSOLE_DBUS_SESSION': '/Sessions/1', 'MANAGERPID': '769', 'DISTROBOX_ENTER_PATH': '/usr/bin/distrobox-enter', 'SYSTEMD_EXEC_PID': '830', 'XDG_STATE_HOME': '/home/dannydevss/.local/state', 'DBUS_SESSION_BUS_ADDRESS': 'unix:path=/run/user/1000/bus', 'COLORTERM': 'truecolor', 'container': 'podman', 'KONSOLE_DBUS_ACTIVATION_COOKIE': 'N5+rvdIQfMMLWYn+YhnpYqwfQGkqvLxrmvltBlqOKMw=', 'KONSOLE_DBUS_WINDOW': '/Windows/1', 'DEBUGINFOD_URLS': 'https://debuginfod.archlinux.org https://debuginfod.cachyos.org', 'QT_QPA_PLATFORMTHEME': 'qt5ct', 'WAYLAND_DISPLAY': 'wayland-0', 'XKB_DEFAULT_LAYOUT': 'latam', 'ROS_DISTRO': 'jazzy', 'LOGNAME': 'dannydevss', 'WINDOWID': '94659487432624', 'MANAGERPIDFDID': '12436', 'JOURNAL_STREAM': '10:15133', '_': '/usr/bin/colcon', 'ROS_VERSION': '2', 'MEMORY_PRESSURE_WATCH': '/sys/fs/cgroup/user.slice/user-1000.slice/user@1000.service/session.slice/plasma-kwin_wayland.service/memory.pressure', 'XDG_SESSION_CLASS': 'user', 'COLORFGBG': '15;0', 'TERMINFO_DIRS': '/usr/share/terminfo:/run/host/usr/share/terminfo', 'TERM': 'xterm-256color', 'XDG_SESSION_ID': '2', 'KGLOBALACCELD_PLATFORM': 'org.kde.kwin', 'GTK2_RC_FILES': '/home/dannydevss/.gtkrc-2.0', 'FLATPAK_TTY_PROGRESS': '1', 'PATH': '/opt/ros/jazzy/bin:/home/dannydevss/.local/bin:/usr/local/bin:/usr/bin:/var/lib/flatpak/exports/bin:/usr/bin/site_perl:/usr/bin/vendor_perl:/usr/bin/core_perl:/usr/local/sbin:/usr/sbin:/usr/local/bin:/usr/bin:/sbin:/bin:/usr/local/sbin:/usr/sbin:/sbin:/bin', 'SESSION_MANAGER': 'local/SkullCachy:@/tmp/.ICE-unix/977,unix/SkullCachy:/tmp/.ICE-unix/977', 'INVOCATION_ID': '9020e8de3638439b98fc3e1252681cbe', 'XDG_SESSION_PATH': '/org/freedesktop/DisplayManager/Session2', 'XDG_MENU_PREFIX': 'plasma-', 'LC_ADDRESS': 'es_CL.UTF-8', 'XKB_DEFAULT_MODEL': 'pc105', 'XDG_RUNTIME_DIR': '/run/user/1000', 'ICEAUTHORITY': '/run/user/1000/iceauth_ejHKMa', 'DISPLAY': ':1', 'LANG': 'es_MX.UTF-8', 'XDG_CURRENT_DESKTOP': 'KDE', 'LC_TELEPHONE': 'es_CL.UTF-8', 'XDG_DATA_HOME': '/home/dannydevss/.local/share', 'XDG_CONFIG_HOME': '/home/dannydevss/.config', 'XDG_SESSION_DESKTOP': 'KDE', 'XAUTHORITY': '/run/user/1000/xauth_ZnBNoj', 'MANPAGER': "sh -c 'col -bx | bat -l man -p'", 'AMENT_PREFIX_PATH': '/home/dannydevss/Escritorio/TESIS/install/ugv_core:/opt/ros/jazzy', 'SHELL': 'fish', 'LC_NAME': 'es_CL.UTF-8', 'KONSOLE_DBUS_SERVICE': ':1.55', 'LC_MEASUREMENT': 'es_CL.UTF-8', 'XKB_DEFAULT_VARIANT': 'deadtilde', 'VSSCRIPT_PATH': '/usr/lib/python3.14/site-packages/vapoursynth/libvsscript.so', 'LC_IDENTIFICATION': 'es_CL.UTF-8', 'ROS_AUTOMATIC_DISCOVERY_RANGE': 'SUBNET', 'PWD': '/home/dannydevss/Escritorio/TESIS/build/ugv_policy', 'CONTAINER_ID': 'ros2-jazzy', 'XDG_CONFIG_DIRS': '/home/dannydevss/.config/kdedefaults:/etc/xdg', 'VIRTUAL_ENV_DISABLE_PROMPT': '1', 'XDG_DATA_DIRS': '/home/dannydevss/.local/share/flatpak/exports/share:/var/lib/flatpak/exports/share:/usr/local/share:/usr/share', 'PYTHONPATH': '/home/dannydevss/Escritorio/TESIS/build/ugv_policy/prefix_override:/usr/lib/python3/dist-packages/colcon_core/task/python/colcon_distutils_commands:/home/dannydevss/Escritorio/TESIS/install/ugv_policy/lib/python3.12/site-packages:/home/dannydevss/Escritorio/TESIS/install/ugv_core/lib/python3.12/site-packages:/opt/ros/jazzy/lib/python3.12/site-packages', 'LC_NUMERIC': 'es_CL.UTF-8', 'LC_PAPER': 'es_CL.UTF-8', 'KDE_SESSION_UID': '1000', 'COLCON': '1', 'MEMORY_PRESSURE_WRITE': 'c29tZSAyMDAwMDAgMjAwMDAwMAA=', 'EDITOR': '/usr/bin/vim', 'CMAKE_PREFIX_PATH': '/opt/ros/jazzy/opt/gz_math_vendor:/opt/ros/jazzy/opt/gz_utils_vendor:/opt/ros/jazzy/opt/gz_cmake_vendor'}, 'shell': False}
[4.717557] (-) TimerEvent: {}
[4.751679] (ugv_sim) Command: {'cmd': ['/usr/bin/python3', '-W', 'ignore:setup.py install is deprecated', '-W', 'ignore:easy_install command is deprecated', 'setup.py', 'egg_info', '--egg-base', '../../build/ugv_sim', 'build', '--build-base', '/home/dannydevss/Escritorio/TESIS/build/ugv_sim/build', 'install', '--record', '/home/dannydevss/Escritorio/TESIS/build/ugv_sim/install.log', '--install-scripts', '$base/lib/ugv_sim', '--single-version-externally-managed', 'install_data'], 'cwd': '/home/dannydevss/Escritorio/TESIS/src/ugv_sim', 'env': {'PROFILEHOME': '', 'KDE_FULL_SESSION': 'true', 'RUSTICL_ENABLE': 'iris', 'MAIL': 'thunderbird', 'LANGUAGE': '', 'USER': 'dannydevss', 'PAM_KWALLET5_LOGIN': '/run/user/1000/kwallet5.socket', 'LC_TIME': 'es_CL.UTF-8', 'HOSTNAME': 'SkullCachy', 'XDG_SESSION_TYPE': 'wayland', 'KONSOLE_VERSION': '260403', 'XDG_CACHE_HOME': '/home/dannydevss/.cache', 'QT_WAYLAND_RECONNECT': '1', 'SHLVL': '4', 'LD_LIBRARY_PATH': '/opt/ros/jazzy/opt/rviz_ogre_vendor/lib:/opt/ros/jazzy/lib/x86_64-linux-gnu:/opt/ros/jazzy/opt/gz_math_vendor/lib:/opt/ros/jazzy/opt/gz_utils_vendor/lib:/opt/ros/jazzy/opt/gz_cmake_vendor/lib:/opt/ros/jazzy/lib', 'BROWSER': 'cachy-browser', 'MOTD_SHOWN': 'pam', 'HOME': '/home/dannydevss', 'KDE_APPLICATIONS_AS_SCOPE': '1', 'OLDPWD': '/home/dannydevss', 'DESKTOP_SESSION': 'plasma', 'MANROFFOPT': '-c', 'ROS_PYTHON_VERSION': '3', 'GTK_RC_FILES': '/etc/gtk/gtkrc:/home/dannydevss/.gtkrc:/home/dannydevss/.config/gtkrc', 'KDE_SESSION_VERSION': '6', 'LC_MONETARY': 'es_CL.UTF-8', 'KONSOLE_DBUS_SESSION': '/Sessions/1', 'MANAGERPID': '769', 'DISTROBOX_ENTER_PATH': '/usr/bin/distrobox-enter', 'SYSTEMD_EXEC_PID': '830', 'XDG_STATE_HOME': '/home/dannydevss/.local/state', 'DBUS_SESSION_BUS_ADDRESS': 'unix:path=/run/user/1000/bus', 'COLORTERM': 'truecolor', 'container': 'podman', 'KONSOLE_DBUS_ACTIVATION_COOKIE': 'N5+rvdIQfMMLWYn+YhnpYqwfQGkqvLxrmvltBlqOKMw=', 'KONSOLE_DBUS_WINDOW': '/Windows/1', 'DEBUGINFOD_URLS': 'https://debuginfod.archlinux.org https://debuginfod.cachyos.org', 'QT_QPA_PLATFORMTHEME': 'qt5ct', 'WAYLAND_DISPLAY': 'wayland-0', 'XKB_DEFAULT_LAYOUT': 'latam', 'ROS_DISTRO': 'jazzy', 'LOGNAME': 'dannydevss', 'WINDOWID': '94659487432624', 'MANAGERPIDFDID': '12436', 'JOURNAL_STREAM': '10:15133', '_': '/usr/bin/colcon', 'ROS_VERSION': '2', 'MEMORY_PRESSURE_WATCH': '/sys/fs/cgroup/user.slice/user-1000.slice/user@1000.service/session.slice/plasma-kwin_wayland.service/memory.pressure', 'XDG_SESSION_CLASS': 'user', 'COLORFGBG': '15;0', 'TERMINFO_DIRS': '/usr/share/terminfo:/run/host/usr/share/terminfo', 'TERM': 'xterm-256color', 'XDG_SESSION_ID': '2', 'KGLOBALACCELD_PLATFORM': 'org.kde.kwin', 'GTK2_RC_FILES': '/home/dannydevss/.gtkrc-2.0', 'FLATPAK_TTY_PROGRESS': '1', 'PATH': '/opt/ros/jazzy/bin:/home/dannydevss/.local/bin:/usr/local/bin:/usr/bin:/var/lib/flatpak/exports/bin:/usr/bin/site_perl:/usr/bin/vendor_perl:/usr/bin/core_perl:/usr/local/sbin:/usr/sbin:/usr/local/bin:/usr/bin:/sbin:/bin:/usr/local/sbin:/usr/sbin:/sbin:/bin', 'SESSION_MANAGER': 'local/SkullCachy:@/tmp/.ICE-unix/977,unix/SkullCachy:/tmp/.ICE-unix/977', 'INVOCATION_ID': '9020e8de3638439b98fc3e1252681cbe', 'XDG_SESSION_PATH': '/org/freedesktop/DisplayManager/Session2', 'XDG_MENU_PREFIX': 'plasma-', 'LC_ADDRESS': 'es_CL.UTF-8', 'XKB_DEFAULT_MODEL': 'pc105', 'XDG_RUNTIME_DIR': '/run/user/1000', 'ICEAUTHORITY': '/run/user/1000/iceauth_ejHKMa', 'DISPLAY': ':1', 'LANG': 'es_MX.UTF-8', 'XDG_CURRENT_DESKTOP': 'KDE', 'LC_TELEPHONE': 'es_CL.UTF-8', 'XDG_DATA_HOME': '/home/dannydevss/.local/share', 'XDG_CONFIG_HOME': '/home/dannydevss/.config', 'XDG_SESSION_DESKTOP': 'KDE', 'XAUTHORITY': '/run/user/1000/xauth_ZnBNoj', 'MANPAGER': "sh -c 'col -bx | bat -l man -p'", 'AMENT_PREFIX_PATH': '/home/dannydevss/Escritorio/TESIS/install/ugv_core:/opt/ros/jazzy', 'SHELL': 'fish', 'LC_NAME': 'es_CL.UTF-8', 'KONSOLE_DBUS_SERVICE': ':1.55', 'LC_MEASUREMENT': 'es_CL.UTF-8', 'XKB_DEFAULT_VARIANT': 'deadtilde', 'VSSCRIPT_PATH': '/usr/lib/python3.14/site-packages/vapoursynth/libvsscript.so', 'LC_IDENTIFICATION': 'es_CL.UTF-8', 'ROS_AUTOMATIC_DISCOVERY_RANGE': 'SUBNET', 'PWD': '/home/dannydevss/Escritorio/TESIS/build/ugv_sim', 'CONTAINER_ID': 'ros2-jazzy', 'XDG_CONFIG_DIRS': '/home/dannydevss/.config/kdedefaults:/etc/xdg', 'VIRTUAL_ENV_DISABLE_PROMPT': '1', 'XDG_DATA_DIRS': '/home/dannydevss/.local/share/flatpak/exports/share:/var/lib/flatpak/exports/share:/usr/local/share:/usr/share', 'PYTHONPATH': '/home/dannydevss/Escritorio/TESIS/build/ugv_sim/prefix_override:/usr/lib/python3/dist-packages/colcon_core/task/python/colcon_distutils_commands:/home/dannydevss/Escritorio/TESIS/install/ugv_sim/lib/python3.12/site-packages:/home/dannydevss/Escritorio/TESIS/install/ugv_core/lib/python3.12/site-packages:/opt/ros/jazzy/lib/python3.12/site-packages', 'LC_NUMERIC': 'es_CL.UTF-8', 'LC_PAPER': 'es_CL.UTF-8', 'KDE_SESSION_UID': '1000', 'COLCON': '1', 'MEMORY_PRESSURE_WRITE': 'c29tZSAyMDAwMDAgMjAwMDAwMAA=', 'EDITOR': '/usr/bin/vim', 'CMAKE_PREFIX_PATH': '/opt/ros/jazzy/opt/gz_math_vendor:/opt/ros/jazzy/opt/gz_utils_vendor:/opt/ros/jazzy/opt/gz_cmake_vendor'}, 'shell': False}
[4.817672] (-) TimerEvent: {}
[4.918027] (-) TimerEvent: {}
[5.018381] (-) TimerEvent: {}
[5.113063] (ugv_policy) StdoutLine: {'line': b'running egg_info\n'}
[5.118486] (-) TimerEvent: {}
[5.141200] (ugv_policy) StdoutLine: {'line': b'writing ../../build/ugv_policy/ugv_policy.egg-info/PKG-INFO\n'}
[5.141700] (ugv_policy) StdoutLine: {'line': b'writing dependency_links to ../../build/ugv_policy/ugv_policy.egg-info/dependency_links.txt\n'}
[5.142057] (ugv_policy) StdoutLine: {'line': b'writing entry points to ../../build/ugv_policy/ugv_policy.egg-info/entry_points.txt\n'}
[5.142391] (ugv_policy) StdoutLine: {'line': b'writing requirements to ../../build/ugv_policy/ugv_policy.egg-info/requires.txt\n'}
[5.142773] (ugv_policy) StdoutLine: {'line': b'writing top-level names to ../../build/ugv_policy/ugv_policy.egg-info/top_level.txt\n'}
[5.147777] (ugv_sim) StdoutLine: {'line': b'running egg_info\n'}
[5.174762] (ugv_sim) StdoutLine: {'line': b'writing ../../build/ugv_sim/ugv_sim.egg-info/PKG-INFO\n'}
[5.175206] (ugv_sim) StdoutLine: {'line': b'writing dependency_links to ../../build/ugv_sim/ugv_sim.egg-info/dependency_links.txt\n'}
[5.175596] (ugv_sim) StdoutLine: {'line': b'writing entry points to ../../build/ugv_sim/ugv_sim.egg-info/entry_points.txt\n'}
[5.175912] (ugv_sim) StdoutLine: {'line': b'writing requirements to ../../build/ugv_sim/ugv_sim.egg-info/requires.txt\n'}
[5.176317] (ugv_sim) StdoutLine: {'line': b'writing top-level names to ../../build/ugv_sim/ugv_sim.egg-info/top_level.txt\n'}
[5.198873] (ugv_policy) StdoutLine: {'line': b"reading manifest file '../../build/ugv_policy/ugv_policy.egg-info/SOURCES.txt'\n"}
[5.200057] (ugv_policy) StdoutLine: {'line': b"writing manifest file '../../build/ugv_policy/ugv_policy.egg-info/SOURCES.txt'\n"}
[5.200488] (ugv_policy) StdoutLine: {'line': b'running build\n'}
[5.200745] (ugv_policy) StdoutLine: {'line': b'running build_py\n'}
[5.201071] (ugv_policy) StdoutLine: {'line': b'running install\n'}
[5.210730] (ugv_policy) StdoutLine: {'line': b'running install_lib\n'}
[5.218592] (-) TimerEvent: {}
[5.233460] (ugv_sim) StdoutLine: {'line': b"reading manifest file '../../build/ugv_sim/ugv_sim.egg-info/SOURCES.txt'\n"}
[5.234633] (ugv_sim) StdoutLine: {'line': b"writing manifest file '../../build/ugv_sim/ugv_sim.egg-info/SOURCES.txt'\n"}
[5.235019] (ugv_sim) StdoutLine: {'line': b'running build\n'}
[5.235283] (ugv_sim) StdoutLine: {'line': b'running build_py\n'}
[5.235657] (ugv_sim) StdoutLine: {'line': b'running install\n'}
[5.240491] (ugv_policy) StdoutLine: {'line': b'running install_data\n'}
[5.240831] (ugv_policy) StdoutLine: {'line': b'running install_egg_info\n'}
[5.246500] (ugv_sim) StdoutLine: {'line': b'running install_lib\n'}
[5.270957] (ugv_policy) StdoutLine: {'line': b"removing '/home/dannydevss/Escritorio/TESIS/install/ugv_policy/lib/python3.12/site-packages/ugv_policy-0.0.0-py3.12.egg-info' (and everything under it)\n"}
[5.273386] (ugv_policy) StdoutLine: {'line': b'Copying ../../build/ugv_policy/ugv_policy.egg-info to /home/dannydevss/Escritorio/TESIS/install/ugv_policy/lib/python3.12/site-packages/ugv_policy-0.0.0-py3.12.egg-info\n'}
[5.275843] (ugv_policy) StdoutLine: {'line': b'running install_scripts\n'}
[5.279277] (ugv_sim) StdoutLine: {'line': b'running install_data\n'}
[5.279787] (ugv_sim) StdoutLine: {'line': b'running install_egg_info\n'}
[5.318705] (-) TimerEvent: {}
[5.329237] (ugv_sim) StdoutLine: {'line': b"removing '/home/dannydevss/Escritorio/TESIS/install/ugv_sim/lib/python3.12/site-packages/ugv_sim-0.0.0-py3.12.egg-info' (and everything under it)\n"}
[5.331243] (ugv_sim) StdoutLine: {'line': b'Copying ../../build/ugv_sim/ugv_sim.egg-info to /home/dannydevss/Escritorio/TESIS/install/ugv_sim/lib/python3.12/site-packages/ugv_sim-0.0.0-py3.12.egg-info\n'}
[5.332434] (ugv_sim) StdoutLine: {'line': b'running install_scripts\n'}
[5.418828] (-) TimerEvent: {}
[5.519163] (-) TimerEvent: {}
[5.534894] (ugv_policy) StdoutLine: {'line': b'Installing policy_node script to /home/dannydevss/Escritorio/TESIS/install/ugv_policy/lib/ugv_policy\n'}
[5.535818] (ugv_policy) StdoutLine: {'line': b"writing list of installed files to '/home/dannydevss/Escritorio/TESIS/build/ugv_policy/install.log'\n"}
[5.575633] (ugv_sim) StdoutLine: {'line': b'Installing sim_node script to /home/dannydevss/Escritorio/TESIS/install/ugv_sim/lib/ugv_sim\n'}
[5.576362] (ugv_sim) StdoutLine: {'line': b"writing list of installed files to '/home/dannydevss/Escritorio/TESIS/build/ugv_sim/install.log'\n"}
[5.594657] (ugv_policy) CommandEnded: {'returncode': 0}
[5.611414] (ugv_policy) JobEnded: {'identifier': 'ugv_policy', 'rc': 0}
[5.619312] (-) TimerEvent: {}
[5.633253] (ugv_sim) CommandEnded: {'returncode': 0}
[5.646521] (ugv_sim) JobEnded: {'identifier': 'ugv_sim', 'rc': 0}
[5.647820] (-) EventReactorShutdown: {}
