[0.217s] DEBUG:colcon:Command line arguments: ['/usr/bin/colcon', 'build']
[0.217s] DEBUG:colcon:Parsed command line arguments: Namespace(log_base=None, log_level=None, verb_name='build', build_base='build', install_base='install', merge_install=False, symlink_install=False, test_result_base=None, continue_on_error=False, executor='parallel', parallel_workers=4, event_handlers=None, ignore_user_meta=False, metas=['./colcon.meta'], base_paths=['.'], packages_ignore=None, packages_ignore_regex=None, paths=None, packages_up_to=None, packages_up_to_regex=None, packages_above=None, packages_above_and_dependencies=None, packages_above_depth=None, packages_select_by_dep=None, packages_skip_by_dep=None, packages_skip_up_to=None, packages_select_build_failed=False, packages_skip_build_finished=False, packages_select_test_failures=False, packages_skip_test_passed=False, packages_select=None, packages_skip=None, packages_select_regex=None, packages_skip_regex=None, packages_start=None, packages_end=None, allow_overriding=[], cmake_args=None, cmake_target=None, cmake_target_skip_unavailable=False, cmake_clean_cache=False, cmake_clean_first=False, cmake_force_configure=False, ament_cmake_args=None, catkin_cmake_args=None, catkin_skip_building_tests=False, verb_parser=<colcon_defaults.argument_parser.defaults.DefaultArgumentsDecorator object at 0x7feab34f4c80>, verb_extension=<colcon_core.verb.build.BuildVerb object at 0x7feab3ea2240>, main=<bound method BuildVerb.main of <colcon_core.verb.build.BuildVerb object at 0x7feab3ea2240>>)
[0.289s] Level 1:colcon.colcon_core.package_discovery:discover_packages(colcon_meta) check parameters
[0.289s] Level 1:colcon.colcon_core.package_discovery:discover_packages(recursive) check parameters
[0.289s] Level 1:colcon.colcon_core.package_discovery:discover_packages(ignore) check parameters
[0.289s] Level 1:colcon.colcon_core.package_discovery:discover_packages(path) check parameters
[0.289s] Level 1:colcon.colcon_core.package_discovery:discover_packages(colcon_meta) discover
[0.289s] Level 1:colcon.colcon_core.package_discovery:discover_packages(recursive) discover
[0.289s] INFO:colcon.colcon_core.package_discovery:Crawling recursively for packages in '/home/dannydevss/Escritorio/TESIS'
[0.290s] Level 1:colcon.colcon_core.package_identification:_identify(.) by extensions ['ignore', 'ignore_ament_install']
[0.290s] Level 1:colcon.colcon_core.package_identification:_identify(.) by extension 'ignore'
[0.290s] Level 1:colcon.colcon_core.package_identification:_identify(.) by extension 'ignore_ament_install'
[0.290s] Level 1:colcon.colcon_core.package_identification:_identify(.) by extensions ['colcon_pkg']
[0.290s] Level 1:colcon.colcon_core.package_identification:_identify(.) by extension 'colcon_pkg'
[0.290s] Level 1:colcon.colcon_core.package_identification:_identify(.) by extensions ['colcon_meta']
[0.290s] Level 1:colcon.colcon_core.package_identification:_identify(.) by extension 'colcon_meta'
[0.291s] Level 1:colcon.colcon_core.package_identification:_identify(.) by extensions ['ros']
[0.291s] Level 1:colcon.colcon_core.package_identification:_identify(.) by extension 'ros'
[0.341s] Level 1:colcon.colcon_core.package_identification:_identify(.) by extensions ['cmake', 'python']
[0.341s] Level 1:colcon.colcon_core.package_identification:_identify(.) by extension 'cmake'
[0.341s] Level 1:colcon.colcon_core.package_identification:_identify(.) by extension 'python'
[0.341s] Level 1:colcon.colcon_core.package_identification:_identify(.) by extensions ['python_setup_py']
[0.341s] Level 1:colcon.colcon_core.package_identification:_identify(.) by extension 'python_setup_py'
[0.342s] Level 1:colcon.colcon_core.package_identification:_identify(build) by extensions ['ignore', 'ignore_ament_install']
[0.342s] Level 1:colcon.colcon_core.package_identification:_identify(build) by extension 'ignore'
[0.342s] Level 1:colcon.colcon_core.package_identification:_identify(build) ignored
[0.342s] Level 1:colcon.colcon_core.package_identification:_identify(install) by extensions ['ignore', 'ignore_ament_install']
[0.342s] Level 1:colcon.colcon_core.package_identification:_identify(install) by extension 'ignore'
[0.342s] Level 1:colcon.colcon_core.package_identification:_identify(install) ignored
[0.342s] Level 1:colcon.colcon_core.package_identification:_identify(log) by extensions ['ignore', 'ignore_ament_install']
[0.343s] Level 1:colcon.colcon_core.package_identification:_identify(log) by extension 'ignore'
[0.343s] Level 1:colcon.colcon_core.package_identification:_identify(log) ignored
[0.343s] Level 1:colcon.colcon_core.package_identification:_identify(src) by extensions ['ignore', 'ignore_ament_install']
[0.343s] Level 1:colcon.colcon_core.package_identification:_identify(src) by extension 'ignore'
[0.344s] Level 1:colcon.colcon_core.package_identification:_identify(src) by extension 'ignore_ament_install'
[0.344s] Level 1:colcon.colcon_core.package_identification:_identify(src) by extensions ['colcon_pkg']
[0.344s] Level 1:colcon.colcon_core.package_identification:_identify(src) by extension 'colcon_pkg'
[0.344s] Level 1:colcon.colcon_core.package_identification:_identify(src) by extensions ['colcon_meta']
[0.344s] Level 1:colcon.colcon_core.package_identification:_identify(src) by extension 'colcon_meta'
[0.344s] Level 1:colcon.colcon_core.package_identification:_identify(src) by extensions ['ros']
[0.344s] Level 1:colcon.colcon_core.package_identification:_identify(src) by extension 'ros'
[0.344s] Level 1:colcon.colcon_core.package_identification:_identify(src) by extensions ['cmake', 'python']
[0.344s] Level 1:colcon.colcon_core.package_identification:_identify(src) by extension 'cmake'
[0.344s] Level 1:colcon.colcon_core.package_identification:_identify(src) by extension 'python'
[0.344s] Level 1:colcon.colcon_core.package_identification:_identify(src) by extensions ['python_setup_py']
[0.344s] Level 1:colcon.colcon_core.package_identification:_identify(src) by extension 'python_setup_py'
[0.345s] Level 1:colcon.colcon_core.package_identification:_identify(src/ugv_bridge) by extensions ['ignore', 'ignore_ament_install']
[0.345s] Level 1:colcon.colcon_core.package_identification:_identify(src/ugv_bridge) by extension 'ignore'
[0.345s] Level 1:colcon.colcon_core.package_identification:_identify(src/ugv_bridge) by extension 'ignore_ament_install'
[0.345s] Level 1:colcon.colcon_core.package_identification:_identify(src/ugv_bridge) by extensions ['colcon_pkg']
[0.345s] Level 1:colcon.colcon_core.package_identification:_identify(src/ugv_bridge) by extension 'colcon_pkg'
[0.345s] Level 1:colcon.colcon_core.package_identification:_identify(src/ugv_bridge) by extensions ['colcon_meta']
[0.346s] Level 1:colcon.colcon_core.package_identification:_identify(src/ugv_bridge) by extension 'colcon_meta'
[0.346s] Level 1:colcon.colcon_core.package_identification:_identify(src/ugv_bridge) by extensions ['ros']
[0.346s] Level 1:colcon.colcon_core.package_identification:_identify(src/ugv_bridge) by extension 'ros'
[0.350s] DEBUG:colcon.colcon_core.package_identification:Package 'src/ugv_bridge' with type 'ros.ament_python' and name 'ugv_bridge'
[0.351s] Level 1:colcon.colcon_core.package_identification:_identify(src/ugv_core) by extensions ['ignore', 'ignore_ament_install']
[0.351s] Level 1:colcon.colcon_core.package_identification:_identify(src/ugv_core) by extension 'ignore'
[0.351s] Level 1:colcon.colcon_core.package_identification:_identify(src/ugv_core) by extension 'ignore_ament_install'
[0.351s] Level 1:colcon.colcon_core.package_identification:_identify(src/ugv_core) by extensions ['colcon_pkg']
[0.351s] Level 1:colcon.colcon_core.package_identification:_identify(src/ugv_core) by extension 'colcon_pkg'
[0.351s] Level 1:colcon.colcon_core.package_identification:_identify(src/ugv_core) by extensions ['colcon_meta']
[0.351s] Level 1:colcon.colcon_core.package_identification:_identify(src/ugv_core) by extension 'colcon_meta'
[0.351s] Level 1:colcon.colcon_core.package_identification:_identify(src/ugv_core) by extensions ['ros']
[0.352s] Level 1:colcon.colcon_core.package_identification:_identify(src/ugv_core) by extension 'ros'
[0.352s] DEBUG:colcon.colcon_core.package_identification:Package 'src/ugv_core' with type 'ros.ament_python' and name 'ugv_core'
[0.352s] Level 1:colcon.colcon_core.package_identification:_identify(src/ugv_gcs) by extensions ['ignore', 'ignore_ament_install']
[0.353s] Level 1:colcon.colcon_core.package_identification:_identify(src/ugv_gcs) by extension 'ignore'
[0.353s] Level 1:colcon.colcon_core.package_identification:_identify(src/ugv_gcs) by extension 'ignore_ament_install'
[0.353s] Level 1:colcon.colcon_core.package_identification:_identify(src/ugv_gcs) by extensions ['colcon_pkg']
[0.353s] Level 1:colcon.colcon_core.package_identification:_identify(src/ugv_gcs) by extension 'colcon_pkg'
[0.353s] Level 1:colcon.colcon_core.package_identification:_identify(src/ugv_gcs) by extensions ['colcon_meta']
[0.353s] Level 1:colcon.colcon_core.package_identification:_identify(src/ugv_gcs) by extension 'colcon_meta'
[0.353s] Level 1:colcon.colcon_core.package_identification:_identify(src/ugv_gcs) by extensions ['ros']
[0.353s] Level 1:colcon.colcon_core.package_identification:_identify(src/ugv_gcs) by extension 'ros'
[0.355s] DEBUG:colcon.colcon_core.package_identification:Package 'src/ugv_gcs' with type 'ros.ament_python' and name 'ugv_gcs'
[0.355s] Level 1:colcon.colcon_core.package_identification:_identify(src/ugv_msgs) by extensions ['ignore', 'ignore_ament_install']
[0.355s] Level 1:colcon.colcon_core.package_identification:_identify(src/ugv_msgs) by extension 'ignore'
[0.355s] Level 1:colcon.colcon_core.package_identification:_identify(src/ugv_msgs) ignored
[0.355s] Level 1:colcon.colcon_core.package_identification:_identify(src/ugv_policy) by extensions ['ignore', 'ignore_ament_install']
[0.355s] Level 1:colcon.colcon_core.package_identification:_identify(src/ugv_policy) by extension 'ignore'
[0.355s] Level 1:colcon.colcon_core.package_identification:_identify(src/ugv_policy) by extension 'ignore_ament_install'
[0.355s] Level 1:colcon.colcon_core.package_identification:_identify(src/ugv_policy) by extensions ['colcon_pkg']
[0.356s] Level 1:colcon.colcon_core.package_identification:_identify(src/ugv_policy) by extension 'colcon_pkg'
[0.356s] Level 1:colcon.colcon_core.package_identification:_identify(src/ugv_policy) by extensions ['colcon_meta']
[0.356s] Level 1:colcon.colcon_core.package_identification:_identify(src/ugv_policy) by extension 'colcon_meta'
[0.356s] Level 1:colcon.colcon_core.package_identification:_identify(src/ugv_policy) by extensions ['ros']
[0.356s] Level 1:colcon.colcon_core.package_identification:_identify(src/ugv_policy) by extension 'ros'
[0.357s] DEBUG:colcon.colcon_core.package_identification:Package 'src/ugv_policy' with type 'ros.ament_python' and name 'ugv_policy'
[0.357s] Level 1:colcon.colcon_core.package_identification:_identify(src/ugv_sim) by extensions ['ignore', 'ignore_ament_install']
[0.358s] Level 1:colcon.colcon_core.package_identification:_identify(src/ugv_sim) by extension 'ignore'
[0.358s] Level 1:colcon.colcon_core.package_identification:_identify(src/ugv_sim) by extension 'ignore_ament_install'
[0.358s] Level 1:colcon.colcon_core.package_identification:_identify(src/ugv_sim) by extensions ['colcon_pkg']
[0.358s] Level 1:colcon.colcon_core.package_identification:_identify(src/ugv_sim) by extension 'colcon_pkg'
[0.358s] Level 1:colcon.colcon_core.package_identification:_identify(src/ugv_sim) by extensions ['colcon_meta']
[0.358s] Level 1:colcon.colcon_core.package_identification:_identify(src/ugv_sim) by extension 'colcon_meta'
[0.358s] Level 1:colcon.colcon_core.package_identification:_identify(src/ugv_sim) by extensions ['ros']
[0.358s] Level 1:colcon.colcon_core.package_identification:_identify(src/ugv_sim) by extension 'ros'
[0.359s] DEBUG:colcon.colcon_core.package_identification:Package 'src/ugv_sim' with type 'ros.ament_python' and name 'ugv_sim'
[0.359s] Level 1:colcon.colcon_core.package_discovery:discover_packages(recursive) using defaults
[0.359s] Level 1:colcon.colcon_core.package_discovery:discover_packages(ignore) discover
[0.360s] Level 1:colcon.colcon_core.package_discovery:discover_packages(ignore) using defaults
[0.360s] Level 1:colcon.colcon_core.package_discovery:discover_packages(path) discover
[0.360s] Level 1:colcon.colcon_core.package_discovery:discover_packages(path) using defaults
[0.397s] Level 1:colcon.colcon_core.package_discovery:discover_packages(prefix_path) check parameters
[0.398s] Level 1:colcon.colcon_core.package_discovery:discover_packages(prefix_path) discover
[0.401s] DEBUG:colcon.colcon_installed_package_information.package_discovery:Found 291 installed packages in /opt/ros/jazzy
[0.402s] Level 1:colcon.colcon_core.package_discovery:discover_packages(prefix_path) using defaults
[0.473s] Level 5:colcon.colcon_core.verb:set package 'ugv_bridge' build argument 'cmake_args' from command line to 'None'
[0.473s] Level 5:colcon.colcon_core.verb:set package 'ugv_bridge' build argument 'cmake_target' from command line to 'None'
[0.473s] Level 5:colcon.colcon_core.verb:set package 'ugv_bridge' build argument 'cmake_target_skip_unavailable' from command line to 'False'
[0.473s] Level 5:colcon.colcon_core.verb:set package 'ugv_bridge' build argument 'cmake_clean_cache' from command line to 'False'
[0.473s] Level 5:colcon.colcon_core.verb:set package 'ugv_bridge' build argument 'cmake_clean_first' from command line to 'False'
[0.473s] Level 5:colcon.colcon_core.verb:set package 'ugv_bridge' build argument 'cmake_force_configure' from command line to 'False'
[0.473s] Level 5:colcon.colcon_core.verb:set package 'ugv_bridge' build argument 'ament_cmake_args' from command line to 'None'
[0.473s] Level 5:colcon.colcon_core.verb:set package 'ugv_bridge' build argument 'catkin_cmake_args' from command line to 'None'
[0.473s] Level 5:colcon.colcon_core.verb:set package 'ugv_bridge' build argument 'catkin_skip_building_tests' from command line to 'False'
[0.473s] DEBUG:colcon.colcon_core.verb:Building package 'ugv_bridge' with the following arguments: {'ament_cmake_args': None, 'build_base': '/home/dannydevss/Escritorio/TESIS/build/ugv_bridge', 'catkin_cmake_args': None, 'catkin_skip_building_tests': False, 'cmake_args': None, 'cmake_clean_cache': False, 'cmake_clean_first': False, 'cmake_force_configure': False, 'cmake_target': None, 'cmake_target_skip_unavailable': False, 'install_base': '/home/dannydevss/Escritorio/TESIS/install/ugv_bridge', 'merge_install': False, 'path': '/home/dannydevss/Escritorio/TESIS/src/ugv_bridge', 'symlink_install': False, 'test_result_base': None}
[0.474s] Level 5:colcon.colcon_core.verb:set package 'ugv_core' build argument 'cmake_args' from command line to 'None'
[0.474s] Level 5:colcon.colcon_core.verb:set package 'ugv_core' build argument 'cmake_target' from command line to 'None'
[0.474s] Level 5:colcon.colcon_core.verb:set package 'ugv_core' build argument 'cmake_target_skip_unavailable' from command line to 'False'
[0.474s] Level 5:colcon.colcon_core.verb:set package 'ugv_core' build argument 'cmake_clean_cache' from command line to 'False'
[0.474s] Level 5:colcon.colcon_core.verb:set package 'ugv_core' build argument 'cmake_clean_first' from command line to 'False'
[0.474s] Level 5:colcon.colcon_core.verb:set package 'ugv_core' build argument 'cmake_force_configure' from command line to 'False'
[0.474s] Level 5:colcon.colcon_core.verb:set package 'ugv_core' build argument 'ament_cmake_args' from command line to 'None'
[0.474s] Level 5:colcon.colcon_core.verb:set package 'ugv_core' build argument 'catkin_cmake_args' from command line to 'None'
[0.474s] Level 5:colcon.colcon_core.verb:set package 'ugv_core' build argument 'catkin_skip_building_tests' from command line to 'False'
[0.474s] DEBUG:colcon.colcon_core.verb:Building package 'ugv_core' with the following arguments: {'ament_cmake_args': None, 'build_base': '/home/dannydevss/Escritorio/TESIS/build/ugv_core', 'catkin_cmake_args': None, 'catkin_skip_building_tests': False, 'cmake_args': None, 'cmake_clean_cache': False, 'cmake_clean_first': False, 'cmake_force_configure': False, 'cmake_target': None, 'cmake_target_skip_unavailable': False, 'install_base': '/home/dannydevss/Escritorio/TESIS/install/ugv_core', 'merge_install': False, 'path': '/home/dannydevss/Escritorio/TESIS/src/ugv_core', 'symlink_install': False, 'test_result_base': None}
[0.475s] Level 5:colcon.colcon_core.verb:set package 'ugv_gcs' build argument 'cmake_args' from command line to 'None'
[0.475s] Level 5:colcon.colcon_core.verb:set package 'ugv_gcs' build argument 'cmake_target' from command line to 'None'
[0.475s] Level 5:colcon.colcon_core.verb:set package 'ugv_gcs' build argument 'cmake_target_skip_unavailable' from command line to 'False'
[0.475s] Level 5:colcon.colcon_core.verb:set package 'ugv_gcs' build argument 'cmake_clean_cache' from command line to 'False'
[0.475s] Level 5:colcon.colcon_core.verb:set package 'ugv_gcs' build argument 'cmake_clean_first' from command line to 'False'
[0.475s] Level 5:colcon.colcon_core.verb:set package 'ugv_gcs' build argument 'cmake_force_configure' from command line to 'False'
[0.475s] Level 5:colcon.colcon_core.verb:set package 'ugv_gcs' build argument 'ament_cmake_args' from command line to 'None'
[0.475s] Level 5:colcon.colcon_core.verb:set package 'ugv_gcs' build argument 'catkin_cmake_args' from command line to 'None'
[0.475s] Level 5:colcon.colcon_core.verb:set package 'ugv_gcs' build argument 'catkin_skip_building_tests' from command line to 'False'
[0.475s] DEBUG:colcon.colcon_core.verb:Building package 'ugv_gcs' with the following arguments: {'ament_cmake_args': None, 'build_base': '/home/dannydevss/Escritorio/TESIS/build/ugv_gcs', 'catkin_cmake_args': None, 'catkin_skip_building_tests': False, 'cmake_args': None, 'cmake_clean_cache': False, 'cmake_clean_first': False, 'cmake_force_configure': False, 'cmake_target': None, 'cmake_target_skip_unavailable': False, 'install_base': '/home/dannydevss/Escritorio/TESIS/install/ugv_gcs', 'merge_install': False, 'path': '/home/dannydevss/Escritorio/TESIS/src/ugv_gcs', 'symlink_install': False, 'test_result_base': None}
[0.475s] Level 5:colcon.colcon_core.verb:set package 'ugv_policy' build argument 'cmake_args' from command line to 'None'
[0.475s] Level 5:colcon.colcon_core.verb:set package 'ugv_policy' build argument 'cmake_target' from command line to 'None'
[0.475s] Level 5:colcon.colcon_core.verb:set package 'ugv_policy' build argument 'cmake_target_skip_unavailable' from command line to 'False'
[0.475s] Level 5:colcon.colcon_core.verb:set package 'ugv_policy' build argument 'cmake_clean_cache' from command line to 'False'
[0.476s] Level 5:colcon.colcon_core.verb:set package 'ugv_policy' build argument 'cmake_clean_first' from command line to 'False'
[0.476s] Level 5:colcon.colcon_core.verb:set package 'ugv_policy' build argument 'cmake_force_configure' from command line to 'False'
[0.476s] Level 5:colcon.colcon_core.verb:set package 'ugv_policy' build argument 'ament_cmake_args' from command line to 'None'
[0.476s] Level 5:colcon.colcon_core.verb:set package 'ugv_policy' build argument 'catkin_cmake_args' from command line to 'None'
[0.476s] Level 5:colcon.colcon_core.verb:set package 'ugv_policy' build argument 'catkin_skip_building_tests' from command line to 'False'
[0.476s] DEBUG:colcon.colcon_core.verb:Building package 'ugv_policy' with the following arguments: {'ament_cmake_args': None, 'build_base': '/home/dannydevss/Escritorio/TESIS/build/ugv_policy', 'catkin_cmake_args': None, 'catkin_skip_building_tests': False, 'cmake_args': None, 'cmake_clean_cache': False, 'cmake_clean_first': False, 'cmake_force_configure': False, 'cmake_target': None, 'cmake_target_skip_unavailable': False, 'install_base': '/home/dannydevss/Escritorio/TESIS/install/ugv_policy', 'merge_install': False, 'path': '/home/dannydevss/Escritorio/TESIS/src/ugv_policy', 'symlink_install': False, 'test_result_base': None}
[0.476s] Level 5:colcon.colcon_core.verb:set package 'ugv_sim' build argument 'cmake_args' from command line to 'None'
[0.476s] Level 5:colcon.colcon_core.verb:set package 'ugv_sim' build argument 'cmake_target' from command line to 'None'
[0.476s] Level 5:colcon.colcon_core.verb:set package 'ugv_sim' build argument 'cmake_target_skip_unavailable' from command line to 'False'
[0.476s] Level 5:colcon.colcon_core.verb:set package 'ugv_sim' build argument 'cmake_clean_cache' from command line to 'False'
[0.476s] Level 5:colcon.colcon_core.verb:set package 'ugv_sim' build argument 'cmake_clean_first' from command line to 'False'
[0.476s] Level 5:colcon.colcon_core.verb:set package 'ugv_sim' build argument 'cmake_force_configure' from command line to 'False'
[0.476s] Level 5:colcon.colcon_core.verb:set package 'ugv_sim' build argument 'ament_cmake_args' from command line to 'None'
[0.476s] Level 5:colcon.colcon_core.verb:set package 'ugv_sim' build argument 'catkin_cmake_args' from command line to 'None'
[0.476s] Level 5:colcon.colcon_core.verb:set package 'ugv_sim' build argument 'catkin_skip_building_tests' from command line to 'False'
[0.477s] DEBUG:colcon.colcon_core.verb:Building package 'ugv_sim' with the following arguments: {'ament_cmake_args': None, 'build_base': '/home/dannydevss/Escritorio/TESIS/build/ugv_sim', 'catkin_cmake_args': None, 'catkin_skip_building_tests': False, 'cmake_args': None, 'cmake_clean_cache': False, 'cmake_clean_first': False, 'cmake_force_configure': False, 'cmake_target': None, 'cmake_target_skip_unavailable': False, 'install_base': '/home/dannydevss/Escritorio/TESIS/install/ugv_sim', 'merge_install': False, 'path': '/home/dannydevss/Escritorio/TESIS/src/ugv_sim', 'symlink_install': False, 'test_result_base': None}
[0.477s] INFO:colcon.colcon_core.executor:Executing jobs using 'parallel' executor
[0.478s] DEBUG:colcon.colcon_parallel_executor.executor.parallel:run_until_complete
[0.478s] INFO:colcon.colcon_ros.task.ament_python.build:Building ROS package in '/home/dannydevss/Escritorio/TESIS/src/ugv_core' with build type 'ament_python'
[0.478s] Level 1:colcon.colcon_core.shell:create_environment_hook('ugv_core', 'ament_prefix_path')
[0.482s] INFO:colcon.colcon_core.plugin_system:Skipping extension 'colcon_core.shell.bat': Not used on non-Windows systems
[0.483s] INFO:colcon.colcon_core.shell:Creating environment hook '/home/dannydevss/Escritorio/TESIS/install/ugv_core/share/ugv_core/hook/ament_prefix_path.ps1'
[0.484s] INFO:colcon.colcon_core.shell:Creating environment descriptor '/home/dannydevss/Escritorio/TESIS/install/ugv_core/share/ugv_core/hook/ament_prefix_path.dsv'
[0.485s] INFO:colcon.colcon_core.shell:Creating environment hook '/home/dannydevss/Escritorio/TESIS/install/ugv_core/share/ugv_core/hook/ament_prefix_path.sh'
[0.486s] INFO:colcon.colcon_core.shell:Skip shell extension 'powershell' for command environment: Not usable outside of PowerShell
[0.486s] DEBUG:colcon.colcon_core.shell:Skip shell extension 'dsv' for command environment
[0.491s] INFO:colcon.colcon_ros.task.ament_python.build:Building ROS package in '/home/dannydevss/Escritorio/TESIS/src/ugv_bridge' with build type 'ament_python'
[0.491s] Level 1:colcon.colcon_core.shell:create_environment_hook('ugv_bridge', 'ament_prefix_path')
[0.491s] INFO:colcon.colcon_core.shell:Creating environment hook '/home/dannydevss/Escritorio/TESIS/install/ugv_bridge/share/ugv_bridge/hook/ament_prefix_path.ps1'
[0.492s] INFO:colcon.colcon_core.shell:Creating environment descriptor '/home/dannydevss/Escritorio/TESIS/install/ugv_bridge/share/ugv_bridge/hook/ament_prefix_path.dsv'
[0.493s] INFO:colcon.colcon_core.shell:Creating environment hook '/home/dannydevss/Escritorio/TESIS/install/ugv_bridge/share/ugv_bridge/hook/ament_prefix_path.sh'
[0.494s] INFO:colcon.colcon_core.shell:Skip shell extension 'powershell' for command environment: Not usable outside of PowerShell
[0.494s] DEBUG:colcon.colcon_core.shell:Skip shell extension 'dsv' for command environment
[0.498s] INFO:colcon.colcon_ros.task.ament_python.build:Building ROS package in '/home/dannydevss/Escritorio/TESIS/src/ugv_gcs' with build type 'ament_python'
[0.499s] Level 1:colcon.colcon_core.shell:create_environment_hook('ugv_gcs', 'ament_prefix_path')
[0.499s] INFO:colcon.colcon_core.shell:Creating environment hook '/home/dannydevss/Escritorio/TESIS/install/ugv_gcs/share/ugv_gcs/hook/ament_prefix_path.ps1'
[0.500s] INFO:colcon.colcon_core.shell:Creating environment descriptor '/home/dannydevss/Escritorio/TESIS/install/ugv_gcs/share/ugv_gcs/hook/ament_prefix_path.dsv'
[0.501s] INFO:colcon.colcon_core.shell:Creating environment hook '/home/dannydevss/Escritorio/TESIS/install/ugv_gcs/share/ugv_gcs/hook/ament_prefix_path.sh'
[0.502s] INFO:colcon.colcon_core.shell:Skip shell extension 'powershell' for command environment: Not usable outside of PowerShell
[0.502s] DEBUG:colcon.colcon_core.shell:Skip shell extension 'dsv' for command environment
[0.825s] INFO:colcon.colcon_core.task.python.build:Building Python package in '/home/dannydevss/Escritorio/TESIS/src/ugv_core'
[0.826s] INFO:colcon.colcon_core.shell:Skip shell extension 'powershell' for command environment: Not usable outside of PowerShell
[0.826s] DEBUG:colcon.colcon_core.shell:Skip shell extension 'dsv' for command environment
[1.154s] INFO:colcon.colcon_core.task.python.build:Building Python package in '/home/dannydevss/Escritorio/TESIS/src/ugv_bridge'
[1.155s] INFO:colcon.colcon_core.shell:Skip shell extension 'powershell' for command environment: Not usable outside of PowerShell
[1.155s] DEBUG:colcon.colcon_core.shell:Skip shell extension 'dsv' for command environment
[1.496s] INFO:colcon.colcon_core.task.python.build:Building Python package in '/home/dannydevss/Escritorio/TESIS/src/ugv_gcs'
[1.496s] INFO:colcon.colcon_core.shell:Skip shell extension 'powershell' for command environment: Not usable outside of PowerShell
[1.496s] DEBUG:colcon.colcon_core.shell:Skip shell extension 'dsv' for command environment
[2.446s] DEBUG:colcon.colcon_core.task.python.build:Available setuptools commands: upload, setopt, easy_install, build, install, build_ext, upload_docs, install_egg_info, build_clib, install_lib, install_headers, develop, check, egg_info, clean, install_data, build_py, bdist_dumb, test, symlink_data, bdist_egg, sdist, build_scripts, editable_wheel, bdist, register, alias, install_scripts, rotate, dist_info, saveopts, bdist_rpm
[2.451s] DEBUG:colcon.colcon_core.event_handler.log_command:Invoking command in '/home/dannydevss/Escritorio/TESIS/src/ugv_core': DEBUGINFOD_URLS=https://debuginfod.archlinux.org https://debuginfod.cachyos.org PYTHONPATH=/home/dannydevss/Escritorio/TESIS/build/ugv_core/prefix_override:/usr/lib/python3/dist-packages/colcon_core/task/python/colcon_distutils_commands:/home/dannydevss/Escritorio/TESIS/install/ugv_core/lib/python3.12/site-packages:${PYTHONPATH} /usr/bin/python3 -W ignore:setup.py install is deprecated -W ignore:easy_install command is deprecated setup.py egg_info --egg-base ../../build/ugv_core build --build-base /home/dannydevss/Escritorio/TESIS/build/ugv_core/build install --record /home/dannydevss/Escritorio/TESIS/build/ugv_core/install.log --install-scripts $base/lib/ugv_core --single-version-externally-managed install_data
[2.831s] DEBUG:colcon.colcon_core.task.python.build:Available setuptools commands: upload, setopt, easy_install, build, install, build_ext, upload_docs, install_egg_info, build_clib, install_lib, install_headers, develop, check, egg_info, clean, install_data, build_py, bdist_dumb, test, symlink_data, bdist_egg, sdist, build_scripts, editable_wheel, bdist, register, alias, install_scripts, rotate, dist_info, saveopts, bdist_rpm
[2.836s] DEBUG:colcon.colcon_core.event_handler.log_command:Invoking command in '/home/dannydevss/Escritorio/TESIS/src/ugv_gcs': DEBUGINFOD_URLS=https://debuginfod.archlinux.org https://debuginfod.cachyos.org PYTHONPATH=/home/dannydevss/Escritorio/TESIS/build/ugv_gcs/prefix_override:/usr/lib/python3/dist-packages/colcon_core/task/python/colcon_distutils_commands:/home/dannydevss/Escritorio/TESIS/install/ugv_gcs/lib/python3.12/site-packages:${PYTHONPATH} /usr/bin/python3 -W ignore:setup.py install is deprecated -W ignore:easy_install command is deprecated setup.py egg_info --egg-base ../../build/ugv_gcs build --build-base /home/dannydevss/Escritorio/TESIS/build/ugv_gcs/build install --record /home/dannydevss/Escritorio/TESIS/build/ugv_gcs/install.log --install-scripts $base/lib/ugv_gcs --single-version-externally-managed install_data
[2.896s] DEBUG:colcon.colcon_core.task.python.build:Available setuptools commands: upload, setopt, easy_install, build, install, build_ext, upload_docs, install_egg_info, build_clib, install_lib, install_headers, develop, check, egg_info, clean, install_data, build_py, bdist_dumb, test, symlink_data, bdist_egg, sdist, build_scripts, editable_wheel, bdist, register, alias, install_scripts, rotate, dist_info, saveopts, bdist_rpm
[2.903s] DEBUG:colcon.colcon_core.event_handler.log_command:Invoking command in '/home/dannydevss/Escritorio/TESIS/src/ugv_bridge': DEBUGINFOD_URLS=https://debuginfod.archlinux.org https://debuginfod.cachyos.org PYTHONPATH=/home/dannydevss/Escritorio/TESIS/build/ugv_bridge/prefix_override:/usr/lib/python3/dist-packages/colcon_core/task/python/colcon_distutils_commands:/home/dannydevss/Escritorio/TESIS/install/ugv_bridge/lib/python3.12/site-packages:${PYTHONPATH} /usr/bin/python3 -W ignore:setup.py install is deprecated -W ignore:easy_install command is deprecated setup.py egg_info --egg-base ../../build/ugv_bridge build --build-base /home/dannydevss/Escritorio/TESIS/build/ugv_bridge/build install --record /home/dannydevss/Escritorio/TESIS/build/ugv_bridge/install.log --install-scripts $base/lib/ugv_bridge --single-version-externally-managed install_data
[3.503s] DEBUG:colcon.colcon_core.event_handler.log_command:Invoked command in '/home/dannydevss/Escritorio/TESIS/src/ugv_core' returned '0': DEBUGINFOD_URLS=https://debuginfod.archlinux.org https://debuginfod.cachyos.org PYTHONPATH=/home/dannydevss/Escritorio/TESIS/build/ugv_core/prefix_override:/usr/lib/python3/dist-packages/colcon_core/task/python/colcon_distutils_commands:/home/dannydevss/Escritorio/TESIS/install/ugv_core/lib/python3.12/site-packages:${PYTHONPATH} /usr/bin/python3 -W ignore:setup.py install is deprecated -W ignore:easy_install command is deprecated setup.py egg_info --egg-base ../../build/ugv_core build --build-base /home/dannydevss/Escritorio/TESIS/build/ugv_core/build install --record /home/dannydevss/Escritorio/TESIS/build/ugv_core/install.log --install-scripts $base/lib/ugv_core --single-version-externally-managed install_data
[3.508s] Level 1:colcon.colcon_core.environment:checking '/home/dannydevss/Escritorio/TESIS/install/ugv_core' for CMake module files
[3.508s] Level 1:colcon.colcon_core.environment:checking '/home/dannydevss/Escritorio/TESIS/install/ugv_core' for CMake config files
[3.509s] Level 1:colcon.colcon_core.environment:checking '/home/dannydevss/Escritorio/TESIS/install/ugv_core/lib'
[3.510s] Level 1:colcon.colcon_core.environment:checking '/home/dannydevss/Escritorio/TESIS/install/ugv_core/bin'
[3.510s] Level 1:colcon.colcon_core.environment:checking '/home/dannydevss/Escritorio/TESIS/install/ugv_core/lib/pkgconfig/ugv_core.pc'
[3.510s] Level 1:colcon.colcon_core.environment:checking '/home/dannydevss/Escritorio/TESIS/install/ugv_core/lib/python3.12/site-packages'
[3.510s] Level 1:colcon.colcon_core.shell:create_environment_hook('ugv_core', 'pythonpath')
[3.511s] INFO:colcon.colcon_core.shell:Creating environment hook '/home/dannydevss/Escritorio/TESIS/install/ugv_core/share/ugv_core/hook/pythonpath.ps1'
[3.512s] INFO:colcon.colcon_core.shell:Creating environment descriptor '/home/dannydevss/Escritorio/TESIS/install/ugv_core/share/ugv_core/hook/pythonpath.dsv'
[3.513s] INFO:colcon.colcon_core.shell:Creating environment hook '/home/dannydevss/Escritorio/TESIS/install/ugv_core/share/ugv_core/hook/pythonpath.sh'
[3.514s] Level 1:colcon.colcon_core.environment:checking '/home/dannydevss/Escritorio/TESIS/install/ugv_core/bin'
[3.515s] Level 1:colcon.colcon_core.environment:create_environment_scripts_only(ugv_core)
[3.515s] INFO:colcon.colcon_core.shell:Creating package script '/home/dannydevss/Escritorio/TESIS/install/ugv_core/share/ugv_core/package.ps1'
[3.517s] INFO:colcon.colcon_core.shell:Creating package descriptor '/home/dannydevss/Escritorio/TESIS/install/ugv_core/share/ugv_core/package.dsv'
[3.518s] INFO:colcon.colcon_core.shell:Creating package script '/home/dannydevss/Escritorio/TESIS/install/ugv_core/share/ugv_core/package.sh'
[3.519s] INFO:colcon.colcon_core.shell:Creating package script '/home/dannydevss/Escritorio/TESIS/install/ugv_core/share/ugv_core/package.bash'
[3.520s] INFO:colcon.colcon_core.shell:Creating package script '/home/dannydevss/Escritorio/TESIS/install/ugv_core/share/ugv_core/package.zsh'
[3.521s] Level 1:colcon.colcon_core.environment:create_file_with_runtime_dependencies(/home/dannydevss/Escritorio/TESIS/install/ugv_core/share/colcon-core/packages/ugv_core)
[3.522s] INFO:colcon.colcon_ros.task.ament_python.build:Building ROS package in '/home/dannydevss/Escritorio/TESIS/src/ugv_policy' with build type 'ament_python'
[3.522s] Level 1:colcon.colcon_core.shell:create_environment_hook('ugv_policy', 'ament_prefix_path')
[3.523s] INFO:colcon.colcon_core.shell:Creating environment hook '/home/dannydevss/Escritorio/TESIS/install/ugv_policy/share/ugv_policy/hook/ament_prefix_path.ps1'
[3.525s] INFO:colcon.colcon_core.shell:Creating environment descriptor '/home/dannydevss/Escritorio/TESIS/install/ugv_policy/share/ugv_policy/hook/ament_prefix_path.dsv'
[3.525s] INFO:colcon.colcon_core.shell:Creating environment hook '/home/dannydevss/Escritorio/TESIS/install/ugv_policy/share/ugv_policy/hook/ament_prefix_path.sh'
[3.526s] INFO:colcon.colcon_core.shell:Skip shell extension 'powershell' for command environment: Not usable outside of PowerShell
[3.527s] DEBUG:colcon.colcon_core.shell:Skip shell extension 'dsv' for command environment
[3.531s] INFO:colcon.colcon_ros.task.ament_python.build:Building ROS package in '/home/dannydevss/Escritorio/TESIS/src/ugv_sim' with build type 'ament_python'
[3.531s] Level 1:colcon.colcon_core.shell:create_environment_hook('ugv_sim', 'ament_prefix_path')
[3.532s] INFO:colcon.colcon_core.shell:Creating environment hook '/home/dannydevss/Escritorio/TESIS/install/ugv_sim/share/ugv_sim/hook/ament_prefix_path.ps1'
[3.533s] INFO:colcon.colcon_core.shell:Creating environment descriptor '/home/dannydevss/Escritorio/TESIS/install/ugv_sim/share/ugv_sim/hook/ament_prefix_path.dsv'
[3.534s] INFO:colcon.colcon_core.shell:Creating environment hook '/home/dannydevss/Escritorio/TESIS/install/ugv_sim/share/ugv_sim/hook/ament_prefix_path.sh'
[3.535s] INFO:colcon.colcon_core.shell:Skip shell extension 'powershell' for command environment: Not usable outside of PowerShell
[3.536s] DEBUG:colcon.colcon_core.shell:Skip shell extension 'dsv' for command environment
[3.990s] INFO:colcon.colcon_core.task.python.build:Building Python package in '/home/dannydevss/Escritorio/TESIS/src/ugv_policy'
[3.991s] INFO:colcon.colcon_core.shell:Skip shell extension 'powershell' for command environment: Not usable outside of PowerShell
[3.991s] DEBUG:colcon.colcon_core.shell:Skip shell extension 'dsv' for command environment
[4.479s] INFO:colcon.colcon_core.task.python.build:Building Python package in '/home/dannydevss/Escritorio/TESIS/src/ugv_sim'
[4.479s] INFO:colcon.colcon_core.shell:Skip shell extension 'powershell' for command environment: Not usable outside of PowerShell
[4.479s] DEBUG:colcon.colcon_core.shell:Skip shell extension 'dsv' for command environment
[4.484s] Level 1:colcon.colcon_core.environment:checking '/home/dannydevss/Escritorio/TESIS/install/ugv_gcs' for CMake module files
[4.486s] DEBUG:colcon.colcon_core.event_handler.log_command:Invoked command in '/home/dannydevss/Escritorio/TESIS/src/ugv_gcs' returned '0': DEBUGINFOD_URLS=https://debuginfod.archlinux.org https://debuginfod.cachyos.org PYTHONPATH=/home/dannydevss/Escritorio/TESIS/build/ugv_gcs/prefix_override:/usr/lib/python3/dist-packages/colcon_core/task/python/colcon_distutils_commands:/home/dannydevss/Escritorio/TESIS/install/ugv_gcs/lib/python3.12/site-packages:${PYTHONPATH} /usr/bin/python3 -W ignore:setup.py install is deprecated -W ignore:easy_install command is deprecated setup.py egg_info --egg-base ../../build/ugv_gcs build --build-base /home/dannydevss/Escritorio/TESIS/build/ugv_gcs/build install --record /home/dannydevss/Escritorio/TESIS/build/ugv_gcs/install.log --install-scripts $base/lib/ugv_gcs --single-version-externally-managed install_data
[4.486s] Level 1:colcon.colcon_core.environment:checking '/home/dannydevss/Escritorio/TESIS/install/ugv_gcs' for CMake config files
[4.488s] Level 1:colcon.colcon_core.environment:checking '/home/dannydevss/Escritorio/TESIS/install/ugv_gcs/lib'
[4.488s] Level 1:colcon.colcon_core.environment:checking '/home/dannydevss/Escritorio/TESIS/install/ugv_gcs/bin'
[4.488s] Level 1:colcon.colcon_core.environment:checking '/home/dannydevss/Escritorio/TESIS/install/ugv_gcs/lib/pkgconfig/ugv_gcs.pc'
[4.488s] Level 1:colcon.colcon_core.environment:checking '/home/dannydevss/Escritorio/TESIS/install/ugv_gcs/lib/python3.12/site-packages'
[4.489s] Level 1:colcon.colcon_core.shell:create_environment_hook('ugv_gcs', 'pythonpath')
[4.489s] INFO:colcon.colcon_core.shell:Creating environment hook '/home/dannydevss/Escritorio/TESIS/install/ugv_gcs/share/ugv_gcs/hook/pythonpath.ps1'
[4.490s] INFO:colcon.colcon_core.shell:Creating environment descriptor '/home/dannydevss/Escritorio/TESIS/install/ugv_gcs/share/ugv_gcs/hook/pythonpath.dsv'
[4.490s] INFO:colcon.colcon_core.shell:Creating environment hook '/home/dannydevss/Escritorio/TESIS/install/ugv_gcs/share/ugv_gcs/hook/pythonpath.sh'
[4.491s] Level 1:colcon.colcon_core.environment:checking '/home/dannydevss/Escritorio/TESIS/install/ugv_gcs/bin'
[4.491s] Level 1:colcon.colcon_core.environment:create_environment_scripts_only(ugv_gcs)
[4.492s] INFO:colcon.colcon_core.shell:Creating package script '/home/dannydevss/Escritorio/TESIS/install/ugv_gcs/share/ugv_gcs/package.ps1'
[4.492s] INFO:colcon.colcon_core.shell:Creating package descriptor '/home/dannydevss/Escritorio/TESIS/install/ugv_gcs/share/ugv_gcs/package.dsv'
[4.493s] INFO:colcon.colcon_core.shell:Creating package script '/home/dannydevss/Escritorio/TESIS/install/ugv_gcs/share/ugv_gcs/package.sh'
[4.494s] INFO:colcon.colcon_core.shell:Creating package script '/home/dannydevss/Escritorio/TESIS/install/ugv_gcs/share/ugv_gcs/package.bash'
[4.494s] INFO:colcon.colcon_core.shell:Creating package script '/home/dannydevss/Escritorio/TESIS/install/ugv_gcs/share/ugv_gcs/package.zsh'
[4.495s] Level 1:colcon.colcon_core.environment:create_file_with_runtime_dependencies(/home/dannydevss/Escritorio/TESIS/install/ugv_gcs/share/colcon-core/packages/ugv_gcs)
[4.499s] Level 1:colcon.colcon_core.environment:checking '/home/dannydevss/Escritorio/TESIS/install/ugv_bridge' for CMake module files
[4.500s] Level 1:colcon.colcon_core.environment:checking '/home/dannydevss/Escritorio/TESIS/install/ugv_bridge' for CMake config files
[4.501s] DEBUG:colcon.colcon_core.event_handler.log_command:Invoked command in '/home/dannydevss/Escritorio/TESIS/src/ugv_bridge' returned '0': DEBUGINFOD_URLS=https://debuginfod.archlinux.org https://debuginfod.cachyos.org PYTHONPATH=/home/dannydevss/Escritorio/TESIS/build/ugv_bridge/prefix_override:/usr/lib/python3/dist-packages/colcon_core/task/python/colcon_distutils_commands:/home/dannydevss/Escritorio/TESIS/install/ugv_bridge/lib/python3.12/site-packages:${PYTHONPATH} /usr/bin/python3 -W ignore:setup.py install is deprecated -W ignore:easy_install command is deprecated setup.py egg_info --egg-base ../../build/ugv_bridge build --build-base /home/dannydevss/Escritorio/TESIS/build/ugv_bridge/build install --record /home/dannydevss/Escritorio/TESIS/build/ugv_bridge/install.log --install-scripts $base/lib/ugv_bridge --single-version-externally-managed install_data
[4.502s] Level 1:colcon.colcon_core.environment:checking '/home/dannydevss/Escritorio/TESIS/install/ugv_bridge/lib'
[4.502s] Level 1:colcon.colcon_core.environment:checking '/home/dannydevss/Escritorio/TESIS/install/ugv_bridge/bin'
[4.503s] Level 1:colcon.colcon_core.environment:checking '/home/dannydevss/Escritorio/TESIS/install/ugv_bridge/lib/pkgconfig/ugv_bridge.pc'
[4.503s] Level 1:colcon.colcon_core.environment:checking '/home/dannydevss/Escritorio/TESIS/install/ugv_bridge/lib/python3.12/site-packages'
[4.503s] Level 1:colcon.colcon_core.shell:create_environment_hook('ugv_bridge', 'pythonpath')
[4.503s] INFO:colcon.colcon_core.shell:Creating environment hook '/home/dannydevss/Escritorio/TESIS/install/ugv_bridge/share/ugv_bridge/hook/pythonpath.ps1'
[4.504s] INFO:colcon.colcon_core.shell:Creating environment descriptor '/home/dannydevss/Escritorio/TESIS/install/ugv_bridge/share/ugv_bridge/hook/pythonpath.dsv'
[4.505s] INFO:colcon.colcon_core.shell:Creating environment hook '/home/dannydevss/Escritorio/TESIS/install/ugv_bridge/share/ugv_bridge/hook/pythonpath.sh'
[4.506s] Level 1:colcon.colcon_core.environment:checking '/home/dannydevss/Escritorio/TESIS/install/ugv_bridge/bin'
[4.506s] Level 1:colcon.colcon_core.environment:create_environment_scripts_only(ugv_bridge)
[4.507s] INFO:colcon.colcon_core.shell:Creating package script '/home/dannydevss/Escritorio/TESIS/install/ugv_bridge/share/ugv_bridge/package.ps1'
[4.508s] INFO:colcon.colcon_core.shell:Creating package descriptor '/home/dannydevss/Escritorio/TESIS/install/ugv_bridge/share/ugv_bridge/package.dsv'
[4.508s] INFO:colcon.colcon_core.shell:Creating package script '/home/dannydevss/Escritorio/TESIS/install/ugv_bridge/share/ugv_bridge/package.sh'
[4.510s] INFO:colcon.colcon_core.shell:Creating package script '/home/dannydevss/Escritorio/TESIS/install/ugv_bridge/share/ugv_bridge/package.bash'
[4.510s] INFO:colcon.colcon_core.shell:Creating package script '/home/dannydevss/Escritorio/TESIS/install/ugv_bridge/share/ugv_bridge/package.zsh'
[4.511s] Level 1:colcon.colcon_core.environment:create_file_with_runtime_dependencies(/home/dannydevss/Escritorio/TESIS/install/ugv_bridge/share/colcon-core/packages/ugv_bridge)
[5.410s] DEBUG:colcon.colcon_core.task.python.build:Available setuptools commands: upload, setopt, easy_install, build, install, build_ext, upload_docs, install_egg_info, build_clib, install_lib, install_headers, develop, check, egg_info, clean, install_data, build_py, bdist_dumb, test, symlink_data, bdist_egg, sdist, build_scripts, editable_wheel, bdist, register, alias, install_scripts, rotate, dist_info, saveopts, bdist_rpm
[5.414s] DEBUG:colcon.colcon_core.event_handler.log_command:Invoking command in '/home/dannydevss/Escritorio/TESIS/src/ugv_policy': AMENT_PREFIX_PATH=/home/dannydevss/Escritorio/TESIS/install/ugv_core:${AMENT_PREFIX_PATH} DEBUGINFOD_URLS=https://debuginfod.archlinux.org https://debuginfod.cachyos.org PYTHONPATH=/home/dannydevss/Escritorio/TESIS/build/ugv_policy/prefix_override:/usr/lib/python3/dist-packages/colcon_core/task/python/colcon_distutils_commands:/home/dannydevss/Escritorio/TESIS/install/ugv_policy/lib/python3.12/site-packages:/home/dannydevss/Escritorio/TESIS/install/ugv_core/lib/python3.12/site-packages:${PYTHONPATH} /usr/bin/python3 -W ignore:setup.py install is deprecated -W ignore:easy_install command is deprecated setup.py egg_info --egg-base ../../build/ugv_policy build --build-base /home/dannydevss/Escritorio/TESIS/build/ugv_policy/build install --record /home/dannydevss/Escritorio/TESIS/build/ugv_policy/install.log --install-scripts $base/lib/ugv_policy --single-version-externally-managed install_data
[5.442s] DEBUG:colcon.colcon_core.task.python.build:Available setuptools commands: upload, setopt, easy_install, build, install, build_ext, upload_docs, install_egg_info, build_clib, install_lib, install_headers, develop, check, egg_info, clean, install_data, build_py, bdist_dumb, test, symlink_data, bdist_egg, sdist, build_scripts, editable_wheel, bdist, register, alias, install_scripts, rotate, dist_info, saveopts, bdist_rpm
[5.447s] DEBUG:colcon.colcon_core.event_handler.log_command:Invoking command in '/home/dannydevss/Escritorio/TESIS/src/ugv_sim': AMENT_PREFIX_PATH=/home/dannydevss/Escritorio/TESIS/install/ugv_core:${AMENT_PREFIX_PATH} DEBUGINFOD_URLS=https://debuginfod.archlinux.org https://debuginfod.cachyos.org PYTHONPATH=/home/dannydevss/Escritorio/TESIS/build/ugv_sim/prefix_override:/usr/lib/python3/dist-packages/colcon_core/task/python/colcon_distutils_commands:/home/dannydevss/Escritorio/TESIS/install/ugv_sim/lib/python3.12/site-packages:/home/dannydevss/Escritorio/TESIS/install/ugv_core/lib/python3.12/site-packages:${PYTHONPATH} /usr/bin/python3 -W ignore:setup.py install is deprecated -W ignore:easy_install command is deprecated setup.py egg_info --egg-base ../../build/ugv_sim build --build-base /home/dannydevss/Escritorio/TESIS/build/ugv_sim/build install --record /home/dannydevss/Escritorio/TESIS/build/ugv_sim/install.log --install-scripts $base/lib/ugv_sim --single-version-externally-managed install_data
[6.424s] Level 1:colcon.colcon_core.environment:checking '/home/dannydevss/Escritorio/TESIS/install/ugv_sim' for CMake module files
[6.425s] DEBUG:colcon.colcon_core.event_handler.log_command:Invoked command in '/home/dannydevss/Escritorio/TESIS/src/ugv_sim' returned '0': AMENT_PREFIX_PATH=/home/dannydevss/Escritorio/TESIS/install/ugv_core:${AMENT_PREFIX_PATH} DEBUGINFOD_URLS=https://debuginfod.archlinux.org https://debuginfod.cachyos.org PYTHONPATH=/home/dannydevss/Escritorio/TESIS/build/ugv_sim/prefix_override:/usr/lib/python3/dist-packages/colcon_core/task/python/colcon_distutils_commands:/home/dannydevss/Escritorio/TESIS/install/ugv_sim/lib/python3.12/site-packages:/home/dannydevss/Escritorio/TESIS/install/ugv_core/lib/python3.12/site-packages:${PYTHONPATH} /usr/bin/python3 -W ignore:setup.py install is deprecated -W ignore:easy_install command is deprecated setup.py egg_info --egg-base ../../build/ugv_sim build --build-base /home/dannydevss/Escritorio/TESIS/build/ugv_sim/build install --record /home/dannydevss/Escritorio/TESIS/build/ugv_sim/install.log --install-scripts $base/lib/ugv_sim --single-version-externally-managed install_data
[6.426s] Level 1:colcon.colcon_core.environment:checking '/home/dannydevss/Escritorio/TESIS/install/ugv_sim' for CMake config files
[6.427s] Level 1:colcon.colcon_core.environment:checking '/home/dannydevss/Escritorio/TESIS/install/ugv_sim/lib'
[6.427s] Level 1:colcon.colcon_core.environment:checking '/home/dannydevss/Escritorio/TESIS/install/ugv_sim/bin'
[6.427s] Level 1:colcon.colcon_core.environment:checking '/home/dannydevss/Escritorio/TESIS/install/ugv_sim/lib/pkgconfig/ugv_sim.pc'
[6.428s] Level 1:colcon.colcon_core.environment:checking '/home/dannydevss/Escritorio/TESIS/install/ugv_sim/lib/python3.12/site-packages'
[6.428s] Level 1:colcon.colcon_core.shell:create_environment_hook('ugv_sim', 'pythonpath')
[6.429s] INFO:colcon.colcon_core.shell:Creating environment hook '/home/dannydevss/Escritorio/TESIS/install/ugv_sim/share/ugv_sim/hook/pythonpath.ps1'
[6.430s] INFO:colcon.colcon_core.shell:Creating environment descriptor '/home/dannydevss/Escritorio/TESIS/install/ugv_sim/share/ugv_sim/hook/pythonpath.dsv'
[6.430s] INFO:colcon.colcon_core.shell:Creating environment hook '/home/dannydevss/Escritorio/TESIS/install/ugv_sim/share/ugv_sim/hook/pythonpath.sh'
[6.431s] Level 1:colcon.colcon_core.environment:checking '/home/dannydevss/Escritorio/TESIS/install/ugv_sim/bin'
[6.432s] Level 1:colcon.colcon_core.environment:create_environment_scripts_only(ugv_sim)
[6.432s] INFO:colcon.colcon_core.shell:Creating package script '/home/dannydevss/Escritorio/TESIS/install/ugv_sim/share/ugv_sim/package.ps1'
[6.433s] INFO:colcon.colcon_core.shell:Creating package descriptor '/home/dannydevss/Escritorio/TESIS/install/ugv_sim/share/ugv_sim/package.dsv'
[6.434s] INFO:colcon.colcon_core.shell:Creating package script '/home/dannydevss/Escritorio/TESIS/install/ugv_sim/share/ugv_sim/package.sh'
[6.435s] INFO:colcon.colcon_core.shell:Creating package script '/home/dannydevss/Escritorio/TESIS/install/ugv_sim/share/ugv_sim/package.bash'
[6.435s] INFO:colcon.colcon_core.shell:Creating package script '/home/dannydevss/Escritorio/TESIS/install/ugv_sim/share/ugv_sim/package.zsh'
[6.436s] Level 1:colcon.colcon_core.environment:create_file_with_runtime_dependencies(/home/dannydevss/Escritorio/TESIS/install/ugv_sim/share/colcon-core/packages/ugv_sim)
[6.438s] Level 1:colcon.colcon_core.environment:checking '/home/dannydevss/Escritorio/TESIS/install/ugv_policy' for CMake module files
[6.439s] DEBUG:colcon.colcon_core.event_handler.log_command:Invoked command in '/home/dannydevss/Escritorio/TESIS/src/ugv_policy' returned '0': AMENT_PREFIX_PATH=/home/dannydevss/Escritorio/TESIS/install/ugv_core:${AMENT_PREFIX_PATH} DEBUGINFOD_URLS=https://debuginfod.archlinux.org https://debuginfod.cachyos.org PYTHONPATH=/home/dannydevss/Escritorio/TESIS/build/ugv_policy/prefix_override:/usr/lib/python3/dist-packages/colcon_core/task/python/colcon_distutils_commands:/home/dannydevss/Escritorio/TESIS/install/ugv_policy/lib/python3.12/site-packages:/home/dannydevss/Escritorio/TESIS/install/ugv_core/lib/python3.12/site-packages:${PYTHONPATH} /usr/bin/python3 -W ignore:setup.py install is deprecated -W ignore:easy_install command is deprecated setup.py egg_info --egg-base ../../build/ugv_policy build --build-base /home/dannydevss/Escritorio/TESIS/build/ugv_policy/build install --record /home/dannydevss/Escritorio/TESIS/build/ugv_policy/install.log --install-scripts $base/lib/ugv_policy --single-version-externally-managed install_data
[6.439s] Level 1:colcon.colcon_core.environment:checking '/home/dannydevss/Escritorio/TESIS/install/ugv_policy' for CMake config files
[6.440s] Level 1:colcon.colcon_core.environment:checking '/home/dannydevss/Escritorio/TESIS/install/ugv_policy/lib'
[6.440s] Level 1:colcon.colcon_core.environment:checking '/home/dannydevss/Escritorio/TESIS/install/ugv_policy/bin'
[6.440s] Level 1:colcon.colcon_core.environment:checking '/home/dannydevss/Escritorio/TESIS/install/ugv_policy/lib/pkgconfig/ugv_policy.pc'
[6.441s] Level 1:colcon.colcon_core.environment:checking '/home/dannydevss/Escritorio/TESIS/install/ugv_policy/lib/python3.12/site-packages'
[6.441s] Level 1:colcon.colcon_core.shell:create_environment_hook('ugv_policy', 'pythonpath')
[6.441s] INFO:colcon.colcon_core.shell:Creating environment hook '/home/dannydevss/Escritorio/TESIS/install/ugv_policy/share/ugv_policy/hook/pythonpath.ps1'
[6.442s] INFO:colcon.colcon_core.shell:Creating environment descriptor '/home/dannydevss/Escritorio/TESIS/install/ugv_policy/share/ugv_policy/hook/pythonpath.dsv'
[6.442s] INFO:colcon.colcon_core.shell:Creating environment hook '/home/dannydevss/Escritorio/TESIS/install/ugv_policy/share/ugv_policy/hook/pythonpath.sh'
[6.443s] Level 1:colcon.colcon_core.environment:checking '/home/dannydevss/Escritorio/TESIS/install/ugv_policy/bin'
[6.443s] Level 1:colcon.colcon_core.environment:create_environment_scripts_only(ugv_policy)
[6.444s] INFO:colcon.colcon_core.shell:Creating package script '/home/dannydevss/Escritorio/TESIS/install/ugv_policy/share/ugv_policy/package.ps1'
[6.445s] INFO:colcon.colcon_core.shell:Creating package descriptor '/home/dannydevss/Escritorio/TESIS/install/ugv_policy/share/ugv_policy/package.dsv'
[6.445s] INFO:colcon.colcon_core.shell:Creating package script '/home/dannydevss/Escritorio/TESIS/install/ugv_policy/share/ugv_policy/package.sh'
[6.446s] INFO:colcon.colcon_core.shell:Creating package script '/home/dannydevss/Escritorio/TESIS/install/ugv_policy/share/ugv_policy/package.bash'
[6.447s] INFO:colcon.colcon_core.shell:Creating package script '/home/dannydevss/Escritorio/TESIS/install/ugv_policy/share/ugv_policy/package.zsh'
[6.447s] Level 1:colcon.colcon_core.environment:create_file_with_runtime_dependencies(/home/dannydevss/Escritorio/TESIS/install/ugv_policy/share/colcon-core/packages/ugv_policy)
[6.448s] DEBUG:colcon.colcon_parallel_executor.executor.parallel:closing loop
[6.449s] DEBUG:colcon.colcon_parallel_executor.executor.parallel:loop closed
[6.449s] DEBUG:colcon.colcon_parallel_executor.executor.parallel:run_until_complete finished with '0'
[6.449s] DEBUG:colcon.colcon_core.event_reactor:joining thread
[6.474s] INFO:colcon.colcon_core.plugin_system:Skipping extension 'colcon_notification.desktop_notification.notify_send': Could not find 'notify-send'
[6.475s] INFO:colcon.colcon_core.plugin_system:Skipping extension 'colcon_notification.desktop_notification.terminal_notifier': Not used on non-Darwin systems
[6.475s] INFO:colcon.colcon_core.plugin_system:Skipping extension 'colcon_notification.desktop_notification.win32': Not used on non-Windows systems
[6.475s] INFO:colcon.colcon_notification.desktop_notification:Sending desktop notification using 'notify2'
[6.521s] DEBUG:colcon.colcon_core.event_reactor:joined thread
[6.521s] INFO:colcon.colcon_core.shell:Creating prefix script '/home/dannydevss/Escritorio/TESIS/install/local_setup.ps1'
[6.525s] INFO:colcon.colcon_core.shell:Creating prefix util module '/home/dannydevss/Escritorio/TESIS/install/_local_setup_util_ps1.py'
[6.528s] INFO:colcon.colcon_core.shell:Creating prefix chain script '/home/dannydevss/Escritorio/TESIS/install/setup.ps1'
[6.530s] INFO:colcon.colcon_core.shell:Creating prefix script '/home/dannydevss/Escritorio/TESIS/install/local_setup.sh'
[6.531s] INFO:colcon.colcon_core.shell:Creating prefix util module '/home/dannydevss/Escritorio/TESIS/install/_local_setup_util_sh.py'
[6.532s] INFO:colcon.colcon_core.shell:Creating prefix chain script '/home/dannydevss/Escritorio/TESIS/install/setup.sh'
[6.535s] INFO:colcon.colcon_core.shell:Creating prefix script '/home/dannydevss/Escritorio/TESIS/install/local_setup.bash'
[6.537s] INFO:colcon.colcon_core.shell:Creating prefix chain script '/home/dannydevss/Escritorio/TESIS/install/setup.bash'
[6.539s] INFO:colcon.colcon_core.shell:Creating prefix script '/home/dannydevss/Escritorio/TESIS/install/local_setup.zsh'
[6.540s] INFO:colcon.colcon_core.shell:Creating prefix chain script '/home/dannydevss/Escritorio/TESIS/install/setup.zsh'
